Instância: Data/examples/wlp02-convertida.txt
Tempo limite: 30 segundos
Seed: 2
Tamanho da pertubação: 5
Solução inicial:
Instalacoes:
0 0 0 1 0 1 0 0 0 0 0 0 0 1 0 0 0 0 0 0 0 1 0 0 0 0 0 0 1 0 0 0 0 0 0 1 0 0 0 0 0 1 0 0 0 0 1 0 0 0 0 0 1 0 0 0 0 0 0 1 0 1 0 0 0 0 1 0 0 0 0 0 1 0 0 0 0 0 0 1 0 1 0 0 0 0 0 1 0 0 0 0 0 1 0 0 0 0 0 0 
Atribuicoes:
46 41 35 5 61 13 61 5 3 81 93 79 13 13 28 66 66 28 13 93 93 93 61 61 81 81 87 87 93 41 61 13 3 52 3 61 79 61 5 72 59 3 52 35 79 93 93 72 79 21 5 72 46 28 3 28 59 59 87 59 46 81 79 46 87 61 13 66 87 93 79 79 93 81 87 93 59 72 81 87 93 46 41 13 66 59 59 59 81 93 59 93 46 87 93 3 79 61 61 59 28 13 79 3 93 3 93 61 66 93 66 21 13 46 41 3 93 5 21 46 93 87 81 13 21 3 93 79 93 66 13 13 21 13 3 3 21 3 3 93 46 93 21 28 61 52 61 93 66 72 5 52 59 61 93 52 35 35 72 21 28 13 87 3 79 28 5 3 41 66 13 59 46 35 21 81 61 79 5 52 5 41 52 52 46 46 59 52 35 28 59 13 41 21 93 5 35 81 28 66 87 61 41 81 81 52 13 61 87 21 81 41 87 13 21 41 21 21 87 41 87 79 87 41 46 28 28 87 59 28 41 46 61 35 87 28 28 28 81 35 93 72 79 72 35 59 35 61 41 81 81 59 13 
Custo Total: 2311707
Solução após busca local:
Instalacoes:
0 0 0 1 0 1 0 0 0 0 0 0 0 1 0 0 0 1 0 0 0 1 0 0 0 0 0 0 1 0 0 0 0 0 0 1 0 0 0 0 0 1 0 0 0 0 1 0 0 0 0 0 1 0 0 0 0 0 0 1 0 1 0 0 0 0 1 0 0 0 0 0 1 0 0 0 1 0 0 1 0 1 0 0 0 0 1 1 0 0 0 0 0 1 0 0 0 0 0 0 
Atribuicoes:
46 17 87 5 61 72 61 5 5 81 46 79 21 13 28 66 66 28 13 93 93 93 72 61 81 81 86 52 93 17 21 13 5 52 3 61 79 61 5 72 59 3 52 35 81 46 46 72 87 21 5 59 46 28 3 28 59 59 87 59 46 81 87 46 76 61 17 66 3 93 87 79 17 81 87 72 59 17 81 46 17 46 41 13 86 59 72 59 81 93 59 46 46 87 93 3 87 61 61 59 28 28 86 3 46 5 46 61 66 46 66 17 17 46 41 3 81 72 21 46 81 81 81 17 21 3 46 87 21 66 61 72 13 76 3 52 21 3 3 81 46 93 21 28 61 52 61 81 66 72 5 52 59 61 28 52 35 35 72 21 28 13 76 3 5 28 5 3 59 66 13 59 76 35 61 81 61 79 5 52 3 17 86 52 46 76 59 87 5 28 59 13 41 21 76 5 35 81 28 66 76 76 41 81 81 76 17 61 87 21 81 41 86 13 21 17 21 21 93 41 87 79 76 41 46 59 17 72 59 28 72 76 76 35 87 28 28 28 81 35 46 72 52 72 5 59 35 61 17 81 81 28 13 
Custo Total: 11505
Total de iterações: 3712
Melhorias: 24
Tempo até a melhor solução: 28.8173 segundos
Iterações até a melhor solução: 3559
Soma dos custos: 38464666
Média dos custos: 10362.2
Pior valor encontrado: 15244
Melhor solução encontrada:
Instalacoes:
0 0 0 1 0 1 0 0 0 0 0 0 0 1 0 1 0 1 0 0 1 1 0 0 0 0 0 0 1 0 0 0 0 0 0 1 0 0 0 0 0 1 0 0 0 0 1 1 0 0 0 0 1 0 0 1 0 0 0 1 0 1 0 0 0 0 1 0 0 0 0 0 1 0 0 0 1 0 0 0 0 0 0 0 0 0 0 1 0 0 0 0 0 0 0 0 0 0 0 0 
Atribuicoes:
46 17 35 5 61 17 61 5 3 20 46 87 21 13 28 47 66 28 13 55 55 55 72 61 52 72 76 52 55 17 21 13 5 52 3 21 87 61 3 59 59 3 52 5 87 46 46 72 87 21 5 72 46 28 3 28 59 59 17 59 46 5 87 46 76 61 17 55 3 55 87 5 17 20 47 72 17 72 20 76 20 46 41 13 47 59 17 59 20 55 59 46 46 87 55 3 87 61 61 59 28 28 47 3 46 5 46 61 66 46 15 17 17 46 41 3 20 17 21 46 20 3 52 17 21 3 46 87 21 66 61 20 13 76 3 52 21 3 3 20 46 46 21 28 61 52 61 17 66 72 35 52 59 61 20 52 35 35 3 61 28 13 76 5 3 17 5 3 59 15 13 59 61 35 59 20 61 52 3 76 5 59 87 52 46 76 59 87 5 28 59 13 41 21 55 5 15 5 20 15 76 46 41 3 52 76 17 61 55 21 52 41 47 13 21 17 21 21 55 41 47 87 76 41 76 20 17 72 59 28 17 76 21 35 76 28 28 28 17 35 46 72 87 72 5 59 35 61 17 87 52 72 13 
Custo Total: 10289
