Instância: Data/raw/50_P100_M0_Continuo_9.txt
Tempo limite: 30 segundos
Seed: 1
Tamanho da pertubação: 5
Solução inicial:
Instalacoes:
1 0 1 1 0 1 0 1 0 1 0 1 0 0 1 1 0 0 1 1 0 0 1 0 0 0 0 0 1 1 0 0 0 0 0 0 0 0 1 1 0 1 1 1 0 0 1 0 0 0 
Atribuicoes:
0 0 2 3 15 5 14 7 15 9 46 11 7 2 14 9 46 7 18 19 46 43 22 29 42 5 42 11 28 29 2 28 43 2 0 9 3 7 38 39 28 18 42 19 42 38 46 19 39 0 
Custo Total: 2894917
Solução após busca local:
Instalacoes:
1 1 1 1 1 1 0 1 1 1 0 1 0 1 1 1 1 0 1 1 1 0 1 1 0 1 0 0 1 1 1 1 0 0 1 1 0 0 1 1 0 0 1 1 0 0 1 1 0 1 
Atribuicoes:
4 0 2 3 15 5 49 7 20 35 5 11 16 23 14 9 34 31 18 8 4 43 22 13 34 13 1 22 28 29 30 47 47 23 0 9 16 46 38 39 28 18 8 19 42 20 46 19 25 1 
Custo Total: 1331548
Total de iterações: 14743
Melhorias: 17
Tempo até a melhor solução: 17.7848 segundos
Iterações até a melhor solução: 8651
Soma dos custos: 17517419017
Média dos custos: 1.18819e+06
Pior valor encontrado: 1379982
Melhor solução encontrada:
Instalacoes:
1 1 0 0 1 1 0 0 1 1 0 0 0 1 1 0 1 0 1 1 1 0 1 1 0 1 0 1 1 0 1 1 0 0 1 1 0 0 0 1 0 0 1 1 0 0 1 1 0 1 
Atribuicoes:
4 0 25 8 42 5 8 18 20 35 5 35 39 23 14 49 34 18 16 9 46 19 27 23 34 25 1 27 28 13 30 31 31 16 0 1 39 22 47 47 30 9 46 43 42 20 4 19 13 49 
Custo Total: 1181690
