Instância: Data/raw/50_P90_M0_Continuo_3.txt
Tempo limite: 30 segundos
Seed: 7
Tamanho da pertubação: 5
Solução inicial:
Instalacoes:
1 1 1 1 1 1 0 1 0 1 0 0 0 0 1 1 0 0 1 0 0 0 1 0 0 0 0 0 1 1 0 0 0 0 0 0 0 0 0 1 0 1 1 1 0 0 0 1 0 0 
Atribuicoes:
47 1 2 3 1 5 29 7 15 42 41 9 7 2 14 42 41 7 18 47 41 43 22 1 14 5 9 9 28 29 2 28 14 5 1 42 3 7 9 39 28 18 42 43 9 4 42 47 39 0 
Custo Total: 2655262
Solução após busca local:
Instalacoes:
0 1 1 1 1 1 0 1 1 1 0 0 0 1 1 0 1 0 1 1 1 0 1 0 0 1 0 1 1 1 1 1 0 0 0 1 0 0 0 1 0 1 1 1 0 0 1 1 0 1 
Atribuicoes:
8 16 2 5 1 5 25 7 8 42 41 22 18 49 14 42 20 30 18 49 18 43 22 30 35 16 9 27 20 29 1 28 31 39 1 19 3 7 9 39 28 31 47 43 19 4 46 47 13 4 
Custo Total: 1071948
Total de iterações: 16141
Melhorias: 22
Tempo até a melhor solução: 22.7856 segundos
Iterações até a melhor solução: 12031
Soma dos custos: 13209630563
Média dos custos: 818390
Pior valor encontrado: 1084957
Melhor solução encontrada:
Instalacoes:
1 1 0 0 1 0 0 0 1 1 0 0 0 1 0 1 1 0 1 1 1 0 1 1 0 1 0 0 1 0 1 1 0 0 1 0 0 0 0 1 0 0 0 0 0 0 1 1 0 1 
Atribuicoes:
19 4 30 8 20 1 16 0 19 15 28 22 18 31 0 15 16 13 18 1 20 4 22 13 31 23 0 9 28 23 20 25 39 39 34 47 1 18 46 39 34 49 47 4 47 9 8 30 25 49 
Custo Total: 800288
