Instância: Data/raw/50_P80_M0_Continuo_10.txt
Tempo limite: 30 segundos
Seed: 9
Tamanho da pertubação: 5
Solução inicial:
Instalacoes:
1 0 0 0 1 1 0 0 1 1 0 1 0 1 1 0 1 0 0 0 0 0 1 1 0 0 0 0 0 0 1 0 0 0 0 1 0 0 0 1 0 0 0 0 0 0 1 1 0 0 
Atribuicoes:
4 4 13 35 4 30 30 4 46 9 16 11 16 13 14 9 9 16 35 47 35 14 22 23 9 13 0 8 5 14 23 30 5 35 4 9 22 39 8 39 9 16 0 14 0 4 46 47 39 9 
Custo Total: 2680387
Solução após busca local:
Instalacoes:
1 1 0 0 1 1 0 0 1 1 0 0 0 1 1 0 1 0 1 1 1 0 1 1 0 1 0 1 0 0 1 1 0 0 1 1 0 0 0 1 0 0 1 0 0 0 1 1 0 1 
Atribuicoes:
19 4 39 23 34 0 30 31 46 9 35 47 31 13 49 9 9 1 18 4 35 42 27 23 19 25 34 13 5 31 23 30 25 34 1 8 22 39 8 8 16 16 0 14 20 4 46 47 39 20 
Custo Total: 882342
Total de iterações: 18989
Melhorias: 16
Tempo até a melhor solução: 21.6783 segundos
Iterações até a melhor solução: 13591
Soma dos custos: 11807375891
Média dos custos: 621801
Pior valor encontrado: 906577
Melhor solução encontrada:
Instalacoes:
1 1 0 0 1 0 0 0 1 1 0 0 0 1 0 0 1 0 1 1 1 0 1 1 0 1 0 0 0 0 1 0 0 0 0 0 0 0 0 1 0 0 0 0 0 0 0 1 0 0 
Atribuicoes:
19 4 39 1 8 8 47 47 9 9 1 30 22 13 8 13 30 19 49 4 18 16 22 23 19 25 20 13 9 20 30 16 1 23 47 49 16 39 49 25 16 18 4 1 0 4 9 0 39 20 
Custo Total: 616897
