Instância: Data/raw/50_P90_M1_HUB_7.txt
Tempo limite: 30 segundos
Seed: 2
Tamanho da pertubação: 5
Solução inicial:
Instalacoes:
1 0 1 1 0 1 0 1 0 1 0 1 0 0 1 0 0 0 1 1 0 0 1 0 0 0 0 0 1 1 0 0 0 0 0 0 0 0 0 1 0 1 1 1 0 0 1 0 0 0 
Atribuicoes:
0 0 2 3 42 5 14 7 42 9 41 11 7 2 14 9 41 7 18 19 41 43 22 29 42 5 42 11 28 29 2 28 43 2 0 9 3 7 42 39 28 18 0 19 42 42 46 19 39 0 
Custo Total: 2962220
Solução após busca local:
Instalacoes:
1 1 1 1 1 1 0 1 1 1 0 1 0 1 1 0 1 0 1 1 1 0 1 0 0 1 0 0 1 1 1 1 0 0 1 1 0 0 0 1 0 1 1 1 0 0 1 1 0 1 
Atribuicoes:
16 8 2 3 4 5 49 7 35 34 31 11 25 4 14 9 47 7 18 19 46 19 22 30 8 1 0 35 28 29 31 9 13 47 20 9 16 8 42 39 28 41 0 18 42 20 46 1 39 43 
Custo Total: 1077507
Total de iterações: 15126
Melhorias: 33
Tempo até a melhor solução: 20.1386 segundos
Iterações até a melhor solução: 10101
Soma dos custos: 12971398228
Média dos custos: 857556
Pior valor encontrado: 1101908
Melhor solução encontrada:
Instalacoes:
1 1 0 0 1 0 0 0 1 1 0 0 0 1 0 0 1 0 1 1 1 0 1 1 0 1 0 1 1 1 1 1 0 0 1 0 0 0 0 0 0 0 1 0 0 0 1 1 0 1 
Atribuicoes:
0 49 13 30 4 19 13 20 42 16 31 28 1 20 34 9 34 25 18 47 47 28 22 23 49 25 19 27 28 29 30 9 42 18 46 9 0 49 8 4 31 20 1 4 8 46 47 1 8 16 
Custo Total: 839920
