Instância: Data/raw/50_P50_M0_Continuo_6.txt
Tempo limite: 30 segundos
Seed: 8
Tamanho da pertubação: 5
Solução inicial:
Instalacoes:
1 0 1 0 1 0 0 1 1 1 0 0 0 0 0 0 0 0 1 0 1 0 1 0 0 1 0 0 0 0 0 0 0 0 0 0 0 0 0 1 0 0 0 0 0 0 0 0 0 0 
Atribuicoes:
0 0 2 20 4 2 20 7 8 9 18 25 7 39 4 9 9 7 18 0 20 9 22 2 18 25 0 25 39 20 39 25 2 20 0 9 20 7 20 39 18 8 8 9 0 4 8 9 39 0 
Custo Total: 2312679
Solução após busca local:
Instalacoes:
1 1 1 0 1 0 0 0 1 1 0 0 0 1 0 0 0 0 1 1 1 0 1 0 0 1 0 0 0 0 1 0 0 0 0 1 0 0 0 1 0 0 0 0 0 0 0 1 0 1 
Atribuicoes:
19 47 30 1 4 2 20 7 19 47 4 49 25 9 4 0 9 8 9 0 20 9 22 39 35 25 20 22 1 4 30 1 30 20 49 9 18 39 20 13 30 8 8 9 1 4 8 49 39 0 
Custo Total: 601954
Total de iterações: 29943
Melhorias: 28
Tempo até a melhor solução: 21.6589 segundos
Iterações até a melhor solução: 21532
Soma dos custos: 11944873785
Média dos custos: 398920
Pior valor encontrado: 663878
Melhor solução encontrada:
Instalacoes:
1 1 0 0 1 0 0 0 1 1 0 0 0 1 0 0 1 0 0 0 1 0 1 1 0 0 0 0 0 0 0 0 0 0 0 0 0 0 0 0 0 0 0 0 0 0 0 1 0 0 
Atribuicoes:
16 4 13 1 4 16 47 8 9 4 16 22 20 9 4 0 9 8 9 0 20 9 1 23 22 47 20 47 1 4 13 1 13 20 8 20 4 8 20 13 20 16 47 9 1 8 8 47 23 0 
Custo Total: 386928
