Instância: Data/raw/50_P30_M0_Continuo_7.txt
Tempo limite: 30 segundos
Seed: 5
Tamanho da pertubação: 5
Solução inicial:
Instalacoes:
1 1 0 0 1 0 0 0 1 1 0 0 0 0 0 0 0 0 1 1 0 0 1 0 0 0 0 0 0 0 0 1 0 0 0 0 0 0 0 0 0 0 0 0 0 0 0 0 0 0 
Atribuicoes:
1 1 1 31 4 31 8 22 8 9 8 9 4 1 19 9 18 18 18 1 4 19 22 1 18 9 0 9 4 8 0 9 19 0 1 9 1 4 8 1 9 4 9 19 0 8 4 19 9 9 
Custo Total: 1380883
Solução após busca local:
Instalacoes:
1 1 0 0 1 0 0 0 1 1 0 0 0 0 0 0 0 0 1 1 1 0 1 0 0 0 0 0 0 0 0 1 0 0 0 0 0 0 0 1 0 0 0 0 0 0 0 1 0 0 
Atribuicoes:
47 1 1 4 4 31 8 9 8 4 20 20 4 39 20 9 1 20 18 47 20 0 22 1 9 9 0 9 4 47 1 31 20 8 9 20 1 39 8 1 9 4 9 4 0 8 4 19 8 4 
Custo Total: 386930
Total de iterações: 48290
Melhorias: 15
Tempo até a melhor solução: 14.1628 segundos
Iterações até a melhor solução: 22412
Soma dos custos: 12690412266
Média dos custos: 262796
Pior valor encontrado: 491244
Melhor solução encontrada:
Instalacoes:
0 1 0 0 1 0 0 0 1 1 0 0 0 1 0 0 0 0 0 0 1 0 1 0 0 0 0 0 0 0 0 0 0 0 0 0 0 0 0 0 0 0 0 0 0 0 0 1 0 0 
Atribuicoes:
20 9 13 4 4 1 8 8 4 4 8 20 4 13 20 9 1 20 47 47 20 47 22 1 9 47 8 9 4 8 9 4 20 47 9 20 20 9 8 13 9 4 8 4 47 9 47 4 8 4 
Custo Total: 258997
