Instância: Data/raw/50_P30_M1_HUB_4.txt
Tempo limite: 30 segundos
Seed: 2
Tamanho da pertubação: 5
Solução inicial:
Instalacoes:
0 1 0 0 0 0 0 0 0 0 0 0 0 1 0 0 1 0 0 1 0 0 1 1 0 0 0 0 0 0 1 0 0 0 0 0 0 0 0 0 0 0 1 0 0 0 0 1 0 1 
Atribuicoes:
19 1 23 13 42 30 13 1 42 49 16 22 49 23 47 49 16 16 16 19 42 49 22 23 1 23 19 13 47 23 30 30 30 49 1 16 1 13 47 23 1 16 42 19 47 13 42 19 13 1 
Custo Total: 1603086
Solução após busca local:
Instalacoes:
0 1 0 0 1 0 0 0 1 1 0 0 0 1 0 0 1 0 0 1 1 0 1 1 0 0 0 0 0 0 1 0 0 0 0 0 0 0 0 0 0 0 1 0 0 0 0 1 0 1 
Atribuicoes:
9 1 20 4 4 47 47 4 47 47 4 22 49 13 4 9 16 16 1 20 20 47 22 20 20 20 19 8 47 23 4 8 30 1 1 16 1 13 47 1 1 4 42 9 8 47 9 47 13 9 
Custo Total: 450545
Total de iterações: 42250
Melhorias: 20
Tempo até a melhor solução: 15.5179 segundos
Iterações até a melhor solução: 21761
Soma dos custos: 11668303973
Média dos custos: 276173
Pior valor encontrado: 522781
Melhor solução encontrada:
Instalacoes:
0 1 0 0 1 0 0 0 1 1 0 0 0 1 0 0 0 0 0 0 1 0 1 0 0 0 0 0 0 0 0 0 0 0 0 0 0 0 0 0 0 0 0 0 0 0 0 1 0 0 
Atribuicoes:
9 8 13 4 4 13 20 4 9 9 22 9 4 4 4 9 8 1 4 47 20 1 47 13 4 47 8 13 9 20 47 8 1 8 4 9 8 22 1 8 9 4 20 20 8 47 9 47 20 9 
Custo Total: 272833
