Instância: Data/raw/50_P40_M1_HUB_10.txt
Tempo limite: 30 segundos
Seed: 10
Tamanho da pertubação: 5
Solução inicial:
Instalacoes:
1 1 1 0 0 0 0 0 1 0 0 0 0 0 0 0 0 0 1 1 1 0 1 0 0 0 0 0 0 0 0 0 0 0 0 0 0 0 0 1 0 0 0 0 0 0 1 1 0 0 
Atribuicoes:
1 1 2 39 46 2 20 22 46 0 20 20 20 2 1 1 18 18 18 47 8 19 22 1 0 39 19 20 1 2 19 0 19 8 1 0 39 22 8 39 20 18 8 47 47 46 46 47 18 1 
Custo Total: 1426984
Solução após busca local:
Instalacoes:
1 1 1 0 1 0 0 0 1 1 0 0 0 1 0 0 0 0 1 1 1 0 1 0 0 0 0 0 0 0 1 0 0 0 0 0 0 0 0 1 0 0 0 0 0 0 1 1 0 0 
Atribuicoes:
0 9 47 39 46 4 20 8 46 9 13 20 20 47 1 1 18 20 4 4 20 30 22 30 9 1 19 20 1 13 30 13 1 4 47 0 4 8 8 4 20 18 8 47 47 46 47 47 9 1 
Custo Total: 482439
Total de iterações: 34517
Melhorias: 15
Tempo até a melhor solução: 24.6985 segundos
Iterações até a melhor solução: 28567
Soma dos custos: 12098264937
Média dos custos: 350502
Pior valor encontrado: 605654
Melhor solução encontrada:
Instalacoes:
1 1 0 0 1 0 0 0 1 1 0 0 0 1 0 0 0 0 0 0 1 0 1 0 0 0 0 0 0 0 0 1 0 0 0 0 0 0 0 0 0 0 0 0 0 0 0 1 0 0 
Atribuicoes:
0 9 47 22 1 31 20 8 47 9 9 20 20 13 4 1 22 20 4 9 20 4 22 9 9 8 8 9 9 13 20 31 9 4 47 0 4 8 4 9 20 0 20 47 47 47 8 8 13 1 
Custo Total: 343331
