Instância: Data/raw/50_P100_M1_Continuo_1.txt
Tempo limite: 30 segundos
Seed: 4
Tamanho da pertubação: 5
Solução inicial:
Instalacoes:
1 0 1 1 0 1 1 1 0 1 0 1 0 0 1 0 0 0 1 1 0 0 1 0 0 0 0 0 1 1 0 0 0 0 0 0 0 0 1 1 0 1 1 1 0 0 1 0 0 0 
Atribuicoes:
0 0 2 3 42 5 6 7 42 9 41 11 7 2 14 9 41 7 18 19 41 43 22 29 42 5 42 11 28 29 2 28 43 2 0 9 3 7 38 39 28 18 0 19 42 38 46 19 39 0 
Custo Total: 2780319
Solução após busca local:
Instalacoes:
1 1 1 1 1 1 0 1 1 1 0 1 0 1 0 0 1 0 1 1 1 0 1 0 0 1 0 1 1 1 1 1 0 0 1 1 0 0 1 1 0 1 1 1 0 0 1 1 0 1 
Atribuicoes:
8 4 13 3 13 5 39 16 42 34 41 11 8 2 9 9 35 27 18 1 41 43 22 20 34 4 42 5 28 29 2 28 30 1 49 18 3 7 47 39 31 20 0 19 46 38 46 19 25 0 
Custo Total: 1345491
Total de iterações: 13996
Melhorias: 20
Tempo até a melhor solução: 12.5183 segundos
Iterações até a melhor solução: 5700
Soma dos custos: 16498163775
Média dos custos: 1.17878e+06
Pior valor encontrado: 1381758
Melhor solução encontrada:
Instalacoes:
1 1 0 0 1 1 0 0 1 1 0 0 0 1 0 1 1 0 1 1 1 0 1 1 0 1 0 1 1 1 1 1 0 0 1 0 0 0 0 1 0 0 1 0 0 0 1 1 0 1 
Atribuicoes:
0 9 19 13 47 5 22 16 46 15 20 22 49 1 19 42 18 25 18 30 20 49 27 23 28 25 8 5 28 29 23 31 30 39 34 47 13 31 42 39 34 16 8 1 9 46 9 4 4 0 
Custo Total: 1175290
