Instância: Data/raw/50_P20_M0_Continuo_6.txt
Tempo limite: 30 segundos
Seed: 10
Tamanho da pertubação: 5
Solução inicial:
Instalacoes:
1 1 0 0 1 0 0 0 0 0 0 0 0 1 0 0 0 0 0 0 1 0 1 0 0 0 0 0 0 0 1 0 0 0 0 0 0 0 0 0 0 0 0 0 0 0 0 0 0 0 
Atribuicoes:
1 1 13 13 4 13 20 0 4 4 20 20 0 13 1 4 20 1 20 1 20 1 22 30 20 13 0 20 1 20 30 13 30 13 1 20 13 13 4 13 20 20 4 1 20 4 4 0 13 4 
Custo Total: 1140903
Solução após busca local:
Instalacoes:
1 1 0 0 1 0 0 0 1 1 0 0 0 1 0 0 0 0 0 0 1 0 1 0 0 0 0 0 0 0 1 0 0 0 0 0 0 0 0 0 0 0 0 0 0 0 0 1 0 0 
Atribuicoes:
9 1 13 13 8 13 20 0 4 4 9 20 0 13 1 4 20 47 20 9 20 47 22 9 20 4 47 20 1 8 8 47 30 9 1 8 13 13 47 47 20 20 4 9 8 4 4 47 47 4 
Custo Total: 319574
Total de iterações: 70307
Melhorias: 15
Tempo até a melhor solução: 13.6804 segundos
Iterações até a melhor solução: 32187
Soma dos custos: 15943388131
Média dos custos: 226768
Pior valor encontrado: 443388
Melhor solução encontrada:
Instalacoes:
0 1 0 0 1 0 0 0 1 1 0 0 0 0 0 0 0 0 0 0 1 0 1 0 0 0 0 0 0 0 0 0 0 0 0 0 0 0 0 0 0 0 0 0 0 0 0 1 0 0 
Atribuicoes:
4 1 4 9 8 4 4 9 4 9 4 22 20 9 47 4 9 4 20 47 20 8 22 47 9 9 9 20 8 8 9 1 9 20 1 9 20 9 47 9 8 20 4 47 8 8 20 4 8 4 
Custo Total: 224754
