Instância: Data/raw/50_P5_M1_HUB_10.txt
Tempo limite: 30 segundos
Seed: 4
Tamanho da pertubação: 5
Solução inicial:
Instalacoes:
0 0 0 0 1 0 0 0 1 0 0 0 0 1 0 0 0 0 0 0 0 0 1 0 0 0 0 0 0 0 0 0 0 0 0 0 0 0 0 0 0 0 0 0 0 0 0 1 0 0 
Atribuicoes:
47 4 13 13 4 47 47 4 8 4 4 4 4 13 47 4 4 4 4 47 4 47 22 13 4 13 8 4 47 47 8 47 47 47 8 4 13 4 8 13 4 4 8 47 8 8 8 47 13 4 
Custo Total: 413347
Solução após busca local:
Instalacoes:
0 0 0 0 1 0 0 0 1 1 0 0 0 1 0 0 0 0 0 0 0 0 1 0 0 0 0 0 0 0 0 0 0 0 0 0 0 0 0 0 0 0 0 0 0 0 0 1 0 0 
Atribuicoes:
9 9 9 8 4 4 9 9 8 4 9 9 9 13 9 9 9 4 4 47 4 4 22 9 4 9 8 9 9 9 8 9 9 9 8 9 4 9 8 4 4 9 8 4 8 8 8 47 4 9 
Custo Total: 190102
Total de iterações: 160943
Melhorias: 5
Tempo até a melhor solução: 4.42424 segundos
Iterações até a melhor solução: 23762
Soma dos custos: 26088016234
Média dos custos: 162095
Pior valor encontrado: 339476
Melhor solução encontrada:
Instalacoes:
0 0 0 0 1 0 0 0 1 1 0 0 0 0 0 0 0 0 0 0 1 0 1 0 0 0 0 0 0 0 0 0 0 0 0 0 0 0 0 0 0 0 0 0 0 0 0 0 0 0 
Atribuicoes:
9 9 9 20 4 4 9 20 8 9 20 9 20 9 4 9 9 20 20 9 20 4 22 9 9 20 8 20 9 9 9 9 9 9 20 9 4 20 8 20 4 20 8 4 8 8 8 9 20 9 
Custo Total: 162042
