Instância: Data/raw/50_P5_M1_Continuo_3.txt
Tempo limite: 30 segundos
Seed: 10
Tamanho da pertubação: 5
Solução inicial:
Instalacoes:
0 0 0 0 0 0 0 0 0 1 0 0 0 0 0 0 0 0 0 0 1 0 1 0 0 0 0 0 0 0 0 0 0 0 0 0 0 0 0 1 0 0 0 0 0 0 1 1 0 0 
Atribuicoes:
47 9 20 39 46 47 20 39 46 9 20 20 39 39 20 9 20 22 46 47 46 20 22 20 9 47 47 20 20 20 47 20 47 39 20 9 39 39 46 39 9 47 46 47 20 46 46 47 39 9 
Custo Total: 452623
Solução após busca local:
Instalacoes:
0 0 0 0 1 0 0 0 1 1 0 0 0 0 0 0 0 0 0 0 1 0 1 0 0 0 0 0 0 0 0 0 0 0 0 0 0 0 0 0 0 0 0 0 0 0 0 1 0 0 
Atribuicoes:
9 9 8 20 4 9 20 9 4 9 20 20 4 9 9 9 20 20 8 9 8 20 22 9 9 20 8 20 9 20 4 9 9 20 8 8 9 20 8 9 9 20 8 4 47 8 8 47 20 9 
Custo Total: 239939
Total de iterações: 144246
Melhorias: 10
Tempo até a melhor solução: 15.8656 segundos
Iterações até a melhor solução: 73595
Soma dos custos: 23503322099
Média dos custos: 162939
Pior valor encontrado: 341087
Melhor solução encontrada:
Instalacoes:
0 0 0 0 1 0 0 0 1 1 0 0 0 0 0 0 0 0 0 0 1 0 1 0 0 0 0 0 0 0 0 0 0 0 0 0 0 0 0 0 0 0 0 0 0 0 0 0 0 0 
Atribuicoes:
9 9 4 4 4 20 20 9 8 9 20 20 20 20 9 9 9 9 20 9 4 9 22 20 20 4 8 9 9 9 4 9 9 20 9 4 20 20 8 20 20 4 8 9 9 8 8 9 20 9 
Custo Total: 162671
