Instância: Data/raw/50_P100_M0_Continuo_7.txt
Tempo limite: 30 segundos
Seed: 1
Tamanho da pertubação: 5
Solução inicial:
Instalacoes:
1 0 1 1 0 1 0 1 0 1 0 1 0 0 1 0 0 0 1 1 0 0 1 0 0 0 0 0 1 1 0 0 0 0 1 0 0 0 1 1 0 1 0 1 0 0 1 0 0 0 
Atribuicoes:
0 0 2 3 34 5 34 7 34 9 41 11 7 2 14 9 41 7 18 19 41 43 22 29 46 5 34 11 28 29 2 28 43 2 34 9 3 7 38 39 28 18 0 19 34 38 46 19 39 0 
Custo Total: 2851197
Solução após busca local:
Instalacoes:
1 1 1 1 1 1 0 1 1 1 0 1 0 1 1 0 1 0 1 1 1 0 1 1 0 1 0 0 1 1 1 1 0 0 1 0 0 0 1 1 0 1 1 1 0 0 1 1 0 1 
Atribuicoes:
4 0 2 3 34 5 31 7 8 9 41 11 30 18 14 9 13 16 18 19 42 49 22 30 49 23 4 11 39 29 34 28 43 13 1 16 47 25 38 23 28 1 20 19 47 38 46 0 39 5 
Custo Total: 1357031
Total de iterações: 14122
Melhorias: 21
Tempo até a melhor solução: 17.6643 segundos
Iterações até a melhor solução: 8295
Soma dos custos: 16559024498
Média dos custos: 1.17257e+06
Pior valor encontrado: 1376035
Melhor solução encontrada:
Instalacoes:
1 1 0 0 1 0 0 0 1 1 0 1 0 1 0 1 1 0 1 1 1 0 1 1 0 1 0 1 1 0 1 1 0 0 1 1 0 0 0 1 0 0 1 0 0 0 1 1 0 1 
Atribuicoes:
1 19 49 39 9 34 0 22 46 9 27 11 4 13 49 15 42 28 18 20 16 30 22 47 35 30 1 27 28 23 31 25 8 23 46 16 13 31 20 18 25 35 42 0 47 4 8 19 39 34 
Custo Total: 1168519
