Instância: Data/raw/50_P90_M1_HUB_10.txt
Tempo limite: 30 segundos
Seed: 3
Tamanho da pertubação: 5
Solução inicial:
Instalacoes:
1 0 1 1 1 1 0 1 1 1 0 1 0 0 1 0 0 0 1 1 0 0 1 0 0 0 0 0 1 0 0 0 0 0 1 0 0 0 0 1 0 0 1 1 0 0 1 0 0 0 
Atribuicoes:
0 0 34 3 4 2 2 7 8 9 18 11 7 14 19 9 18 7 18 19 4 43 22 43 18 5 42 11 28 5 2 28 43 14 34 9 3 7 42 39 28 4 8 19 46 46 8 0 39 0 
Custo Total: 2371540
Solução após busca local:
Instalacoes:
1 1 1 1 1 1 0 1 1 1 0 1 0 1 1 0 1 0 1 1 1 0 1 1 0 1 0 0 1 0 1 1 0 0 1 1 0 0 0 1 0 0 1 1 0 0 1 1 0 1 
Atribuicoes:
20 49 34 3 25 2 2 25 8 9 1 11 47 14 19 9 18 16 18 19 8 16 22 39 47 5 42 7 31 23 30 28 43 39 34 35 13 7 1 39 14 4 8 43 30 46 4 42 23 0 
Custo Total: 1097593
Total de iterações: 15175
Melhorias: 23
Tempo até a melhor solução: 21.4239 segundos
Iterações até a melhor solução: 10871
Soma dos custos: 12979070412
Média dos custos: 855293
Pior valor encontrado: 1083908
Melhor solução encontrada:
Instalacoes:
1 1 0 0 1 0 0 0 1 1 0 1 0 1 0 0 1 0 1 1 1 0 1 1 0 1 0 0 1 0 1 1 0 0 1 1 0 0 0 1 0 0 1 0 0 0 0 1 0 1 
Atribuicoes:
0 13 25 25 9 30 4 19 42 9 22 11 49 4 49 19 18 47 18 19 13 47 22 39 35 11 1 31 35 23 4 28 13 39 20 8 31 1 8 39 20 16 42 30 20 18 47 1 23 34 
Custo Total: 839947
