Instância: Data/raw/50_P10_M1_HUB_4.txt
Tempo limite: 30 segundos
Seed: 5
Tamanho da pertubação: 5
Solução inicial:
Instalacoes:
0 1 0 0 0 0 0 0 1 1 0 0 0 1 0 0 1 0 0 0 0 0 1 0 0 0 0 0 0 0 0 0 0 0 0 0 0 0 0 0 0 0 0 0 0 0 0 0 0 0 
Atribuicoes:
9 1 13 13 8 13 13 16 8 9 9 9 1 13 16 9 16 1 16 9 8 9 22 13 1 13 13 9 1 13 9 13 9 9 1 16 9 13 8 13 9 16 8 9 1 8 8 9 13 1 
Custo Total: 898758
Solução após busca local:
Instalacoes:
0 1 0 0 1 0 0 0 1 1 0 0 0 1 0 0 1 0 0 0 1 0 1 0 0 0 0 0 0 0 0 0 0 0 0 0 0 0 0 0 0 0 0 0 0 0 0 0 0 0 
Atribuicoes:
9 1 9 20 8 9 9 20 8 9 9 20 20 13 20 4 8 4 9 9 4 9 22 20 20 13 4 20 9 20 9 20 4 9 1 20 20 4 8 9 9 20 8 4 1 8 20 9 20 9 
Custo Total: 245423
Total de iterações: 100269
Melhorias: 10
Tempo até a melhor solução: 6.90357 segundos
Iterações até a melhor solução: 28039
Soma dos custos: 17299657224
Média dos custos: 172532
Pior valor encontrado: 393234
Melhor solução encontrada:
Instalacoes:
0 0 0 0 1 0 0 0 1 1 0 0 0 0 0 0 0 0 0 0 1 0 1 0 0 0 0 0 0 0 0 0 0 0 0 0 0 0 0 0 0 0 0 0 0 0 0 0 0 0 
Atribuicoes:
9 4 9 20 8 9 9 20 9 9 20 20 20 9 20 9 20 9 4 8 4 9 22 20 20 9 4 20 9 9 20 20 8 9 9 20 20 8 8 9 9 20 8 4 4 8 4 4 20 9 
Custo Total: 166010
