Instância: Data/raw/50_P60_M1_HUB_10.txt
Tempo limite: 30 segundos
Seed: 9
Tamanho da pertubação: 5
Solução inicial:
Instalacoes:
1 0 1 1 1 0 0 0 1 1 0 0 0 1 0 0 1 0 1 1 1 0 1 0 0 0 0 0 0 1 1 0 0 0 0 0 0 0 0 0 0 0 0 0 0 0 1 0 0 0 
Atribuicoes:
0 0 2 3 4 13 13 22 8 4 20 20 16 13 19 0 18 13 18 19 20 9 22 30 16 2 13 20 16 29 30 2 30 46 0 4 3 16 46 3 9 20 8 19 46 4 8 19 20 0 
Custo Total: 2094680
Solução após busca local:
Instalacoes:
1 1 1 1 1 0 0 0 1 1 0 0 0 1 0 0 1 0 0 1 1 0 1 1 0 1 0 0 0 0 1 0 0 0 1 0 0 0 0 1 0 0 0 0 0 0 1 1 0 1 
Atribuicoes:
0 1 47 13 4 1 13 22 8 1 20 9 13 30 19 1 20 9 20 19 20 9 22 23 16 25 19 20 16 0 30 2 23 39 9 4 39 16 46 23 9 47 8 8 9 20 8 47 25 34 
Custo Total: 679421
Total de iterações: 24951
Melhorias: 14
Tempo até a melhor solução: 26.0811 segundos
Iterações até a melhor solução: 21837
Soma dos custos: 12166419541
Média dos custos: 487613
Pior valor encontrado: 717204
Melhor solução encontrada:
Instalacoes:
1 1 0 0 1 0 0 0 1 1 0 0 0 1 0 0 1 0 0 1 1 0 1 1 0 0 0 0 0 0 0 1 0 0 0 0 0 0 0 0 0 0 0 0 0 0 0 1 0 1 
Atribuicoes:
0 1 47 23 47 1 13 9 8 47 20 22 13 13 19 1 20 16 20 1 20 9 22 9 49 9 19 20 31 23 9 31 13 4 9 0 4 47 4 1 13 16 8 8 9 20 8 47 49 4 
Custo Total: 479180
