Instância: Data/raw/50_P90_M1_HUB_3.txt
Tempo limite: 30 segundos
Seed: 6
Tamanho da pertubação: 5
Solução inicial:
Instalacoes:
1 0 1 0 0 1 0 1 0 1 0 1 0 0 1 0 0 0 1 1 0 0 1 1 0 1 0 0 1 1 0 0 0 0 0 0 0 0 1 1 0 1 1 0 0 1 1 1 0 0 
Atribuicoes:
47 47 2 25 23 5 29 7 45 9 25 11 7 2 14 9 41 23 18 47 41 14 22 23 42 5 19 11 28 29 2 25 5 46 47 9 25 23 38 39 28 18 42 19 47 45 46 19 39 47 
Custo Total: 2369220
Solução após busca local:
Instalacoes:
0 1 1 0 1 1 0 1 1 1 0 1 0 1 1 0 1 0 1 1 1 0 1 1 0 1 0 1 0 1 1 1 0 0 1 1 0 0 0 1 0 1 1 0 0 1 1 1 0 1 
Atribuicoes:
47 47 2 35 23 5 16 31 35 8 25 11 7 4 14 9 41 7 49 1 8 34 22 23 1 20 19 27 9 29 30 25 5 9 34 31 13 1 45 39 2 18 42 20 4 46 46 19 31 22 
Custo Total: 1058128
Total de iterações: 15081
Melhorias: 23
Tempo até a melhor solução: 11.7958 segundos
Iterações até a melhor solução: 5909
Soma dos custos: 12725576948
Média dos custos: 843815
Pior valor encontrado: 1063992
Melhor solução encontrada:
Instalacoes:
1 1 0 0 1 0 0 0 1 1 0 1 0 1 0 0 1 0 1 1 1 0 1 1 0 1 0 0 0 0 1 1 0 0 1 1 0 0 0 1 0 1 0 0 0 0 1 1 0 1 
Atribuicoes:
19 0 25 13 20 31 16 31 0 8 22 11 49 13 34 9 16 1 35 1 47 1 22 20 18 18 8 30 9 23 30 34 31 9 34 49 19 18 46 39 25 41 46 20 4 4 4 47 8 49 
Custo Total: 836515
