Instância: Data/raw/50_P80_M1_HUB_10.txt
Tempo limite: 30 segundos
Seed: 8
Tamanho da pertubação: 5
Solução inicial:
Instalacoes:
1 1 1 0 0 0 0 1 0 0 0 1 0 1 0 1 1 0 0 1 0 0 1 0 0 1 0 0 0 1 1 0 0 0 1 0 0 0 1 0 0 1 0 1 0 0 0 1 0 0 
Atribuicoes:
47 1 2 25 15 2 43 7 43 15 16 11 7 13 19 47 16 7 41 47 41 1 22 30 34 25 47 11 30 29 30 2 30 7 1 34 25 7 38 13 16 16 47 19 47 38 38 19 29 1 
Custo Total: 2553472
Solução após busca local:
Instalacoes:
0 1 1 0 1 1 0 1 1 1 0 1 0 1 0 1 1 0 1 1 1 0 1 1 0 1 0 0 0 1 1 1 0 0 1 0 0 0 1 1 0 1 1 1 0 0 1 1 0 1 
Atribuicoes:
15 42 31 25 42 5 0 47 46 19 16 11 30 23 4 47 16 7 41 47 41 13 22 30 23 25 4 5 8 29 30 2 0 8 13 34 49 9 38 13 20 18 9 19 20 42 8 19 39 1 
Custo Total: 1017209
Total de iterações: 18018
Melhorias: 29
Tempo até a melhor solução: 25.9814 segundos
Iterações até a melhor solução: 15637
Soma dos custos: 12495066309
Média dos custos: 693477
Pior valor encontrado: 1006119
Melhor solução encontrada:
Instalacoes:
1 1 0 0 1 0 0 0 1 1 0 0 0 1 0 0 1 0 1 1 1 0 1 0 0 1 0 0 1 0 1 1 0 0 1 0 0 0 0 1 0 0 0 0 0 0 0 1 0 1 
Atribuicoes:
13 19 19 25 49 30 30 8 9 19 4 9 20 20 20 8 16 16 0 8 9 16 22 4 28 25 47 47 28 13 4 31 1 8 20 49 39 47 0 8 1 18 9 1 4 1 16 47 39 34 
Custo Total: 682648
