Instância: Data/raw/50_P90_M0_Continuo_10.txt
Tempo limite: 30 segundos
Seed: 6
Tamanho da pertubação: 5
Solução inicial:
Instalacoes:
1 1 1 1 0 1 0 1 0 1 0 0 0 1 0 0 0 0 1 1 0 0 1 0 0 1 0 0 1 0 0 1 0 0 0 0 0 0 1 1 0 1 1 0 0 0 1 1 0 0 
Atribuicoes:
47 1 2 3 1 5 25 7 1 0 46 9 7 2 19 25 42 7 18 47 46 31 22 13 41 5 9 9 28 13 2 25 5 13 1 42 3 7 38 39 28 18 42 19 46 38 46 47 39 19 
Custo Total: 2474687
Solução após busca local:
Instalacoes:
1 1 1 0 1 1 0 1 1 1 0 1 0 1 0 0 1 0 1 1 1 0 1 0 0 1 0 1 1 0 1 1 1 0 1 1 0 0 1 1 0 0 1 1 0 0 1 1 0 1 
Atribuicoes:
4 42 2 39 1 20 34 7 1 0 9 22 11 30 19 9 34 0 18 19 20 31 22 13 47 5 9 8 32 8 34 25 32 13 43 35 31 25 38 2 28 27 42 43 46 4 46 47 39 16 
Custo Total: 1020843
Total de iterações: 18156
Melhorias: 19
Tempo até a melhor solução: 27.3189 segundos
Iterações até a melhor solução: 16492
Soma dos custos: 13618127479
Média dos custos: 750062
Pior valor encontrado: 994914
Melhor solução encontrada:
Instalacoes:
1 1 0 0 1 0 0 0 1 1 0 0 0 1 0 0 1 0 1 1 1 0 1 1 0 1 0 1 1 0 1 1 0 0 0 0 0 0 0 1 0 0 1 0 0 0 1 1 0 1 
Atribuicoes:
4 1 25 39 46 18 47 4 46 0 9 27 22 23 25 9 47 30 42 8 18 30 22 13 19 23 9 27 28 8 47 31 28 13 8 0 16 31 0 20 1 49 42 1 20 4 20 19 39 16 
Custo Total: 739623
