Instância: Data/raw/50_P80_M1_Continuo_9.txt
Tempo limite: 30 segundos
Seed: 8
Tamanho da pertubação: 5
Solução inicial:
Instalacoes:
0 1 1 0 1 0 0 1 0 0 0 1 0 1 0 0 0 0 1 0 0 1 1 0 0 1 0 1 0 1 0 1 0 0 1 0 0 0 1 1 0 1 1 1 0 0 1 1 0 0 
Atribuicoes:
1 31 2 13 4 2 11 7 38 1 4 11 27 39 11 31 42 27 18 21 46 21 22 29 41 25 4 27 34 29 34 31 43 29 34 42 13 27 38 39 4 18 42 43 4 38 46 47 39 34 
Custo Total: 2279637
Solução após busca local:
Instalacoes:
1 1 1 0 1 0 0 0 1 1 0 1 0 1 0 0 1 0 1 1 1 0 1 1 0 0 0 1 0 1 1 1 0 0 1 0 0 0 1 1 0 0 1 1 0 0 1 1 0 1 
Atribuicoes:
1 13 2 4 4 23 47 1 19 0 22 11 31 39 0 19 49 18 18 47 18 29 22 23 34 2 19 27 16 1 20 31 8 22 34 20 13 9 46 8 9 30 42 43 4 38 46 47 39 49 
Custo Total: 889115
Total de iterações: 19427
Melhorias: 14
Tempo até a melhor solução: 9.72735 segundos
Iterações até a melhor solução: 6188
Soma dos custos: 12753361347
Média dos custos: 656476
Pior valor encontrado: 912373
Melhor solução encontrada:
Instalacoes:
1 1 0 0 1 0 0 0 1 1 0 0 0 1 0 0 1 0 1 1 1 0 1 1 0 0 0 0 0 0 1 1 0 0 1 0 0 0 0 1 0 0 0 0 0 0 1 1 0 1 
Atribuicoes:
9 13 39 9 20 23 0 9 8 16 22 47 1 9 16 8 30 18 18 19 18 47 22 23 34 49 19 20 49 1 30 31 8 19 34 16 4 13 4 8 31 1 49 13 47 46 4 0 39 20 
Custo Total: 652370
