Instância: Data/raw/50_P80_M1_HUB_5.txt
Tempo limite: 30 segundos
Seed: 4
Tamanho da pertubação: 5
Solução inicial:
Instalacoes:
1 0 1 1 1 1 0 1 1 1 0 1 0 0 0 0 0 0 1 0 1 0 1 1 0 0 0 0 1 0 0 0 0 0 0 0 0 0 0 1 0 0 1 0 0 0 0 0 0 0 
Atribuicoes:
0 0 2 3 4 5 20 7 8 9 18 11 7 23 42 9 18 18 4 0 20 20 22 23 4 5 42 11 28 23 2 28 2 23 0 9 3 7 42 39 28 8 8 0 42 8 8 0 39 0 
Custo Total: 2675789
Solução após busca local:
Instalacoes:
1 1 1 1 1 1 0 1 1 1 0 1 0 1 0 0 1 0 1 1 1 0 1 1 0 1 0 0 1 0 1 1 0 0 1 0 0 0 0 1 0 0 1 1 0 0 1 1 0 1 
Atribuicoes:
47 49 2 8 4 5 20 7 46 0 18 11 7 23 43 9 16 25 4 1 20 34 22 23 19 13 47 20 19 30 25 28 13 1 0 9 3 22 4 47 31 8 19 49 42 8 8 0 39 9 
Custo Total: 891485
Total de iterações: 18179
Melhorias: 20
Tempo até a melhor solução: 28.3808 segundos
Iterações até a melhor solução: 17188
Soma dos custos: 12187814711
Média dos custos: 670434
Pior valor encontrado: 906635
Melhor solução encontrada:
Instalacoes:
1 1 0 0 1 0 0 0 1 1 0 0 0 1 0 0 1 0 0 1 1 0 1 1 0 0 0 0 0 0 1 1 0 0 1 0 0 0 0 1 0 0 0 0 0 0 1 1 0 1 
Atribuicoes:
49 34 1 8 46 49 31 30 46 0 22 39 1 30 47 0 16 13 47 20 47 9 20 9 19 19 47 20 19 23 13 31 23 1 0 30 39 20 4 1 49 8 19 34 4 8 8 4 9 0 
Custo Total: 656352
