Instância: Data/raw/50_P90_M1_HUB_5.txt
Tempo limite: 30 segundos
Seed: 9
Tamanho da pertubação: 5
Solução inicial:
Instalacoes:
1 0 1 1 1 1 0 1 1 1 0 1 0 0 0 0 0 0 1 1 1 0 1 0 0 0 0 0 1 1 0 0 0 0 0 0 0 0 0 1 0 0 1 1 0 0 1 0 0 0 
Atribuicoes:
0 0 2 3 4 5 20 7 8 9 4 11 7 2 19 9 42 7 18 19 20 43 22 29 42 5 4 11 28 29 2 28 43 4 0 9 3 7 46 39 28 18 8 19 4 46 8 19 39 0 
Custo Total: 2444475
Solução após busca local:
Instalacoes:
1 1 1 1 1 1 0 1 1 1 0 1 0 1 0 1 1 0 1 1 1 0 1 1 0 1 0 0 1 1 1 1 0 0 1 1 0 0 0 1 0 0 1 1 0 0 1 1 0 1 
Atribuicoes:
49 0 2 3 4 13 20 49 8 42 16 7 39 13 30 9 35 25 18 19 20 43 22 2 42 5 34 11 31 29 47 28 23 4 31 9 30 1 46 39 23 22 18 31 47 46 8 1 19 9 
Custo Total: 1123851
Total de iterações: 16022
Melhorias: 22
Tempo até a melhor solução: 14.6317 segundos
Iterações até a melhor solução: 7824
Soma dos custos: 13855928436
Média dos custos: 864806
Pior valor encontrado: 1081253
Melhor solução encontrada:
Instalacoes:
1 1 0 0 1 0 0 0 1 1 0 0 0 1 0 0 1 0 1 1 1 0 1 1 0 1 0 0 0 0 1 1 0 0 1 1 0 0 0 1 0 0 0 0 0 0 1 1 0 1 
Atribuicoes:
19 49 30 47 4 1 47 8 8 9 22 22 31 25 0 9 34 16 18 46 18 1 13 20 34 4 19 25 8 23 16 31 23 39 9 4 0 13 46 39 35 13 18 20 47 46 1 30 20 9 
Custo Total: 856662
