Instância: Data/raw/50_P40_M1_HUB_1.txt
Tempo limite: 30 segundos
Seed: 5
Tamanho da pertubação: 5
Solução inicial:
Instalacoes:
1 1 0 0 0 0 0 0 0 1 0 0 0 0 0 0 0 0 0 0 1 0 1 0 0 0 0 0 0 0 1 1 0 0 0 0 0 0 0 1 0 0 0 0 0 0 1 0 0 1 
Atribuicoes:
0 1 30 49 46 30 30 49 46 9 49 31 39 49 1 9 20 20 20 0 20 0 22 49 9 31 0 31 1 1 30 31 1 31 1 9 31 39 1 39 9 20 0 0 30 46 46 0 39 9 
Custo Total: 1542964
Solução após busca local:
Instalacoes:
1 1 0 0 1 0 0 0 1 1 0 0 0 1 0 0 0 0 0 0 1 0 1 0 0 0 0 0 0 0 1 1 0 0 0 0 0 0 0 1 0 0 0 0 0 0 1 1 0 1 
Atribuicoes:
0 47 20 13 8 13 8 47 9 9 1 8 4 39 47 9 9 20 20 9 8 9 22 47 49 4 9 31 1 13 30 31 1 30 1 4 13 4 4 39 9 20 20 20 0 46 9 13 20 47 
Custo Total: 447179
Total de iterações: 34037
Melhorias: 12
Tempo até a melhor solução: 27.2365 segundos
Iterações até a melhor solução: 30946
Soma dos custos: 11961088384
Média dos custos: 351414
Pior valor encontrado: 579381
Melhor solução encontrada:
Instalacoes:
0 1 0 0 1 0 0 0 1 1 0 0 0 1 0 0 0 0 0 0 1 0 1 0 0 0 0 0 0 0 0 1 0 0 0 0 0 0 0 0 0 0 0 0 0 0 0 1 0 1 
Atribuicoes:
1 9 20 13 4 8 8 13 8 9 8 4 47 13 1 9 31 20 20 9 4 9 31 49 1 4 9 22 47 13 9 22 31 1 1 8 13 4 4 9 8 20 20 47 47 47 9 47 20 49 
Custo Total: 341061
