Instância: Data/raw/50_P100_M1_Continuo_9.txt
Tempo limite: 30 segundos
Seed: 1
Tamanho da pertubação: 5
Solução inicial:
Instalacoes:
1 0 1 1 0 1 0 1 0 1 0 0 0 0 0 1 0 0 1 1 0 0 1 0 0 0 0 0 1 1 0 0 0 0 0 0 0 0 1 1 0 1 1 0 0 0 1 0 0 0 
Atribuicoes:
0 0 2 3 15 5 41 7 15 9 46 22 7 2 19 9 42 7 18 19 46 15 22 29 42 5 15 22 28 29 2 28 5 29 0 9 3 7 38 39 28 18 42 19 42 38 46 19 39 0 
Custo Total: 3072703
Solução após busca local:
Instalacoes:
1 1 1 1 1 1 0 1 1 1 0 0 0 1 0 1 1 0 1 1 1 0 1 0 0 1 0 1 1 1 1 1 0 0 1 1 0 0 1 1 0 0 1 1 0 0 1 1 0 1 
Atribuicoes:
13 0 2 3 15 5 1 7 13 9 16 5 22 39 4 42 35 7 18 19 8 30 22 29 42 8 20 27 28 29 2 31 34 31 0 9 49 4 38 1 25 41 20 43 34 47 46 19 39 49 
Custo Total: 1339771
Total de iterações: 14146
Melhorias: 20
Tempo até a melhor solução: 19.3434 segundos
Iterações até a melhor solução: 9179
Soma dos custos: 16722916927
Média dos custos: 1.18217e+06
Pior valor encontrado: 1361753
Melhor solução encontrada:
Instalacoes:
1 1 0 0 1 1 0 0 1 1 0 0 0 1 0 0 1 0 1 1 1 0 1 1 0 1 0 1 1 0 1 1 0 0 1 1 0 0 0 1 0 0 1 0 0 0 1 1 0 1 
Atribuicoes:
4 0 30 39 46 16 25 27 42 13 47 5 22 5 20 9 16 18 4 19 8 25 22 23 34 8 9 31 28 23 30 31 0 28 34 35 49 35 42 39 27 18 20 1 1 47 46 19 13 49 
Custo Total: 1177636
