Instância: Data/raw/50_P40_M0_Continuo_5.txt
Tempo limite: 30 segundos
Seed: 2
Tamanho da pertubação: 5
Solução inicial:
Instalacoes:
0 1 1 0 0 0 0 0 1 0 0 0 0 0 0 0 0 0 1 0 1 0 1 1 0 0 0 0 0 0 1 0 0 0 0 0 0 0 0 1 0 0 1 0 0 0 1 0 0 0 
Atribuicoes:
42 1 23 39 8 30 8 46 8 42 18 20 39 23 1 42 20 22 18 42 18 30 22 23 1 23 42 20 20 23 30 30 30 46 1 20 23 39 46 39 22 18 8 42 46 46 8 42 39 1 
Custo Total: 1811205
Solução após busca local:
Instalacoes:
1 1 0 0 1 0 0 0 1 1 0 0 0 1 0 0 0 0 1 0 1 0 1 1 0 0 0 0 0 0 1 0 0 0 0 0 0 0 0 1 0 0 1 0 0 0 1 1 0 0 
Atribuicoes:
4 20 4 8 8 30 4 47 8 4 47 22 18 13 1 8 20 22 18 1 18 20 22 23 1 23 20 9 20 9 30 47 30 13 1 20 9 13 20 39 13 47 8 47 0 46 4 9 39 1 
Custo Total: 527314
Total de iterações: 32836
Melhorias: 12
Tempo até a melhor solução: 4.3069 segundos
Iterações até a melhor solução: 4556
Soma dos custos: 11341263641
Média dos custos: 345391
Pior valor encontrado: 591916
Melhor solução encontrada:
Instalacoes:
0 1 0 0 1 0 0 0 1 1 0 0 0 1 0 0 1 0 0 0 1 0 1 0 0 0 0 0 0 0 1 0 0 0 0 0 0 0 0 0 0 0 0 0 0 0 0 1 0 0 
Atribuicoes:
1 20 4 4 47 47 20 8 8 4 8 22 20 13 8 47 20 22 20 47 16 20 22 13 9 30 47 9 20 9 4 4 30 13 1 47 9 13 9 1 4 16 8 16 9 1 1 9 13 1 
Custo Total: 343885
