Instância: Data/raw/50_P90_M1_Continuo_1.txt
Tempo limite: 30 segundos
Seed: 2
Tamanho da pertubação: 5
Solução inicial:
Instalacoes:
1 0 1 1 0 1 0 1 0 1 0 1 0 0 1 1 0 0 1 1 0 0 1 0 0 0 0 0 1 1 0 0 0 0 0 0 0 0 1 1 0 1 0 0 0 0 1 0 0 0 
Atribuicoes:
0 0 2 3 15 5 15 7 46 9 41 11 7 2 14 9 15 7 18 19 41 14 22 29 14 5 19 11 28 29 2 28 5 29 0 9 3 7 38 39 28 18 19 14 15 38 46 14 39 0 
Custo Total: 2653171
Solução após busca local:
Instalacoes:
1 1 1 1 1 1 0 1 1 1 0 1 0 1 1 1 1 0 1 1 1 0 1 1 0 1 0 0 1 1 1 1 0 0 0 1 0 0 1 1 0 1 0 0 0 0 1 1 0 1 
Atribuicoes:
8 49 20 3 46 5 16 1 46 15 31 11 7 2 4 13 16 11 35 30 41 14 22 23 18 25 19 14 28 29 9 13 31 39 1 9 47 22 38 13 0 18 19 30 4 20 47 49 39 0 
Custo Total: 1072884
Total de iterações: 16379
Melhorias: 21
Tempo até a melhor solução: 23.5795 segundos
Iterações até a melhor solução: 12591
Soma dos custos: 13144673260
Média dos custos: 802532
Pior valor encontrado: 1049827
Melhor solução encontrada:
Instalacoes:
1 1 0 0 1 1 0 0 1 1 0 1 0 1 0 0 1 0 1 1 1 0 1 0 0 1 0 0 1 0 1 1 0 0 0 1 0 0 0 1 0 0 1 0 0 0 0 1 0 1 
Atribuicoes:
9 0 25 31 20 5 20 25 20 1 18 11 5 28 30 4 1 11 35 19 16 31 22 13 8 13 4 31 28 16 9 4 18 39 47 19 13 22 8 30 35 49 42 1 8 47 9 0 39 49 
Custo Total: 793030
