Instância: Data/raw/50_P20_M1_HUB_5.txt
Tempo limite: 30 segundos
Seed: 2
Tamanho da pertubação: 5
Solução inicial:
Instalacoes:
0 0 0 0 1 0 0 0 1 0 0 0 0 1 0 0 1 0 0 0 0 0 1 0 0 0 0 0 0 0 1 0 0 0 0 0 0 0 0 0 0 0 0 0 0 0 0 1 0 0 
Atribuicoes:
47 47 13 16 4 13 47 22 8 4 16 13 22 13 47 8 16 22 4 47 4 30 22 13 8 13 47 13 30 13 30 13 30 16 47 4 16 22 8 13 16 4 8 47 8 8 8 47 13 47 
Custo Total: 1011532
Solução após busca local:
Instalacoes:
0 1 0 0 1 0 0 0 1 1 0 0 0 1 0 0 1 0 0 0 1 0 1 0 0 0 0 0 0 0 1 0 0 0 0 0 0 0 0 0 0 0 0 0 0 0 0 1 0 0 
Atribuicoes:
47 1 20 8 4 13 9 9 8 4 4 13 4 13 47 9 16 47 4 20 4 47 22 13 20 4 47 9 8 9 30 13 1 9 9 4 9 20 8 9 16 20 8 47 8 8 8 20 20 47 
Custo Total: 304367
Total de iterações: 67112
Melhorias: 12
Tempo até a melhor solução: 22.956 segundos
Iterações até a melhor solução: 51023
Soma dos custos: 15261178690
Média dos custos: 227399
Pior valor encontrado: 461846
Melhor solução encontrada:
Instalacoes:
0 1 0 0 1 0 0 0 1 1 0 0 0 0 0 0 0 0 0 0 1 0 1 0 0 0 0 0 0 0 0 0 0 0 0 0 0 0 0 0 0 0 0 0 0 0 0 1 0 0 
Atribuicoes:
47 1 20 20 4 8 9 9 8 20 20 9 20 4 47 47 1 8 4 4 20 8 22 4 20 20 47 9 8 9 4 4 4 9 9 4 9 20 4 9 1 9 8 4 4 8 8 47 20 47 
Custo Total: 223083
