Instância: Data/raw/50_P5_M1_HUB_5.txt
Tempo limite: 30 segundos
Seed: 9
Tamanho da pertubação: 5
Solução inicial:
Instalacoes:
1 0 0 0 0 0 0 0 1 1 0 0 0 1 0 0 0 0 0 0 0 0 1 0 0 0 0 0 0 0 0 0 0 0 0 0 0 0 0 0 0 0 0 0 0 0 0 1 0 0 
Atribuicoes:
47 47 13 13 8 13 0 13 8 9 8 9 13 13 47 9 9 8 8 47 8 8 22 13 9 13 47 9 47 0 13 9 0 13 47 9 13 13 8 13 9 8 8 47 8 8 8 47 13 9 
Custo Total: 468837
Solução após busca local:
Instalacoes:
1 0 0 0 0 0 0 0 1 1 0 0 0 1 0 0 0 0 0 0 1 0 1 0 0 0 0 0 0 0 0 0 0 0 0 0 0 0 0 0 0 0 0 0 0 0 0 1 0 0 
Atribuicoes:
9 47 13 20 8 20 20 20 8 9 9 20 9 13 9 9 9 8 20 47 20 9 22 9 9 9 47 20 20 20 9 9 8 20 20 9 20 20 8 20 20 20 8 9 8 8 8 47 20 9 
Custo Total: 212746
Total de iterações: 188676
Melhorias: 4
Tempo até a melhor solução: 5.96034 segundos
Iterações até a melhor solução: 37311
Soma dos custos: 30675306501
Média dos custos: 162582
Pior valor encontrado: 361215
Melhor solução encontrada:
Instalacoes:
0 0 0 0 0 0 0 0 1 1 0 0 0 0 0 0 0 0 0 0 1 0 1 0 0 0 0 0 0 0 0 0 0 0 0 0 0 0 0 0 0 0 0 0 0 0 0 1 0 0 
Atribuicoes:
9 47 20 20 8 20 20 20 8 9 9 20 9 9 9 9 9 20 20 47 20 9 22 9 20 9 47 20 20 20 9 9 8 20 9 9 20 20 8 20 8 20 8 9 8 8 8 47 20 9 
Custo Total: 162498
