Instância: Data/raw/50_P100_M1_Continuo_1.txt
Tempo limite: 30 segundos
Seed: 1
Tamanho da pertubação: 5
Solução inicial:
Instalacoes:
1 0 1 1 0 1 1 1 0 1 0 1 0 0 1 0 0 0 1 1 0 0 1 0 0 0 0 0 1 1 0 0 0 0 0 0 0 0 1 1 0 1 1 1 0 0 1 0 0 0 
Atribuicoes:
0 0 2 3 42 5 6 7 42 9 41 11 7 2 14 9 41 7 18 19 41 43 22 29 42 5 42 11 28 29 2 28 43 2 0 9 3 7 38 39 28 18 0 19 42 38 46 19 39 0 
Custo Total: 2780319
Solução após busca local:
Instalacoes:
1 1 1 1 1 1 0 1 1 1 0 1 0 1 0 0 1 0 1 1 1 0 1 0 0 1 0 1 1 1 1 1 0 0 1 1 0 0 1 1 0 1 1 1 0 0 1 1 0 1 
Atribuicoes:
8 4 13 3 13 5 39 16 42 34 41 11 8 2 9 9 35 27 18 1 41 43 22 20 34 4 42 5 28 29 2 28 30 1 49 18 3 7 47 39 31 20 0 19 46 38 46 19 25 0 
Custo Total: 1345491
Total de iterações: 14543
Melhorias: 20
Tempo até a melhor solução: 14.6659 segundos
Iterações até a melhor solução: 6972
Soma dos custos: 17115169787
Média dos custos: 1.17687e+06
Pior valor encontrado: 1372753
Melhor solução encontrada:
Instalacoes:
1 1 1 0 1 1 0 1 1 1 0 0 0 1 0 0 1 0 1 1 1 0 1 1 0 1 0 1 0 0 1 1 0 0 1 1 0 0 0 1 0 0 1 1 0 0 1 1 0 1 
Atribuicoes:
0 1 2 25 46 5 13 7 20 1 35 13 0 39 16 8 18 31 18 19 35 49 27 30 34 23 4 5 34 23 30 31 19 39 47 49 25 22 8 16 22 46 42 43 47 20 4 9 9 42 
Custo Total: 1172028
