Instância: Data/raw/50_P70_M0_Continuo_1.txt
Tempo limite: 30 segundos
Seed: 5
Tamanho da pertubação: 5
Solução inicial:
Instalacoes:
1 0 0 1 1 0 0 0 0 1 0 0 0 0 0 0 1 0 1 1 0 0 1 1 0 0 0 1 0 1 1 0 0 0 1 0 0 0 0 1 0 0 1 0 0 0 1 1 0 0 
Atribuicoes:
4 4 34 3 42 30 34 3 46 9 16 27 39 23 19 9 16 18 18 47 42 9 22 29 16 23 47 27 34 29 30 30 30 23 4 9 3 39 47 39 16 18 42 19 47 4 46 19 39 4 
Custo Total: 2006984
Solução após busca local:
Instalacoes:
0 1 0 1 1 0 0 0 1 1 0 0 0 1 0 0 1 0 1 1 1 0 1 1 0 1 0 0 0 1 1 1 0 0 1 0 0 0 0 1 0 0 1 0 0 0 1 1 0 1 
Atribuicoes:
4 30 34 18 42 30 13 20 46 8 47 4 13 23 49 9 16 31 9 1 49 1 22 29 16 25 20 34 13 29 30 31 8 4 19 9 3 39 47 25 29 18 42 1 47 4 46 19 39 49 
Custo Total: 750872
Total de iterações: 22550
Melhorias: 16
Tempo até a melhor solução: 23.0607 segundos
Iterações até a melhor solução: 17365
Soma dos custos: 12561497537
Média dos custos: 557051
Pior valor encontrado: 805128
Melhor solução encontrada:
Instalacoes:
1 1 0 0 1 0 0 0 1 1 0 0 0 1 0 0 1 0 0 1 1 0 1 1 0 0 0 0 0 0 1 0 0 0 0 0 0 0 0 1 0 0 0 0 0 0 1 1 0 1 
Atribuicoes:
4 0 23 23 20 19 13 20 46 16 9 47 13 39 0 9 16 22 4 1 8 19 13 23 16 1 20 22 13 13 30 49 30 4 49 9 20 30 47 39 8 0 8 1 47 4 46 19 16 49 
Custo Total: 552559
