Instância: Data/raw/50_P50_M1_Continuo_6.txt
Tempo limite: 30 segundos
Seed: 9
Tamanho da pertubação: 5
Solução inicial:
Instalacoes:
0 1 0 0 0 0 0 0 0 1 0 0 0 1 0 0 1 0 0 1 1 0 1 1 0 0 0 0 0 0 0 1 0 0 0 0 0 0 0 0 0 0 1 0 0 0 1 1 0 1 
Atribuicoes:
47 1 31 9 46 23 20 22 46 42 16 20 13 31 47 42 16 13 19 47 42 19 22 23 1 13 47 20 49 23 31 13 19 9 1 49 9 13 9 13 16 49 42 47 47 47 46 47 31 1 
Custo Total: 1542609
Solução após busca local:
Instalacoes:
1 1 0 0 1 0 0 0 1 1 0 0 0 1 0 0 1 0 1 1 1 0 1 1 0 0 0 0 0 0 1 1 0 0 0 0 0 0 0 0 0 0 1 0 0 0 1 1 0 1 
Atribuicoes:
47 8 20 4 0 30 20 9 1 47 1 49 22 31 8 8 16 22 16 47 42 9 22 23 1 13 0 20 30 1 20 13 19 23 1 49 9 13 9 13 13 8 42 47 0 4 46 4 31 16 
Custo Total: 606345
Total de iterações: 29578
Melhorias: 22
Tempo até a melhor solução: 8.16237 segundos
Iterações até a melhor solução: 7955
Soma dos custos: 12326090285
Média dos custos: 416732
Pior valor encontrado: 660772
Melhor solução encontrada:
Instalacoes:
1 1 0 0 1 0 0 0 1 1 0 0 0 1 0 0 1 0 0 1 1 0 1 0 0 1 0 0 0 0 0 0 0 0 0 0 0 0 0 0 0 0 0 0 0 0 0 1 0 0 
Atribuicoes:
19 8 47 20 47 20 20 8 9 0 13 8 8 0 1 20 16 22 9 4 1 9 22 13 16 25 4 25 47 8 1 4 13 13 1 16 9 25 9 4 0 8 20 19 47 4 0 47 4 8 
Custo Total: 411169
