Instância: Data/raw/50_P5_M1_HUB_10.txt
Tempo limite: 30 segundos
Seed: 8
Tamanho da pertubação: 5
Solução inicial:
Instalacoes:
0 0 0 0 1 0 0 0 1 0 0 0 0 1 0 0 0 0 0 0 0 0 1 0 0 0 0 0 0 0 0 0 0 0 0 0 0 0 0 0 0 0 0 0 0 0 0 1 0 0 
Atribuicoes:
47 4 13 13 4 47 47 4 8 4 4 4 4 13 47 4 4 4 4 47 4 47 22 13 4 13 8 4 47 47 8 47 47 47 8 4 13 4 8 13 4 4 8 47 8 8 8 47 13 4 
Custo Total: 413347
Solução após busca local:
Instalacoes:
0 0 0 0 1 0 0 0 1 1 0 0 0 1 0 0 0 0 0 0 0 0 1 0 0 0 0 0 0 0 0 0 0 0 0 0 0 0 0 0 0 0 0 0 0 0 0 1 0 0 
Atribuicoes:
9 9 9 8 4 4 9 9 8 4 9 9 9 13 9 9 9 4 4 47 4 4 22 9 4 9 8 9 9 9 8 9 9 9 8 9 4 9 8 4 4 9 8 4 8 8 8 47 4 9 
Custo Total: 190102
Total de iterações: 135109
Melhorias: 7
Tempo até a melhor solução: 28.3517 segundos
Iterações até a melhor solução: 127811
Soma dos custos: 19155352897
Média dos custos: 141777
Pior valor encontrado: 340299
Melhor solução encontrada:
Instalacoes:
0 0 0 0 1 0 0 0 1 1 0 0 0 0 0 0 0 0 0 0 0 0 1 0 0 0 0 0 0 0 0 0 0 0 0 0 0 0 0 0 0 0 0 0 0 0 0 0 0 0 
Atribuicoes:
9 9 9 4 4 8 9 9 8 9 9 9 9 4 4 9 9 4 4 4 4 4 22 9 4 9 8 9 9 9 9 9 9 9 8 9 4 4 8 4 8 9 8 4 8 8 8 9 4 9 
Custo Total: 141557
