Instância: Data/raw/50_P80_M1_HUB_8.txt
Tempo limite: 30 segundos
Seed: 10
Tamanho da pertubação: 5
Solução inicial:
Instalacoes:
1 1 0 0 1 1 0 1 1 0 0 0 0 1 1 1 0 0 1 0 0 0 1 0 0 1 0 0 1 0 0 0 0 0 1 0 0 0 0 1 0 0 1 0 0 0 1 1 0 0 
Atribuicoes:
47 1 4 25 15 5 1 7 8 42 46 39 7 13 14 0 34 34 18 47 15 14 22 15 0 4 4 4 28 13 5 28 5 7 1 34 25 34 8 39 28 18 42 14 4 8 46 47 39 0 
Custo Total: 2169749
Solução após busca local:
Instalacoes:
1 1 0 0 1 1 0 1 1 1 0 0 1 1 1 1 1 0 1 1 1 0 1 0 0 1 0 0 1 1 1 1 0 0 1 1 0 0 0 1 0 0 1 0 0 0 1 1 0 1 
Atribuicoes:
9 19 13 25 1 30 4 7 8 34 47 39 31 13 14 0 16 25 18 47 15 1 22 29 0 31 4 4 49 13 5 28 34 20 1 18 25 16 18 9 35 18 42 0 19 8 46 20 39 35 
Custo Total: 999846
Total de iterações: 18181
Melhorias: 18
Tempo até a melhor solução: 27.5348 segundos
Iterações até a melhor solução: 16647
Soma dos custos: 12968392418
Média dos custos: 713294
Pior valor encontrado: 946242
Melhor solução encontrada:
Instalacoes:
1 1 0 0 1 0 0 0 1 1 0 0 0 1 0 0 1 0 1 1 1 0 1 1 0 1 0 0 0 0 1 1 0 0 1 0 0 0 0 0 0 0 0 0 0 0 1 1 0 1 
Atribuicoes:
0 19 13 13 1 23 4 22 8 9 31 25 1 0 34 0 16 20 18 20 46 47 22 8 49 13 4 4 13 23 30 30 1 9 47 20 20 16 18 49 0 18 19 16 47 47 46 9 25 34 
Custo Total: 692628
