Instância: Data/raw/50_P10_M0_Continuo_3.txt
Tempo limite: 30 segundos
Seed: 2
Tamanho da pertubação: 5
Solução inicial:
Instalacoes:
1 1 0 0 1 0 0 0 0 1 0 0 0 1 0 0 1 0 0 0 0 0 1 0 0 0 0 0 0 0 0 0 0 0 0 0 0 0 0 0 0 0 0 0 0 0 0 0 0 0 
Atribuicoes:
4 1 13 13 4 0 4 22 1 9 4 16 16 13 4 9 9 16 16 0 16 4 22 13 9 16 9 4 4 13 0 4 0 16 4 9 16 16 9 13 9 4 0 0 0 4 9 0 13 9 
Custo Total: 858373
Solução após busca local:
Instalacoes:
1 1 0 0 1 0 0 0 1 1 0 0 0 1 0 0 1 0 0 0 1 0 1 0 0 0 0 0 0 0 0 0 0 0 0 0 0 0 0 0 0 0 0 0 0 0 0 0 0 0 
Atribuicoes:
4 1 9 13 4 9 9 20 8 9 4 1 8 13 4 8 20 8 1 9 20 9 22 20 20 13 9 20 4 9 1 4 9 4 4 9 8 20 4 20 9 20 4 8 20 20 4 8 9 9 
Custo Total: 275808
Total de iterações: 105156
Melhorias: 8
Tempo até a melhor solução: 20.1141 segundos
Iterações até a melhor solução: 74626
Soma dos custos: 19556633110
Média dos custos: 185977
Pior valor encontrado: 421716
Melhor solução encontrada:
Instalacoes:
0 0 0 0 1 0 0 0 1 1 0 0 0 0 0 0 0 0 0 0 1 0 1 0 0 0 0 0 0 0 0 0 0 0 0 0 0 0 0 0 0 0 0 0 0 0 0 0 0 0 
Atribuicoes:
4 8 9 4 4 9 9 8 8 9 20 22 8 4 9 8 20 8 9 20 20 9 20 20 20 9 8 20 9 9 4 9 9 4 4 9 9 20 4 20 20 20 4 9 8 8 8 4 4 9 
Custo Total: 169187
