Instância: Data/raw/50_P90_M1_Continuo_9.txt
Tempo limite: 30 segundos
Seed: 2
Tamanho da pertubação: 5
Solução inicial:
Instalacoes:
1 0 1 0 0 1 0 1 0 1 0 0 0 0 0 0 0 0 1 1 0 0 1 1 0 1 0 0 1 0 0 0 0 0 0 0 0 0 0 1 0 1 1 1 0 0 0 0 0 0 
Atribuicoes:
0 0 23 25 18 5 2 7 18 9 25 23 7 23 19 9 41 7 41 19 41 43 22 23 42 39 42 18 28 23 23 25 5 23 0 9 25 7 23 39 28 9 18 19 42 25 18 43 39 0 
Custo Total: 3307304
Solução após busca local:
Instalacoes:
1 1 1 0 1 1 0 1 1 1 0 1 0 1 0 0 1 0 1 1 1 0 1 1 0 1 0 0 1 0 1 1 0 0 0 0 0 0 0 1 0 1 1 1 0 0 1 1 0 1 
Atribuicoes:
0 20 47 25 18 5 2 7 0 16 25 2 31 22 19 1 4 11 41 19 16 43 22 8 42 39 30 18 28 23 23 31 1 30 8 9 20 7 20 39 13 9 49 49 42 4 46 13 11 0 
Custo Total: 1083223
Total de iterações: 16658
Melhorias: 29
Tempo até a melhor solução: 29.8064 segundos
Iterações até a melhor solução: 16547
Soma dos custos: 13747704470
Média dos custos: 825291
Pior valor encontrado: 1059507
Melhor solução encontrada:
Instalacoes:
1 1 0 0 1 0 0 0 1 1 0 0 0 1 0 0 1 0 1 1 1 0 1 1 0 1 0 0 0 1 1 1 0 0 0 1 0 0 0 1 0 0 1 0 0 0 1 1 0 1 
Atribuicoes:
31 20 9 31 46 8 13 39 4 16 49 23 22 31 49 18 35 25 18 0 16 0 22 30 8 9 1 30 16 29 19 20 23 1 1 49 20 39 46 23 25 9 42 47 8 19 47 13 25 4 
Custo Total: 806818
