Instância: Data/raw/50_P60_M1_Continuo_4.txt
Tempo limite: 30 segundos
Seed: 10
Tamanho da pertubação: 5
Solução inicial:
Instalacoes:
1 0 1 0 0 0 0 0 0 1 0 0 0 0 0 0 1 0 1 0 1 0 1 1 0 1 0 0 0 0 1 0 0 0 1 0 0 0 0 1 0 0 1 0 0 0 1 0 0 0 
Atribuicoes:
0 0 30 46 42 30 2 46 46 9 16 22 18 23 34 9 20 18 20 0 20 34 22 23 16 25 18 22 30 23 30 25 30 16 34 9 23 18 46 39 16 20 42 34 9 20 46 0 39 0 
Custo Total: 2242650
Solução após busca local:
Instalacoes:
1 1 0 0 1 0 0 0 1 1 0 0 0 1 0 0 1 0 1 0 1 0 1 1 0 1 0 0 0 0 1 0 0 0 1 0 0 0 0 1 0 0 1 0 0 0 1 1 0 1 
Atribuicoes:
47 0 4 16 42 1 1 39 1 49 9 49 8 23 4 9 9 18 46 0 20 34 22 47 13 25 46 22 30 23 49 13 20 16 34 9 4 39 47 8 16 20 42 1 9 20 8 0 39 49 
Custo Total: 673556
Total de iterações: 24508
Melhorias: 20
Tempo até a melhor solução: 27.3221 segundos
Iterações até a melhor solução: 22239
Soma dos custos: 11799752313
Média dos custos: 481465
Pior valor encontrado: 743102
Melhor solução encontrada:
Instalacoes:
1 1 0 0 1 0 0 0 1 1 0 0 0 1 0 0 1 0 1 0 1 0 1 0 0 0 0 0 0 0 1 0 0 0 0 0 0 0 0 1 0 0 0 0 0 0 0 1 0 0 
Atribuicoes:
4 0 30 8 9 20 1 30 1 18 20 8 8 39 47 47 30 13 18 0 18 1 22 30 16 47 13 22 13 9 8 9 20 47 4 9 16 4 1 39 16 18 4 1 47 20 8 4 13 20 
Custo Total: 462065
