Instância: Data/raw/50_P90_M1_HUB_3.txt
Tempo limite: 30 segundos
Seed: 8
Tamanho da pertubação: 5
Solução inicial:
Instalacoes:
1 0 1 0 0 1 0 1 0 1 0 1 0 0 1 0 0 0 1 1 0 0 1 1 0 1 0 0 1 1 0 0 0 0 0 0 0 0 1 1 0 1 1 0 0 1 1 1 0 0 
Atribuicoes:
47 47 2 25 23 5 29 7 45 9 25 11 7 2 14 9 41 23 18 47 41 14 22 23 42 5 19 11 28 29 2 25 5 46 47 9 25 23 38 39 28 18 42 19 47 45 46 19 39 47 
Custo Total: 2369220
Solução após busca local:
Instalacoes:
0 1 1 0 1 1 0 1 1 1 0 1 0 1 1 0 1 0 1 1 1 0 1 1 0 1 0 1 0 1 1 1 0 0 1 1 0 0 0 1 0 1 1 0 0 1 1 1 0 1 
Atribuicoes:
47 47 2 35 23 5 16 31 35 8 25 11 7 4 14 9 41 7 49 1 8 34 22 23 1 20 19 27 9 29 30 25 5 9 34 31 13 1 45 39 2 18 42 20 4 46 46 19 31 22 
Custo Total: 1058128
Total de iterações: 14880
Melhorias: 12
Tempo até a melhor solução: 3.37418 segundos
Iterações até a melhor solução: 1691
Soma dos custos: 12739335976
Média dos custos: 856138
Pior valor encontrado: 1060987
Melhor solução encontrada:
Instalacoes:
1 1 0 0 1 0 0 0 1 1 0 1 0 1 0 0 1 0 1 1 1 0 1 1 0 1 0 0 1 0 1 1 0 0 1 1 0 0 0 1 0 0 0 0 0 0 1 1 0 1 
Atribuicoes:
34 0 30 25 20 34 47 31 0 49 49 11 35 25 4 9 13 1 16 1 19 1 49 0 30 23 20 28 9 47 28 4 34 9 4 31 13 20 46 39 22 18 46 23 8 8 8 19 31 35 
Custo Total: 854471
