Instância: Data/raw/50_P100_M1_HUB_1.txt
Tempo limite: 30 segundos
Seed: 7
Tamanho da pertubação: 5
Solução inicial:
Instalacoes:
1 0 1 1 0 1 0 1 0 1 0 1 0 0 0 1 0 0 1 1 0 0 1 0 0 0 0 0 1 0 0 0 0 0 0 0 0 0 1 1 0 1 1 1 0 0 1 0 0 0 
Atribuicoes:
0 0 2 3 15 5 41 7 15 9 46 11 7 2 19 9 42 7 18 19 46 43 22 43 42 5 42 11 28 43 2 28 5 2 0 9 3 7 38 39 28 18 0 19 42 38 46 19 39 0 
Custo Total: 3027362
Solução após busca local:
Instalacoes:
1 1 1 1 1 1 0 1 1 1 0 1 0 1 0 1 1 0 1 1 1 0 1 1 0 1 0 1 1 0 1 1 0 0 0 1 0 0 1 1 0 0 1 1 0 0 1 1 0 1 
Atribuicoes:
47 1 4 3 15 5 25 7 13 35 8 11 27 2 19 9 8 1 18 19 46 43 22 20 35 27 4 31 28 23 30 47 5 20 49 16 23 39 38 13 18 41 0 43 42 9 46 49 39 0 
Custo Total: 1310985
Total de iterações: 14163
Melhorias: 24
Tempo até a melhor solução: 28.849 segundos
Iterações até a melhor solução: 13602
Soma dos custos: 16580160862
Média dos custos: 1.17067e+06
Pior valor encontrado: 1372097
Melhor solução encontrada:
Instalacoes:
1 1 0 0 1 1 0 0 1 1 0 1 0 1 0 0 1 0 1 1 1 0 1 1 0 1 0 1 0 1 1 1 0 0 1 1 0 0 0 1 0 0 0 1 0 0 1 1 0 1 
Atribuicoes:
1 34 47 13 0 5 25 22 46 16 11 11 25 31 34 19 16 22 18 19 49 43 27 20 35 23 47 8 0 29 30 31 5 13 49 35 23 39 1 27 18 20 9 43 8 4 46 4 39 9 
Custo Total: 1163848
