Instância: Data/raw/50_P50_M0_Continuo_6.txt
Tempo limite: 30 segundos
Seed: 9
Tamanho da pertubação: 5
Solução inicial:
Instalacoes:
1 0 1 0 1 0 0 1 1 1 0 0 0 0 0 0 0 0 1 0 1 0 1 0 0 1 0 0 0 0 0 0 0 0 0 0 0 0 0 1 0 0 0 0 0 0 0 0 0 0 
Atribuicoes:
0 0 2 20 4 2 20 7 8 9 18 25 7 39 4 9 9 7 18 0 20 9 22 2 18 25 0 25 39 20 39 25 2 20 0 9 20 7 20 39 18 8 8 9 0 4 8 9 39 0 
Custo Total: 2312679
Solução após busca local:
Instalacoes:
1 1 1 0 1 0 0 0 1 1 0 0 0 1 0 0 0 0 1 1 1 0 1 0 0 1 0 0 0 0 1 0 0 0 0 1 0 0 0 1 0 0 0 0 0 0 0 1 0 1 
Atribuicoes:
19 47 30 1 4 2 20 7 19 47 4 49 25 9 4 0 9 8 9 0 20 9 22 39 35 25 20 22 1 4 30 1 30 20 49 9 18 39 20 13 30 8 8 9 1 4 8 49 39 0 
Custo Total: 601954
Total de iterações: 29736
Melhorias: 20
Tempo até a melhor solução: 8.36119 segundos
Iterações até a melhor solução: 8211
Soma dos custos: 12630431360
Média dos custos: 424752
Pior valor encontrado: 654921
Melhor solução encontrada:
Instalacoes:
1 1 0 0 1 0 0 0 1 1 0 0 0 1 0 0 0 0 0 0 1 0 1 0 0 0 0 0 0 0 1 0 0 0 0 0 0 0 0 0 0 0 0 0 0 0 1 1 0 1 
Atribuicoes:
8 0 30 13 4 1 47 47 46 0 4 22 20 9 0 47 9 8 9 4 20 8 13 47 20 13 20 13 49 4 30 49 30 20 1 9 0 13 46 30 20 4 1 9 9 4 8 1 22 49 
Custo Total: 422863
