Instância: Data/raw/50_P40_M1_HUB_2.txt
Tempo limite: 30 segundos
Seed: 2
Tamanho da pertubação: 5
Solução inicial:
Instalacoes:
0 0 0 0 1 0 0 0 1 1 0 0 0 1 0 0 1 0 0 1 1 0 1 0 0 0 0 0 0 0 1 0 0 0 0 1 0 0 0 0 0 0 0 0 0 0 0 0 0 0 
Atribuicoes:
19 8 13 16 4 30 35 16 8 9 9 20 9 13 19 9 4 16 20 19 20 20 22 13 4 13 9 20 16 35 30 8 30 20 16 9 22 16 8 13 9 20 8 19 9 8 8 19 13 4 
Custo Total: 1710492
Solução após busca local:
Instalacoes:
1 1 0 0 1 0 0 0 1 1 0 0 0 1 0 0 1 0 0 1 1 0 1 0 0 0 0 0 0 0 1 1 0 0 0 1 0 0 0 0 0 0 0 0 0 0 0 1 0 1 
Atribuicoes:
9 8 13 4 4 30 47 4 47 49 9 31 9 13 49 8 4 16 20 19 20 20 8 13 1 13 9 20 16 9 30 8 1 47 16 9 22 13 1 20 9 20 8 49 9 8 8 19 16 0 
Custo Total: 492808
Total de iterações: 35048
Melhorias: 15
Tempo até a melhor solução: 12.5837 segundos
Iterações até a melhor solução: 14400
Soma dos custos: 12458413839
Média dos custos: 355467
Pior valor encontrado: 583284
Melhor solução encontrada:
Instalacoes:
1 1 0 0 1 0 0 0 1 1 0 0 0 1 0 0 1 0 0 0 1 0 1 0 0 0 0 0 0 0 0 0 0 0 0 0 0 0 0 0 0 0 0 0 0 0 0 1 0 0 
Atribuicoes:
9 8 9 4 4 0 47 47 9 8 1 9 20 47 8 8 4 16 20 0 20 20 22 13 1 13 9 13 16 9 0 47 4 4 16 9 13 47 1 20 9 20 8 8 47 9 20 0 16 13 
Custo Total: 350864
