Instância: Data/raw/50_P80_M1_Continuo_7.txt
Tempo limite: 30 segundos
Seed: 6
Tamanho da pertubação: 5
Solução inicial:
Instalacoes:
0 1 1 0 0 0 0 0 1 1 0 1 0 1 0 0 1 0 0 0 0 0 1 0 0 0 0 0 0 0 0 0 0 0 0 1 0 0 0 1 0 0 1 0 0 0 1 1 0 1 
Atribuicoes:
42 1 2 35 8 49 47 35 46 9 16 11 39 13 47 9 9 39 49 42 16 49 22 2 9 13 42 13 8 2 49 16 49 35 1 9 39 39 46 13 9 16 8 49 42 8 46 42 13 9 
Custo Total: 2952286
Solução após busca local:
Instalacoes:
1 1 1 0 1 0 0 0 1 1 0 0 0 1 0 0 1 0 1 1 1 0 1 0 1 1 0 1 1 0 1 1 0 0 1 1 0 0 0 1 0 0 1 0 0 0 1 1 0 1 
Atribuicoes:
1 8 27 31 8 49 47 0 46 0 4 8 27 25 47 19 35 25 30 34 16 47 22 2 4 9 4 31 19 20 30 28 49 35 1 24 39 9 18 13 9 16 9 13 42 20 46 1 13 9 
Custo Total: 867747
Total de iterações: 18179
Melhorias: 11
Tempo até a melhor solução: 18.1883 segundos
Iterações até a melhor solução: 11060
Soma dos custos: 11837679879
Média dos custos: 651173
Pior valor encontrado: 894659
Melhor solução encontrada:
Instalacoes:
1 1 0 0 1 0 0 0 1 1 0 0 0 1 0 0 1 0 1 1 1 0 1 0 0 0 0 0 0 0 1 1 0 0 0 0 0 0 0 1 0 0 0 0 0 0 1 1 0 1 
Atribuicoes:
1 8 31 4 8 22 47 8 47 46 49 30 31 18 0 19 16 18 18 13 20 0 22 4 47 39 49 16 22 20 30 49 4 0 1 16 39 47 19 13 31 46 9 19 9 20 46 1 13 9 
Custo Total: 641362
