Instância: Data/raw/50_P100_M1_HUB_7.txt
Tempo limite: 30 segundos
Seed: 8
Tamanho da pertubação: 5
Solução inicial:
Instalacoes:
1 0 1 1 0 1 0 1 0 1 0 1 0 0 1 0 0 0 1 1 0 0 1 0 0 0 0 0 1 1 0 0 0 0 0 0 0 0 1 1 0 1 1 1 0 0 1 0 0 0 
Atribuicoes:
0 0 2 3 42 5 14 7 42 9 41 11 7 2 14 9 41 7 18 19 41 43 22 29 42 5 42 11 28 29 2 28 43 2 0 9 3 7 38 39 28 18 0 19 42 38 46 19 39 0 
Custo Total: 2944849
Solução após busca local:
Instalacoes:
1 1 1 1 1 1 0 1 1 1 0 1 0 1 1 0 1 0 1 1 1 0 1 1 0 1 0 1 1 1 1 1 0 0 0 1 0 0 1 1 0 1 1 1 0 0 1 1 0 1 
Atribuicoes:
0 0 2 3 42 5 23 1 42 9 27 11 7 30 14 9 41 31 18 19 35 43 22 29 30 25 4 49 28 23 28 16 47 4 16 20 13 1 38 39 22 18 8 19 47 49 46 8 39 43 
Custo Total: 1361992
Total de iterações: 14099
Melhorias: 20
Tempo até a melhor solução: 25.3677 segundos
Iterações até a melhor solução: 11955
Soma dos custos: 16771585100
Média dos custos: 1.18956e+06
Pior valor encontrado: 1380929
Melhor solução encontrada:
Instalacoes:
1 1 0 0 1 0 0 0 1 1 0 1 0 1 0 0 1 0 1 1 1 0 1 1 0 1 0 1 1 0 1 1 0 0 1 1 0 0 0 1 0 0 1 0 0 0 1 1 0 1 
Atribuicoes:
19 19 47 35 42 30 49 31 8 0 1 18 27 22 49 4 13 22 18 0 35 34 11 13 16 25 47 27 28 23 28 9 31 39 30 20 25 39 20 23 11 1 42 16 9 46 46 8 4 34 
Custo Total: 1182306
