Instância: Data/raw/50_P20_M0_Continuo_10.txt
Tempo limite: 30 segundos
Seed: 7
Tamanho da pertubação: 5
Solução inicial:
Instalacoes:
1 1 0 0 0 0 0 0 1 1 0 0 0 1 0 0 0 0 0 0 0 0 1 1 0 0 0 0 0 0 1 0 0 0 0 0 0 0 0 0 0 0 0 0 0 0 0 1 0 0 
Atribuicoes:
9 9 13 30 8 23 30 30 8 0 1 13 1 13 9 0 0 22 9 9 9 0 22 23 0 13 1 13 0 23 23 13 23 30 9 0 30 22 8 23 1 0 8 9 1 8 8 47 23 9 
Custo Total: 1320728
Solução após busca local:
Instalacoes:
1 1 0 0 1 0 0 0 1 1 0 0 0 1 0 0 0 0 0 0 1 0 1 1 0 0 0 0 0 0 1 0 0 0 0 0 0 0 0 0 0 0 0 0 0 0 0 0 0 0 
Atribuicoes:
9 9 13 4 4 30 20 1 8 20 8 8 1 13 4 9 0 22 4 9 20 8 22 13 20 13 4 20 4 9 20 13 8 4 9 9 4 4 8 9 1 4 8 9 1 8 8 9 20 20 
Custo Total: 314986
Total de iterações: 66801
Melhorias: 19
Tempo até a melhor solução: 26.0819 segundos
Iterações até a melhor solução: 57962
Soma dos custos: 14441554131
Média dos custos: 216188
Pior valor encontrado: 452557
Melhor solução encontrada:
Instalacoes:
0 0 0 0 1 0 0 0 1 1 0 0 0 0 0 0 0 0 0 0 1 0 1 0 0 0 0 0 0 0 0 0 0 0 0 0 0 0 0 0 0 0 0 0 0 0 0 1 0 0 
Atribuicoes:
47 9 47 20 4 4 4 20 9 8 20 20 4 8 4 9 47 47 4 9 8 8 22 20 47 8 4 20 4 9 4 20 9 20 4 9 4 9 8 8 20 4 20 9 9 8 9 9 8 47 
Custo Total: 201090
