Instância: Data/raw/50_P90_M1_Continuo_7.txt
Tempo limite: 30 segundos
Seed: 7
Tamanho da pertubação: 5
Solução inicial:
Instalacoes:
1 0 1 0 0 1 0 1 0 1 0 0 0 0 0 1 0 0 1 1 0 0 1 0 0 0 0 0 1 1 0 0 0 0 1 0 0 0 1 1 0 1 1 1 0 0 1 0 0 0 
Atribuicoes:
0 0 2 29 15 5 34 7 46 9 42 22 7 2 43 9 42 7 18 19 42 19 22 29 42 5 15 22 28 29 2 28 19 5 34 9 29 7 38 39 28 18 42 43 9 38 46 19 39 0 
Custo Total: 2636969
Solução após busca local:
Instalacoes:
1 1 1 0 1 1 0 1 1 1 0 0 0 1 0 1 1 0 1 1 1 0 1 1 0 1 0 0 1 1 1 1 0 0 1 0 0 0 1 1 0 0 1 1 0 0 1 1 0 1 
Atribuicoes:
0 0 49 28 15 5 34 7 46 49 42 23 13 13 34 9 16 8 18 1 18 23 22 1 42 30 47 25 28 29 2 31 19 4 34 9 4 19 38 39 30 16 30 43 20 0 46 19 39 25 
Custo Total: 1061550
Total de iterações: 16467
Melhorias: 15
Tempo até a melhor solução: 17.0115 segundos
Iterações até a melhor solução: 9264
Soma dos custos: 13036458157
Média dos custos: 791672
Pior valor encontrado: 1054889
Melhor solução encontrada:
Instalacoes:
1 1 0 0 1 0 0 0 1 1 0 0 0 1 0 0 1 0 1 1 1 0 1 0 0 1 0 0 1 0 1 1 0 0 1 1 0 0 0 1 0 0 0 0 0 0 0 1 0 1 
Atribuicoes:
0 0 39 13 47 28 8 19 8 49 47 9 16 16 4 47 35 30 18 1 18 9 20 1 8 31 20 22 28 13 34 25 30 22 34 49 18 19 4 39 31 35 20 4 20 0 9 19 39 31 
Custo Total: 778706
