Instância: Data/raw/50_P5_M1_Continuo_8.txt
Tempo limite: 30 segundos
Seed: 1
Tamanho da pertubação: 5
Solução inicial:
Instalacoes:
0 0 0 0 1 0 0 0 1 1 0 0 0 0 0 0 0 0 0 0 0 0 1 0 0 0 0 0 0 0 0 0 0 0 0 0 0 0 0 0 0 0 0 0 0 0 0 1 0 0 
Atribuicoes:
9 9 8 4 4 8 47 8 8 9 9 9 8 4 47 9 9 4 4 47 4 9 22 47 9 8 8 9 8 47 8 8 4 9 9 9 4 8 8 9 9 4 8 47 8 8 8 9 4 9 
Custo Total: 526679
Solução após busca local:
Instalacoes:
0 0 0 0 1 0 0 0 1 1 0 0 0 0 0 0 0 0 0 0 1 0 1 0 0 0 0 0 0 0 0 0 0 0 0 0 0 0 0 0 0 0 0 0 0 0 0 1 0 0 
Atribuicoes:
9 9 4 20 4 9 4 9 8 9 9 9 20 4 4 20 20 9 20 9 20 9 22 20 9 20 4 9 9 20 4 9 4 9 9 20 20 20 8 20 9 4 8 9 8 8 8 47 4 9 
Custo Total: 188724
Total de iterações: 145003
Melhorias: 10
Tempo até a melhor solução: 21.8588 segundos
Iterações até a melhor solução: 107733
Soma dos custos: 22507858138
Média dos custos: 155223
Pior valor encontrado: 341833
Melhor solução encontrada:
Instalacoes:
0 0 0 0 1 0 0 0 1 1 0 0 0 0 0 0 0 0 0 0 0 0 1 0 0 0 0 0 0 0 0 0 0 0 0 0 0 0 0 0 0 0 0 0 0 0 0 0 0 0 
Atribuicoes:
9 9 4 9 4 9 9 9 8 9 4 9 4 4 4 9 9 9 4 9 4 9 22 8 9 9 8 9 9 8 4 9 9 9 9 9 9 9 8 4 8 8 9 4 9 4 8 4 4 9 
Custo Total: 141332
