Instância: Data/raw/50_P100_M1_HUB_2.txt
Tempo limite: 30 segundos
Seed: 4
Tamanho da pertubação: 5
Solução inicial:
Instalacoes:
1 0 1 1 0 1 0 1 0 1 0 1 0 0 0 1 0 0 1 1 0 0 1 0 0 0 0 0 1 0 0 0 0 0 0 0 0 0 0 1 0 1 1 1 0 0 1 0 0 0 
Atribuicoes:
0 0 2 3 15 5 41 7 15 9 46 11 7 2 19 9 42 7 18 19 46 43 22 43 42 5 15 11 28 43 2 28 5 2 0 9 3 7 9 39 28 18 42 19 42 46 46 19 39 0 
Custo Total: 3256962
Solução após busca local:
Instalacoes:
1 1 1 1 1 1 0 1 1 1 0 1 1 1 0 1 1 0 1 1 1 0 1 1 0 1 0 1 1 1 1 1 0 0 1 1 0 0 0 1 0 0 1 1 0 0 1 1 0 1 
Atribuicoes:
8 4 2 3 4 5 18 7 15 46 41 11 12 20 19 8 42 22 16 19 31 43 22 23 34 49 49 30 28 13 2 27 25 16 0 23 1 9 9 29 34 18 4 47 1 20 46 0 39 35 
Custo Total: 1373138
Total de iterações: 13636
Melhorias: 17
Tempo até a melhor solução: 29.4064 segundos
Iterações até a melhor solução: 13355
Soma dos custos: 16361679189
Média dos custos: 1.19989e+06
Pior valor encontrado: 1412925
Melhor solução encontrada:
Instalacoes:
1 1 0 0 1 0 0 0 1 1 0 1 0 1 0 0 1 0 1 1 1 0 1 1 0 1 0 0 1 1 1 1 0 0 1 1 0 0 0 1 0 0 1 1 0 0 1 1 0 1 
Atribuicoes:
47 9 25 23 9 39 18 18 42 46 22 11 49 23 19 0 35 25 16 19 49 13 22 8 35 13 1 31 28 29 31 43 30 16 34 8 30 4 4 39 1 20 9 43 47 20 46 0 28 34 
Custo Total: 1193144
