Instância: Data/raw/50_P30_M1_Continuo_9.txt
Tempo limite: 30 segundos
Seed: 9
Tamanho da pertubação: 5
Solução inicial:
Instalacoes:
1 0 0 0 0 0 0 0 0 1 0 0 0 1 0 0 1 0 0 0 0 0 1 0 0 1 0 0 0 0 1 0 0 0 0 0 0 0 0 0 0 0 1 0 0 0 1 1 0 0 
Atribuicoes:
0 0 13 25 9 13 47 30 46 0 9 9 13 13 42 0 16 16 9 47 42 42 22 16 16 25 42 9 30 47 30 13 30 22 0 16 25 30 46 13 9 16 9 42 42 46 46 47 22 0 
Custo Total: 1354548
Solução após busca local:
Instalacoes:
1 1 0 0 1 0 0 0 1 1 0 0 0 1 0 0 1 0 0 0 1 0 1 0 0 1 0 0 0 0 1 0 0 0 0 0 0 0 0 0 0 0 0 0 0 0 1 1 0 0 
Atribuicoes:
0 8 4 8 9 13 8 20 9 8 9 9 8 13 1 47 20 1 20 47 8 1 22 47 16 25 20 9 4 20 30 20 1 20 0 8 13 47 46 13 4 1 9 8 8 9 46 47 4 20 
Custo Total: 427880
Total de iterações: 43888
Melhorias: 9
Tempo até a melhor solução: 3.07455 segundos
Iterações até a melhor solução: 4622
Soma dos custos: 12596731545
Média dos custos: 287020
Pior valor encontrado: 513632
Melhor solução encontrada:
Instalacoes:
0 1 0 0 1 0 0 0 1 1 0 0 0 1 0 0 0 0 0 0 1 0 1 0 0 0 0 0 0 0 0 0 0 0 0 0 0 0 0 0 0 0 0 0 0 0 0 1 0 0 
Atribuicoes:
20 1 4 4 9 8 8 20 9 8 13 9 8 13 8 8 20 4 20 47 4 1 22 47 22 8 47 8 4 9 47 9 1 20 13 4 4 1 9 13 20 1 9 4 8 9 13 47 4 20 
Custo Total: 284598
