Instância: Data/raw/50_P90_M1_Continuo_1.txt
Tempo limite: 30 segundos
Seed: 3
Tamanho da pertubação: 5
Solução inicial:
Instalacoes:
1 0 1 1 0 1 0 1 0 1 0 1 0 0 1 1 0 0 1 1 0 0 1 0 0 0 0 0 1 1 0 0 0 0 0 0 0 0 1 1 0 1 0 0 0 0 1 0 0 0 
Atribuicoes:
0 0 2 3 15 5 15 7 46 9 41 11 7 2 14 9 15 7 18 19 41 14 22 29 14 5 19 11 28 29 2 28 5 29 0 9 3 7 38 39 28 18 19 14 15 38 46 14 39 0 
Custo Total: 2653171
Solução após busca local:
Instalacoes:
1 1 1 1 1 1 0 1 1 1 0 1 0 1 1 1 1 0 1 1 1 0 1 1 0 1 0 0 1 1 1 1 0 0 0 1 0 0 1 1 0 1 0 0 0 0 1 1 0 1 
Atribuicoes:
8 49 20 3 46 5 16 1 46 15 31 11 7 2 4 13 16 11 35 30 41 14 22 23 18 25 19 14 28 29 9 13 31 39 1 9 47 22 38 13 0 18 19 30 4 20 47 49 39 0 
Custo Total: 1072884
Total de iterações: 16584
Melhorias: 20
Tempo até a melhor solução: 24.4003 segundos
Iterações até a melhor solução: 13313
Soma dos custos: 13906163643
Média dos custos: 838529
Pior valor encontrado: 1091954
Melhor solução encontrada:
Instalacoes:
1 1 0 0 1 0 0 0 1 1 0 0 0 1 0 0 1 0 1 1 1 0 1 1 0 1 0 0 0 0 1 1 0 0 1 1 0 0 0 1 0 0 1 0 0 0 1 1 0 1 
Atribuicoes:
1 0 16 23 0 31 4 16 47 19 49 22 31 25 13 8 35 22 18 30 46 23 35 9 30 9 8 23 30 46 25 8 47 39 49 18 9 1 4 13 34 42 42 19 4 20 47 20 39 34 
Custo Total: 825531
