Instância: Data/raw/50_P70_M0_Continuo_1.txt
Tempo limite: 30 segundos
Seed: 3
Tamanho da pertubação: 5
Solução inicial:
Instalacoes:
1 0 0 1 1 0 0 0 0 1 0 0 0 0 0 0 1 0 1 1 0 0 1 1 0 0 0 1 0 1 1 0 0 0 1 0 0 0 0 1 0 0 1 0 0 0 1 1 0 0 
Atribuicoes:
4 4 34 3 42 30 34 3 46 9 16 27 39 23 19 9 16 18 18 47 42 9 22 29 16 23 47 27 34 29 30 30 30 23 4 9 3 39 47 39 16 18 42 19 47 4 46 19 39 4 
Custo Total: 2006984
Solução após busca local:
Instalacoes:
0 1 0 1 1 0 0 0 1 1 0 0 0 1 0 0 1 0 1 1 1 0 1 1 0 1 0 0 0 1 1 1 0 0 1 0 0 0 0 1 0 0 1 0 0 0 1 1 0 1 
Atribuicoes:
4 30 34 18 42 30 13 20 46 8 47 4 13 23 49 9 16 31 9 1 49 1 22 29 16 25 20 34 13 29 30 31 8 4 19 9 3 39 47 25 29 18 42 1 47 4 46 19 39 49 
Custo Total: 750872
Total de iterações: 21914
Melhorias: 21
Tempo até a melhor solução: 28.5209 segundos
Iterações até a melhor solução: 20827
Soma dos custos: 12226652192
Média dos custos: 557938
Pior valor encontrado: 793559
Melhor solução encontrada:
Instalacoes:
1 1 0 0 1 0 0 0 1 1 0 0 0 1 0 0 1 0 0 1 1 0 1 0 0 1 0 0 0 0 0 1 0 0 1 1 0 0 0 1 0 0 0 0 0 0 0 1 0 0 
Atribuicoes:
4 19 13 13 20 1 8 20 0 19 47 22 31 39 19 35 16 9 4 9 16 1 31 13 0 25 20 22 31 13 8 34 8 4 34 35 20 8 47 39 13 39 0 9 47 4 9 1 25 34 
Custo Total: 552507
