Instância: Data/raw/50_P80_M0_Continuo_2.txt
Tempo limite: 30 segundos
Seed: 8
Tamanho da pertubação: 5
Solução inicial:
Instalacoes:
1 0 0 1 1 0 0 1 0 1 0 0 0 1 1 0 1 0 1 1 0 0 1 0 0 0 0 0 1 0 1 0 1 0 0 0 0 0 0 0 0 0 1 0 0 0 1 1 0 0 
Atribuicoes:
9 47 32 3 46 13 22 7 46 19 16 9 7 9 14 19 16 7 18 47 4 14 22 32 14 13 19 9 28 19 30 13 30 13 47 4 3 7 4 9 16 18 42 14 46 4 46 47 3 0 
Custo Total: 2156775
Solução após busca local:
Instalacoes:
0 1 0 1 1 0 0 1 1 1 0 0 0 1 1 0 1 0 1 1 1 0 1 0 0 0 0 0 0 0 1 1 1 0 1 1 0 0 0 1 0 0 0 0 0 0 1 1 0 1 
Atribuicoes:
20 34 32 18 46 30 22 7 46 19 16 20 22 9 19 49 35 8 4 47 20 14 22 1 14 13 49 9 18 30 31 13 30 49 31 35 39 8 4 9 16 18 19 13 1 4 46 47 39 47 
Custo Total: 820600
Total de iterações: 18840
Melhorias: 14
Tempo até a melhor solução: 18.1858 segundos
Iterações até a melhor solução: 11412
Soma dos custos: 12122984471
Média dos custos: 643471
Pior valor encontrado: 891924
Melhor solução encontrada:
Instalacoes:
1 1 0 0 1 0 0 0 1 1 0 0 0 1 0 0 1 0 1 1 1 0 1 0 0 1 0 0 0 0 1 0 0 0 1 0 0 0 0 1 0 0 0 0 0 0 1 1 0 1 
Atribuicoes:
4 49 19 39 20 47 4 18 46 0 16 20 22 25 9 20 16 39 9 4 8 49 22 1 16 13 9 25 47 30 1 13 30 49 34 18 8 20 8 25 34 47 46 13 19 4 46 0 30 1 
Custo Total: 638404
