Instância: Data/raw/50_P100_M1_HUB_4.txt
Tempo limite: 30 segundos
Seed: 1
Tamanho da pertubação: 5
Solução inicial:
Instalacoes:
1 0 1 1 0 1 0 1 0 1 0 1 0 0 1 1 0 0 1 1 0 0 1 0 0 1 0 0 1 1 0 0 0 0 0 0 0 0 0 1 0 1 1 1 0 0 1 0 0 0 
Atribuicoes:
0 0 2 3 15 5 25 7 15 9 46 11 7 2 14 9 46 7 18 19 46 43 22 29 42 5 42 11 28 29 2 25 43 2 0 9 3 7 25 39 28 18 42 19 42 46 46 19 39 0 
Custo Total: 3238046
Solução após busca local:
Instalacoes:
1 1 1 1 1 1 0 1 1 1 0 1 0 1 0 1 1 0 1 1 1 0 1 1 1 1 0 0 1 1 1 1 0 0 1 1 0 0 0 1 0 0 1 1 0 0 1 1 0 1 
Atribuicoes:
0 15 13 25 18 5 8 20 1 9 1 11 7 19 43 9 4 35 18 31 25 0 22 23 24 30 47 16 28 29 5 2 43 20 13 47 3 39 49 39 28 16 42 19 8 46 46 4 30 34 
Custo Total: 1341614
Total de iterações: 14434
Melhorias: 19
Tempo até a melhor solução: 27.8299 segundos
Iterações até a melhor solução: 13430
Soma dos custos: 17317248365
Média dos custos: 1.19975e+06
Pior valor encontrado: 1395395
Melhor solução encontrada:
Instalacoes:
1 1 0 0 1 0 0 0 1 1 0 0 0 1 0 1 1 0 1 1 1 0 1 1 0 1 0 1 1 0 1 1 0 0 1 1 0 0 0 1 0 0 1 0 0 0 1 1 0 1 
Atribuicoes:
0 4 42 39 4 19 8 39 1 15 22 27 27 25 49 46 31 16 18 34 35 0 22 23 23 34 47 35 28 20 30 31 49 9 30 18 9 13 46 13 28 16 42 19 20 1 8 47 25 15 
Custo Total: 1193055
