Instância: Data/raw/50_P30_M0_Continuo_1.txt
Tempo limite: 30 segundos
Seed: 3
Tamanho da pertubação: 5
Solução inicial:
Instalacoes:
1 0 0 0 0 0 0 0 0 0 0 0 0 0 0 0 0 0 1 0 0 0 1 1 0 0 0 0 1 0 0 1 0 0 1 0 0 0 0 1 0 0 0 0 0 0 1 1 0 0 
Atribuicoes:
47 47 23 39 0 31 34 0 46 0 18 22 23 23 34 47 18 22 18 47 18 34 22 23 28 31 47 31 28 23 23 31 23 23 47 34 39 31 47 39 22 18 47 34 0 46 46 47 39 47 
Custo Total: 1404394
Solução após busca local:
Instalacoes:
1 1 0 0 1 0 0 0 0 1 0 0 0 0 0 0 0 0 1 0 1 0 1 1 0 0 0 0 0 0 0 1 0 0 0 0 0 0 0 1 0 0 0 0 0 0 0 1 0 0 
Atribuicoes:
1 9 23 9 9 31 20 9 4 9 18 22 20 9 1 1 1 4 9 47 18 20 22 23 20 31 47 31 20 23 23 1 4 1 1 20 39 1 47 9 22 18 47 4 0 4 4 47 9 47 
Custo Total: 450113
Total de iterações: 45292
Melhorias: 14
Tempo até a melhor solução: 26.2591 segundos
Iterações até a melhor solução: 40124
Soma dos custos: 12925439982
Média dos custos: 285380
Pior valor encontrado: 504751
Melhor solução encontrada:
Instalacoes:
0 1 0 0 1 0 0 0 1 1 0 0 0 1 0 0 0 0 0 0 1 0 1 0 0 0 0 0 0 0 0 0 0 0 0 0 0 0 0 0 0 0 0 0 0 0 0 1 0 0 
Atribuicoes:
1 9 20 9 9 20 20 9 8 9 8 22 20 9 1 1 47 13 9 47 8 47 22 20 4 13 47 13 20 4 20 8 4 8 1 47 13 4 8 9 4 4 8 22 8 4 4 47 8 9 
Custo Total: 278667
