Instância: Data/raw/50_P40_M1_Continuo_9.txt
Tempo limite: 30 segundos
Seed: 10
Tamanho da pertubação: 5
Solução inicial:
Instalacoes:
1 0 0 0 1 0 0 0 1 0 0 0 0 0 0 0 1 0 0 1 1 0 1 1 0 0 0 0 0 0 1 1 0 0 0 0 0 0 0 0 0 0 0 0 0 0 0 0 0 0 
Atribuicoes:
20 20 4 30 4 23 30 16 8 16 22 31 22 23 19 0 20 20 20 19 20 30 22 23 16 31 4 31 30 23 16 31 23 30 0 20 30 20 4 23 31 20 8 19 4 8 8 19 16 0 
Custo Total: 1420856
Solução após busca local:
Instalacoes:
1 1 0 0 1 0 0 0 1 1 0 0 0 1 0 0 1 0 0 1 1 0 1 1 0 0 0 0 0 0 1 1 0 0 0 0 0 0 0 0 0 0 0 0 0 0 0 1 0 0 
Atribuicoes:
20 20 4 9 4 13 30 16 8 1 22 1 47 13 1 0 8 20 9 19 1 30 22 23 16 9 47 31 30 47 4 31 8 47 0 1 9 20 4 8 4 20 13 20 9 8 8 19 16 0 
Custo Total: 467010
Total de iterações: 35049
Melhorias: 26
Tempo até a melhor solução: 25.2396 segundos
Iterações até a melhor solução: 29285
Soma dos custos: 12032407865
Média dos custos: 343302
Pior valor encontrado: 589530
Melhor solução encontrada:
Instalacoes:
1 1 0 0 1 0 0 0 1 1 0 0 0 1 0 0 0 0 0 0 1 0 1 0 0 1 0 0 0 0 0 0 0 0 0 0 0 0 0 0 0 0 0 0 0 0 0 1 0 0 
Atribuicoes:
20 9 25 13 9 9 20 4 8 1 13 1 22 13 1 4 8 9 4 47 13 1 22 47 47 25 0 9 13 20 4 9 8 20 20 1 20 20 47 8 4 1 9 20 9 8 8 4 4 0 
Custo Total: 334304
