Instância: Data/raw/50_P90_M1_Continuo_7.txt
Tempo limite: 30 segundos
Seed: 4
Tamanho da pertubação: 5
Solução inicial:
Instalacoes:
1 0 1 0 0 1 0 1 0 1 0 0 0 0 0 1 0 0 1 1 0 0 1 0 0 0 0 0 1 1 0 0 0 0 1 0 0 0 1 1 0 1 1 1 0 0 1 0 0 0 
Atribuicoes:
0 0 2 29 15 5 34 7 46 9 42 22 7 2 43 9 42 7 18 19 42 19 22 29 42 5 15 22 28 29 2 28 19 5 34 9 29 7 38 39 28 18 42 43 9 38 46 19 39 0 
Custo Total: 2636969
Solução após busca local:
Instalacoes:
1 1 1 0 1 1 0 1 1 1 0 0 0 1 0 1 1 0 1 1 1 0 1 1 0 1 0 0 1 1 1 1 0 0 1 0 0 0 1 1 0 0 1 1 0 0 1 1 0 1 
Atribuicoes:
0 0 49 28 15 5 34 7 46 49 42 23 13 13 34 9 16 8 18 1 18 23 22 1 42 30 47 25 28 29 2 31 19 4 34 9 4 19 38 39 30 16 30 43 20 0 46 19 39 25 
Custo Total: 1061550
Total de iterações: 16708
Melhorias: 12
Tempo até a melhor solução: 14.3711 segundos
Iterações até a melhor solução: 8035
Soma dos custos: 13122963038
Média dos custos: 785430
Pior valor encontrado: 1012283
Melhor solução encontrada:
Instalacoes:
1 1 0 0 1 0 0 0 1 1 0 0 0 1 0 0 1 0 1 1 1 0 1 1 0 0 0 0 1 0 1 1 0 0 1 1 0 0 0 1 0 0 0 0 0 0 1 1 0 1 
Atribuicoes:
0 0 4 23 9 28 47 47 46 49 9 1 13 13 8 9 16 18 18 1 18 1 20 31 31 30 20 35 28 23 34 22 19 39 34 35 39 47 8 4 30 16 20 8 20 0 46 19 4 30 
Custo Total: 780890
