Instância: Data/raw/50_P70_M1_HUB_4.txt
Tempo limite: 30 segundos
Seed: 7
Tamanho da pertubação: 5
Solução inicial:
Instalacoes:
1 0 1 1 0 0 0 1 0 0 0 0 0 0 0 1 1 0 1 1 0 1 1 0 0 0 0 0 0 1 1 0 0 0 1 0 0 0 0 1 0 1 0 0 0 0 1 1 0 1 
Atribuicoes:
0 0 2 3 18 30 18 7 46 49 47 22 7 49 34 15 16 7 41 19 41 21 22 21 16 2 19 22 29 29 30 30 30 29 49 47 3 7 18 39 47 18 49 21 19 46 46 47 39 34 
Custo Total: 1992015
Solução após busca local:
Instalacoes:
1 1 0 1 1 1 0 0 1 1 0 0 0 1 0 0 1 0 1 1 1 1 1 0 0 1 0 0 0 0 1 1 0 0 1 0 0 0 0 1 0 1 1 0 0 0 1 1 0 1 
Atribuicoes:
0 0 2 3 0 30 47 1 42 49 47 25 13 49 34 20 16 1 46 19 8 0 22 2 16 25 8 5 31 29 30 25 30 30 49 47 13 20 46 39 22 18 19 21 9 46 1 4 13 34 
Custo Total: 928460
Total de iterações: 20060
Melhorias: 17
Tempo até a melhor solução: 19.5317 segundos
Iterações até a melhor solução: 13034
Soma dos custos: 11876143201
Média dos custos: 592031
Pior valor encontrado: 819436
Melhor solução encontrada:
Instalacoes:
1 1 0 0 1 0 0 0 1 1 0 0 0 1 0 0 1 0 1 1 1 0 1 0 0 1 0 0 0 0 1 0 0 0 0 0 0 0 0 0 0 0 1 0 0 0 1 1 0 0 
Atribuicoes:
0 0 13 8 0 47 47 9 46 47 22 16 25 8 4 42 16 13 8 20 18 1 22 13 16 25 19 18 19 20 30 4 30 1 9 19 30 20 46 4 1 47 42 13 9 8 1 4 25 30 
Custo Total: 587230
