Instância: Data/raw/50_P70_M1_HUB_6.txt
Tempo limite: 30 segundos
Seed: 1
Tamanho da pertubação: 5
Solução inicial:
Instalacoes:
1 1 0 0 0 0 0 1 0 0 0 0 0 0 0 0 1 0 1 1 0 0 1 1 0 1 0 0 0 0 1 0 0 0 0 0 0 0 0 1 0 0 0 0 0 0 0 1 0 1 
Atribuicoes:
47 1 25 0 0 30 39 7 0 1 16 22 7 23 19 47 16 7 18 47 16 47 22 23 22 25 47 22 23 0 30 25 30 39 1 49 0 7 47 39 16 18 1 19 47 0 18 19 25 49 
Custo Total: 2444580
Solução após busca local:
Instalacoes:
1 1 1 0 1 0 0 1 1 1 0 0 0 1 0 1 1 0 1 1 1 0 1 1 0 1 0 0 1 1 1 0 0 0 0 0 0 0 0 1 0 0 0 0 0 0 1 1 0 1 
Atribuicoes:
47 20 25 18 9 30 39 16 0 1 16 22 7 23 19 13 16 2 19 0 20 47 22 23 0 25 47 28 28 29 30 18 30 39 1 49 4 8 47 39 16 18 47 49 4 46 8 9 9 49 
Custo Total: 754506
Total de iterações: 21046
Melhorias: 22
Tempo até a melhor solução: 29.5874 segundos
Iterações até a melhor solução: 20751
Soma dos custos: 11745838728
Média dos custos: 558103
Pior valor encontrado: 797086
Melhor solução encontrada:
Instalacoes:
1 1 0 0 1 0 0 0 1 1 0 0 0 1 0 0 1 0 0 0 1 0 1 1 0 1 0 0 0 0 1 0 0 0 0 0 0 0 0 1 0 0 0 0 0 0 1 1 0 1 
Atribuicoes:
8 1 8 4 9 30 1 13 0 46 16 47 39 20 8 49 16 4 20 0 1 20 22 20 0 25 1 25 4 23 30 9 30 39 49 47 4 22 47 13 16 16 8 20 47 46 8 9 9 47 
Custo Total: 550996
