Instância: Data/raw/50_P30_M1_HUB_5.txt
Tempo limite: 30 segundos
Seed: 8
Tamanho da pertubação: 5
Solução inicial:
Instalacoes:
1 0 0 0 1 0 0 0 1 0 0 0 0 1 0 0 1 0 0 0 1 0 1 1 0 0 0 0 0 0 0 0 0 0 0 0 0 0 0 0 0 0 0 0 0 0 0 1 0 0 
Atribuicoes:
0 0 13 16 4 23 20 22 8 4 16 13 22 13 0 0 16 22 8 0 20 47 22 23 16 13 47 13 23 20 23 47 47 8 0 4 13 4 4 23 16 4 8 0 47 8 8 0 13 0 
Custo Total: 1420762
Solução após busca local:
Instalacoes:
1 1 0 0 1 0 0 0 1 1 0 0 0 1 0 0 1 0 0 1 1 0 1 1 0 0 0 0 0 0 1 0 0 0 0 0 0 0 0 0 0 0 0 0 0 0 0 1 0 0 
Atribuicoes:
9 0 9 1 4 23 20 9 19 4 1 13 1 13 20 4 16 22 8 8 20 47 22 23 1 13 47 20 8 9 4 47 47 8 4 4 9 20 4 20 16 4 8 20 8 8 8 1 20 20 
Custo Total: 406588
Total de iterações: 45820
Melhorias: 12
Tempo até a melhor solução: 8.01012 segundos
Iterações até a melhor solução: 11749
Soma dos custos: 13154562467
Média dos custos: 287092
Pior valor encontrado: 506699
Melhor solução encontrada:
Instalacoes:
0 1 0 0 1 0 0 0 1 1 0 0 0 1 0 0 1 0 0 0 1 0 1 0 0 0 0 0 0 0 0 0 0 0 0 0 0 0 0 0 0 0 0 0 0 0 0 1 0 0 
Atribuicoes:
9 1 13 9 4 13 20 4 47 4 1 9 47 13 20 4 16 22 8 47 20 8 22 13 4 9 20 20 9 4 47 13 9 8 1 1 9 4 4 20 16 4 8 20 8 8 8 47 20 20 
Custo Total: 286017
