Instância: Data/raw/50_P80_M1_Continuo_3.txt
Tempo limite: 30 segundos
Seed: 8
Tamanho da pertubação: 5
Solução inicial:
Instalacoes:
0 1 1 0 0 0 0 1 1 1 0 1 0 1 0 1 0 0 0 0 1 0 1 0 0 0 0 0 0 0 0 1 0 0 0 0 0 0 0 0 0 0 1 1 0 0 1 1 0 0 
Atribuicoes:
15 1 31 46 42 31 2 7 46 9 31 11 7 13 47 9 20 7 15 15 20 43 22 13 9 13 1 11 8 13 31 31 31 46 1 9 31 7 46 13 9 20 42 43 46 8 46 47 13 9 
Custo Total: 3093801
Solução após busca local:
Instalacoes:
1 1 0 0 1 0 0 1 1 1 0 1 0 1 0 1 1 0 1 1 1 0 1 0 0 1 0 0 0 1 1 1 0 0 1 1 0 0 0 1 0 0 1 1 0 0 1 1 0 1 
Atribuicoes:
46 49 25 4 35 30 39 1 18 42 31 11 8 2 47 15 13 47 35 30 20 20 22 13 9 2 1 16 47 29 8 31 49 20 1 4 39 0 46 18 34 20 42 43 19 8 46 47 0 9 
Custo Total: 927042
Total de iterações: 18829
Melhorias: 23
Tempo até a melhor solução: 20.9282 segundos
Iterações até a melhor solução: 13112
Soma dos custos: 12642558375
Média dos custos: 671441
Pior valor encontrado: 935235
Melhor solução encontrada:
Instalacoes:
1 1 0 0 1 0 0 0 1 1 0 0 0 1 0 0 1 0 1 1 1 0 1 0 0 1 0 0 0 0 1 1 0 0 0 0 0 0 0 1 0 0 0 0 0 0 1 1 0 1 
Atribuicoes:
19 16 47 4 30 31 39 1 47 13 31 47 8 25 20 19 9 20 18 4 16 20 49 30 49 25 1 46 20 9 8 31 0 18 1 4 30 39 46 39 22 22 47 0 0 8 46 9 13 49 
Custo Total: 660119
