Instância: Data/raw/50_P30_M1_HUB_2.txt
Tempo limite: 30 segundos
Seed: 7
Tamanho da pertubação: 5
Solução inicial:
Instalacoes:
1 1 0 0 1 0 0 0 0 0 0 0 0 0 0 0 0 0 0 0 1 0 1 1 0 0 0 0 0 0 1 0 0 0 0 0 0 0 0 0 0 0 0 0 0 0 0 1 0 0 
Atribuicoes:
0 0 23 47 4 30 1 22 4 4 20 20 47 23 1 4 4 22 20 0 20 1 22 23 4 23 47 20 30 23 30 47 30 20 0 4 47 22 47 23 20 20 4 1 47 4 0 0 23 4 
Custo Total: 2035684
Solução após busca local:
Instalacoes:
1 1 0 0 1 0 0 0 1 1 0 0 0 1 0 0 0 0 0 1 1 0 1 1 0 0 0 0 0 0 1 0 0 0 0 0 0 0 0 0 0 0 0 0 0 0 1 1 0 0 
Atribuicoes:
9 47 8 20 1 30 1 47 20 4 8 9 20 13 1 4 8 8 20 0 20 1 22 13 4 47 1 13 19 20 30 9 9 20 47 47 9 20 4 47 20 20 4 13 47 4 46 0 9 1 
Custo Total: 411085
Total de iterações: 41953
Melhorias: 19
Tempo até a melhor solução: 11.8551 segundos
Iterações até a melhor solução: 17802
Soma dos custos: 11410344235
Média dos custos: 271979
Pior valor encontrado: 547088
Melhor solução encontrada:
Instalacoes:
0 1 0 0 1 0 0 0 1 1 0 0 0 1 0 0 0 0 0 0 1 0 0 0 0 0 0 0 0 0 0 0 0 0 0 0 0 0 0 0 0 0 0 0 0 0 0 1 0 0 
Atribuicoes:
1 47 8 20 4 1 4 4 20 4 8 9 20 13 4 4 8 8 20 1 20 47 22 4 9 13 47 13 4 20 47 9 9 20 1 4 9 20 1 13 20 20 9 47 9 4 9 8 1 13 
Custo Total: 264066
