Instância: Data/raw/50_P100_M1_HUB_1.txt
Tempo limite: 30 segundos
Seed: 1
Tamanho da pertubação: 5
Solução inicial:
Instalacoes:
1 0 1 1 0 1 0 1 0 1 0 1 0 0 0 1 0 0 1 1 0 0 1 0 0 0 0 0 1 0 0 0 0 0 0 0 0 0 1 1 0 1 1 1 0 0 1 0 0 0 
Atribuicoes:
0 0 2 3 15 5 41 7 15 9 46 11 7 2 19 9 42 7 18 19 46 43 22 43 42 5 42 11 28 43 2 28 5 2 0 9 3 7 38 39 28 18 0 19 42 38 46 19 39 0 
Custo Total: 3027362
Solução após busca local:
Instalacoes:
1 1 1 1 1 1 0 1 1 1 0 1 0 1 0 1 1 0 1 1 1 0 1 1 0 1 0 1 1 0 1 1 0 0 0 1 0 0 1 1 0 0 1 1 0 0 1 1 0 1 
Atribuicoes:
47 1 4 3 15 5 25 7 13 35 8 11 27 2 19 9 8 1 18 19 46 43 22 20 35 27 4 31 28 23 30 47 5 20 49 16 23 39 38 13 18 41 0 43 42 9 46 49 39 0 
Custo Total: 1310985
Total de iterações: 14384
Melhorias: 19
Tempo até a melhor solução: 22.5522 segundos
Iterações até a melhor solução: 10814
Soma dos custos: 16843576566
Média dos custos: 1.17099e+06
Pior valor encontrado: 1362376
Melhor solução encontrada:
Instalacoes:
1 1 0 0 1 1 0 0 1 1 0 0 0 1 0 0 1 0 1 1 1 0 1 1 0 1 0 1 1 1 1 1 0 0 0 1 0 0 0 1 0 0 1 1 0 0 1 1 0 1 
Atribuicoes:
0 4 30 9 49 5 13 16 46 35 27 27 13 23 0 8 49 31 18 19 1 43 22 4 35 25 20 23 28 29 19 47 5 20 1 16 25 39 9 31 18 30 42 43 47 8 46 1 39 42 
Custo Total: 1159357
