Instância: Data/raw/50_P5_M0_Continuo_7.txt
Tempo limite: 30 segundos
Seed: 10
Tamanho da pertubação: 5
Solução inicial:
Instalacoes:
0 1 0 0 1 0 0 0 1 0 0 0 0 0 0 0 0 0 0 0 1 0 1 0 0 0 0 0 0 0 0 0 0 0 0 0 0 0 0 0 0 0 0 0 0 0 0 1 0 0 
Atribuicoes:
4 1 20 47 4 4 1 20 8 4 20 20 8 47 4 4 20 8 20 47 20 8 22 47 20 20 8 20 8 1 4 8 8 47 20 20 47 20 8 47 8 20 8 4 8 8 8 47 47 8 
Custo Total: 612276
Solução após busca local:
Instalacoes:
0 1 0 0 1 0 0 0 1 1 0 0 0 0 0 0 0 0 0 0 1 0 1 0 0 0 0 0 0 0 0 0 0 0 0 0 0 0 0 0 0 0 0 0 0 0 0 1 0 0 
Atribuicoes:
9 1 9 20 4 20 9 20 8 4 20 20 9 9 9 9 20 9 20 47 20 9 22 4 20 9 8 20 9 20 20 4 8 9 9 9 9 20 8 9 20 9 8 4 9 8 8 47 4 20 
Custo Total: 213401
Total de iterações: 151893
Melhorias: 7
Tempo até a melhor solução: 16.6967 segundos
Iterações até a melhor solução: 85735
Soma dos custos: 24869495592
Média dos custos: 163730
Pior valor encontrado: 362707
Melhor solução encontrada:
Instalacoes:
0 0 0 0 1 0 0 0 1 1 0 0 0 0 0 0 0 0 0 0 1 0 1 0 0 0 0 0 0 0 0 0 0 0 0 0 0 0 0 0 0 0 0 0 0 0 0 0 0 0 
Atribuicoes:
9 9 9 20 4 20 20 20 8 4 20 9 20 9 9 9 9 20 4 4 20 9 22 4 20 9 8 20 9 20 20 9 20 9 20 9 9 20 8 9 4 20 8 9 9 8 8 4 9 9 
Custo Total: 163426
