Instância: Data/raw/50_P90_M1_Continuo_5.txt
Tempo limite: 30 segundos
Seed: 2
Tamanho da pertubação: 5
Solução inicial:
Instalacoes:
1 0 1 1 0 0 0 1 0 1 0 0 0 0 1 0 0 0 1 1 0 0 1 1 0 0 0 0 1 1 0 0 0 0 1 0 0 0 0 1 0 1 1 1 0 0 1 0 0 0 
Atribuicoes:
0 0 23 3 34 23 2 7 34 9 46 23 7 23 14 9 46 7 18 19 46 43 22 29 42 39 14 18 28 29 23 28 43 23 34 9 3 7 46 39 28 18 42 19 46 18 46 19 39 0 
Custo Total: 2793503
Solução após busca local:
Instalacoes:
1 1 0 0 1 1 0 1 1 1 0 0 0 1 1 0 1 0 1 1 1 0 1 1 0 1 0 0 1 1 1 1 1 0 1 1 0 0 0 1 0 0 1 1 0 0 1 1 0 1 
Atribuicoes:
0 46 23 16 34 8 3 7 47 49 31 30 9 23 0 9 47 25 18 19 13 43 22 49 4 25 1 49 4 29 5 18 20 16 34 35 13 31 8 39 28 43 42 14 47 20 46 19 39 35 
Custo Total: 1046898
Total de iterações: 17176
Melhorias: 24
Tempo até a melhor solução: 21.771 segundos
Iterações até a melhor solução: 12113
Soma dos custos: 13717580933
Média dos custos: 798648
Pior valor encontrado: 1084351
Melhor solução encontrada:
Instalacoes:
1 1 0 0 1 0 0 0 1 1 0 0 0 1 0 0 1 0 1 1 1 0 1 0 0 1 0 0 1 0 1 1 0 0 1 1 0 0 0 1 0 0 1 0 0 0 1 1 0 1 
Atribuicoes:
0 19 31 39 8 30 47 46 9 4 35 25 31 31 0 1 16 28 18 30 20 4 22 20 47 25 42 28 28 8 13 18 19 39 9 34 22 16 0 13 35 49 4 1 9 46 20 49 13 34 
Custo Total: 774785
