Instância: Data/raw/50_P50_M1_Continuo_6.txt
Tempo limite: 30 segundos
Seed: 8
Tamanho da pertubação: 5
Solução inicial:
Instalacoes:
0 1 0 0 0 0 0 0 0 1 0 0 0 1 0 0 1 0 0 1 1 0 1 1 0 0 0 0 0 0 0 1 0 0 0 0 0 0 0 0 0 0 1 0 0 0 1 1 0 1 
Atribuicoes:
47 1 31 9 46 23 20 22 46 42 16 20 13 31 47 42 16 13 19 47 42 19 22 23 1 13 47 20 49 23 31 13 19 9 1 49 9 13 9 13 16 49 42 47 47 47 46 47 31 1 
Custo Total: 1542609
Solução após busca local:
Instalacoes:
1 1 0 0 1 0 0 0 1 1 0 0 0 1 0 0 1 0 1 1 1 0 1 1 0 0 0 0 0 0 1 1 0 0 0 0 0 0 0 0 0 0 1 0 0 0 1 1 0 1 
Atribuicoes:
47 8 20 4 0 30 20 9 1 47 1 49 22 31 8 8 16 22 16 47 42 9 22 23 1 13 0 20 30 1 20 13 19 23 1 49 9 13 9 13 13 8 42 47 0 4 46 4 31 16 
Custo Total: 606345
Total de iterações: 28553
Melhorias: 19
Tempo até a melhor solução: 15.9445 segundos
Iterações até a melhor solução: 15248
Soma dos custos: 10637167809
Média dos custos: 372541
Pior valor encontrado: 618955
Melhor solução encontrada:
Instalacoes:
1 1 0 0 1 0 0 0 1 1 0 0 0 1 0 0 0 0 0 0 1 0 1 0 0 0 0 0 0 0 1 0 0 0 0 0 0 0 0 0 0 0 0 0 0 0 0 1 0 0 
Atribuicoes:
0 8 20 8 20 1 20 9 47 47 22 9 9 30 8 8 0 4 20 47 1 1 22 1 22 13 20 4 4 30 30 9 47 9 30 0 4 13 9 13 13 8 0 13 20 4 47 4 8 9 
Custo Total: 366898
