Instância: Data/raw/50_P80_M1_Continuo_1.txt
Tempo limite: 30 segundos
Seed: 6
Tamanho da pertubação: 5
Solução inicial:
Instalacoes:
1 0 1 0 0 0 0 0 0 0 0 1 0 0 1 0 0 0 1 1 0 0 1 1 0 1 0 0 1 0 1 0 0 0 1 0 0 0 0 1 0 0 0 0 0 0 1 1 0 0 
Atribuicoes:
47 47 23 46 19 23 30 2 19 30 18 11 39 23 14 47 34 18 18 47 11 14 22 23 46 25 47 25 28 23 23 25 19 25 47 34 23 39 19 39 30 18 0 14 19 19 46 30 39 47 
Custo Total: 3471234
Solução após busca local:
Instalacoes:
0 1 0 0 1 0 0 1 1 1 0 1 0 1 1 0 1 0 1 1 1 0 1 1 0 1 0 0 0 0 1 1 0 0 0 0 0 0 0 1 0 0 0 0 0 0 1 1 0 1 
Atribuicoes:
4 20 13 18 20 49 47 31 46 30 11 11 49 31 14 47 47 8 18 13 16 14 22 23 1 25 47 39 2 4 4 25 14 9 47 22 23 39 19 39 30 1 30 4 19 8 46 9 46 8 
Custo Total: 816649
Total de iterações: 18289
Melhorias: 22
Tempo até a melhor solução: 21.7956 segundos
Iterações até a melhor solução: 13250
Soma dos custos: 11648311822
Média dos custos: 636903
Pior valor encontrado: 891713
Melhor solução encontrada:
Instalacoes:
1 1 0 0 1 0 0 0 1 1 0 0 0 1 0 0 1 0 1 1 1 0 1 0 0 1 0 0 0 0 1 1 0 0 1 0 0 0 0 1 0 0 0 0 0 0 0 1 0 1 
Atribuicoes:
4 16 9 13 0 25 47 39 20 8 22 25 22 39 34 47 47 18 18 19 16 34 19 30 1 16 47 31 30 4 4 31 34 13 47 19 49 13 8 31 18 1 0 4 1 9 20 9 20 49 
Custo Total: 627501
