Instância: Data/raw/50_P30_M1_HUB_9.txt
Tempo limite: 30 segundos
Seed: 7
Tamanho da pertubação: 5
Solução inicial:
Instalacoes:
1 0 0 0 1 0 0 0 0 1 0 0 0 0 0 0 1 0 0 0 0 0 1 0 0 0 0 0 0 0 1 0 0 0 0 0 0 0 0 1 0 0 0 0 0 0 0 1 0 0 
Atribuicoes:
0 9 0 16 4 30 16 39 4 9 4 9 47 39 0 9 9 47 4 0 4 16 22 30 4 30 0 9 47 16 30 47 30 39 47 9 39 47 47 39 9 4 4 30 0 47 47 47 39 4 
Custo Total: 2409251
Solução após busca local:
Instalacoes:
1 1 0 0 1 0 0 0 1 1 0 0 0 1 0 0 1 0 0 1 1 0 1 0 0 0 0 0 0 0 1 0 0 0 0 0 0 0 0 1 0 0 0 0 0 0 0 1 0 0 
Atribuicoes:
0 9 0 4 4 47 4 20 8 4 9 9 47 4 0 9 9 47 4 47 4 16 22 8 4 30 13 9 39 8 8 1 30 13 20 9 13 4 47 20 1 20 1 0 9 19 20 20 13 8 
Custo Total: 444092
Total de iterações: 44209
Melhorias: 15
Tempo até a melhor solução: 15.1591 segundos
Iterações até a melhor solução: 22091
Soma dos custos: 12382765731
Média dos custos: 280096
Pior valor encontrado: 522316
Melhor solução encontrada:
Instalacoes:
0 1 0 0 1 0 0 0 1 1 0 0 0 1 0 0 0 0 0 0 1 0 1 0 0 0 0 0 0 0 0 0 0 0 0 0 0 0 0 0 0 0 0 0 0 0 0 1 0 0 
Atribuicoes:
47 1 8 4 4 4 1 8 8 20 9 9 47 13 47 9 20 8 47 20 9 4 22 9 4 9 13 22 13 8 20 1 47 4 20 9 20 20 4 20 1 4 1 4 9 8 4 47 9 8 
Custo Total: 272326
