Instância: Data/raw/50_P20_M0_Continuo_8.txt
Tempo limite: 30 segundos
Seed: 1
Tamanho da pertubação: 5
Solução inicial:
Instalacoes:
1 1 0 0 0 1 0 0 1 0 0 0 0 0 0 0 1 0 0 1 1 0 1 0 0 0 0 0 0 0 1 0 0 0 0 0 0 0 0 1 0 0 0 0 0 0 0 1 0 0 
Atribuicoes:
0 1 47 39 0 8 1 16 8 0 20 16 16 30 47 0 20 16 20 19 20 0 22 30 8 47 19 47 47 1 30 47 30 39 1 16 39 39 1 30 8 20 0 0 47 8 8 47 30 8 
Custo Total: 851104
Solução após busca local:
Instalacoes:
1 1 0 0 1 0 0 0 1 1 0 0 0 0 0 0 1 0 0 1 1 0 1 0 0 0 0 0 0 0 1 0 0 0 0 0 0 0 0 1 0 0 0 0 0 0 0 1 0 0 
Atribuicoes:
47 9 47 39 4 8 47 4 8 9 20 1 9 30 47 0 20 1 20 47 20 47 22 1 8 9 4 20 47 1 30 4 20 47 20 1 9 20 8 20 8 20 8 47 4 4 8 9 4 4 
Custo Total: 392561
Total de iterações: 65661
Melhorias: 11
Tempo até a melhor solução: 11.2333 segundos
Iterações até a melhor solução: 24674
Soma dos custos: 14621888778
Média dos custos: 222688
Pior valor encontrado: 436836
Melhor solução encontrada:
Instalacoes:
0 0 0 0 1 0 0 0 1 1 0 0 0 1 0 0 0 0 0 0 1 0 1 0 0 0 0 0 0 0 0 0 0 0 0 0 0 0 0 0 0 0 0 0 0 0 0 1 0 0 
Atribuicoes:
9 9 9 47 4 9 20 4 8 9 20 13 9 13 47 47 4 20 20 20 20 47 22 9 20 9 4 20 9 9 13 9 47 9 20 8 9 20 8 13 20 20 8 47 4 4 8 47 4 4 
Custo Total: 222101
