Instância: Data/raw/50_P100_M1_Continuo_8.txt
Tempo limite: 30 segundos
Seed: 10
Tamanho da pertubação: 5
Solução inicial:
Instalacoes:
1 0 1 1 0 1 0 1 0 1 0 1 0 0 1 1 0 0 1 1 0 0 1 0 0 0 0 0 1 1 0 0 0 0 0 0 0 0 0 1 0 1 1 1 0 1 1 0 0 0 
Atribuicoes:
0 0 2 3 15 5 14 7 15 9 46 11 7 2 14 9 46 7 18 19 46 43 22 29 42 5 42 11 28 29 2 28 43 2 0 9 3 7 9 39 28 18 42 19 42 45 46 19 39 0 
Custo Total: 2809489
Solução após busca local:
Instalacoes:
1 1 1 1 1 1 0 1 1 1 0 1 0 1 1 1 1 0 1 1 1 0 1 1 0 0 0 1 1 1 1 1 0 0 1 0 0 0 0 1 0 0 1 1 0 0 1 1 0 1 
Atribuicoes:
4 0 2 3 15 5 30 7 16 9 46 11 7 23 14 9 18 22 18 4 46 43 22 23 20 49 8 27 13 29 5 2 31 47 49 1 34 13 8 39 28 19 42 34 42 0 4 19 28 20 
Custo Total: 1329335
Total de iterações: 14569
Melhorias: 18
Tempo até a melhor solução: 23.1284 segundos
Iterações até a melhor solução: 11259
Soma dos custos: 17248983071
Média dos custos: 1.18395e+06
Pior valor encontrado: 1379675
Melhor solução encontrada:
Instalacoes:
1 1 0 0 1 1 0 0 1 1 0 0 1 1 1 0 1 0 1 1 1 0 1 1 0 1 0 0 1 0 1 1 0 0 1 1 0 0 0 1 0 0 1 0 0 0 1 1 0 1 
Atribuicoes:
0 4 31 39 1 5 20 25 9 16 5 8 12 30 14 49 9 16 18 0 46 49 22 25 35 20 19 34 28 23 14 28 30 47 34 1 13 39 46 47 31 35 42 13 42 4 8 19 23 18 
Custo Total: 1177884
