Instância: Data/raw/50_P80_M1_HUB_5.txt
Tempo limite: 30 segundos
Seed: 5
Tamanho da pertubação: 5
Solução inicial:
Instalacoes:
1 0 1 1 1 1 0 1 1 1 0 1 0 0 0 0 0 0 1 0 1 0 1 1 0 0 0 0 1 0 0 0 0 0 0 0 0 0 0 1 0 0 1 0 0 0 0 0 0 0 
Atribuicoes:
0 0 2 3 4 5 20 7 8 9 18 11 7 23 42 9 18 18 4 0 20 20 22 23 4 5 42 11 28 23 2 28 2 23 0 9 3 7 42 39 28 8 8 0 42 8 8 0 39 0 
Custo Total: 2675789
Solução após busca local:
Instalacoes:
1 1 1 1 1 1 0 1 1 1 0 1 0 1 0 0 1 0 1 1 1 0 1 1 0 1 0 0 1 0 1 1 0 0 1 0 0 0 0 1 0 0 1 1 0 0 1 1 0 1 
Atribuicoes:
47 49 2 8 4 5 20 7 46 0 18 11 7 23 43 9 16 25 4 1 20 34 22 23 19 13 47 20 19 30 25 28 13 1 0 9 3 22 4 47 31 8 19 49 42 8 8 0 39 9 
Custo Total: 891485
Total de iterações: 18641
Melhorias: 25
Tempo até a melhor solução: 18.1447 segundos
Iterações até a melhor solução: 11210
Soma dos custos: 12436642816
Média dos custos: 667166
Pior valor encontrado: 906806
Melhor solução encontrada:
Instalacoes:
1 1 0 0 1 0 0 0 1 1 0 0 0 1 0 0 1 0 1 1 1 0 1 1 0 1 0 0 0 0 1 1 0 0 1 0 0 0 0 1 0 0 0 0 0 0 0 1 0 1 
Atribuicoes:
34 19 1 20 9 31 25 13 9 0 18 39 13 8 4 0 16 49 4 1 4 30 22 30 47 47 4 22 47 23 49 25 23 13 0 9 39 22 20 13 31 8 47 19 20 8 8 0 1 34 
Custo Total: 653283
