Instância: Data/raw/50_P30_M1_HUB_5.txt
Tempo limite: 30 segundos
Seed: 9
Tamanho da pertubação: 5
Solução inicial:
Instalacoes:
1 0 0 0 1 0 0 0 1 0 0 0 0 1 0 0 1 0 0 0 1 0 1 1 0 0 0 0 0 0 0 0 0 0 0 0 0 0 0 0 0 0 0 0 0 0 0 1 0 0 
Atribuicoes:
0 0 13 16 4 23 20 22 8 4 16 13 22 13 0 0 16 22 8 0 20 47 22 23 16 13 47 13 23 20 23 47 47 8 0 4 13 4 4 23 16 4 8 0 47 8 8 0 13 0 
Custo Total: 1420762
Solução após busca local:
Instalacoes:
1 1 0 0 1 0 0 0 1 1 0 0 0 1 0 0 1 0 0 1 1 0 1 1 0 0 0 0 0 0 1 0 0 0 0 0 0 0 0 0 0 0 0 0 0 0 0 1 0 0 
Atribuicoes:
9 0 9 1 4 23 20 9 19 4 1 13 1 13 20 4 16 22 8 8 20 47 22 23 1 13 47 20 8 9 4 47 47 8 4 4 9 20 4 20 16 4 8 20 8 8 8 1 20 20 
Custo Total: 406588
Total de iterações: 45527
Melhorias: 18
Tempo até a melhor solução: 22.792 segundos
Iterações até a melhor solução: 34180
Soma dos custos: 12606260674
Média dos custos: 276896
Pior valor encontrado: 519166
Melhor solução encontrada:
Instalacoes:
0 1 0 0 1 0 0 0 1 1 0 0 0 1 0 0 0 0 0 0 1 0 1 0 0 0 0 0 0 0 0 0 0 0 0 0 0 0 0 0 0 0 0 0 0 0 0 1 0 0 
Atribuicoes:
8 1 9 20 4 8 20 9 4 4 47 22 4 13 20 1 1 20 8 8 20 13 4 13 47 13 4 20 20 9 4 13 47 9 4 47 9 9 4 9 1 8 8 20 8 8 8 4 20 4 
Custo Total: 260389
