Instância: Data/raw/50_P80_M1_HUB_10.txt
Tempo limite: 30 segundos
Seed: 5
Tamanho da pertubação: 5
Solução inicial:
Instalacoes:
1 1 1 0 0 0 0 1 0 0 0 1 0 1 0 1 1 0 0 1 0 0 1 0 0 1 0 0 0 1 1 0 0 0 1 0 0 0 1 0 0 1 0 1 0 0 0 1 0 0 
Atribuicoes:
47 1 2 25 15 2 43 7 43 15 16 11 7 13 19 47 16 7 41 47 41 1 22 30 34 25 47 11 30 29 30 2 30 7 1 34 25 7 38 13 16 16 47 19 47 38 38 19 29 1 
Custo Total: 2553472
Solução após busca local:
Instalacoes:
0 1 1 0 1 1 0 1 1 1 0 1 0 1 0 1 1 0 1 1 1 0 1 1 0 1 0 0 0 1 1 1 0 0 1 0 0 0 1 1 0 1 1 1 0 0 1 1 0 1 
Atribuicoes:
15 42 31 25 42 5 0 47 46 19 16 11 30 23 4 47 16 7 41 47 41 13 22 30 23 25 4 5 8 29 30 2 0 8 13 34 49 9 38 13 20 18 9 19 20 42 8 19 39 1 
Custo Total: 1017209
Total de iterações: 18032
Melhorias: 24
Tempo até a melhor solução: 21.5093 segundos
Iterações até a melhor solução: 13010
Soma dos custos: 13013694267
Média dos custos: 721700
Pior valor encontrado: 987586
Melhor solução encontrada:
Instalacoes:
1 1 0 0 1 0 0 0 1 1 0 0 0 1 0 0 1 0 1 1 1 0 1 0 0 1 0 0 1 0 1 1 0 0 0 0 0 0 0 1 0 0 0 0 0 0 0 1 0 1 
Atribuicoes:
49 47 22 25 1 0 13 4 13 9 1 16 1 13 19 4 16 9 8 4 47 16 22 47 28 25 19 28 28 49 13 31 47 4 20 0 30 39 8 4 20 18 9 0 20 1 8 0 39 30 
Custo Total: 706456
