Instância: Data/raw/50_P100_M1_HUB_7.txt
Tempo limite: 30 segundos
Seed: 7
Tamanho da pertubação: 5
Solução inicial:
Instalacoes:
1 0 1 1 0 1 0 1 0 1 0 1 0 0 1 0 0 0 1 1 0 0 1 0 0 0 0 0 1 1 0 0 0 0 0 0 0 0 1 1 0 1 1 1 0 0 1 0 0 0 
Atribuicoes:
0 0 2 3 42 5 14 7 42 9 41 11 7 2 14 9 41 7 18 19 41 43 22 29 42 5 42 11 28 29 2 28 43 2 0 9 3 7 38 39 28 18 0 19 42 38 46 19 39 0 
Custo Total: 2944849
Solução após busca local:
Instalacoes:
1 1 1 1 1 1 0 1 1 1 0 1 0 1 1 0 1 0 1 1 1 0 1 1 0 1 0 1 1 1 1 1 0 0 0 1 0 0 1 1 0 1 1 1 0 0 1 1 0 1 
Atribuicoes:
0 0 2 3 42 5 23 1 42 9 27 11 7 30 14 9 41 31 18 19 35 43 22 29 30 25 4 49 28 23 28 16 47 4 16 20 13 1 38 39 22 18 8 19 47 49 46 8 39 43 
Custo Total: 1361992
Total de iterações: 13901
Melhorias: 21
Tempo até a melhor solução: 11.4077 segundos
Iterações até a melhor solução: 5310
Soma dos custos: 16746907118
Média dos custos: 1.20473e+06
Pior valor encontrado: 1385214
Melhor solução encontrada:
Instalacoes:
1 1 0 0 1 1 0 0 1 1 0 0 0 1 1 0 1 0 1 1 1 0 1 1 0 1 0 1 1 0 1 1 0 0 1 1 0 0 0 1 0 0 1 0 0 0 1 1 0 1 
Atribuicoes:
1 0 23 39 20 28 0 9 20 49 39 18 27 25 14 42 35 25 18 49 46 34 22 8 14 16 19 27 31 13 31 5 9 30 28 13 16 30 46 1 22 4 42 47 47 4 8 19 23 34 
Custo Total: 1202764
