Instância: Data/raw/50_P80_M1_Continuo_6.txt
Tempo limite: 30 segundos
Seed: 4
Tamanho da pertubação: 5
Solução inicial:
Instalacoes:
1 0 1 1 0 1 0 1 0 1 0 1 0 0 0 0 0 0 1 1 0 0 1 1 0 0 0 0 1 1 0 0 0 0 0 0 0 0 1 1 0 1 1 1 0 0 1 0 0 0 
Atribuicoes:
0 0 2 3 38 5 5 7 42 9 46 11 7 2 19 9 41 23 18 19 41 43 22 23 42 5 43 11 28 29 2 28 43 39 0 9 3 23 38 39 28 18 0 19 42 38 46 19 39 0 
Custo Total: 2290602
Solução após busca local:
Instalacoes:
1 1 1 0 1 1 0 1 1 1 0 1 0 1 0 0 1 0 1 1 1 0 1 1 0 1 0 1 1 0 0 1 0 0 0 0 0 0 1 1 0 1 1 1 0 0 1 1 0 1 
Atribuicoes:
0 20 2 25 47 4 39 7 42 16 49 11 31 20 19 8 41 31 18 19 16 43 22 23 46 5 47 8 28 0 2 8 47 39 49 9 25 22 0 39 13 31 1 13 9 4 46 1 25 42 
Custo Total: 969277
Total de iterações: 19369
Melhorias: 17
Tempo até a melhor solução: 29.9896 segundos
Iterações até a melhor solução: 19362
Soma dos custos: 13061677430
Média dos custos: 674360
Pior valor encontrado: 926543
Melhor solução encontrada:
Instalacoes:
1 1 0 0 1 0 0 0 1 1 0 0 0 1 0 0 1 0 0 1 1 0 1 0 0 1 0 0 0 0 1 1 0 0 1 0 0 0 0 1 0 0 1 0 0 0 0 1 0 1 
Atribuicoes:
0 49 25 1 20 13 39 9 47 9 34 39 39 9 19 42 0 16 19 19 16 20 22 13 31 1 4 25 30 30 49 31 20 8 34 8 20 22 42 31 22 30 1 8 4 13 9 4 47 47 
Custo Total: 671097
