Instância: Data/raw/50_P90_M1_HUB_4.txt
Tempo limite: 30 segundos
Seed: 3
Tamanho da pertubação: 5
Solução inicial:
Instalacoes:
1 0 1 1 0 0 0 1 0 1 0 0 0 0 1 0 1 0 1 1 0 0 1 0 1 0 0 0 0 1 1 0 0 0 0 0 0 0 1 1 0 0 1 0 0 0 1 1 0 1 
Atribuicoes:
47 47 30 3 18 30 49 7 19 9 16 46 7 29 14 9 16 7 46 47 46 42 22 24 49 30 19 19 14 29 30 30 30 22 47 9 3 7 38 39 16 18 42 0 19 38 46 47 39 47 
Custo Total: 3210332
Solução após busca local:
Instalacoes:
0 1 0 1 1 1 0 1 1 1 0 0 0 1 1 0 1 0 1 1 1 0 1 1 0 1 0 1 0 1 1 1 0 0 1 1 0 0 1 1 0 0 1 0 0 0 1 1 0 1 
Atribuicoes:
1 8 5 3 18 24 49 7 19 16 16 4 39 13 14 9 16 23 31 47 46 14 22 23 49 30 1 27 34 29 13 30 25 25 13 20 39 20 38 39 35 18 42 19 8 38 9 4 25 47 
Custo Total: 1089500
Total de iterações: 16506
Melhorias: 28
Tempo até a melhor solução: 25.7367 segundos
Iterações até a melhor solução: 14088
Soma dos custos: 14366821819
Média dos custos: 870400
Pior valor encontrado: 1111503
Melhor solução encontrada:
Instalacoes:
1 1 0 0 1 0 0 0 1 1 0 0 0 1 0 0 1 0 1 1 1 0 1 1 0 1 0 0 0 1 1 1 0 0 1 1 0 0 0 1 0 0 0 0 0 0 1 1 0 1 
Atribuicoes:
0 4 22 22 18 23 23 20 47 18 16 9 39 13 34 8 34 22 20 19 35 1 1 30 20 25 0 35 49 29 9 25 1 31 13 16 39 19 46 39 31 18 49 30 4 9 8 47 13 31 
Custo Total: 861057
