Instância: Data/raw/50_P90_M1_HUB_3.txt
Tempo limite: 30 segundos
Seed: 3
Tamanho da pertubação: 5
Solução inicial:
Instalacoes:
1 0 1 0 0 1 0 1 0 1 0 1 0 0 1 0 0 0 1 1 0 0 1 1 0 1 0 0 1 1 0 0 0 0 0 0 0 0 1 1 0 1 1 0 0 1 1 1 0 0 
Atribuicoes:
47 47 2 25 23 5 29 7 45 9 25 11 7 2 14 9 41 23 18 47 41 14 22 23 42 5 19 11 28 29 2 25 5 46 47 9 25 23 38 39 28 18 42 19 47 45 46 19 39 47 
Custo Total: 2369220
Solução após busca local:
Instalacoes:
0 1 1 0 1 1 0 1 1 1 0 1 0 1 1 0 1 0 1 1 1 0 1 1 0 1 0 1 0 1 1 1 0 0 1 1 0 0 0 1 0 1 1 0 0 1 1 1 0 1 
Atribuicoes:
47 47 2 35 23 5 16 31 35 8 25 11 7 4 14 9 41 7 49 1 8 34 22 23 1 20 19 27 9 29 30 25 5 9 34 31 13 1 45 39 2 18 42 20 4 46 46 19 31 22 
Custo Total: 1058128
Total de iterações: 14914
Melhorias: 20
Tempo até a melhor solução: 22.6082 segundos
Iterações até a melhor solução: 11184
Soma dos custos: 12867019732
Média dos custos: 862748
Pior valor encontrado: 1108185
Melhor solução encontrada:
Instalacoes:
1 1 0 0 1 0 0 0 1 1 0 1 0 1 0 0 1 0 1 1 1 0 1 1 0 1 0 0 0 0 1 1 0 0 1 1 0 0 0 1 1 0 0 0 0 0 1 1 0 1 
Atribuicoes:
13 0 34 39 4 13 39 31 0 8 22 11 49 4 20 9 16 1 18 1 8 1 22 4 34 25 19 30 9 23 30 20 13 9 20 31 16 4 47 18 40 35 47 25 46 46 46 19 31 49 
Custo Total: 844882
