Instância: Data/raw/50_P30_M1_Continuo_2.txt
Tempo limite: 30 segundos
Seed: 8
Tamanho da pertubação: 5
Solução inicial:
Instalacoes:
1 0 0 0 0 0 0 0 0 0 0 0 0 1 0 0 0 0 1 1 0 0 1 1 0 0 0 0 0 0 1 0 0 0 0 1 0 0 0 0 0 0 0 0 0 0 1 0 0 1 
Atribuicoes:
0 0 13 23 46 13 49 22 46 46 30 22 30 13 19 0 35 0 18 19 18 30 22 13 35 13 19 13 23 23 30 13 23 13 49 35 23 30 46 13 35 18 46 19 46 46 46 19 13 49 
Custo Total: 1403326
Solução após busca local:
Instalacoes:
1 0 0 0 1 0 0 0 1 1 0 0 0 1 0 0 0 0 1 1 1 0 1 0 0 0 0 0 0 0 1 0 0 0 0 1 0 0 0 0 0 0 0 0 0 0 1 1 0 0 
Atribuicoes:
0 0 20 8 9 20 4 47 8 4 4 22 22 20 9 0 20 9 18 19 20 47 22 13 4 13 47 20 8 9 20 9 47 20 4 8 8 47 4 13 49 18 8 47 47 4 46 0 13 8 
Custo Total: 454683
Total de iterações: 44830
Melhorias: 11
Tempo até a melhor solução: 21.6894 segundos
Iterações até a melhor solução: 32372
Soma dos custos: 12303424578
Média dos custos: 274446
Pior valor encontrado: 490737
Melhor solução encontrada:
Instalacoes:
0 1 0 0 1 0 0 0 1 1 0 0 0 1 0 0 0 0 0 0 1 0 1 0 0 0 0 0 0 0 0 0 0 0 0 0 0 0 0 0 0 0 0 0 0 0 0 1 0 0 
Atribuicoes:
47 47 9 8 47 1 4 1 8 4 1 22 22 20 9 47 20 20 9 20 20 1 22 13 4 13 20 20 8 9 20 9 13 20 4 8 8 9 4 13 9 47 8 1 1 4 4 47 9 8 
Custo Total: 271255
