Instância: Data/raw/50_P90_M1_Continuo_10.txt
Tempo limite: 30 segundos
Seed: 1
Tamanho da pertubação: 5
Solução inicial:
Instalacoes:
1 0 1 1 0 1 0 1 0 1 0 0 0 0 0 0 0 0 0 1 0 0 1 1 0 0 0 0 1 0 0 0 0 0 1 1 0 0 1 1 0 0 1 1 0 0 0 0 0 0 
Atribuicoes:
0 0 23 3 35 5 5 7 42 9 2 23 7 23 19 9 2 7 34 19 34 43 22 23 42 39 42 39 28 2 23 28 5 3 34 9 3 7 38 39 35 9 34 19 42 38 38 19 39 0 
Custo Total: 2957111
Solução após busca local:
Instalacoes:
1 1 1 1 1 1 0 1 1 1 0 0 0 1 0 0 1 0 0 1 1 0 1 1 0 1 0 1 1 0 1 0 0 0 1 1 0 0 1 1 0 0 1 0 0 0 1 1 0 1 
Atribuicoes:
20 0 25 30 35 16 5 7 42 47 23 2 13 0 19 9 46 16 1 19 34 28 22 23 1 30 42 13 28 8 49 27 5 3 34 22 3 4 42 39 35 9 49 20 8 19 46 47 39 9 
Custo Total: 995890
Total de iterações: 16893
Melhorias: 16
Tempo até a melhor solução: 19.0627 segundos
Iterações até a melhor solução: 10716
Soma dos custos: 13612707228
Média dos custos: 805819
Pior valor encontrado: 1103382
Melhor solução encontrada:
Instalacoes:
1 1 0 0 1 0 0 0 1 1 0 0 0 1 0 0 1 0 1 1 1 0 1 0 0 1 0 0 0 0 1 1 0 0 1 1 0 0 0 1 0 0 1 0 0 0 1 1 0 1 
Atribuicoes:
8 0 42 30 9 35 13 25 46 20 1 18 8 8 49 42 47 4 31 19 18 9 16 4 16 30 46 22 9 49 13 31 16 1 0 35 1 22 46 39 25 34 19 34 47 4 47 20 39 0 
Custo Total: 800491
