Instância: Data/raw/50_P90_M0_Continuo_6.txt
Tempo limite: 30 segundos
Seed: 2
Tamanho da pertubação: 5
Solução inicial:
Instalacoes:
1 0 1 1 0 1 0 1 0 1 0 1 0 0 1 0 0 0 1 1 0 0 1 1 1 0 0 0 1 1 0 0 0 0 1 0 0 0 1 1 0 1 0 0 0 0 1 0 0 0 
Atribuicoes:
0 0 2 3 34 5 7 7 34 9 41 11 7 2 14 9 24 23 18 19 41 14 22 23 24 5 19 11 28 29 2 28 46 23 34 9 3 23 38 39 28 18 19 14 34 38 46 14 39 0 
Custo Total: 2551600
Solução após busca local:
Instalacoes:
1 1 1 1 1 1 0 1 1 1 0 1 0 1 1 0 1 0 1 1 1 0 1 1 1 1 0 0 1 0 1 0 0 0 1 0 0 0 1 1 0 1 1 0 0 0 1 1 0 1 
Atribuicoes:
49 8 23 25 47 5 0 7 16 9 41 11 20 39 19 49 24 13 34 1 16 47 22 23 24 25 19 18 2 28 30 4 1 8 34 16 3 22 9 39 28 18 42 14 4 19 46 20 25 0 
Custo Total: 1053504
Total de iterações: 17232
Melhorias: 17
Tempo até a melhor solução: 9.53276 segundos
Iterações até a melhor solução: 5364
Soma dos custos: 13744373605
Média dos custos: 797608
Pior valor encontrado: 1050573
Melhor solução encontrada:
Instalacoes:
1 1 0 0 1 0 0 0 1 1 0 0 0 1 0 0 1 0 1 1 1 0 1 1 0 1 0 1 0 0 1 1 0 0 1 0 0 0 0 1 0 0 0 0 0 0 1 1 0 1 
Atribuicoes:
4 34 0 25 47 8 39 39 46 16 27 1 9 23 19 13 30 27 18 1 18 47 22 0 30 30 19 19 34 47 4 31 13 4 8 46 18 22 0 23 25 31 49 49 8 9 20 9 20 16 
Custo Total: 792649
