Instância: Data/raw/50_P60_M0_Continuo_1.txt
Tempo limite: 30 segundos
Seed: 10
Tamanho da pertubação: 5
Solução inicial:
Instalacoes:
1 1 1 0 0 0 0 1 0 0 0 0 0 1 0 0 0 0 1 1 0 0 1 0 1 0 0 0 0 0 1 0 0 0 1 0 0 0 0 1 0 0 1 0 0 0 1 1 0 0 
Atribuicoes:
0 0 2 22 42 2 1 7 46 0 47 22 7 2 34 0 42 7 18 19 47 34 22 13 24 39 47 13 2 13 30 39 30 39 34 42 22 7 42 39 1 18 47 34 47 42 46 19 39 0 
Custo Total: 2177619
Solução após busca local:
Instalacoes:
1 1 1 0 1 1 0 1 1 1 0 0 0 1 0 0 1 0 1 1 1 0 1 0 0 0 0 0 0 0 0 0 0 0 1 0 0 0 0 1 0 0 1 0 0 0 1 1 0 1 
Atribuicoes:
1 0 13 39 8 30 1 20 46 9 20 8 22 8 34 0 42 13 18 19 47 47 22 13 30 1 47 20 4 49 20 16 9 8 4 16 13 9 42 8 1 18 4 49 47 9 46 19 39 0 
Custo Total: 675448
Total de iterações: 25604
Melhorias: 19
Tempo até a melhor solução: 26.9096 segundos
Iterações até a melhor solução: 22911
Soma dos custos: 11472631430
Média dos custos: 448080
Pior valor encontrado: 721184
Melhor solução encontrada:
Instalacoes:
1 1 0 0 1 0 0 0 1 1 0 0 0 1 0 0 1 0 1 0 1 0 1 0 0 0 0 0 0 0 0 1 0 0 0 0 0 0 0 0 0 0 0 0 0 0 0 1 0 1 
Atribuicoes:
1 1 31 47 4 9 4 20 20 0 22 9 22 13 49 0 16 47 18 1 49 1 22 20 16 13 8 20 16 13 9 31 9 8 49 20 13 9 4 13 31 18 4 47 8 9 8 47 47 0 
Custo Total: 423874
