Instância: Data/raw/50_P90_M0_Continuo_5.txt
Tempo limite: 30 segundos
Seed: 10
Tamanho da pertubação: 5
Solução inicial:
Instalacoes:
1 0 1 1 0 1 1 1 0 1 0 1 0 0 1 0 0 0 1 1 0 0 1 0 0 0 0 0 1 1 0 0 0 0 0 0 0 0 1 1 0 1 1 0 0 0 1 1 0 0 
Atribuicoes:
47 47 2 3 46 5 6 7 42 9 41 11 7 2 14 9 41 7 18 47 41 14 22 29 42 5 19 11 28 29 2 28 29 5 47 9 3 7 38 39 28 18 19 14 47 38 46 14 39 47 
Custo Total: 2509647
Solução após busca local:
Instalacoes:
0 1 1 1 1 1 0 1 1 1 0 1 0 1 1 0 1 0 1 1 1 0 1 0 0 1 0 0 1 1 1 1 0 0 1 1 0 0 0 1 0 1 1 0 0 0 1 1 0 1 
Atribuicoes:
0 4 0 3 46 13 47 7 42 9 41 11 8 2 14 9 13 25 18 8 41 30 22 29 16 5 1 31 20 29 20 28 2 25 34 1 18 39 19 8 28 35 19 14 42 47 46 49 39 47 
Custo Total: 1089431
Total de iterações: 16052
Melhorias: 24
Tempo até a melhor solução: 29.7708 segundos
Iterações até a melhor solução: 15925
Soma dos custos: 13444472238
Média dos custos: 837557
Pior valor encontrado: 1086312
Melhor solução encontrada:
Instalacoes:
1 1 0 0 1 0 0 0 1 1 0 0 0 1 0 0 1 0 1 1 1 0 1 1 0 1 0 0 1 0 1 1 0 0 1 0 0 0 0 1 0 0 1 0 0 0 1 1 0 1 
Atribuicoes:
34 19 25 4 0 13 47 22 13 42 39 22 8 23 9 1 16 39 18 8 16 30 34 0 19 28 1 30 31 9 31 49 23 20 49 28 18 39 4 8 18 25 4 20 42 47 46 9 47 20 
Custo Total: 821809
