Instância: Data/raw/50_P70_M0_Continuo_4.txt
Tempo limite: 30 segundos
Seed: 9
Tamanho da pertubação: 5
Solução inicial:
Instalacoes:
1 1 0 0 0 1 0 1 0 0 0 0 0 0 0 1 0 0 1 1 1 0 1 1 0 0 0 0 1 1 1 0 0 0 0 0 0 0 1 1 0 0 0 0 0 0 0 1 0 0 
Atribuicoes:
47 1 23 39 1 30 5 7 1 15 18 20 7 23 0 15 20 7 18 47 18 19 22 29 15 23 19 20 28 29 30 28 30 23 1 20 29 7 38 39 28 18 19 0 1 38 1 47 39 15 
Custo Total: 2294178
Solução após busca local:
Instalacoes:
1 1 0 0 1 0 0 1 1 1 0 0 0 1 0 1 1 0 1 1 1 0 1 1 0 0 0 0 1 1 1 1 0 0 0 0 0 0 1 1 0 0 0 0 0 0 1 1 0 0 
Atribuicoes:
47 20 20 39 46 1 13 7 1 1 31 20 9 47 13 15 16 30 4 8 18 19 22 23 28 31 19 20 16 23 30 31 8 0 30 9 13 4 0 39 22 18 9 0 8 46 1 47 39 19 
Custo Total: 779491
Total de iterações: 22433
Melhorias: 17
Tempo até a melhor solução: 21.2963 segundos
Iterações até a melhor solução: 15862
Soma dos custos: 11985204436
Média dos custos: 534267
Pior valor encontrado: 828068
Melhor solução encontrada:
Instalacoes:
1 1 0 0 1 0 0 0 1 1 0 0 0 1 0 0 1 0 1 0 1 0 1 0 0 1 0 0 0 0 1 0 0 0 0 0 0 0 0 1 0 0 0 0 0 0 1 1 0 1 
Atribuicoes:
0 20 20 39 46 9 13 1 46 4 16 20 18 25 49 1 18 47 4 1 1 13 22 8 16 25 9 20 30 8 13 8 30 8 49 49 9 4 9 39 22 47 4 8 47 1 8 0 39 49 
Custo Total: 526849
