Instância: Data/raw/50_P80_M1_Continuo_5.txt
Tempo limite: 30 segundos
Seed: 4
Tamanho da pertubação: 5
Solução inicial:
Instalacoes:
1 0 1 0 1 0 0 1 1 1 0 1 0 1 1 0 0 0 1 0 0 0 1 0 0 1 0 0 1 0 1 0 0 0 0 0 0 0 0 1 0 0 1 0 0 0 0 0 0 0 
Atribuicoes:
0 0 30 25 4 30 2 7 8 9 28 11 7 30 14 9 42 7 18 0 4 14 22 13 42 25 42 11 28 30 30 13 4 18 0 9 25 7 42 39 13 18 8 14 42 4 8 42 39 0 
Custo Total: 2520313
Solução após busca local:
Instalacoes:
1 1 0 0 1 0 0 1 1 1 0 1 0 1 1 0 1 0 1 1 1 0 1 0 0 1 0 0 1 0 1 1 0 0 1 1 0 0 0 1 0 0 1 0 0 0 1 1 0 1 
Atribuicoes:
19 34 30 9 0 30 9 7 8 13 49 11 47 1 14 20 20 18 4 0 46 47 22 13 47 25 42 31 28 1 49 13 4 18 8 9 16 22 30 39 28 18 1 34 8 4 46 19 39 0 
Custo Total: 846620
Total de iterações: 18107
Melhorias: 17
Tempo até a melhor solução: 13.8896 segundos
Iterações até a melhor solução: 8396
Soma dos custos: 10980773162
Média dos custos: 606438
Pior valor encontrado: 861116
Melhor solução encontrada:
Instalacoes:
1 1 0 0 1 0 0 0 1 1 0 0 0 1 0 0 1 0 1 1 1 0 1 0 0 1 0 0 0 0 1 1 0 0 0 0 0 0 0 1 0 0 0 0 0 0 0 1 0 0 
Atribuicoes:
4 19 39 39 0 25 16 16 8 20 18 31 47 25 4 19 20 18 18 0 9 47 22 9 47 25 19 13 30 1 18 31 1 39 8 31 22 20 4 13 30 47 20 30 8 1 9 4 13 0 
Custo Total: 590875
