Instância: Data/raw/50_P80_M1_HUB_7.txt
Tempo limite: 30 segundos
Seed: 1
Tamanho da pertubação: 5
Solução inicial:
Instalacoes:
1 0 1 1 0 1 0 1 0 1 0 1 0 0 1 0 0 0 1 1 0 0 1 0 0 0 0 0 1 1 0 0 0 0 0 0 0 0 0 1 0 1 1 1 0 0 1 0 0 0 
Atribuicoes:
0 0 2 3 42 5 14 7 42 9 41 11 7 2 14 9 41 7 18 19 41 43 22 29 42 5 42 11 28 29 2 28 43 2 0 9 3 7 42 39 28 18 0 19 42 42 46 19 39 0 
Custo Total: 2730278
Solução após busca local:
Instalacoes:
1 1 0 1 1 1 0 1 1 1 0 1 0 1 1 0 0 0 1 1 1 0 1 0 0 1 0 0 1 1 1 1 0 0 0 1 0 0 0 1 0 1 1 1 0 0 0 1 0 0 
Atribuicoes:
20 47 31 30 4 5 31 7 1 18 25 11 30 25 14 9 20 18 35 19 41 43 22 13 31 2 42 47 28 29 4 9 1 25 8 9 3 31 42 39 28 9 0 35 42 8 19 19 39 0 
Custo Total: 1031786
Total de iterações: 18717
Melhorias: 21
Tempo até a melhor solução: 28.3124 segundos
Iterações até a melhor solução: 17670
Soma dos custos: 13277078090
Média dos custos: 709359
Pior valor encontrado: 942317
Melhor solução encontrada:
Instalacoes:
1 1 0 0 1 0 0 0 1 1 0 0 0 1 0 0 1 0 1 1 1 0 1 1 0 0 0 0 0 0 1 1 0 0 1 0 0 0 0 1 0 0 0 0 0 0 1 1 0 1 
Atribuicoes:
20 30 31 39 4 19 20 20 0 1 4 39 8 4 13 9 13 19 16 1 18 1 22 23 31 8 47 30 8 16 18 9 0 13 34 9 20 31 47 1 4 9 8 47 47 46 46 8 49 49 
Custo Total: 692528
