Instância: Data/raw/50_P90_M1_HUB_5.txt
Tempo limite: 30 segundos
Seed: 6
Tamanho da pertubação: 5
Solução inicial:
Instalacoes:
1 0 1 1 1 1 0 1 1 1 0 1 0 0 0 0 0 0 1 1 1 0 1 0 0 0 0 0 1 1 0 0 0 0 0 0 0 0 0 1 0 0 1 1 0 0 1 0 0 0 
Atribuicoes:
0 0 2 3 4 5 20 7 8 9 4 11 7 2 19 9 42 7 18 19 20 43 22 29 42 5 4 11 28 29 2 28 43 4 0 9 3 7 46 39 28 18 8 19 4 46 8 19 39 0 
Custo Total: 2444475
Solução após busca local:
Instalacoes:
1 1 1 1 1 1 0 1 1 1 0 1 0 1 0 1 1 0 1 1 1 0 1 1 0 1 0 0 1 1 1 1 0 0 1 1 0 0 0 1 0 0 1 1 0 0 1 1 0 1 
Atribuicoes:
49 0 2 3 4 13 20 49 8 42 16 7 39 13 30 9 35 25 18 19 20 43 22 2 42 5 34 11 31 29 47 28 23 4 31 9 30 1 46 39 23 22 18 31 47 46 8 1 19 9 
Custo Total: 1123851
Total de iterações: 14911
Melhorias: 25
Tempo até a melhor solução: 28.942 segundos
Iterações até a melhor solução: 14382
Soma dos custos: 12987396233
Média dos custos: 870994
Pior valor encontrado: 1101894
Melhor solução encontrada:
Instalacoes:
1 1 0 0 1 0 0 0 1 1 0 0 0 1 0 0 1 0 1 1 1 0 1 1 0 1 0 1 1 1 1 1 0 0 0 1 0 0 0 1 0 0 1 0 0 0 0 1 0 1 
Atribuicoes:
42 19 23 0 4 28 16 13 47 1 22 22 39 20 49 9 35 27 4 8 16 1 18 23 35 0 47 28 31 29 27 25 30 13 31 9 49 18 8 39 30 18 42 31 0 8 4 20 1 9 
Custo Total: 855190
