Instância: Data/raw/50_P80_M1_HUB_7.txt
Tempo limite: 30 segundos
Seed: 3
Tamanho da pertubação: 5
Solução inicial:
Instalacoes:
1 0 1 1 0 1 0 1 0 1 0 1 0 0 1 0 0 0 1 1 0 0 1 0 0 0 0 0 1 1 0 0 0 0 0 0 0 0 0 1 0 1 1 1 0 0 1 0 0 0 
Atribuicoes:
0 0 2 3 42 5 14 7 42 9 41 11 7 2 14 9 41 7 18 19 41 43 22 29 42 5 42 11 28 29 2 28 43 2 0 9 3 7 42 39 28 18 0 19 42 42 46 19 39 0 
Custo Total: 2730278
Solução após busca local:
Instalacoes:
1 1 0 1 1 1 0 1 1 1 0 1 0 1 1 0 0 0 1 1 1 0 1 0 0 1 0 0 1 1 1 1 0 0 0 1 0 0 0 1 0 1 1 1 0 0 0 1 0 0 
Atribuicoes:
20 47 31 30 4 5 31 7 1 18 25 11 30 25 14 9 20 18 35 19 41 43 22 13 31 2 42 47 28 29 4 9 1 25 8 9 3 31 42 39 28 9 0 35 42 8 19 19 39 0 
Custo Total: 1031786
Total de iterações: 19169
Melhorias: 22
Tempo até a melhor solução: 25.1964 segundos
Iterações até a melhor solução: 16089
Soma dos custos: 13869836827
Média dos custos: 723556
Pior valor encontrado: 945156
Melhor solução encontrada:
Instalacoes:
1 1 0 0 1 0 0 0 1 1 0 0 0 1 0 0 1 0 1 1 1 0 1 1 0 0 0 0 0 1 1 1 0 0 1 0 0 0 0 1 0 0 0 0 0 0 1 1 0 1 
Atribuicoes:
49 34 31 8 47 31 39 39 1 16 47 8 8 47 20 9 20 16 18 19 19 8 22 23 49 0 4 34 0 29 30 9 1 20 13 9 39 39 4 13 47 9 0 4 4 46 46 0 30 18 
Custo Total: 707068
