Instância: Data/raw/50_P100_M0_Continuo_5.txt
Tempo limite: 30 segundos
Seed: 5
Tamanho da pertubação: 5
Solução inicial:
Instalacoes:
1 0 1 1 0 1 0 1 0 1 0 1 0 0 0 1 0 0 1 1 0 0 1 0 0 0 0 0 1 0 0 0 0 0 0 0 0 0 0 1 0 1 1 1 0 0 1 0 0 0 
Atribuicoes:
0 0 2 3 15 5 41 7 15 9 46 11 7 2 19 9 42 7 18 19 46 43 22 43 42 5 15 11 28 43 2 28 5 2 0 9 3 7 9 39 28 18 42 19 42 46 46 19 39 0 
Custo Total: 3108572
Solução após busca local:
Instalacoes:
1 1 1 1 1 1 0 1 1 1 0 1 0 1 0 1 1 0 1 1 1 0 1 1 1 1 0 1 1 0 1 1 0 0 1 1 0 0 0 1 0 0 1 1 0 0 1 1 0 1 
Atribuicoes:
0 0 2 3 9 25 30 20 1 4 18 11 5 25 34 15 41 27 18 47 35 43 22 23 24 2 13 11 28 13 31 27 19 16 16 49 3 7 9 39 31 49 8 47 42 8 46 19 39 34 
Custo Total: 1332370
Total de iterações: 14369
Melhorias: 9
Tempo até a melhor solução: 14.1222 segundos
Iterações até a melhor solução: 6718
Soma dos custos: 17362188846
Média dos custos: 1.20831e+06
Pior valor encontrado: 1396510
Melhor solução encontrada:
Instalacoes:
1 1 0 0 1 0 0 0 1 1 0 1 0 1 1 1 1 0 1 1 1 0 1 1 0 1 0 1 0 1 1 1 0 0 1 1 0 0 0 1 0 0 1 0 0 0 1 1 0 1 
Atribuicoes:
4 14 30 25 9 23 4 25 8 1 18 11 0 13 34 15 49 27 18 47 49 20 22 23 30 39 0 11 42 29 9 27 19 16 16 35 20 31 46 13 31 35 8 47 42 1 46 19 39 34 
Custo Total: 1201190
