Instância: Data/raw/50_P90_M1_HUB_5.txt
Tempo limite: 30 segundos
Seed: 5
Tamanho da pertubação: 5
Solução inicial:
Instalacoes:
1 0 1 1 1 1 0 1 1 1 0 1 0 0 0 0 0 0 1 1 1 0 1 0 0 0 0 0 1 1 0 0 0 0 0 0 0 0 0 1 0 0 1 1 0 0 1 0 0 0 
Atribuicoes:
0 0 2 3 4 5 20 7 8 9 4 11 7 2 19 9 42 7 18 19 20 43 22 29 42 5 4 11 28 29 2 28 43 4 0 9 3 7 46 39 28 18 8 19 4 46 8 19 39 0 
Custo Total: 2444475
Solução após busca local:
Instalacoes:
1 1 1 1 1 1 0 1 1 1 0 1 0 1 0 1 1 0 1 1 1 0 1 1 0 1 0 0 1 1 1 1 0 0 1 1 0 0 0 1 0 0 1 1 0 0 1 1 0 1 
Atribuicoes:
49 0 2 3 4 13 20 49 8 42 16 7 39 13 30 9 35 25 18 19 20 43 22 2 42 5 34 11 31 29 47 28 23 4 31 9 30 1 46 39 23 22 18 31 47 46 8 1 19 9 
Custo Total: 1123851
Total de iterações: 16036
Melhorias: 18
Tempo até a melhor solução: 17.4862 segundos
Iterações até a melhor solução: 9365
Soma dos custos: 13873360573
Média dos custos: 865138
Pior valor encontrado: 1074760
Melhor solução encontrada:
Instalacoes:
1 1 0 0 1 0 0 0 1 1 0 0 0 1 0 0 1 0 1 1 1 0 1 1 0 1 0 1 0 0 1 1 0 0 0 1 0 0 0 1 1 0 0 0 0 0 1 1 0 1 
Atribuicoes:
19 49 1 25 4 9 47 16 8 35 27 27 19 13 20 9 16 49 18 4 18 30 22 30 35 25 8 13 20 23 47 31 23 39 9 0 20 22 46 39 40 22 18 0 47 46 4 1 30 0 
Custo Total: 858190
