Instância: Data/raw/50_P20_M1_Continuo_7.txt
Tempo limite: 30 segundos
Seed: 8
Tamanho da pertubação: 5
Solução inicial:
Instalacoes:
1 0 0 0 0 0 0 0 0 1 0 0 0 1 0 0 0 0 0 1 1 0 1 1 0 0 0 0 0 0 1 0 0 0 0 0 0 0 0 0 0 0 0 0 0 0 1 1 0 0 
Atribuicoes:
9 9 13 23 46 13 30 19 46 0 20 20 22 13 9 0 0 22 9 9 20 19 22 13 0 9 19 20 20 23 23 13 19 23 9 0 23 30 30 13 9 20 9 9 19 46 46 47 13 9 
Custo Total: 1542569
Solução após busca local:
Instalacoes:
1 1 0 0 1 0 0 0 1 1 0 0 0 1 0 0 0 0 0 1 1 0 1 1 0 0 0 0 0 0 0 0 0 0 0 0 0 0 0 0 0 0 0 0 0 0 1 0 0 0 
Atribuicoes:
4 9 20 20 20 4 1 19 8 0 20 22 4 13 1 9 20 22 9 9 20 13 22 13 1 13 20 20 4 20 30 8 30 8 4 0 8 9 8 13 9 20 9 8 4 4 9 30 13 9 
Custo Total: 393533
Total de iterações: 66960
Melhorias: 23
Tempo até a melhor solução: 17.3148 segundos
Iterações até a melhor solução: 38272
Soma dos custos: 15692549001
Média dos custos: 234357
Pior valor encontrado: 460809
Melhor solução encontrada:
Instalacoes:
0 1 0 0 1 0 0 0 1 1 0 0 0 0 0 0 0 0 0 0 1 0 1 0 0 0 0 0 0 0 0 0 0 0 0 0 0 0 0 0 0 0 0 0 0 0 0 1 0 0 
Atribuicoes:
4 1 9 4 4 9 20 4 8 1 20 20 9 20 20 4 9 47 9 9 20 47 22 9 9 1 47 20 4 9 20 47 8 8 4 8 20 47 8 4 9 9 8 4 9 4 8 9 20 1 
Custo Total: 225439
