Instância: Data/raw/50_P80_M1_Continuo_1.txt
Tempo limite: 30 segundos
Seed: 8
Tamanho da pertubação: 5
Solução inicial:
Instalacoes:
1 0 1 0 0 0 0 0 0 0 0 1 0 0 1 0 0 0 1 1 0 0 1 1 0 1 0 0 1 0 1 0 0 0 1 0 0 0 0 1 0 0 0 0 0 0 1 1 0 0 
Atribuicoes:
47 47 23 46 19 23 30 2 19 30 18 11 39 23 14 47 34 18 18 47 11 14 22 23 46 25 47 25 28 23 23 25 19 25 47 34 23 39 19 39 30 18 0 14 19 19 46 30 39 47 
Custo Total: 3471234
Solução após busca local:
Instalacoes:
0 1 0 0 1 0 0 1 1 1 0 1 0 1 1 0 1 0 1 1 1 0 1 1 0 1 0 0 0 0 1 1 0 0 0 0 0 0 0 1 0 0 0 0 0 0 1 1 0 1 
Atribuicoes:
4 20 13 18 20 49 47 31 46 30 11 11 49 31 14 47 47 8 18 13 16 14 22 23 1 25 47 39 2 4 4 25 14 9 47 22 23 39 19 39 30 1 30 4 19 8 46 9 46 8 
Custo Total: 816649
Total de iterações: 18592
Melhorias: 18
Tempo até a melhor solução: 18.7756 segundos
Iterações até a melhor solução: 11552
Soma dos custos: 12006137350
Média dos custos: 645769
Pior valor encontrado: 880810
Melhor solução encontrada:
Instalacoes:
1 1 0 0 1 0 0 0 1 1 0 0 0 1 0 0 1 0 1 1 1 0 1 1 0 0 0 0 0 0 1 1 0 0 1 1 0 0 0 0 0 0 0 0 0 0 0 1 0 1 
Atribuicoes:
4 20 30 13 18 22 9 19 20 19 49 22 49 31 49 47 34 18 18 16 30 8 16 23 1 47 8 9 31 4 4 47 20 13 34 16 23 13 1 0 35 9 9 4 1 8 20 0 9 35 
Custo Total: 637920
