Instância: Data/raw/50_P100_M0_Continuo_1.txt
Tempo limite: 30 segundos
Seed: 3
Tamanho da pertubação: 5
Solução inicial:
Instalacoes:
1 0 1 1 0 1 0 1 0 1 0 1 0 0 1 1 0 0 1 1 0 0 1 0 0 0 0 0 1 1 0 0 0 0 0 0 0 0 1 1 0 1 1 1 0 0 1 0 0 0 
Atribuicoes:
0 0 2 3 15 5 41 7 15 9 46 11 7 2 14 9 46 7 18 19 46 43 22 29 42 5 15 11 28 29 2 28 43 2 0 9 3 7 38 39 28 18 42 19 42 38 46 19 39 0 
Custo Total: 2717109
Solução após busca local:
Instalacoes:
1 1 1 0 1 1 0 1 1 1 0 1 0 1 0 1 1 0 1 1 1 0 1 1 0 1 0 0 1 0 1 1 1 0 1 1 0 0 1 1 0 0 1 1 0 0 1 1 0 1 
Atribuicoes:
0 49 2 39 15 5 1 30 8 9 20 11 7 2 18 49 35 20 18 19 46 8 22 5 4 16 0 31 28 23 32 31 43 13 19 9 23 7 38 39 30 41 16 43 42 47 46 4 25 34 
Custo Total: 1334967
Total de iterações: 14172
Melhorias: 18
Tempo até a melhor solução: 17.3674 segundos
Iterações até a melhor solução: 8106
Soma dos custos: 16836193885
Média dos custos: 1.18799e+06
Pior valor encontrado: 1389869
Melhor solução encontrada:
Instalacoes:
1 1 0 0 1 1 0 1 1 1 0 1 0 1 0 0 1 0 1 1 1 0 1 1 0 1 0 1 1 0 1 1 0 0 1 1 0 0 0 1 0 0 0 0 0 0 1 1 0 1 
Atribuicoes:
0 49 23 39 9 5 19 7 8 35 22 11 30 23 34 16 27 27 18 9 18 47 25 20 28 30 0 31 28 13 20 31 1 25 34 35 13 47 4 39 22 16 4 1 8 20 46 19 49 46 
Custo Total: 1182140
