Instância: Data/raw/50_P80_M0_Continuo_5.txt
Tempo limite: 30 segundos
Seed: 8
Tamanho da pertubação: 5
Solução inicial:
Instalacoes:
1 1 1 0 0 0 0 1 0 0 0 0 0 1 1 1 0 0 1 0 0 0 1 1 1 0 0 0 1 0 0 0 0 0 0 0 0 0 1 1 0 0 1 1 0 0 1 1 0 0 
Atribuicoes:
47 1 23 39 1 23 46 7 1 0 46 22 7 13 14 43 42 7 18 47 15 43 22 23 24 39 15 13 28 23 18 28 23 23 1 42 39 7 38 13 28 18 42 43 46 38 46 47 23 14 
Custo Total: 2522969
Solução após busca local:
Instalacoes:
0 1 0 0 1 1 0 1 1 1 0 0 0 1 1 1 1 0 1 1 1 0 1 1 0 0 0 0 1 0 1 0 0 0 1 1 0 0 0 1 0 0 1 1 0 0 1 1 0 1 
Atribuicoes:
19 34 13 39 1 30 16 8 1 15 16 22 7 13 14 49 42 49 18 47 18 49 22 8 14 39 20 13 30 4 5 28 9 23 34 4 20 9 16 5 28 35 42 43 46 9 46 47 23 35 
Custo Total: 953586
Total de iterações: 18740
Melhorias: 19
Tempo até a melhor solução: 22.7832 segundos
Iterações até a melhor solução: 14156
Soma dos custos: 12532085013
Média dos custos: 668735
Pior valor encontrado: 921243
Melhor solução encontrada:
Instalacoes:
1 1 0 0 1 0 0 0 1 1 0 0 0 1 0 0 1 0 0 1 1 0 1 1 0 1 0 0 0 0 1 1 0 0 1 0 0 0 0 1 0 0 0 0 0 0 1 1 0 1 
Atribuicoes:
4 0 13 39 20 30 16 8 4 49 16 22 39 13 9 4 1 20 0 49 0 49 22 8 8 30 4 13 30 23 25 31 47 16 34 19 9 47 47 25 31 20 1 34 46 9 46 19 23 34 
Custo Total: 656992
