Instância: Data/raw/50_P80_M0_Continuo_1.txt
Tempo limite: 30 segundos
Seed: 1
Tamanho da pertubação: 5
Solução inicial:
Instalacoes:
1 0 1 1 0 1 0 1 1 1 0 0 0 1 0 0 0 0 1 1 0 0 1 1 0 0 0 1 1 0 0 0 0 0 0 0 0 0 1 1 0 1 0 1 0 0 1 1 0 1 
Atribuicoes:
47 8 13 3 49 5 27 7 8 9 46 39 7 13 43 9 41 7 18 47 41 43 22 2 19 13 19 27 28 23 23 28 2 23 8 9 3 7 38 39 49 18 0 43 47 38 46 19 39 8 
Custo Total: 2028917
Solução após busca local:
Instalacoes:
1 1 1 1 1 0 0 1 1 1 0 0 0 1 0 0 1 0 1 1 1 0 1 1 1 1 0 0 1 0 1 0 0 0 1 0 0 0 1 1 0 1 0 1 0 0 1 1 0 1 
Atribuicoes:
47 13 0 39 49 19 0 25 8 9 9 25 7 13 43 9 47 22 18 20 4 43 22 2 30 13 47 8 16 23 23 28 1 30 8 20 8 16 18 4 34 41 0 47 1 38 46 19 39 30 
Custo Total: 922995
Total de iterações: 18938
Melhorias: 23
Tempo até a melhor solução: 27.3329 segundos
Iterações até a melhor solução: 17246
Soma dos custos: 12608430973
Média dos custos: 665774
Pior valor encontrado: 928442
Melhor solução encontrada:
Instalacoes:
1 1 0 0 1 0 0 0 1 1 0 0 0 1 0 0 1 0 1 1 1 0 1 1 0 1 0 0 0 0 1 0 0 0 0 0 0 0 0 1 0 0 0 0 0 0 1 1 0 1 
Atribuicoes:
4 49 13 39 0 19 0 47 8 9 16 30 22 18 8 16 20 13 0 19 16 30 46 20 9 8 4 4 25 23 23 8 1 9 1 19 8 25 47 13 22 18 1 4 47 49 46 9 39 20 
Custo Total: 654211
