Instância: Data/raw/50_P100_M1_HUB_5.txt
Tempo limite: 30 segundos
Seed: 3
Tamanho da pertubação: 5
Solução inicial:
Instalacoes:
1 0 1 1 0 1 0 1 0 1 0 1 0 0 0 1 0 0 1 1 0 0 1 0 0 0 0 0 1 1 0 0 0 0 0 0 0 0 1 1 0 1 1 1 0 0 1 0 0 0 
Atribuicoes:
0 0 2 3 15 5 41 7 15 9 46 11 7 2 19 9 42 7 18 19 46 43 22 29 42 5 43 11 28 29 2 28 5 29 0 9 3 7 38 39 28 18 42 19 9 38 46 19 39 0 
Custo Total: 2887672
Solução após busca local:
Instalacoes:
1 1 1 1 1 1 0 1 1 1 0 1 0 1 0 1 1 0 1 1 1 0 1 1 0 1 0 1 1 1 1 1 0 0 1 1 0 0 0 1 0 0 1 1 0 0 1 1 0 1 
Atribuicoes:
0 30 25 3 15 13 23 16 8 35 27 11 7 13 34 9 41 9 18 19 8 43 22 23 42 5 1 28 28 29 2 31 4 31 34 20 47 4 46 39 20 1 16 47 19 46 18 49 3 0 
Custo Total: 1329461
Total de iterações: 14246
Melhorias: 23
Tempo até a melhor solução: 28.2797 segundos
Iterações até a melhor solução: 13408
Soma dos custos: 16848134242
Média dos custos: 1.18266e+06
Pior valor encontrado: 1401949
Melhor solução encontrada:
Instalacoes:
1 1 0 0 1 1 0 0 1 1 0 1 0 1 0 0 1 0 1 1 1 0 1 1 0 1 0 1 1 0 1 1 0 0 1 1 0 0 0 1 0 1 1 0 0 0 1 1 0 1 
Atribuicoes:
0 19 30 39 47 5 9 16 8 42 41 27 0 20 34 30 16 22 18 4 18 9 22 23 35 25 1 11 28 23 13 8 31 1 34 35 47 31 46 13 27 41 42 19 4 46 20 49 39 49 
Custo Total: 1164787
