Instância: Data/raw/50_P80_M1_HUB_9.txt
Tempo limite: 30 segundos
Seed: 8
Tamanho da pertubação: 5
Solução inicial:
Instalacoes:
1 0 1 1 1 1 0 1 1 1 0 0 0 0 1 0 0 0 1 0 0 0 1 0 0 0 0 0 1 1 0 0 0 0 0 0 0 0 0 1 0 1 1 0 0 0 1 1 0 0 
Atribuicoes:
4 4 2 3 4 5 42 7 4 9 46 9 7 2 14 42 46 7 18 47 46 14 22 29 42 5 9 9 8 29 2 8 5 2 4 46 3 7 46 39 8 18 8 14 46 4 8 47 39 42 
Custo Total: 3320045
Solução após busca local:
Instalacoes:
0 1 1 1 1 1 0 1 1 1 0 0 0 1 1 1 1 0 1 1 1 0 1 1 0 1 0 0 0 1 1 1 1 0 1 0 0 0 0 1 0 0 1 0 0 0 1 1 0 1 
Atribuicoes:
20 47 2 3 4 5 16 7 8 15 4 9 49 39 42 42 39 1 18 4 18 13 22 30 34 19 9 22 47 29 25 31 32 34 8 46 22 7 1 39 23 14 8 30 19 4 20 13 8 34 
Custo Total: 973135
Total de iterações: 17936
Melhorias: 20
Tempo até a melhor solução: 28.3068 segundos
Iterações até a melhor solução: 16883
Soma dos custos: 11817892037
Média dos custos: 658892
Pior valor encontrado: 905049
Melhor solução encontrada:
Instalacoes:
1 1 0 0 1 0 0 0 1 1 0 0 1 1 0 0 1 0 1 1 1 0 1 1 0 1 0 0 0 0 1 1 0 0 0 0 0 0 0 1 0 0 0 0 0 0 0 1 0 0 
Atribuicoes:
20 1 47 16 4 13 13 30 8 4 13 47 12 13 0 0 1 39 18 4 18 19 0 23 20 9 47 22 30 31 31 25 23 16 8 13 20 39 0 25 22 19 8 1 9 4 9 19 8 16 
Custo Total: 644835
