Instância: Data/raw/50_P100_M1_HUB_2.txt
Tempo limite: 30 segundos
Seed: 6
Tamanho da pertubação: 5
Solução inicial:
Instalacoes:
1 0 1 1 0 1 0 1 0 1 0 1 0 0 0 1 0 0 1 1 0 0 1 0 0 0 0 0 1 0 0 0 0 0 0 0 0 0 0 1 0 1 1 1 0 0 1 0 0 0 
Atribuicoes:
0 0 2 3 15 5 41 7 15 9 46 11 7 2 19 9 42 7 18 19 46 43 22 43 42 5 15 11 28 43 2 28 5 2 0 9 3 7 9 39 28 18 42 19 42 46 46 19 39 0 
Custo Total: 3256962
Solução após busca local:
Instalacoes:
1 1 1 1 1 1 0 1 1 1 0 1 1 1 0 1 1 0 1 1 1 0 1 1 0 1 0 1 1 1 1 1 0 0 1 1 0 0 0 1 0 0 1 1 0 0 1 1 0 1 
Atribuicoes:
8 4 2 3 4 5 18 7 15 46 41 11 12 20 19 8 42 22 16 19 31 43 22 23 34 49 49 30 28 13 2 27 25 16 0 23 1 9 9 29 34 18 4 47 1 20 46 0 39 35 
Custo Total: 1373138
Total de iterações: 14203
Melhorias: 15
Tempo até a melhor solução: 20.0669 segundos
Iterações até a melhor solução: 9513
Soma dos custos: 17136488502
Média dos custos: 1.20654e+06
Pior valor encontrado: 1417447
Melhor solução encontrada:
Instalacoes:
1 1 0 0 1 0 0 0 1 1 0 0 0 1 0 0 1 0 1 1 1 0 1 1 1 1 0 0 1 1 1 1 0 0 1 1 0 0 0 1 0 0 1 1 0 0 1 1 0 1 
Atribuicoes:
9 47 25 30 4 13 47 34 8 16 22 23 39 20 19 49 35 25 34 19 39 49 22 23 24 16 8 18 28 29 30 43 1 20 0 24 1 42 42 13 31 18 4 43 9 46 46 0 31 28 
Custo Total: 1199323
