Instância: Data/raw/50_P50_M1_HUB_5.txt
Tempo limite: 30 segundos
Seed: 5
Tamanho da pertubação: 5
Solução inicial:
Instalacoes:
1 0 0 0 1 0 0 0 1 0 0 0 0 1 0 0 0 0 0 0 1 0 1 0 0 0 0 0 1 0 1 0 0 0 0 0 0 0 0 1 0 0 1 0 0 0 0 1 0 0 
Atribuicoes:
47 47 13 39 4 30 20 39 8 4 22 30 39 13 0 0 42 39 8 47 20 30 22 30 4 13 42 13 47 20 28 47 28 39 47 4 39 39 42 13 47 4 8 47 42 42 8 47 13 0 
Custo Total: 2230820
Solução após busca local:
Instalacoes:
1 1 0 0 1 0 0 0 1 1 0 0 0 1 0 0 1 0 1 0 1 0 1 1 0 0 0 0 0 0 1 0 0 0 0 0 0 0 0 1 0 0 1 0 0 0 0 1 0 1 
Atribuicoes:
8 1 13 23 4 30 20 4 20 4 22 9 49 13 18 0 49 18 8 47 18 13 22 30 4 13 42 20 1 23 16 9 23 39 1 4 39 4 47 20 28 4 8 20 8 8 8 47 30 0 
Custo Total: 592568
Total de iterações: 27330
Melhorias: 14
Tempo até a melhor solução: 25.1187 segundos
Iterações até a melhor solução: 22792
Soma dos custos: 11071929514
Média dos custos: 405120
Pior valor encontrado: 660184
Melhor solução encontrada:
Instalacoes:
1 1 0 0 1 0 0 0 1 1 0 0 0 1 0 0 0 0 0 0 1 0 1 0 0 1 0 0 0 0 1 0 0 0 0 0 0 0 0 0 0 0 0 0 0 0 0 1 0 1 
Atribuicoes:
9 49 13 20 4 9 20 4 20 4 22 25 47 8 47 0 49 22 9 8 9 13 8 13 4 0 47 20 1 30 47 25 30 4 1 4 1 4 47 4 9 9 8 20 8 8 8 0 13 1 
Custo Total: 399282
