Instância: Data/raw/50_P30_M1_Continuo_6.txt
Tempo limite: 30 segundos
Seed: 5
Tamanho da pertubação: 5
Solução inicial:
Instalacoes:
1 0 0 0 0 0 0 0 0 1 0 0 0 1 0 0 1 0 0 1 0 0 1 0 0 0 0 0 0 0 0 1 0 0 0 0 0 0 0 0 0 0 1 0 0 0 1 0 0 0 
Atribuicoes:
19 19 31 9 46 31 42 22 46 19 16 9 13 31 0 19 9 13 19 19 42 19 22 13 16 13 19 9 31 0 0 13 19 9 0 16 9 13 9 13 16 16 42 0 9 46 46 0 13 19 
Custo Total: 1498964
Solução após busca local:
Instalacoes:
1 0 0 0 1 0 0 0 1 1 0 0 0 1 0 0 1 0 0 1 1 0 1 0 0 0 0 0 0 0 0 1 0 0 0 0 0 0 0 0 0 0 1 0 0 0 1 1 0 0 
Atribuicoes:
19 8 47 9 47 9 20 9 47 8 4 20 13 8 0 4 9 20 4 19 47 20 22 13 16 13 8 9 47 13 0 31 8 20 47 16 9 4 4 13 16 20 9 0 4 47 46 4 8 9 
Custo Total: 412851
Total de iterações: 46212
Melhorias: 9
Tempo até a melhor solução: 15.7908 segundos
Iterações até a melhor solução: 23956
Soma dos custos: 12334267027
Média dos custos: 266906
Pior valor encontrado: 496327
Melhor solução encontrada:
Instalacoes:
0 1 0 0 1 0 0 0 1 1 0 0 0 1 0 0 0 0 0 0 1 0 1 0 0 0 0 0 0 0 0 0 0 0 0 0 0 0 0 0 0 0 0 0 0 0 0 1 0 0 
Atribuicoes:
8 8 20 9 4 9 20 9 47 8 1 22 4 8 20 4 47 13 47 20 20 47 22 13 1 13 8 9 4 47 20 13 8 8 20 1 9 4 4 20 20 47 9 20 4 9 9 4 8 1 
Custo Total: 266409
