Instância: Data/raw/50_P100_M0_Continuo_3.txt
Tempo limite: 30 segundos
Seed: 8
Tamanho da pertubação: 5
Solução inicial:
Instalacoes:
1 0 1 1 0 1 0 1 0 1 0 0 0 0 0 1 0 0 1 1 0 0 1 0 0 0 0 0 1 1 0 0 0 0 0 0 0 0 1 1 0 1 1 1 0 0 1 0 0 0 
Atribuicoes:
0 0 2 3 15 5 41 7 15 9 46 22 7 2 19 9 42 7 18 19 46 43 22 29 42 5 43 22 28 29 2 28 5 2 0 9 3 7 38 39 28 18 42 19 42 38 46 19 39 0 
Custo Total: 2806243
Solução após busca local:
Instalacoes:
1 1 1 1 1 1 0 1 1 1 0 0 0 1 0 1 1 0 1 1 1 0 1 1 0 1 0 1 1 1 1 1 0 0 1 0 0 0 1 1 0 0 1 1 0 0 1 1 0 1 
Atribuicoes:
0 8 2 3 15 5 13 7 8 9 13 30 31 2 19 9 42 27 18 19 41 34 22 23 47 5 43 27 25 29 23 49 16 20 0 34 1 16 47 39 28 1 42 4 46 38 46 30 18 49 
Custo Total: 1352698
Total de iterações: 13732
Melhorias: 25
Tempo até a melhor solução: 28.7288 segundos
Iterações até a melhor solução: 13176
Soma dos custos: 16433944431
Média dos custos: 1.19676e+06
Pior valor encontrado: 1397660
Melhor solução encontrada:
Instalacoes:
1 1 1 0 1 0 0 0 1 1 0 0 0 1 0 0 1 0 1 1 1 0 1 1 0 1 0 1 0 0 1 1 0 0 1 1 0 0 0 1 0 0 1 0 0 0 1 1 0 1 
Atribuicoes:
0 13 2 39 46 25 39 31 4 42 16 27 9 2 19 42 35 46 18 19 1 34 22 23 34 25 1 31 47 23 30 49 22 4 8 47 13 16 8 9 27 35 0 30 47 20 20 9 18 49 
Custo Total: 1178039
