Instância: Data/raw/50_P70_M1_Continuo_4.txt
Tempo limite: 30 segundos
Seed: 10
Tamanho da pertubação: 5
Solução inicial:
Instalacoes:
1 0 1 1 1 0 0 1 0 1 0 1 0 1 0 0 1 0 0 0 1 0 1 0 0 1 0 0 0 1 0 0 0 0 1 0 0 0 0 1 0 0 1 0 0 0 1 1 0 0 
Atribuicoes:
4 4 2 3 42 2 39 7 46 9 16 11 7 13 34 9 20 7 20 47 20 34 22 2 16 25 47 11 25 29 47 39 0 16 4 9 3 7 46 13 16 20 42 34 47 4 42 0 25 4 
Custo Total: 2154233
Solução após busca local:
Instalacoes:
1 1 1 1 1 0 0 1 1 1 0 1 0 1 0 0 1 0 0 1 1 0 1 0 0 1 0 1 1 0 1 1 0 0 1 0 0 0 0 1 0 0 1 0 0 0 1 1 0 1 
Atribuicoes:
0 4 2 4 42 31 39 25 46 49 16 11 30 13 9 9 34 7 20 1 20 13 22 34 8 28 19 31 25 13 47 22 31 30 28 9 3 47 46 1 16 20 42 34 47 4 4 0 39 16 
Custo Total: 843847
Total de iterações: 21072
Melhorias: 13
Tempo até a melhor solução: 5.70963 segundos
Iterações até a melhor solução: 4027
Soma dos custos: 12297069077
Média dos custos: 583574
Pior valor encontrado: 815357
Melhor solução encontrada:
Instalacoes:
1 1 0 0 1 0 0 0 1 1 0 0 0 1 0 0 1 0 1 1 1 0 1 1 0 0 0 0 0 0 1 1 0 0 0 0 0 0 0 0 0 0 0 0 0 0 0 1 0 1 
Atribuicoes:
0 4 23 4 1 31 20 18 8 16 47 16 47 13 9 9 18 0 20 1 20 13 22 23 8 9 0 31 30 13 16 22 30 47 49 18 8 0 47 1 8 30 49 19 19 4 4 49 19 16 
Custo Total: 581874
