Instância: Data/raw/50_P40_M1_Continuo_3.txt
Tempo limite: 30 segundos
Seed: 10
Tamanho da pertubação: 5
Solução inicial:
Instalacoes:
1 1 0 0 0 0 0 0 0 1 0 0 0 1 0 0 1 0 1 0 0 0 1 1 0 0 0 0 0 0 1 0 0 0 0 0 0 0 0 1 0 0 1 0 0 0 0 0 0 0 
Atribuicoes:
0 0 13 39 42 30 39 16 42 9 1 13 1 13 1 9 9 16 18 0 18 1 22 23 9 13 42 13 1 23 30 13 30 23 0 9 16 39 1 39 9 18 1 1 1 9 42 0 39 9 
Custo Total: 1803673
Solução após busca local:
Instalacoes:
1 1 0 0 1 0 0 0 1 1 0 0 0 1 0 0 1 0 1 0 1 0 1 1 0 0 0 0 0 0 1 0 0 0 1 1 0 0 0 1 0 0 0 0 0 0 0 1 0 0 
Atribuicoes:
8 1 13 9 8 30 20 16 47 9 20 13 47 13 20 8 8 16 47 0 18 1 22 8 9 4 4 4 20 1 30 13 1 47 0 35 8 20 4 39 20 18 4 8 1 9 47 4 39 9 
Custo Total: 542044
Total de iterações: 35073
Melhorias: 11
Tempo até a melhor solução: 15.4119 segundos
Iterações até a melhor solução: 18253
Soma dos custos: 12451212469
Média dos custos: 355008
Pior valor encontrado: 602540
Melhor solução encontrada:
Instalacoes:
1 1 0 0 1 0 0 0 1 1 0 0 0 1 0 0 0 0 0 1 1 0 1 0 0 0 0 0 0 0 0 0 0 0 0 0 0 0 0 0 0 0 0 0 0 0 0 1 0 0 
Atribuicoes:
8 1 13 9 0 20 13 22 0 47 20 22 9 13 20 8 8 47 0 19 1 47 0 8 20 13 4 4 20 47 1 8 47 9 4 9 8 1 8 9 20 20 4 47 47 9 8 4 9 9 
Custo Total: 346466
