Instância: Data/raw/50_P100_M0_Continuo_2.txt
Tempo limite: 30 segundos
Seed: 4
Tamanho da pertubação: 5
Solução inicial:
Instalacoes:
1 0 1 1 1 1 0 1 0 1 0 1 0 0 1 1 0 0 1 1 0 0 1 0 0 1 0 0 1 1 0 0 0 0 0 0 0 0 0 1 0 1 1 1 0 0 1 0 0 0 
Atribuicoes:
4 4 2 3 15 5 25 7 15 9 46 11 7 2 14 9 46 7 18 4 46 43 22 29 42 5 0 11 28 29 2 25 43 5 4 9 3 7 25 39 28 18 42 19 0 4 46 19 39 4 
Custo Total: 2888855
Solução após busca local:
Instalacoes:
1 1 1 1 1 1 0 1 1 1 0 1 0 1 1 0 1 0 1 1 1 0 1 1 0 1 0 1 1 1 1 1 0 0 1 1 0 0 0 1 0 0 1 0 0 0 1 1 0 1 
Atribuicoes:
49 47 2 3 18 0 25 1 46 9 27 11 23 34 14 49 46 7 18 8 16 34 22 13 13 5 20 35 28 29 30 25 19 23 1 9 31 31 47 39 27 41 42 14 0 4 8 19 39 4 
Custo Total: 1331807
Total de iterações: 14063
Melhorias: 19
Tempo até a melhor solução: 19.398 segundos
Iterações até a melhor solução: 9189
Soma dos custos: 16899961495
Média dos custos: 1.20173e+06
Pior valor encontrado: 1403897
Melhor solução encontrada:
Instalacoes:
1 1 0 0 1 0 0 0 1 1 0 0 0 1 0 0 1 0 1 1 1 0 1 1 1 1 0 1 1 0 1 1 0 0 1 1 0 0 0 1 0 0 1 1 0 0 1 1 0 1 
Atribuicoes:
49 1 4 0 46 39 39 35 20 42 16 22 18 23 43 49 20 22 18 0 8 47 28 30 24 27 13 27 28 13 30 23 8 9 34 42 31 31 1 19 35 34 9 43 47 4 46 19 25 16 
Custo Total: 1196999
