Instância: Data/raw/50_P60_M0_Continuo_7.txt
Tempo limite: 30 segundos
Seed: 6
Tamanho da pertubação: 5
Solução inicial:
Instalacoes:
1 0 0 0 1 1 0 1 1 1 0 0 0 1 0 0 0 0 1 1 1 0 1 0 0 0 0 0 0 0 0 1 0 0 0 0 0 0 0 0 0 0 0 0 0 0 0 1 0 0 
Atribuicoes:
47 47 13 31 4 5 9 7 8 9 18 18 7 13 19 9 9 7 18 47 20 4 22 0 20 4 47 31 5 9 5 13 5 4 47 9 31 7 4 13 18 4 8 19 0 8 8 19 20 47 
Custo Total: 1985921
Solução após busca local:
Instalacoes:
1 1 0 0 1 1 0 1 1 1 0 0 0 1 0 0 1 0 1 1 1 0 1 1 0 1 0 0 0 0 1 1 0 0 1 0 0 0 0 0 0 0 0 0 0 0 1 1 0 0 
Atribuicoes:
46 20 30 31 46 5 9 7 1 16 16 18 47 13 13 9 1 31 18 47 8 4 22 23 20 16 47 1 5 23 47 4 23 0 8 9 20 4 4 13 18 4 8 8 0 8 0 19 20 9 
Custo Total: 664586
Total de iterações: 25225
Melhorias: 18
Tempo até a melhor solução: 24.8044 segundos
Iterações até a melhor solução: 21063
Soma dos custos: 12387274078
Média dos custos: 491071
Pior valor encontrado: 750097
Melhor solução encontrada:
Instalacoes:
1 1 0 0 1 0 0 0 1 1 0 0 0 1 0 0 1 0 0 0 1 0 1 1 0 0 0 0 0 0 1 0 0 0 0 0 0 0 0 1 0 0 0 0 0 0 0 1 0 0 
Atribuicoes:
1 20 30 47 9 47 9 16 20 16 4 1 20 39 13 9 20 47 0 20 8 4 22 23 16 30 0 20 22 23 0 13 30 9 8 1 39 4 4 13 1 4 8 8 0 8 13 47 39 9 
Custo Total: 476539
