Instância: Data/raw/50_P50_M1_Continuo_1.txt
Tempo limite: 30 segundos
Seed: 6
Tamanho da pertubação: 5
Solução inicial:
Instalacoes:
1 0 0 0 0 1 0 0 0 0 0 1 0 1 0 0 0 0 1 0 0 0 1 1 0 0 0 0 0 0 1 1 0 0 1 0 0 0 0 1 0 0 1 0 0 0 1 0 0 0 
Atribuicoes:
0 0 23 5 46 13 13 46 46 42 39 11 39 23 34 0 34 39 18 0 42 13 22 23 0 31 42 13 31 23 30 31 30 23 34 34 23 39 13 39 31 18 42 13 42 46 46 39 39 0 
Custo Total: 2269174
Solução após busca local:
Instalacoes:
1 1 0 0 1 0 0 0 1 1 0 0 0 1 0 0 0 0 1 1 1 0 1 1 0 0 0 0 0 0 1 1 0 0 1 0 0 0 0 1 0 0 1 0 0 0 0 1 0 0 
Atribuicoes:
0 9 47 0 9 30 13 47 9 42 20 31 47 23 34 8 4 4 18 0 47 19 22 23 20 9 47 22 9 1 30 31 20 1 34 1 13 1 20 39 8 8 42 13 8 4 4 19 39 8 
Custo Total: 572327
Total de iterações: 28252
Melhorias: 16
Tempo até a melhor solução: 8.27546 segundos
Iterações até a melhor solução: 7786
Soma dos custos: 11381712183
Média dos custos: 402864
Pior valor encontrado: 682296
Melhor solução encontrada:
Instalacoes:
1 1 0 0 1 0 0 0 1 1 0 0 0 1 0 0 1 0 0 0 1 0 1 0 0 0 0 0 0 0 0 1 0 0 0 0 0 0 0 0 0 0 0 0 0 0 0 1 0 0 
Atribuicoes:
0 9 22 9 9 31 1 16 9 20 20 31 1 13 47 8 4 4 8 4 16 47 22 0 20 9 4 22 9 13 13 31 47 13 4 13 9 1 20 31 8 8 1 0 1 4 8 47 16 8 
Custo Total: 396284
