Instância: Data/raw/50_P30_M0_Continuo_10.txt
Tempo limite: 30 segundos
Seed: 9
Tamanho da pertubação: 5
Solução inicial:
Instalacoes:
1 1 0 0 0 1 0 0 0 0 0 0 0 1 0 0 0 0 0 0 0 0 1 0 0 0 0 0 0 0 1 0 0 0 0 0 0 0 0 1 0 0 0 0 0 0 1 1 0 1 
Atribuicoes:
47 1 30 13 46 30 5 30 46 47 1 22 49 13 47 47 49 0 49 47 0 0 22 13 1 30 0 13 47 30 30 30 1 30 1 49 13 49 13 39 47 0 0 47 0 46 46 47 39 1 
Custo Total: 2056931
Solução após busca local:
Instalacoes:
1 1 0 0 1 0 0 0 1 1 0 0 0 1 0 0 0 0 0 0 1 0 1 0 0 0 0 1 0 0 1 0 0 0 0 1 0 0 0 0 0 0 0 0 0 0 1 1 0 1 
Atribuicoes:
47 4 20 13 8 20 20 8 46 20 47 8 8 13 47 47 20 20 13 9 47 20 22 9 1 8 0 9 13 1 30 30 4 4 1 9 13 39 4 8 49 4 1 47 9 8 8 4 8 1 
Custo Total: 488076
Total de iterações: 46208
Melhorias: 13
Tempo até a melhor solução: 3.60105 segundos
Iterações até a melhor solução: 5134
Soma dos custos: 12413697897
Média dos custos: 268648
Pior valor encontrado: 510165
Melhor solução encontrada:
Instalacoes:
0 1 0 0 1 0 0 0 1 1 0 0 0 1 0 0 0 0 0 0 1 0 1 0 0 0 0 0 0 0 0 0 0 0 0 0 0 0 0 0 0 0 0 0 0 0 0 1 0 0 
Atribuicoes:
20 47 1 20 8 9 20 8 47 20 9 4 8 8 20 8 20 20 4 4 4 20 22 4 8 13 9 13 1 13 20 13 9 4 1 9 13 13 47 9 1 4 8 47 8 47 8 9 9 9 
Custo Total: 265245
