Instância: Data/raw/50_P90_M1_HUB_2.txt
Tempo limite: 30 segundos
Seed: 5
Tamanho da pertubação: 5
Solução inicial:
Instalacoes:
1 0 1 0 1 1 0 1 1 1 0 0 0 0 1 0 0 0 1 1 0 0 1 1 0 1 0 0 1 0 0 0 0 0 0 0 0 0 0 1 0 1 1 0 0 0 0 1 0 0 
Atribuicoes:
4 4 2 25 9 5 28 7 9 19 41 9 7 2 14 19 41 23 18 47 41 9 22 23 14 5 19 9 8 14 2 8 5 5 4 41 25 23 8 39 8 18 42 9 19 4 9 47 39 0 
Custo Total: 3204016
Solução após busca local:
Instalacoes:
1 1 1 0 1 1 0 1 1 1 0 0 0 1 1 1 1 0 1 1 1 0 1 1 0 1 0 1 0 1 1 1 0 0 0 1 0 0 0 1 0 1 0 1 0 0 1 1 0 1 
Atribuicoes:
4 20 29 25 9 13 25 7 46 1 1 22 7 20 14 15 16 49 18 0 9 29 22 23 35 5 19 9 14 29 2 46 30 39 4 18 13 23 8 39 8 41 4 43 46 20 19 47 31 5 
Custo Total: 1055214
Total de iterações: 16449
Melhorias: 21
Tempo até a melhor solução: 13.8211 segundos
Iterações até a melhor solução: 7447
Soma dos custos: 14327647830
Média dos custos: 871035
Pior valor encontrado: 1105787
Melhor solução encontrada:
Instalacoes:
1 1 0 0 1 0 0 0 1 1 0 0 0 1 0 0 1 0 1 1 1 0 1 1 0 1 0 0 1 0 1 1 0 0 0 1 0 0 0 1 0 0 1 0 0 0 1 1 0 1 
Atribuicoes:
49 4 9 13 9 23 20 0 46 1 31 22 8 28 0 18 16 49 35 47 9 20 22 18 16 25 42 13 0 13 30 28 8 8 1 35 23 46 8 4 31 18 1 47 46 4 42 19 39 25 
Custo Total: 862732
