Instância: Data/raw/50_P90_M0_Continuo_6.txt
Tempo limite: 30 segundos
Seed: 7
Tamanho da pertubação: 5
Solução inicial:
Instalacoes:
1 0 1 1 0 1 0 1 0 1 0 1 0 0 1 0 0 0 1 1 0 0 1 1 1 0 0 0 1 1 0 0 0 0 1 0 0 0 1 1 0 1 0 0 0 0 1 0 0 0 
Atribuicoes:
0 0 2 3 34 5 7 7 34 9 41 11 7 2 14 9 24 23 18 19 41 14 22 23 24 5 19 11 28 29 2 28 46 23 34 9 3 23 38 39 28 18 19 14 34 38 46 14 39 0 
Custo Total: 2551600
Solução após busca local:
Instalacoes:
1 1 1 1 1 1 0 1 1 1 0 1 0 1 1 0 1 0 1 1 1 0 1 1 1 1 0 0 1 0 1 0 0 0 1 0 0 0 1 1 0 1 1 0 0 0 1 1 0 1 
Atribuicoes:
49 8 23 25 47 5 0 7 16 9 41 11 20 39 19 49 24 13 34 1 16 47 22 23 24 25 19 18 2 28 30 4 1 8 34 16 3 22 9 39 28 18 42 14 4 19 46 20 25 0 
Custo Total: 1053504
Total de iterações: 18063
Melhorias: 28
Tempo até a melhor solução: 28.0042 segundos
Iterações até a melhor solução: 16857
Soma dos custos: 13768409629
Média dos custos: 762244
Pior valor encontrado: 1034137
Melhor solução encontrada:
Instalacoes:
1 1 0 0 1 0 0 0 1 1 0 0 0 1 0 0 1 0 1 1 1 0 1 0 0 1 0 0 0 0 1 1 0 0 1 1 0 0 0 1 0 0 1 0 0 0 1 1 0 1 
Atribuicoes:
1 49 47 25 9 8 34 49 46 35 22 31 18 39 4 0 35 22 30 19 16 9 4 47 42 25 1 18 49 9 30 31 19 13 8 46 1 13 47 39 16 18 42 0 8 20 4 20 25 34 
Custo Total: 738430
