Instância: Data/raw/50_P70_M1_HUB_5.txt
Tempo limite: 30 segundos
Seed: 8
Tamanho da pertubação: 5
Solução inicial:
Instalacoes:
1 0 0 0 1 0 0 0 1 1 0 0 0 1 0 0 0 0 1 1 1 0 1 1 0 0 0 0 0 0 0 0 0 0 0 1 0 0 0 1 0 0 0 0 0 0 0 0 0 0 
Atribuicoes:
0 0 13 39 4 13 20 9 8 9 18 18 4 13 4 9 35 18 8 19 20 19 22 13 35 13 20 18 23 20 23 13 19 39 0 9 39 4 4 13 35 8 8 0 20 8 8 0 9 0 
Custo Total: 2569644
Solução após busca local:
Instalacoes:
1 1 0 0 1 0 0 0 1 1 0 0 0 1 0 0 1 0 1 1 1 0 1 1 0 1 0 0 0 0 1 1 0 0 1 1 0 0 0 1 0 0 1 0 0 0 0 1 0 1 
Atribuicoes:
8 0 13 39 20 31 20 9 47 9 18 18 47 13 4 4 35 31 8 20 20 34 22 13 9 30 47 20 25 1 23 1 25 39 0 9 34 4 4 47 49 8 8 0 19 42 8 19 19 16 
Custo Total: 716542
Total de iterações: 21349
Melhorias: 18
Tempo até a melhor solução: 18.4613 segundos
Iterações até a melhor solução: 13061
Soma dos custos: 11767409973
Média dos custos: 551193
Pior valor encontrado: 800326
Melhor solução encontrada:
Instalacoes:
1 1 0 0 1 0 0 0 1 1 0 0 0 1 0 0 1 0 0 1 1 0 1 1 0 1 0 0 0 0 1 1 0 0 0 0 0 0 0 1 0 0 0 0 0 0 0 1 0 0 
Atribuicoes:
8 0 13 1 20 31 20 9 20 9 25 39 22 25 4 19 16 19 4 20 4 16 22 13 9 1 47 20 1 23 19 23 30 47 0 9 39 4 4 47 31 8 8 0 1 47 8 19 13 8 
Custo Total: 538577
