Instância: Data/raw/50_P40_M0_Continuo_9.txt
Tempo limite: 30 segundos
Seed: 8
Tamanho da pertubação: 5
Solução inicial:
Instalacoes:
1 1 0 0 1 0 0 0 1 1 0 0 0 0 0 0 0 0 1 1 0 0 1 1 0 1 0 0 0 0 0 0 0 0 0 0 0 0 0 0 0 0 0 0 0 0 0 1 0 0 
Atribuicoes:
4 1 25 1 4 25 0 1 8 9 47 25 22 23 47 9 9 4 18 47 4 19 22 23 9 25 19 25 47 23 23 25 23 1 1 9 1 4 8 25 9 9 8 47 47 4 8 47 25 9 
Custo Total: 1860242
Solução após busca local:
Instalacoes:
0 1 0 0 1 0 0 0 1 1 0 0 0 1 0 0 1 0 1 0 1 0 1 1 0 1 0 0 0 0 0 1 0 0 0 0 0 0 0 0 0 0 0 0 0 0 0 1 0 0 
Atribuicoes:
1 20 9 1 4 25 18 47 16 9 22 16 4 13 13 9 4 4 18 47 4 23 22 8 9 25 1 25 47 9 9 25 47 4 1 20 9 13 8 1 31 20 8 20 47 4 8 47 25 20 
Custo Total: 439261
Total de iterações: 34725
Melhorias: 15
Tempo até a melhor solução: 22.8479 segundos
Iterações até a melhor solução: 26367
Soma dos custos: 11142401135
Média dos custos: 320875
Pior valor encontrado: 569872
Melhor solução encontrada:
Instalacoes:
1 1 0 0 1 0 0 0 1 1 0 0 0 1 0 0 0 0 0 0 1 0 1 0 0 0 0 0 0 0 0 0 0 0 0 0 0 0 0 0 0 0 0 0 0 0 0 1 0 0 
Atribuicoes:
8 20 9 47 4 20 1 8 8 9 13 8 4 13 9 9 4 4 47 9 4 0 22 9 0 8 47 13 22 9 9 13 1 4 1 20 9 13 20 47 47 20 8 20 47 4 1 0 13 20 
Custo Total: 312607
