Instância: Data/raw/50_P30_M1_Continuo_1.txt
Tempo limite: 30 segundos
Seed: 7
Tamanho da pertubação: 5
Solução inicial:
Instalacoes:
1 0 0 0 0 0 0 0 1 1 0 0 0 0 0 0 0 0 1 1 1 0 1 0 0 0 0 0 0 0 1 0 0 0 0 0 0 0 0 1 0 0 0 0 0 0 0 1 0 0 
Atribuicoes:
9 0 19 39 8 30 22 20 8 0 9 20 20 19 19 0 18 18 18 9 20 9 22 30 0 39 9 20 20 47 30 30 30 39 0 18 39 20 9 19 9 8 8 19 9 8 8 47 18 0 
Custo Total: 1410505
Solução após busca local:
Instalacoes:
1 1 0 0 1 0 0 0 1 1 0 0 0 0 0 0 1 0 1 1 1 0 1 0 0 0 0 0 0 0 1 1 0 0 0 0 0 0 0 0 0 0 0 0 0 0 0 1 0 0 
Atribuicoes:
4 4 47 9 8 1 8 20 8 0 16 20 20 4 1 20 18 9 18 9 16 47 22 4 9 30 9 8 20 4 30 1 1 20 0 16 30 20 9 20 9 16 8 0 8 47 8 47 8 0 
Custo Total: 413120
Total de iterações: 43840
Melhorias: 16
Tempo até a melhor solução: 21.1883 segundos
Iterações até a melhor solução: 30692
Soma dos custos: 12063081589
Média dos custos: 275162
Pior valor encontrado: 504972
Melhor solução encontrada:
Instalacoes:
0 1 0 0 1 0 0 0 1 1 0 0 0 1 0 0 0 0 0 0 1 0 1 0 0 0 0 0 0 0 0 0 0 0 0 0 0 0 0 0 0 0 0 0 0 0 0 1 0 0 
Atribuicoes:
4 9 9 9 8 20 8 20 8 4 4 20 20 20 47 4 22 8 1 9 9 9 22 13 47 13 9 8 20 4 4 13 47 20 4 9 13 20 1 20 13 9 8 1 8 47 8 47 8 1 
Custo Total: 272209
