Instância: Data/raw/50_P50_M0_Continuo_9.txt
Tempo limite: 30 segundos
Seed: 4
Tamanho da pertubação: 5
Solução inicial:
Instalacoes:
0 1 0 0 1 0 0 0 1 0 0 0 0 0 0 0 0 0 0 0 0 0 1 1 0 1 0 1 1 1 0 0 0 0 1 0 0 0 0 1 0 0 1 0 0 0 1 1 0 0 
Atribuicoes:
42 1 25 46 4 23 23 23 8 4 27 27 39 25 34 25 34 39 22 25 4 34 22 29 1 39 42 27 47 29 29 47 23 23 1 4 42 39 46 39 47 4 8 34 46 46 8 47 39 1 
Custo Total: 1562785
Solução após busca local:
Instalacoes:
1 1 0 0 1 0 0 0 1 1 0 0 0 1 0 0 0 0 0 0 1 0 1 1 0 1 0 1 0 1 1 0 0 0 1 0 0 0 0 1 0 0 0 0 0 0 1 1 0 0 
Atribuicoes:
9 1 25 9 42 23 39 4 8 4 22 20 13 8 34 0 34 13 25 20 8 47 22 23 13 1 0 27 8 13 8 47 20 4 1 20 13 30 46 39 1 4 8 34 0 46 9 47 9 1 
Custo Total: 626702
Total de iterações: 32347
Melhorias: 11
Tempo até a melhor solução: 3.29392 segundos
Iterações até a melhor solução: 3382
Soma dos custos: 13093949129
Média dos custos: 404796
Pior valor encontrado: 646456
Melhor solução encontrada:
Instalacoes:
1 1 0 0 1 0 0 0 1 1 0 0 0 1 0 0 1 0 0 0 1 0 1 0 0 0 0 0 0 0 1 0 0 0 0 0 0 0 0 1 0 0 0 0 0 0 0 1 0 0 
Atribuicoes:
9 1 8 9 20 4 39 9 8 8 22 20 1 9 0 16 0 13 16 20 8 4 22 30 9 1 47 13 8 13 30 13 47 4 1 20 13 16 47 39 1 4 8 0 20 4 9 4 9 47 
Custo Total: 402381
