Instância: Data/raw/50_P20_M0_Continuo_6.txt
Tempo limite: 30 segundos
Seed: 9
Tamanho da pertubação: 5
Solução inicial:
Instalacoes:
1 1 0 0 1 0 0 0 0 0 0 0 0 1 0 0 0 0 0 0 1 0 1 0 0 0 0 0 0 0 1 0 0 0 0 0 0 0 0 0 0 0 0 0 0 0 0 0 0 0 
Atribuicoes:
1 1 13 13 4 13 20 0 4 4 20 20 0 13 1 4 20 1 20 1 20 1 22 30 20 13 0 20 1 20 30 13 30 13 1 20 13 13 4 13 20 20 4 1 20 4 4 0 13 4 
Custo Total: 1140903
Solução após busca local:
Instalacoes:
1 1 0 0 1 0 0 0 1 1 0 0 0 1 0 0 0 0 0 0 1 0 1 0 0 0 0 0 0 0 1 0 0 0 0 0 0 0 0 0 0 0 0 0 0 0 0 1 0 0 
Atribuicoes:
9 1 13 13 8 13 20 0 4 4 9 20 0 13 1 4 20 47 20 9 20 47 22 9 20 4 47 20 1 8 8 47 30 9 1 8 13 13 47 47 20 20 4 9 8 4 4 47 47 4 
Custo Total: 319574
Total de iterações: 72330
Melhorias: 16
Tempo até a melhor solução: 20.7448 segundos
Iterações até a melhor solução: 50989
Soma dos custos: 16793713021
Média dos custos: 232182
Pior valor encontrado: 445054
Melhor solução encontrada:
Instalacoes:
0 0 0 0 1 0 0 0 1 1 0 0 0 1 0 0 0 0 0 0 1 0 1 0 0 0 0 0 0 0 0 0 0 0 0 0 0 0 0 0 0 0 0 0 0 0 0 1 0 0 
Atribuicoes:
9 8 8 20 8 20 20 47 47 9 8 20 9 13 47 4 20 9 20 47 20 4 22 9 20 4 9 4 9 8 9 4 4 20 8 9 13 4 4 4 20 20 9 47 9 4 4 9 13 47 
Custo Total: 225069
