Instância: Data/raw/50_P100_M0_Continuo_3.txt
Tempo limite: 30 segundos
Seed: 4
Tamanho da pertubação: 5
Solução inicial:
Instalacoes:
1 0 1 1 0 1 0 1 0 1 0 0 0 0 0 1 0 0 1 1 0 0 1 0 0 0 0 0 1 1 0 0 0 0 0 0 0 0 1 1 0 1 1 1 0 0 1 0 0 0 
Atribuicoes:
0 0 2 3 15 5 41 7 15 9 46 22 7 2 19 9 42 7 18 19 46 43 22 29 42 5 43 22 28 29 2 28 5 2 0 9 3 7 38 39 28 18 42 19 42 38 46 19 39 0 
Custo Total: 2806243
Solução após busca local:
Instalacoes:
1 1 1 1 1 1 0 1 1 1 0 0 0 1 0 1 1 0 1 1 1 0 1 1 0 1 0 1 1 1 1 1 0 0 1 0 0 0 1 1 0 0 1 1 0 0 1 1 0 1 
Atribuicoes:
0 8 2 3 15 5 13 7 8 9 13 30 31 2 19 9 42 27 18 19 41 34 22 23 47 5 43 27 25 29 23 49 16 20 0 34 1 16 47 39 28 1 42 4 46 38 46 30 18 49 
Custo Total: 1352698
Total de iterações: 14434
Melhorias: 16
Tempo até a melhor solução: 26.4959 segundos
Iterações até a melhor solução: 12739
Soma dos custos: 17206342728
Média dos custos: 1.19207e+06
Pior valor encontrado: 1404707
Melhor solução encontrada:
Instalacoes:
1 1 1 0 1 1 0 0 1 1 0 0 0 1 0 0 1 0 1 1 1 0 1 1 0 1 0 1 0 0 1 1 0 0 1 1 0 0 0 1 0 0 1 1 0 0 1 1 0 1 
Atribuicoes:
0 13 2 31 8 5 9 22 9 42 27 27 25 2 19 42 16 8 18 19 47 34 23 30 35 5 47 22 20 23 30 1 25 49 4 34 13 39 4 39 49 16 0 43 20 46 46 1 18 31 
Custo Total: 1179078
