Instância: Data/raw/50_P90_M1_Continuo_3.txt
Tempo limite: 30 segundos
Seed: 5
Tamanho da pertubação: 5
Solução inicial:
Instalacoes:
1 0 1 1 0 1 0 1 0 1 0 1 0 0 0 1 0 0 1 1 0 1 1 0 0 1 0 0 1 1 0 0 0 0 1 0 0 0 0 1 0 1 0 0 0 0 1 0 0 0 
Atribuicoes:
0 0 2 3 15 5 29 7 15 9 46 11 7 2 46 9 46 7 18 19 46 21 22 25 46 5 19 11 28 29 2 25 21 25 34 9 3 7 9 39 28 18 34 21 19 46 46 34 39 0 
Custo Total: 2732854
Solução após busca local:
Instalacoes:
1 1 1 1 1 1 0 1 1 1 0 1 0 1 0 1 1 0 1 1 1 1 1 0 0 1 0 1 1 1 1 1 0 0 1 1 0 0 0 1 0 0 0 0 0 0 1 1 0 1 
Atribuicoes:
46 30 2 3 18 0 1 7 15 47 5 8 4 2 4 9 13 20 18 0 28 21 22 25 49 5 19 11 28 29 31 25 21 16 1 16 22 9 13 30 27 20 34 47 19 8 46 34 39 49 
Custo Total: 1095866
Total de iterações: 17132
Melhorias: 29
Tempo até a melhor solução: 29.8404 segundos
Iterações até a melhor solução: 17039
Soma dos custos: 13479626307
Média dos custos: 786810
Pior valor encontrado: 1048530
Melhor solução encontrada:
Instalacoes:
1 1 0 0 1 1 0 0 1 1 0 0 0 1 0 0 1 0 1 0 1 0 1 1 0 0 0 0 0 0 1 1 0 0 1 1 0 0 0 1 0 0 0 0 0 0 1 1 0 1 
Atribuicoes:
0 1 31 30 18 5 47 4 19 20 23 30 22 23 16 0 8 20 18 30 34 9 22 13 35 23 4 19 34 8 18 5 49 16 47 16 13 39 4 46 31 35 20 13 9 46 1 8 39 49 
Custo Total: 773487
