Instância: Data/raw/50_P100_M1_Continuo_6.txt
Tempo limite: 30 segundos
Seed: 3
Tamanho da pertubação: 5
Solução inicial:
Instalacoes:
1 0 1 1 0 1 0 1 0 1 0 1 0 0 0 1 0 0 1 1 0 0 1 0 0 0 0 0 1 1 0 0 0 0 0 0 0 0 1 1 0 1 1 0 0 0 1 0 0 0 
Atribuicoes:
0 0 2 3 15 5 41 7 15 9 46 11 7 2 19 9 42 7 18 19 46 15 22 29 42 5 42 11 28 29 2 28 5 2 0 9 3 7 38 39 28 18 42 19 42 38 46 19 39 0 
Custo Total: 3024043
Solução após busca local:
Instalacoes:
1 1 1 1 1 1 0 1 1 1 0 1 0 1 0 1 1 0 1 1 1 0 1 1 0 1 0 1 1 1 1 1 0 0 1 1 0 0 1 1 0 0 1 0 0 0 1 1 0 1 
Atribuicoes:
8 0 2 25 20 5 39 7 18 9 16 11 31 25 19 9 22 27 18 1 20 34 22 13 15 30 47 49 4 29 34 28 5 47 4 35 3 31 38 39 35 41 16 8 42 49 46 19 23 0 
Custo Total: 1323875
Total de iterações: 13630
Melhorias: 24
Tempo até a melhor solução: 27.292 segundos
Iterações até a melhor solução: 12404
Soma dos custos: 16361828688
Média dos custos: 1.20043e+06
Pior valor encontrado: 1390828
Melhor solução encontrada:
Instalacoes:
1 1 0 0 1 1 0 0 1 1 0 0 0 1 1 0 1 0 1 1 1 0 1 1 0 1 0 1 1 0 1 1 0 0 1 1 0 0 0 1 0 0 1 0 0 0 1 1 0 1 
Atribuicoes:
9 0 16 19 9 23 8 25 42 42 31 31 20 30 14 46 30 22 16 1 9 49 22 18 35 5 47 27 34 23 49 28 1 47 34 13 39 25 20 39 35 18 8 14 4 46 4 19 13 0 
Custo Total: 1193885
