Instância: Data/raw/50_P70_M1_Continuo_2.txt
Tempo limite: 30 segundos
Seed: 7
Tamanho da pertubação: 5
Solução inicial:
Instalacoes:
1 0 1 0 1 0 0 0 0 1 0 0 0 1 0 0 0 0 1 0 1 0 1 1 0 0 0 0 1 0 0 0 0 0 1 0 0 0 0 0 0 0 1 0 0 0 0 1 0 0 
Atribuicoes:
9 9 23 2 4 23 2 42 4 42 18 20 34 23 34 42 20 34 18 9 18 34 22 13 20 23 9 20 28 23 23 28 23 13 9 20 23 22 9 13 28 18 42 34 9 42 4 47 13 20 
Custo Total: 3140215
Solução após busca local:
Instalacoes:
0 1 0 0 1 1 0 0 1 1 0 0 0 1 0 0 0 0 1 1 1 0 1 1 0 0 0 0 1 0 1 1 0 0 1 1 0 0 0 1 0 0 1 0 0 0 1 1 0 1 
Atribuicoes:
19 19 13 39 4 28 39 8 4 34 42 20 22 23 34 4 35 34 18 47 22 30 22 30 20 23 47 20 31 23 5 9 30 13 9 35 31 1 46 8 35 9 42 49 9 9 46 47 13 1 
Custo Total: 730803
Total de iterações: 20815
Melhorias: 11
Tempo até a melhor solução: 10.5067 segundos
Iterações até a melhor solução: 7519
Soma dos custos: 12060869617
Média dos custos: 579432
Pior valor encontrado: 814152
Melhor solução encontrada:
Instalacoes:
1 1 0 0 1 0 0 0 1 1 0 0 0 1 0 0 1 0 0 1 1 0 1 0 0 1 0 0 0 0 1 0 0 0 0 0 0 0 0 0 0 0 0 0 0 0 1 1 0 1 
Atribuicoes:
47 19 16 0 46 49 4 8 46 4 20 20 22 4 30 8 16 13 46 1 49 49 22 1 16 25 1 1 13 30 19 9 30 13 9 47 25 20 4 8 16 9 0 25 9 9 47 19 30 13 
Custo Total: 577400
