Instância: Data/raw/50_P70_M1_HUB_5.txt
Tempo limite: 30 segundos
Seed: 2
Tamanho da pertubação: 5
Solução inicial:
Instalacoes:
1 0 0 0 1 0 0 0 1 1 0 0 0 1 0 0 0 0 1 1 1 0 1 1 0 0 0 0 0 0 0 0 0 0 0 1 0 0 0 1 0 0 0 0 0 0 0 0 0 0 
Atribuicoes:
0 0 13 39 4 13 20 9 8 9 18 18 4 13 4 9 35 18 8 19 20 19 22 13 35 13 20 18 23 20 23 13 19 39 0 9 39 4 4 13 35 8 8 0 20 8 8 0 9 0 
Custo Total: 2569644
Solução após busca local:
Instalacoes:
1 1 0 0 1 0 0 0 1 1 0 0 0 1 0 0 1 0 1 1 1 0 1 1 0 1 0 0 0 0 1 1 0 0 1 1 0 0 0 1 0 0 1 0 0 0 0 1 0 1 
Atribuicoes:
8 0 13 39 20 31 20 9 47 9 18 18 47 13 4 4 35 31 8 20 20 34 22 13 9 30 47 20 25 1 23 1 25 39 0 9 34 4 4 47 49 8 8 0 19 42 8 19 19 16 
Custo Total: 716542
Total de iterações: 20409
Melhorias: 18
Tempo até a melhor solução: 22.4579 segundos
Iterações até a melhor solução: 15376
Soma dos custos: 11525744406
Média dos custos: 564738
Pior valor encontrado: 812532
Melhor solução encontrada:
Instalacoes:
1 1 0 0 1 0 0 0 1 1 0 0 0 1 0 0 1 0 1 1 1 0 1 0 0 0 0 0 0 0 1 1 0 0 0 0 0 0 0 1 0 0 0 0 0 0 0 1 0 0 
Atribuicoes:
8 0 39 9 20 13 20 1 20 1 22 22 47 13 4 16 19 16 4 20 4 19 39 13 9 30 47 20 9 1 16 31 30 47 0 18 18 4 4 47 31 8 8 0 9 9 8 16 39 8 
Custo Total: 544888
