Instância: Data/raw/50_P20_M1_HUB_3.txt
Tempo limite: 30 segundos
Seed: 3
Tamanho da pertubação: 5
Solução inicial:
Instalacoes:
0 1 0 0 0 0 0 0 1 0 0 0 0 1 0 0 0 0 0 0 0 0 1 0 0 0 0 0 0 0 1 1 0 0 0 1 0 0 0 1 0 0 0 0 0 0 0 1 0 0 
Atribuicoes:
47 1 1 31 8 13 39 22 8 1 35 8 39 1 47 1 35 22 1 47 1 1 22 13 35 39 47 8 13 13 30 31 1 31 1 35 31 39 8 13 35 35 8 47 8 8 8 47 13 35 
Custo Total: 1227240
Solução após busca local:
Instalacoes:
0 1 0 0 1 0 0 0 1 1 0 0 0 1 0 0 0 0 0 0 1 0 1 0 0 0 0 0 0 0 0 1 0 0 0 1 0 0 0 1 0 0 0 0 0 0 0 1 0 0 
Atribuicoes:
47 4 9 4 4 20 47 47 8 4 13 8 1 13 9 20 8 20 1 47 20 4 22 13 20 20 47 8 1 9 1 31 20 9 20 20 20 20 9 4 9 20 8 9 8 4 9 47 4 4 
Custo Total: 331318
Total de iterações: 64508
Melhorias: 12
Tempo até a melhor solução: 23.2549 segundos
Iterações até a melhor solução: 49676
Soma dos custos: 14605710944
Média dos custos: 226417
Pior valor encontrado: 438896
Melhor solução encontrada:
Instalacoes:
0 0 0 0 1 0 0 0 1 1 0 0 0 1 0 0 0 0 0 0 1 0 1 0 0 0 0 0 0 0 0 0 0 0 0 0 0 0 0 0 0 0 0 0 0 0 0 1 0 0 
Atribuicoes:
47 4 9 4 4 20 8 9 8 4 9 22 9 13 9 8 20 20 47 4 20 4 22 20 9 13 9 8 9 9 13 4 20 9 20 8 20 20 20 4 9 20 8 9 20 4 9 47 20 4 
Custo Total: 224306
