Instância: Data/raw/50_P100_M1_HUB_7.txt
Tempo limite: 30 segundos
Seed: 10
Tamanho da pertubação: 5
Solução inicial:
Instalacoes:
1 0 1 1 0 1 0 1 0 1 0 1 0 0 1 0 0 0 1 1 0 0 1 0 0 0 0 0 1 1 0 0 0 0 0 0 0 0 1 1 0 1 1 1 0 0 1 0 0 0 
Atribuicoes:
0 0 2 3 42 5 14 7 42 9 41 11 7 2 14 9 41 7 18 19 41 43 22 29 42 5 42 11 28 29 2 28 43 2 0 9 3 7 38 39 28 18 0 19 42 38 46 19 39 0 
Custo Total: 2944849
Solução após busca local:
Instalacoes:
1 1 1 1 1 1 0 1 1 1 0 1 0 1 1 0 1 0 1 1 1 0 1 1 0 1 0 1 1 1 1 1 0 0 0 1 0 0 1 1 0 1 1 1 0 0 1 1 0 1 
Atribuicoes:
0 0 2 3 42 5 23 1 42 9 27 11 7 30 14 9 41 31 18 19 35 43 22 29 30 25 4 49 28 23 28 16 47 4 16 20 13 1 38 39 22 18 8 19 47 49 46 8 39 43 
Custo Total: 1361992
Total de iterações: 14422
Melhorias: 20
Tempo até a melhor solução: 26.3326 segundos
Iterações até a melhor solução: 12667
Soma dos custos: 17048098499
Média dos custos: 1.18209e+06
Pior valor encontrado: 1383026
Melhor solução encontrada:
Instalacoes:
1 1 0 0 1 0 0 0 1 1 0 0 0 1 0 0 1 0 1 1 1 0 1 1 0 1 0 1 1 0 1 1 1 0 1 1 0 1 0 1 0 0 1 0 0 0 1 1 0 1 
Atribuicoes:
0 0 30 1 8 19 20 39 42 16 13 18 27 25 49 42 16 25 18 19 1 34 22 23 49 31 47 27 28 20 30 9 32 13 28 4 31 37 4 39 22 35 8 35 9 46 46 47 23 34 
Custo Total: 1168891
