Instância: Data/raw/50_P50_M1_Continuo_2.txt
Tempo limite: 30 segundos
Seed: 2
Tamanho da pertubação: 5
Solução inicial:
Instalacoes:
0 1 0 0 0 0 0 0 0 0 0 1 0 1 0 0 0 0 1 0 0 0 1 1 0 0 0 0 0 0 1 1 0 0 0 1 0 0 0 0 0 0 1 0 0 0 1 1 0 0 
Atribuicoes:
30 1 13 23 46 47 30 31 35 42 11 11 11 13 31 42 35 11 18 47 18 31 22 13 18 13 42 31 23 23 30 31 23 23 1 35 23 13 46 13 35 18 42 31 42 18 46 47 13 1 
Custo Total: 1779189
Solução após busca local:
Instalacoes:
0 1 0 0 1 0 0 0 1 1 0 1 0 1 0 0 1 0 1 0 1 0 1 1 0 0 0 0 0 0 1 1 0 0 0 1 0 0 0 0 0 0 1 0 0 0 1 1 0 0 
Atribuicoes:
4 1 13 13 46 1 30 31 42 20 20 11 16 13 31 42 35 11 18 47 18 9 22 8 8 9 42 31 47 13 30 16 47 4 1 35 23 4 8 20 31 18 8 9 1 8 46 47 9 4 
Custo Total: 577236
Total de iterações: 28604
Melhorias: 26
Tempo até a melhor solução: 26.6628 segundos
Iterações até a melhor solução: 25651
Soma dos custos: 12473984893
Média dos custos: 436092
Pior valor encontrado: 681179
Melhor solução encontrada:
Instalacoes:
0 1 0 0 1 0 0 0 1 1 0 0 0 1 0 0 1 0 1 1 1 0 1 0 0 0 0 0 0 0 0 0 0 0 0 0 0 0 0 0 0 0 0 0 0 0 0 1 0 0 
Atribuicoes:
1 1 9 13 47 22 47 22 13 20 20 4 18 4 1 8 1 4 18 19 18 9 22 8 8 13 4 8 19 8 47 16 19 4 4 16 13 9 8 20 9 18 8 9 4 20 47 47 9 16 
Custo Total: 395426
