Instância: Data/raw/50_P40_M0_Continuo_9.txt
Tempo limite: 30 segundos
Seed: 7
Tamanho da pertubação: 5
Solução inicial:
Instalacoes:
1 1 0 0 1 0 0 0 1 1 0 0 0 0 0 0 0 0 1 1 0 0 1 1 0 1 0 0 0 0 0 0 0 0 0 0 0 0 0 0 0 0 0 0 0 0 0 1 0 0 
Atribuicoes:
4 1 25 1 4 25 0 1 8 9 47 25 22 23 47 9 9 4 18 47 4 19 22 23 9 25 19 25 47 23 23 25 23 1 1 9 1 4 8 25 9 9 8 47 47 4 8 47 25 9 
Custo Total: 1860242
Solução após busca local:
Instalacoes:
0 1 0 0 1 0 0 0 1 1 0 0 0 1 0 0 1 0 1 0 1 0 1 1 0 1 0 0 0 0 0 1 0 0 0 0 0 0 0 0 0 0 0 0 0 0 0 1 0 0 
Atribuicoes:
1 20 9 1 4 25 18 47 16 9 22 16 4 13 13 9 4 4 18 47 4 23 22 8 9 25 1 25 47 9 9 25 47 4 1 20 9 13 8 1 31 20 8 20 47 4 8 47 25 20 
Custo Total: 439261
Total de iterações: 33706
Melhorias: 16
Tempo até a melhor solução: 28.3711 segundos
Iterações até a melhor solução: 31671
Soma dos custos: 11000858269
Média dos custos: 326377
Pior valor encontrado: 557580
Melhor solução encontrada:
Instalacoes:
0 1 0 0 1 0 0 0 1 1 0 0 0 1 0 0 1 0 0 0 1 0 1 0 0 0 0 0 0 0 0 0 0 0 0 0 0 0 0 0 0 0 0 0 0 0 0 1 0 0 
Atribuicoes:
47 20 9 1 4 20 47 1 13 9 8 13 8 1 47 9 4 4 16 1 4 16 22 8 9 13 47 8 8 9 9 8 1 4 47 20 9 8 20 47 16 20 4 20 47 4 1 8 13 20 
Custo Total: 316484
