Instância: Data/raw/50_P10_M0_Continuo_1.txt
Tempo limite: 30 segundos
Seed: 8
Tamanho da pertubação: 5
Solução inicial:
Instalacoes:
0 1 0 0 1 0 0 0 1 0 0 0 0 0 0 0 0 0 0 0 0 0 1 0 0 0 0 0 0 0 1 0 0 0 0 0 0 0 0 0 0 0 0 0 0 0 0 1 0 0 
Atribuicoes:
47 1 30 1 4 30 8 47 8 4 8 4 47 30 47 4 4 22 4 47 4 47 22 30 4 30 47 4 47 30 30 47 30 8 1 4 8 8 8 30 4 4 8 47 47 8 8 1 47 4 
Custo Total: 658257
Solução após busca local:
Instalacoes:
1 1 0 0 1 0 0 0 1 1 0 0 0 0 0 0 0 0 0 0 0 0 1 0 0 0 0 0 0 0 1 0 0 0 0 0 0 0 0 0 0 0 0 0 0 0 0 1 0 0 
Atribuicoes:
9 1 9 9 4 8 4 8 9 9 4 9 4 9 9 4 9 9 4 4 4 4 22 9 9 9 8 4 9 9 4 47 47 8 4 9 8 8 8 4 1 4 8 47 8 8 8 47 8 4 
Custo Total: 246738
Total de iterações: 114772
Melhorias: 9
Tempo até a melhor solução: 6.40345 segundos
Iterações até a melhor solução: 24936
Soma dos custos: 18985665252
Média dos custos: 165421
Pior valor encontrado: 366667
Melhor solução encontrada:
Instalacoes:
0 0 0 0 1 0 0 0 1 1 0 0 0 0 0 0 0 0 0 0 1 0 1 0 0 0 0 0 0 0 0 0 0 0 0 0 0 0 0 0 0 0 0 0 0 0 0 0 0 0 
Atribuicoes:
9 9 20 9 4 9 20 20 4 9 9 20 8 9 9 4 9 20 4 4 20 4 22 9 9 20 8 4 9 9 9 20 20 9 4 9 20 20 8 4 4 4 8 20 8 8 8 9 20 4 
Custo Total: 165247
