Instância: Data/raw/50_P90_M0_Continuo_3.txt
Tempo limite: 30 segundos
Seed: 8
Tamanho da pertubação: 5
Solução inicial:
Instalacoes:
1 1 1 1 1 1 0 1 0 1 0 0 0 0 1 1 0 0 1 0 0 0 1 0 0 0 0 0 1 1 0 0 0 0 0 0 0 0 0 1 0 1 1 1 0 0 0 1 0 0 
Atribuicoes:
47 1 2 3 1 5 29 7 15 42 41 9 7 2 14 42 41 7 18 47 41 43 22 1 14 5 9 9 28 29 2 28 14 5 1 42 3 7 9 39 28 18 42 43 9 4 42 47 39 0 
Custo Total: 2655262
Solução após busca local:
Instalacoes:
0 1 1 1 1 1 0 1 1 1 0 0 0 1 1 0 1 0 1 1 1 0 1 0 0 1 0 1 1 1 1 1 0 0 0 1 0 0 0 1 0 1 1 1 0 0 1 1 0 1 
Atribuicoes:
8 16 2 5 1 5 25 7 8 42 41 22 18 49 14 42 20 30 18 49 18 43 22 30 35 16 9 27 20 29 1 28 31 39 1 19 3 7 9 39 28 31 47 43 19 4 46 47 13 4 
Custo Total: 1071948
Total de iterações: 16688
Melhorias: 22
Tempo até a melhor solução: 20.4612 segundos
Iterações até a melhor solução: 11261
Soma dos custos: 13813740943
Média dos custos: 827765
Pior valor encontrado: 1073641
Melhor solução encontrada:
Instalacoes:
1 1 0 0 1 0 0 0 1 1 0 0 0 1 0 0 1 0 1 1 1 0 1 1 0 1 0 1 0 0 1 1 0 0 1 0 0 0 0 1 0 0 1 0 0 0 1 1 0 1 
Atribuicoes:
8 34 34 1 4 19 16 47 8 42 16 22 18 39 49 42 8 20 18 19 49 30 22 13 1 13 4 27 31 4 30 25 23 31 47 9 19 39 46 23 27 0 9 30 9 20 1 47 25 0 
Custo Total: 810103
