Instância: Data/raw/50_P80_M1_Continuo_10.txt
Tempo limite: 30 segundos
Seed: 7
Tamanho da pertubação: 5
Solução inicial:
Instalacoes:
1 0 0 0 1 1 0 1 1 1 0 1 0 1 0 0 0 0 0 1 1 0 1 1 0 0 0 0 0 1 0 0 0 0 0 1 0 0 0 1 0 0 1 0 0 0 0 1 0 0 
Atribuicoes:
47 47 13 35 4 5 47 7 8 9 35 11 39 13 19 9 20 39 4 47 20 35 22 23 9 13 42 11 5 29 23 13 5 22 47 9 35 39 4 13 9 20 8 19 42 4 8 19 39 9 
Custo Total: 2681819
Solução após busca local:
Instalacoes:
0 1 0 0 1 1 0 0 1 1 0 1 0 1 0 0 1 0 1 1 1 0 1 1 0 0 0 0 0 0 1 1 0 0 1 1 0 0 0 1 0 0 1 0 0 0 1 1 0 1 
Atribuicoes:
1 47 13 20 4 5 18 23 42 34 35 46 31 13 18 30 20 22 1 18 16 35 9 23 9 16 19 11 31 4 8 1 30 39 47 9 39 49 4 13 22 20 8 19 42 46 8 19 9 47 
Custo Total: 794485
Total de iterações: 18832
Melhorias: 17
Tempo até a melhor solução: 21.2946 segundos
Iterações até a melhor solução: 13392
Soma dos custos: 12671123032
Média dos custos: 672851
Pior valor encontrado: 922377
Melhor solução encontrada:
Instalacoes:
1 1 0 0 1 0 0 0 1 1 0 0 0 1 0 0 1 0 0 1 1 0 1 1 0 0 0 0 0 0 1 1 0 0 1 0 0 0 0 1 0 0 0 0 0 0 1 1 0 1 
Atribuicoes:
1 34 13 20 4 47 13 23 4 19 49 13 16 8 49 4 20 22 1 30 30 0 9 23 9 39 19 31 16 8 30 1 31 49 34 0 39 39 47 9 22 20 46 31 8 47 46 0 9 34 
Custo Total: 662118
