Instância: Data/raw/50_P50_M0_Continuo_3.txt
Tempo limite: 30 segundos
Seed: 2
Tamanho da pertubação: 5
Solução inicial:
Instalacoes:
1 0 1 0 0 0 0 1 0 0 0 0 0 1 0 0 1 0 0 1 1 0 1 0 0 1 0 0 1 0 1 0 0 0 0 0 0 0 0 1 0 0 0 0 0 0 0 1 0 1 
Atribuicoes:
47 47 2 25 19 13 13 7 47 13 16 20 7 2 49 47 16 7 49 47 20 49 22 2 22 25 47 20 28 30 30 13 30 25 47 25 25 7 13 39 16 20 49 19 47 16 49 19 39 47 
Custo Total: 2426021
Solução após busca local:
Instalacoes:
0 1 1 0 1 0 0 1 1 1 0 0 0 1 0 0 1 0 1 1 1 0 1 0 0 1 0 0 0 0 1 0 0 0 0 0 0 0 0 1 0 0 0 0 0 0 1 1 0 1 
Atribuicoes:
1 47 4 30 20 4 13 13 47 9 20 22 20 39 49 9 18 4 1 9 9 0 22 25 16 25 47 20 13 30 30 13 0 25 47 20 8 39 46 39 16 8 8 19 4 8 49 4 13 47 
Custo Total: 617081
Total de iterações: 29171
Melhorias: 18
Tempo até a melhor solução: 24.8414 segundos
Iterações até a melhor solução: 24389
Soma dos custos: 12074009522
Média dos custos: 413905
Pior valor encontrado: 673677
Melhor solução encontrada:
Instalacoes:
1 1 0 0 1 0 0 0 1 1 0 0 0 1 0 0 0 0 0 0 1 0 1 0 0 1 0 0 0 0 1 0 0 0 0 0 0 0 0 0 0 0 0 0 0 0 0 1 0 0 
Atribuicoes:
1 1 4 25 20 4 13 13 47 0 20 9 8 9 47 9 30 9 13 0 1 1 30 13 4 25 9 1 47 30 30 25 4 25 9 20 20 22 47 22 0 8 8 20 4 8 9 47 13 8 
Custo Total: 404094
