Instância: Data/raw/50_P10_M0_Continuo_7.txt
Tempo limite: 30 segundos
Seed: 3
Tamanho da pertubação: 5
Solução inicial:
Instalacoes:
0 1 0 0 1 0 0 0 1 1 0 0 0 1 0 0 0 0 0 0 0 0 1 1 0 0 0 0 0 0 0 0 0 0 0 0 0 0 0 1 0 0 0 0 0 0 0 0 0 0 
Atribuicoes:
1 1 13 39 4 23 39 13 8 9 9 9 13 13 1 9 9 13 4 1 4 1 22 13 9 39 4 9 1 13 23 13 1 13 1 9 13 39 4 39 9 4 8 1 4 8 8 1 39 9 
Custo Total: 842965
Solução após busca local:
Instalacoes:
0 1 0 0 1 0 0 0 1 1 0 0 0 1 0 0 0 0 0 0 1 0 1 0 0 0 0 0 0 0 0 0 0 0 0 0 0 0 0 1 0 0 0 0 0 0 0 1 0 0 
Atribuicoes:
1 20 4 9 4 47 47 9 8 9 20 20 8 13 1 9 20 20 20 47 4 9 22 13 9 9 4 20 8 9 20 9 9 4 1 20 20 8 4 4 9 4 8 4 4 8 8 47 9 9 
Custo Total: 294889
Total de iterações: 109012
Melhorias: 11
Tempo até a melhor solução: 18.4522 segundos
Iterações até a melhor solução: 65988
Soma dos custos: 20840638757
Média dos custos: 191177
Pior valor encontrado: 391518
Melhor solução encontrada:
Instalacoes:
0 0 0 0 1 0 0 0 1 1 0 0 0 0 0 0 0 0 0 0 1 0 1 0 0 0 0 0 0 0 0 0 0 0 0 0 0 0 0 0 0 0 0 0 0 0 0 1 0 0 
Atribuicoes:
4 9 9 4 4 8 9 9 8 9 20 20 9 9 47 9 20 20 20 47 20 9 22 9 8 4 8 20 20 9 20 9 9 4 47 20 20 4 8 4 9 4 4 9 8 4 8 47 9 4 
Custo Total: 189796
