Instância: Data/raw/50_P80_M0_Continuo_1.txt
Tempo limite: 30 segundos
Seed: 4
Tamanho da pertubação: 5
Solução inicial:
Instalacoes:
1 0 1 1 0 1 0 1 1 1 0 0 0 1 0 0 0 0 1 1 0 0 1 1 0 0 0 1 1 0 0 0 0 0 0 0 0 0 1 1 0 1 0 1 0 0 1 1 0 1 
Atribuicoes:
47 8 13 3 49 5 27 7 8 9 46 39 7 13 43 9 41 7 18 47 41 43 22 2 19 13 19 27 28 23 23 28 2 23 8 9 3 7 38 39 49 18 0 43 47 38 46 19 39 8 
Custo Total: 2028917
Solução após busca local:
Instalacoes:
1 1 1 1 1 0 0 1 1 1 0 0 0 1 0 0 1 0 1 1 1 0 1 1 1 1 0 0 1 0 1 0 0 0 1 0 0 0 1 1 0 1 0 1 0 0 1 1 0 1 
Atribuicoes:
47 13 0 39 49 19 0 25 8 9 9 25 7 13 43 9 47 22 18 20 4 43 22 2 30 13 47 8 16 23 23 28 1 30 8 20 8 16 18 4 34 41 0 47 1 38 46 19 39 30 
Custo Total: 922995
Total de iterações: 18498
Melhorias: 25
Tempo até a melhor solução: 18.5774 segundos
Iterações até a melhor solução: 11650
Soma dos custos: 12299209357
Média dos custos: 664894
Pior valor encontrado: 921820
Melhor solução encontrada:
Instalacoes:
1 1 0 0 1 0 0 0 1 1 0 0 0 1 0 0 1 0 1 1 1 0 1 0 0 0 0 0 0 0 1 1 0 0 0 0 0 0 0 1 0 0 0 0 0 0 1 1 0 1 
Atribuicoes:
8 46 39 30 16 49 16 0 47 9 22 4 18 13 47 9 8 31 16 49 4 0 22 13 1 47 8 31 0 4 20 47 30 39 19 49 47 39 20 31 18 19 19 8 20 46 9 1 1 13 
Custo Total: 634822
