Instância: Data/raw/50_P10_M1_HUB_1.txt
Tempo limite: 30 segundos
Seed: 3
Tamanho da pertubação: 5
Solução inicial:
Instalacoes:
0 1 0 0 0 0 0 0 0 0 0 0 0 0 0 0 0 0 0 0 1 0 1 0 0 0 0 0 0 0 1 0 0 0 0 0 0 0 0 1 0 0 0 0 0 0 0 1 0 0 
Atribuicoes:
47 1 30 39 47 30 39 30 47 47 47 20 20 39 47 47 47 20 20 47 20 47 22 30 1 30 47 20 47 30 30 30 30 39 1 47 39 47 47 39 1 20 47 47 47 47 47 47 39 1 
Custo Total: 904906
Solução após busca local:
Instalacoes:
0 1 0 0 1 0 0 0 0 1 0 0 0 0 0 0 0 0 0 0 1 0 1 0 0 0 0 0 0 0 1 0 0 0 0 0 0 0 0 1 0 0 0 0 0 0 0 1 0 0 
Atribuicoes:
4 9 20 4 4 20 4 9 4 4 9 20 20 9 4 47 20 20 20 9 20 4 22 9 1 47 9 20 4 4 20 9 4 1 1 9 20 9 9 9 20 20 20 9 4 4 4 9 20 1 
Custo Total: 247861
Total de iterações: 92594
Melhorias: 9
Tempo até a melhor solução: 20.9755 segundos
Iterações até a melhor solução: 63725
Soma dos custos: 17756708994
Média dos custos: 191770
Pior valor encontrado: 395955
Melhor solução encontrada:
Instalacoes:
0 1 0 0 1 0 0 0 1 1 0 0 0 0 0 0 0 0 0 0 1 0 1 0 0 0 0 0 0 0 0 0 0 0 0 0 0 0 0 0 0 0 0 0 0 0 0 0 0 0 
Atribuicoes:
9 9 20 9 4 20 9 9 8 9 9 20 20 9 4 4 20 20 20 9 20 9 22 4 1 4 8 20 9 9 20 9 9 8 1 20 20 4 8 9 20 20 8 9 8 4 8 8 20 1 
Custo Total: 190423
