Instância: Data/raw/50_P90_M1_Continuo_1.txt
Tempo limite: 30 segundos
Seed: 5
Tamanho da pertubação: 5
Solução inicial:
Instalacoes:
1 0 1 1 0 1 0 1 0 1 0 1 0 0 1 1 0 0 1 1 0 0 1 0 0 0 0 0 1 1 0 0 0 0 0 0 0 0 1 1 0 1 0 0 0 0 1 0 0 0 
Atribuicoes:
0 0 2 3 15 5 15 7 46 9 41 11 7 2 14 9 15 7 18 19 41 14 22 29 14 5 19 11 28 29 2 28 5 29 0 9 3 7 38 39 28 18 19 14 15 38 46 14 39 0 
Custo Total: 2653171
Solução após busca local:
Instalacoes:
1 1 1 1 1 1 0 1 1 1 0 1 0 1 1 1 1 0 1 1 1 0 1 1 0 1 0 0 1 1 1 1 0 0 0 1 0 0 1 1 0 1 0 0 0 0 1 1 0 1 
Atribuicoes:
8 49 20 3 46 5 16 1 46 15 31 11 7 2 4 13 16 11 35 30 41 14 22 23 18 25 19 14 28 29 9 13 31 39 1 9 47 22 38 13 0 18 19 30 4 20 47 49 39 0 
Custo Total: 1072884
Total de iterações: 15348
Melhorias: 19
Tempo até a melhor solução: 7.729 segundos
Iterações até a melhor solução: 3953
Soma dos custos: 12799825003
Média dos custos: 833973
Pior valor encontrado: 1086976
Melhor solução encontrada:
Instalacoes:
1 1 0 0 1 0 0 0 1 1 0 1 0 1 0 0 1 0 1 1 1 0 1 1 0 1 0 1 0 0 1 1 0 0 1 1 0 0 0 1 0 0 1 0 0 0 0 1 0 1 
Atribuicoes:
8 34 16 27 4 31 4 16 4 16 35 11 31 23 30 1 49 13 13 19 20 34 22 23 47 25 42 27 20 20 8 18 35 39 1 19 25 22 47 30 0 18 42 49 47 9 8 9 39 0 
Custo Total: 827675
