Instância: Data/raw/50_P20_M1_HUB_2.txt
Tempo limite: 30 segundos
Seed: 6
Tamanho da pertubação: 5
Solução inicial:
Instalacoes:
1 1 0 0 1 0 0 0 0 1 0 0 0 0 0 0 0 0 0 0 1 0 1 0 0 0 0 0 0 0 1 0 0 0 0 0 0 0 0 0 0 0 0 0 0 0 0 0 0 0 
Atribuicoes:
1 1 9 20 4 30 0 20 4 9 20 20 22 30 1 9 20 22 20 1 20 1 22 30 4 30 0 20 1 0 30 1 30 0 1 9 20 4 0 20 9 20 4 1 0 4 4 9 9 4 
Custo Total: 1210933
Solução após busca local:
Instalacoes:
1 1 0 0 1 0 0 0 1 1 0 0 0 1 0 0 0 0 0 0 1 0 1 0 0 0 0 0 0 0 1 0 0 0 0 0 0 0 0 0 0 0 0 0 0 0 0 1 0 0 
Atribuicoes:
47 1 9 20 4 1 0 20 8 9 20 4 9 8 1 9 20 22 8 1 20 4 22 9 4 1 20 20 47 20 30 4 4 9 1 9 13 4 9 20 9 20 4 8 9 4 0 9 13 4 
Custo Total: 324293
Total de iterações: 63437
Melhorias: 14
Tempo até a melhor solução: 15.3523 segundos
Iterações até a melhor solução: 32098
Soma dos custos: 14463502088
Média dos custos: 227998
Pior valor encontrado: 466142
Melhor solução encontrada:
Instalacoes:
0 1 0 0 1 0 0 0 1 1 0 0 0 0 0 0 0 0 0 0 1 0 1 0 0 0 0 0 0 0 0 0 0 0 0 0 0 0 0 0 0 0 0 0 0 0 0 1 0 0 
Atribuicoes:
8 1 9 20 8 8 8 20 8 9 4 4 9 47 47 9 20 47 20 8 20 9 22 9 4 8 47 20 20 20 47 4 4 9 1 9 4 4 9 20 9 20 4 47 9 8 4 4 1 4 
Custo Total: 225074
