Instância: Data/raw/50_P70_M0_Continuo_8.txt
Tempo limite: 30 segundos
Seed: 2
Tamanho da pertubação: 5
Solução inicial:
Instalacoes:
1 0 0 0 0 1 0 1 0 1 0 1 0 0 0 1 0 0 1 1 0 0 1 1 1 0 0 0 1 0 0 0 0 0 0 0 0 0 0 1 0 0 1 0 0 0 1 1 0 0 
Atribuicoes:
47 47 23 22 15 5 23 7 15 9 0 11 7 5 47 9 42 7 18 47 18 19 22 5 24 39 42 11 28 5 23 28 19 46 47 9 22 7 42 39 28 18 42 0 42 42 46 47 39 47 
Custo Total: 2403572
Solução após busca local:
Instalacoes:
1 1 0 0 1 1 0 0 1 1 0 1 0 1 0 1 1 0 1 1 1 0 1 1 0 1 0 0 1 0 1 0 0 0 0 0 0 0 0 1 0 0 1 0 0 0 1 1 0 1 
Atribuicoes:
30 49 30 39 46 5 23 13 49 9 0 11 16 8 47 9 49 25 13 16 18 19 22 4 9 20 1 22 25 39 23 1 19 9 8 20 8 25 0 13 28 18 42 0 20 4 46 47 39 47 
Custo Total: 804460
Total de iterações: 21294
Melhorias: 26
Tempo até a melhor solução: 28.0779 segundos
Iterações até a melhor solução: 19923
Soma dos custos: 12771848871
Média dos custos: 599786
Pior valor encontrado: 847249
Melhor solução encontrada:
Instalacoes:
1 1 0 0 1 0 0 0 1 1 0 0 0 1 0 0 1 0 1 1 1 0 1 0 0 0 0 1 0 0 1 1 0 0 1 0 0 0 0 1 0 0 0 0 0 0 0 1 0 0 
Atribuicoes:
19 47 20 39 4 31 39 13 4 9 16 22 8 8 34 0 47 22 13 8 18 34 27 0 9 20 20 27 31 9 30 30 19 9 34 1 8 31 47 13 16 18 47 30 20 4 1 0 39 1 
Custo Total: 571966
