Instância: Data/raw/50_P100_M1_HUB_3.txt
Tempo limite: 30 segundos
Seed: 1
Tamanho da pertubação: 5
Solução inicial:
Instalacoes:
1 0 1 1 0 1 0 1 0 1 0 1 0 0 1 1 0 0 1 1 0 0 1 0 0 0 0 0 1 1 0 0 0 0 0 0 0 0 1 1 0 1 1 1 0 0 1 0 0 0 
Atribuicoes:
0 0 2 3 15 5 41 7 15 9 46 11 7 2 14 9 46 7 18 19 46 43 22 29 42 5 15 11 28 29 2 28 43 2 0 9 3 7 38 39 28 18 42 19 9 38 46 19 39 0 
Custo Total: 3035956
Solução após busca local:
Instalacoes:
1 1 1 1 1 1 0 1 1 1 0 1 0 1 0 1 1 0 1 1 1 0 1 1 0 1 0 0 1 1 1 1 0 0 1 1 0 0 0 1 0 0 1 1 0 1 1 1 0 1 
Atribuicoes:
47 0 23 39 15 5 16 35 49 42 31 11 7 2 5 49 16 19 41 19 9 43 22 34 1 25 47 1 28 29 8 4 30 13 20 20 3 22 46 39 28 18 42 34 9 45 46 4 18 0 
Custo Total: 1329685
Total de iterações: 14409
Melhorias: 17
Tempo até a melhor solução: 16.0322 segundos
Iterações até a melhor solução: 7816
Soma dos custos: 17076453316
Média dos custos: 1.18512e+06
Pior valor encontrado: 1371843
Melhor solução encontrada:
Instalacoes:
1 1 0 0 1 1 0 0 1 1 0 0 0 1 0 0 1 0 1 1 1 0 1 1 0 1 0 1 1 1 1 1 0 0 1 1 0 0 0 1 0 0 1 0 0 0 1 1 0 1 
Atribuicoes:
47 34 18 13 8 5 13 27 42 1 35 28 34 25 39 42 18 16 4 16 9 0 22 23 35 31 47 27 28 29 30 5 19 39 20 49 20 22 46 30 25 0 1 8 9 4 46 19 23 49 
Custo Total: 1180301
