Instância: Data/raw/50_P90_M0_Continuo_6.txt
Tempo limite: 30 segundos
Seed: 3
Tamanho da pertubação: 5
Solução inicial:
Instalacoes:
1 0 1 1 0 1 0 1 0 1 0 1 0 0 1 0 0 0 1 1 0 0 1 1 1 0 0 0 1 1 0 0 0 0 1 0 0 0 1 1 0 1 0 0 0 0 1 0 0 0 
Atribuicoes:
0 0 2 3 34 5 7 7 34 9 41 11 7 2 14 9 24 23 18 19 41 14 22 23 24 5 19 11 28 29 2 28 46 23 34 9 3 23 38 39 28 18 19 14 34 38 46 14 39 0 
Custo Total: 2551600
Solução após busca local:
Instalacoes:
1 1 1 1 1 1 0 1 1 1 0 1 0 1 1 0 1 0 1 1 1 0 1 1 1 1 0 0 1 0 1 0 0 0 1 0 0 0 1 1 0 1 1 0 0 0 1 1 0 1 
Atribuicoes:
49 8 23 25 47 5 0 7 16 9 41 11 20 39 19 49 24 13 34 1 16 47 22 23 24 25 19 18 2 28 30 4 1 8 34 16 3 22 9 39 28 18 42 14 4 19 46 20 25 0 
Custo Total: 1053504
Total de iterações: 18451
Melhorias: 18
Tempo até a melhor solução: 2.5075 segundos
Iterações até a melhor solução: 1488
Soma dos custos: 14619110006
Média dos custos: 792321
Pior valor encontrado: 1028901
Melhor solução encontrada:
Instalacoes:
1 1 0 0 1 0 0 0 1 1 0 0 0 1 0 0 1 0 1 1 1 0 1 0 0 1 0 0 0 0 1 1 0 0 1 1 0 0 0 1 0 0 1 0 0 0 1 1 0 1 
Atribuicoes:
9 8 0 25 30 47 19 8 46 42 16 31 35 13 4 49 18 16 39 34 34 30 22 0 18 18 4 35 8 30 9 47 1 9 25 46 39 22 0 13 31 35 42 49 47 4 20 1 20 19 
Custo Total: 790672
