Instância: Data/raw/50_P60_M1_HUB_3.txt
Tempo limite: 30 segundos
Seed: 10
Tamanho da pertubação: 5
Solução inicial:
Instalacoes:
1 1 0 0 0 1 0 0 0 0 0 0 0 1 0 0 0 0 1 1 0 0 1 0 0 0 0 0 1 0 1 0 0 0 1 0 0 0 0 1 0 0 0 0 0 0 1 1 0 1 
Atribuicoes:
47 1 5 5 1 30 5 46 1 34 18 22 19 39 1 1 49 19 18 47 18 34 22 19 34 39 47 13 28 13 30 28 30 13 1 49 46 19 1 39 28 18 34 19 47 1 46 47 39 49 
Custo Total: 2013560
Solução após busca local:
Instalacoes:
0 1 0 0 1 1 0 0 1 1 0 0 0 1 0 0 1 0 1 0 1 0 1 0 0 1 0 0 1 0 1 1 0 0 1 0 0 0 0 1 0 0 0 0 0 0 1 1 0 1 
Atribuicoes:
47 4 4 13 20 30 19 1 8 46 31 22 16 25 1 1 49 16 18 47 9 19 22 20 31 9 47 16 28 13 30 31 4 13 1 49 8 47 4 39 28 20 34 9 8 4 46 4 20 49 
Custo Total: 653194
Total de iterações: 21785
Melhorias: 13
Tempo até a melhor solução: 6.05697 segundos
Iterações até a melhor solução: 4387
Soma dos custos: 10477291423
Média dos custos: 480941
Pior valor encontrado: 721801
Melhor solução encontrada:
Instalacoes:
1 1 0 0 1 0 0 0 1 1 0 0 0 1 0 0 0 0 1 0 1 0 1 0 0 0 0 0 0 0 1 1 0 0 0 0 0 0 0 1 0 0 1 0 0 0 0 1 0 0 
Atribuicoes:
0 47 4 13 47 9 13 47 20 1 8 22 8 30 1 4 0 47 18 47 9 9 22 20 1 9 47 31 30 13 22 1 4 13 47 9 20 8 4 39 31 20 42 9 8 8 8 4 20 1 
Custo Total: 477620
