Instância: Data/raw/50_P100_M1_Continuo_9.txt
Tempo limite: 30 segundos
Seed: 5
Tamanho da pertubação: 5
Solução inicial:
Instalacoes:
1 0 1 1 0 1 0 1 0 1 0 0 0 0 0 1 0 0 1 1 0 0 1 0 0 0 0 0 1 1 0 0 0 0 0 0 0 0 1 1 0 1 1 0 0 0 1 0 0 0 
Atribuicoes:
0 0 2 3 15 5 41 7 15 9 46 22 7 2 19 9 42 7 18 19 46 15 22 29 42 5 15 22 28 29 2 28 5 29 0 9 3 7 38 39 28 18 42 19 42 38 46 19 39 0 
Custo Total: 3072703
Solução após busca local:
Instalacoes:
1 1 1 1 1 1 0 1 1 1 0 0 0 1 0 1 1 0 1 1 1 0 1 0 0 1 0 1 1 1 1 1 0 0 1 1 0 0 1 1 0 0 1 1 0 0 1 1 0 1 
Atribuicoes:
13 0 2 3 15 5 1 7 13 9 16 5 22 39 4 42 35 7 18 19 8 30 22 29 42 8 20 27 28 29 2 31 34 31 0 9 49 4 38 1 25 41 20 43 34 47 46 19 39 49 
Custo Total: 1339771
Total de iterações: 14227
Melhorias: 22
Tempo até a melhor solução: 20.3956 segundos
Iterações até a melhor solução: 9647
Soma dos custos: 16965753759
Média dos custos: 1.1925e+06
Pior valor encontrado: 1408747
Melhor solução encontrada:
Instalacoes:
1 1 0 0 1 0 0 0 1 1 0 0 0 1 0 1 1 0 1 1 1 0 1 1 0 1 0 1 1 1 1 1 0 0 1 1 0 0 0 1 0 0 1 0 0 0 1 1 0 1 
Atribuicoes:
0 49 23 39 46 30 1 27 42 15 47 30 22 13 4 9 35 16 0 19 18 1 22 29 9 18 20 28 25 29 23 28 49 25 34 31 8 31 42 39 27 16 20 35 4 47 46 19 13 8 
Custo Total: 1181254
