Instância: Data/raw/50_P40_M0_Continuo_5.txt
Tempo limite: 30 segundos
Seed: 7
Tamanho da pertubação: 5
Solução inicial:
Instalacoes:
0 1 1 0 0 0 0 0 1 0 0 0 0 0 0 0 0 0 1 0 1 0 1 1 0 0 0 0 0 0 1 0 0 0 0 0 0 0 0 1 0 0 1 0 0 0 1 0 0 0 
Atribuicoes:
42 1 23 39 8 30 8 46 8 42 18 20 39 23 1 42 20 22 18 42 18 30 22 23 1 23 42 20 20 23 30 30 30 46 1 20 23 39 46 39 22 18 8 42 46 46 8 42 39 1 
Custo Total: 1811205
Solução após busca local:
Instalacoes:
1 1 0 0 1 0 0 0 1 1 0 0 0 1 0 0 0 0 1 0 1 0 1 1 0 0 0 0 0 0 1 0 0 0 0 0 0 0 0 1 0 0 1 0 0 0 1 1 0 0 
Atribuicoes:
4 20 4 8 8 30 4 47 8 4 47 22 18 13 1 8 20 22 18 1 18 20 22 23 1 23 20 9 20 9 30 47 30 13 1 20 9 13 20 39 13 47 8 47 0 46 4 9 39 1 
Custo Total: 527314
Total de iterações: 33305
Melhorias: 15
Tempo até a melhor solução: 26.0058 segundos
Iterações até a melhor solução: 28837
Soma dos custos: 11184863096
Média dos custos: 335831
Pior valor encontrado: 579171
Melhor solução encontrada:
Instalacoes:
1 1 0 0 1 0 0 0 1 1 0 0 0 1 0 0 0 0 0 0 1 0 1 0 0 0 0 0 0 0 1 0 0 0 0 0 0 0 0 0 0 0 0 0 0 0 0 1 0 0 
Atribuicoes:
1 47 4 8 8 30 20 1 8 4 4 30 20 13 0 8 20 22 20 0 47 20 22 13 9 47 47 9 20 9 4 4 30 13 4 47 9 47 9 13 22 4 8 1 9 20 4 9 13 0 
Custo Total: 333108
