Instância: Data/raw/50_P40_M0_Continuo_8.txt
Tempo limite: 30 segundos
Seed: 10
Tamanho da pertubação: 5
Solução inicial:
Instalacoes:
1 0 0 0 1 0 0 0 0 1 0 0 0 0 0 0 1 0 0 0 1 0 1 0 0 1 0 0 1 0 0 0 0 0 0 0 0 0 0 1 0 0 0 1 0 0 0 1 0 0 
Atribuicoes:
0 0 28 16 4 28 25 22 4 9 20 47 16 9 43 9 20 16 20 0 20 43 22 16 4 25 0 47 28 47 28 47 28 16 0 9 16 20 9 39 4 20 4 43 0 47 4 9 39 4 
Custo Total: 2206870
Solução após busca local:
Instalacoes:
1 1 0 0 1 0 0 0 1 1 0 0 0 1 0 0 1 0 1 0 1 0 1 0 0 1 0 0 1 0 0 1 0 0 0 0 0 0 0 1 0 0 0 0 0 0 0 1 0 0 
Atribuicoes:
16 0 25 4 4 25 25 25 0 9 20 47 16 47 28 9 20 16 20 8 20 0 22 0 8 25 47 20 28 47 13 47 9 9 4 1 13 39 8 39 1 20 4 0 8 47 1 9 13 4 
Custo Total: 512484
Total de iterações: 31967
Melhorias: 17
Tempo até a melhor solução: 17.3696 segundos
Iterações até a melhor solução: 18760
Soma dos custos: 11363074665
Média dos custos: 355463
Pior valor encontrado: 607260
Melhor solução encontrada:
Instalacoes:
1 1 0 0 1 0 0 0 1 1 0 0 0 1 0 0 0 0 0 0 1 0 1 0 0 0 0 0 0 0 1 0 0 0 0 0 0 0 0 0 0 0 0 0 0 0 0 1 0 0 
Atribuicoes:
47 8 8 4 4 0 13 47 1 9 8 9 9 13 1 20 20 47 20 8 20 0 1 30 8 47 4 20 0 9 47 22 30 4 4 1 13 13 20 30 22 20 9 1 20 9 47 9 13 4 
Custo Total: 352255
