Instância: Data/raw/50_P90_M1_HUB_9.txt
Tempo limite: 30 segundos
Seed: 5
Tamanho da pertubação: 5
Solução inicial:
Instalacoes:
1 1 1 1 0 1 0 1 0 0 0 0 0 0 1 1 0 0 1 0 0 0 1 0 1 0 0 0 1 1 0 1 0 0 0 0 0 0 1 1 0 1 1 0 0 0 1 1 0 0 
Atribuicoes:
47 1 2 3 1 5 15 7 1 1 31 22 7 2 14 15 42 7 18 47 41 14 22 29 24 5 1 31 28 29 2 28 31 46 1 42 3 7 38 39 28 18 42 47 46 38 46 47 39 24 
Custo Total: 2525522
Solução após busca local:
Instalacoes:
0 1 1 1 1 1 0 1 1 1 0 0 0 1 1 1 1 0 1 1 1 0 1 0 1 1 0 0 1 1 1 1 0 0 1 1 0 0 1 1 0 0 1 0 0 0 1 1 0 1 
Atribuicoes:
47 49 39 3 1 20 16 30 9 9 31 22 7 31 14 15 9 25 18 4 35 19 22 4 24 46 0 31 28 29 2 5 13 25 1 35 8 30 42 20 28 41 42 49 46 38 46 47 39 24 
Custo Total: 1119121
Total de iterações: 15205
Melhorias: 17
Tempo até a melhor solução: 27.8832 segundos
Iterações até a melhor solução: 14118
Soma dos custos: 13246922203
Média dos custos: 871221
Pior valor encontrado: 1103050
Melhor solução encontrada:
Instalacoes:
1 1 0 0 1 0 0 0 1 1 0 0 1 1 0 0 1 0 1 1 1 0 1 1 0 1 0 0 0 0 1 1 1 0 1 0 0 0 0 1 0 0 1 0 0 0 1 1 0 1 
Atribuicoes:
49 42 39 1 8 47 16 18 9 9 8 42 12 20 0 16 9 25 18 4 1 19 22 4 20 8 0 22 31 23 30 49 32 25 46 47 22 13 42 20 31 19 13 34 46 4 46 47 39 34 
Custo Total: 865445
