Instância: Data/raw/50_P30_M1_HUB_5.txt
Tempo limite: 30 segundos
Seed: 5
Tamanho da pertubação: 5
Solução inicial:
Instalacoes:
1 0 0 0 1 0 0 0 1 0 0 0 0 1 0 0 1 0 0 0 1 0 1 1 0 0 0 0 0 0 0 0 0 0 0 0 0 0 0 0 0 0 0 0 0 0 0 1 0 0 
Atribuicoes:
0 0 13 16 4 23 20 22 8 4 16 13 22 13 0 0 16 22 8 0 20 47 22 23 16 13 47 13 23 20 23 47 47 8 0 4 13 4 4 23 16 4 8 0 47 8 8 0 13 0 
Custo Total: 1420762
Solução após busca local:
Instalacoes:
1 1 0 0 1 0 0 0 1 1 0 0 0 1 0 0 1 0 0 1 1 0 1 1 0 0 0 0 0 0 1 0 0 0 0 0 0 0 0 0 0 0 0 0 0 0 0 1 0 0 
Atribuicoes:
9 0 9 1 4 23 20 9 19 4 1 13 1 13 20 4 16 22 8 8 20 47 22 23 1 13 47 20 8 9 4 47 47 8 4 4 9 20 4 20 16 4 8 20 8 8 8 1 20 20 
Custo Total: 406588
Total de iterações: 44344
Melhorias: 18
Tempo até a melhor solução: 27.371 segundos
Iterações até a melhor solução: 40485
Soma dos custos: 12984207515
Média dos custos: 292806
Pior valor encontrado: 533220
Melhor solução encontrada:
Instalacoes:
0 1 0 0 1 0 0 0 1 1 0 0 0 1 0 0 1 0 0 0 1 0 1 0 0 0 0 0 0 0 0 0 0 0 0 0 0 0 0 0 0 0 0 0 0 0 0 1 0 0 
Atribuicoes:
9 20 9 47 20 9 4 9 47 47 47 22 47 13 4 4 16 1 8 20 20 8 20 13 1 13 4 13 8 9 4 13 47 8 4 20 9 20 20 9 16 20 8 4 8 8 8 47 9 4 
Custo Total: 288726
