Instância: Data/raw/50_P60_M1_Continuo_7.txt
Tempo limite: 30 segundos
Seed: 2
Tamanho da pertubação: 5
Solução inicial:
Instalacoes:
0 1 1 1 0 0 0 1 1 1 0 0 0 0 0 0 1 0 1 0 0 0 1 1 0 0 0 1 0 0 0 0 0 0 1 0 0 0 0 1 0 0 1 1 0 0 1 1 0 0 
Atribuicoes:
16 9 2 3 8 23 7 7 46 42 47 27 22 2 34 42 16 27 18 9 18 43 22 23 9 39 42 27 34 23 2 27 23 23 9 47 3 22 46 39 47 47 8 43 9 8 46 47 39 9 
Custo Total: 2276095
Solução após busca local:
Instalacoes:
1 0 0 1 1 0 0 1 1 1 0 0 0 1 0 0 0 0 1 0 1 0 1 1 0 0 0 1 0 0 1 0 0 0 1 0 0 0 0 1 0 0 1 0 0 0 1 1 0 1 
Atribuicoes:
8 20 20 4 8 23 30 7 47 42 20 8 22 39 9 13 34 27 18 9 18 34 22 23 8 23 42 4 13 4 30 27 47 20 9 4 47 47 13 39 0 18 0 34 9 8 46 47 39 0 
Custo Total: 678881
Total de iterações: 24637
Melhorias: 18
Tempo até a melhor solução: 19.0526 segundos
Iterações até a melhor solução: 15534
Soma dos custos: 11861006479
Média dos custos: 481431
Pior valor encontrado: 730682
Melhor solução encontrada:
Instalacoes:
1 1 0 0 1 0 0 0 1 1 0 0 0 1 0 0 0 0 1 0 1 0 1 0 0 0 0 0 0 0 1 0 0 0 0 0 0 0 0 0 0 0 0 0 0 0 1 1 0 1 
Atribuicoes:
9 49 13 4 8 49 13 47 46 0 20 8 13 13 47 8 20 0 18 8 18 4 22 18 9 1 0 20 22 4 30 9 49 20 9 4 30 1 20 47 1 18 1 47 4 8 46 9 18 1 
Custo Total: 465509
