Instância: Data/raw/50_P50_M1_Continuo_9.txt
Tempo limite: 30 segundos
Seed: 7
Tamanho da pertubação: 5
Solução inicial:
Instalacoes:
1 1 1 0 0 0 0 0 1 0 0 0 0 1 0 0 1 0 1 1 0 0 1 0 0 1 0 0 0 0 1 1 0 0 0 0 0 0 0 1 0 0 0 0 0 0 1 1 0 0 
Atribuicoes:
0 0 2 25 8 2 46 25 8 1 47 13 47 2 19 1 16 22 18 19 8 30 22 13 18 25 47 31 2 13 2 31 31 13 0 16 25 30 46 39 1 18 8 19 46 8 8 19 39 18 
Custo Total: 1583268
Solução após busca local:
Instalacoes:
1 1 1 0 1 0 0 0 1 1 0 0 0 1 0 0 1 0 1 1 1 0 1 1 0 1 0 0 0 0 0 1 0 0 0 1 0 0 0 1 0 0 0 0 0 0 1 1 0 1 
Atribuicoes:
0 0 25 4 8 31 39 18 8 1 47 13 47 39 49 1 16 1 4 19 4 46 22 13 18 25 47 31 8 9 9 31 9 47 0 35 9 13 20 8 1 18 8 20 46 9 20 19 39 0 
Custo Total: 638109
Total de iterações: 29404
Melhorias: 20
Tempo até a melhor solução: 26.1314 segundos
Iterações até a melhor solução: 25523
Soma dos custos: 12428572978
Média dos custos: 422683
Pior valor encontrado: 677678
Melhor solução encontrada:
Instalacoes:
1 1 0 0 1 0 0 0 1 1 0 0 0 1 0 0 0 0 0 1 1 0 1 0 0 0 0 0 0 0 1 0 0 0 0 0 0 0 0 0 0 0 0 0 0 0 0 1 0 1 
Atribuicoes:
0 20 9 13 8 1 0 20 8 1 13 9 47 30 1 4 13 1 4 19 4 19 22 9 49 13 47 9 8 47 30 4 47 47 49 1 20 20 20 8 30 49 8 0 4 9 20 0 30 4 
Custo Total: 412347
