Instância: Data/raw/50_P30_M0_Continuo_9.txt
Tempo limite: 30 segundos
Seed: 5
Tamanho da pertubação: 5
Solução inicial:
Instalacoes:
1 1 0 0 1 0 0 0 0 1 0 0 0 0 0 0 1 0 0 0 1 0 1 0 0 0 0 0 0 0 1 0 0 0 0 0 0 0 0 0 0 0 0 0 0 0 1 0 0 1 
Atribuicoes:
0 9 4 9 20 4 4 16 46 20 20 20 49 22 9 9 4 4 49 0 16 49 22 49 9 0 0 20 9 1 9 4 4 49 9 4 9 16 46 20 9 4 0 0 46 46 46 0 16 9 
Custo Total: 1673749
Solução após busca local:
Instalacoes:
1 0 0 0 1 0 0 0 1 1 0 0 0 1 0 0 1 0 0 0 1 0 1 1 0 0 0 0 0 0 0 0 0 0 0 0 0 0 0 0 0 0 0 0 0 0 1 1 0 1 
Atribuicoes:
47 8 13 9 8 47 4 20 46 20 20 20 16 0 9 9 4 4 16 9 8 8 22 4 49 20 0 20 9 20 9 4 4 20 9 4 23 47 47 20 9 4 8 8 8 47 46 0 16 9 
Custo Total: 398228
Total de iterações: 46701
Melhorias: 13
Tempo até a melhor solução: 6.78439 segundos
Iterações até a melhor solução: 10708
Soma dos custos: 12170665498
Média dos custos: 260608
Pior valor encontrado: 496140
Melhor solução encontrada:
Instalacoes:
0 1 0 0 1 0 0 0 1 1 0 0 0 0 0 0 0 0 0 0 1 0 1 0 0 0 0 0 0 0 0 0 0 0 0 0 0 0 0 0 0 0 0 0 0 0 0 1 0 0 
Atribuicoes:
4 1 22 9 8 4 4 20 47 20 20 20 8 22 47 1 8 9 8 9 4 1 22 4 47 20 9 20 9 20 9 4 1 20 9 47 4 47 1 20 9 4 8 8 8 47 9 47 8 9 
Custo Total: 258920
