Instância: Data/raw/50_P80_M0_Continuo_4.txt
Tempo limite: 30 segundos
Seed: 4
Tamanho da pertubação: 5
Solução inicial:
Instalacoes:
1 1 1 0 0 1 0 1 0 0 0 0 0 1 0 1 0 0 1 1 0 1 1 0 0 0 0 0 1 0 0 0 0 0 0 0 0 0 1 1 0 1 1 0 0 0 1 1 0 0 
Atribuicoes:
47 1 2 7 1 5 13 7 1 1 46 22 7 2 19 15 42 7 18 47 46 21 22 21 15 5 1 13 28 13 2 28 5 22 1 42 7 7 38 39 28 18 42 47 1 38 46 47 39 19 
Custo Total: 2520244
Solução após busca local:
Instalacoes:
0 1 1 0 1 1 0 1 1 1 0 0 0 1 0 1 1 0 1 0 1 1 1 1 0 1 0 1 1 0 1 1 0 0 0 1 0 0 1 1 0 0 1 0 0 0 1 1 0 1 
Atribuicoes:
20 20 23 23 1 5 13 7 1 8 31 22 13 2 15 16 42 49 18 47 46 21 22 9 15 4 9 39 28 13 28 27 49 25 1 35 35 20 47 39 49 42 42 30 4 16 8 47 30 1 
Custo Total: 971805
Total de iterações: 18815
Melhorias: 17
Tempo até a melhor solução: 17.2948 segundos
Iterações até a melhor solução: 10909
Soma dos custos: 12670705889
Média dos custos: 673436
Pior valor encontrado: 933877
Melhor solução encontrada:
Instalacoes:
1 1 0 0 1 0 0 0 1 1 0 0 0 1 0 0 1 0 1 1 1 0 1 0 0 1 0 0 0 0 1 1 0 0 1 0 0 0 0 0 0 0 1 0 0 0 1 1 0 1 
Atribuicoes:
20 20 16 1 0 9 13 1 42 8 31 22 13 8 16 46 16 1 18 47 49 4 22 9 19 25 9 25 30 13 30 31 34 16 0 49 4 20 47 18 34 1 42 19 19 46 8 47 49 4 
Custo Total: 662040
