Instância: Data/raw/50_P40_M1_Continuo_1.txt
Tempo limite: 30 segundos
Seed: 8
Tamanho da pertubação: 5
Solução inicial:
Instalacoes:
1 0 1 0 0 0 0 0 1 0 0 0 0 1 0 0 0 0 1 0 1 0 1 1 0 1 0 0 0 0 1 0 0 0 0 0 0 0 0 0 0 0 0 0 0 0 1 1 0 0 
Atribuicoes:
47 8 25 2 46 47 46 23 8 0 18 20 25 23 0 8 18 18 18 47 20 30 22 13 8 25 47 20 0 23 8 47 47 23 8 18 23 25 8 13 22 20 47 30 47 46 46 0 13 8 
Custo Total: 1595004
Solução após busca local:
Instalacoes:
1 1 0 0 1 0 0 0 1 1 0 0 0 1 0 0 1 0 1 0 1 0 1 1 0 1 0 0 0 0 1 0 0 0 0 0 0 0 0 0 0 0 0 0 0 0 1 1 0 0 
Atribuicoes:
47 1 9 20 4 4 20 0 8 0 9 4 16 13 0 8 16 47 18 47 20 20 22 13 8 1 9 20 8 23 30 8 4 30 8 18 1 25 9 13 47 18 47 1 47 8 20 4 13 8 
Custo Total: 475901
Total de iterações: 33941
Melhorias: 13
Tempo até a melhor solução: 23.6012 segundos
Iterações até a melhor solução: 26584
Soma dos custos: 12079930836
Média dos custos: 355910
Pior valor encontrado: 589017
Melhor solução encontrada:
Instalacoes:
1 1 0 0 1 0 0 0 1 1 0 0 0 1 0 0 0 0 1 0 1 0 1 0 0 0 0 0 0 0 0 0 0 0 0 0 0 0 0 0 0 0 0 0 0 0 0 1 0 0 
Atribuicoes:
47 1 9 20 1 4 20 47 8 0 4 4 4 13 4 8 22 13 18 9 20 20 22 13 9 1 8 20 9 13 13 8 8 47 8 18 1 47 9 47 0 9 0 1 20 8 20 4 13 8 
Custo Total: 348347
