Instância: Data/raw/50_P70_M1_Continuo_10.txt
Tempo limite: 30 segundos
Seed: 8
Tamanho da pertubação: 5
Solução inicial:
Instalacoes:
0 1 0 1 0 0 0 0 1 0 0 0 0 0 0 1 0 0 1 1 1 0 1 1 0 1 0 0 1 0 0 0 0 0 0 0 0 0 0 1 0 0 1 0 0 0 0 1 0 0 
Atribuicoes:
47 1 23 3 15 25 25 19 15 42 18 20 22 23 47 15 20 22 18 47 18 15 22 23 8 39 47 20 28 19 23 25 28 3 1 20 3 20 8 39 28 18 42 47 42 8 42 47 39 8 
Custo Total: 1992112
Solução após busca local:
Instalacoes:
1 1 0 1 1 0 0 0 1 1 0 0 0 1 0 0 1 0 1 1 1 0 1 1 0 1 0 0 1 0 1 0 0 0 0 0 0 0 0 1 0 0 1 0 0 0 1 1 0 1 
Atribuicoes:
30 1 23 8 30 25 25 19 46 47 18 9 22 13 9 4 20 46 18 4 16 0 22 23 49 19 47 20 28 13 23 25 4 1 1 49 3 30 8 39 16 16 42 47 13 8 20 47 39 8 
Custo Total: 749749
Total de iterações: 21449
Melhorias: 11
Tempo até a melhor solução: 10.6635 segundos
Iterações até a melhor solução: 7656
Soma dos custos: 11937255129
Média dos custos: 556541
Pior valor encontrado: 825467
Melhor solução encontrada:
Instalacoes:
1 1 0 0 1 0 0 0 1 1 0 0 0 1 0 0 1 0 1 1 1 0 1 0 0 0 0 0 0 0 1 1 0 0 0 0 0 0 0 0 0 0 0 0 0 0 0 1 0 1 
Atribuicoes:
0 18 30 8 4 31 9 1 4 47 13 9 22 0 9 4 18 31 19 19 16 13 22 30 49 16 20 20 49 13 30 9 47 13 1 22 1 16 8 0 49 18 19 47 0 8 20 47 31 8 
Custo Total: 550790
