Instância: Data/raw/50_P90_M0_Continuo_7.txt
Tempo limite: 30 segundos
Seed: 2
Tamanho da pertubação: 5
Solução inicial:
Instalacoes:
1 1 1 1 0 0 0 1 0 0 0 0 0 0 0 1 0 0 0 1 0 1 1 1 1 1 0 0 0 0 1 0 0 0 0 0 0 0 1 0 0 0 1 0 0 0 1 1 0 0 
Atribuicoes:
47 1 30 3 1 30 1 7 1 42 46 22 7 23 19 15 42 7 15 47 24 21 22 2 24 25 19 22 30 23 30 25 2 23 1 42 3 7 38 25 30 46 42 47 1 38 46 47 25 19 
Custo Total: 2733891
Solução após busca local:
Instalacoes:
0 1 1 0 1 0 0 1 1 1 0 0 0 1 0 1 1 0 1 1 1 0 1 1 1 1 0 1 1 0 1 1 0 0 1 1 0 0 1 1 0 0 1 1 0 0 1 1 0 1 
Atribuicoes:
47 20 49 31 1 9 1 7 16 42 35 22 4 23 43 15 27 18 35 43 20 30 22 2 24 2 19 27 28 34 30 31 8 23 28 8 39 39 47 9 16 39 42 13 19 18 46 47 25 24 
Custo Total: 1084837
Total de iterações: 16088
Melhorias: 20
Tempo até a melhor solução: 28.1372 segundos
Iterações até a melhor solução: 15098
Soma dos custos: 13303779061
Média dos custos: 826938
Pior valor encontrado: 1068104
Melhor solução encontrada:
Instalacoes:
1 1 0 0 1 0 0 0 1 1 0 0 0 1 0 0 1 0 1 1 1 0 1 1 0 1 0 1 1 0 1 1 0 0 1 0 0 0 0 1 0 0 1 0 0 0 1 1 0 1 
Atribuicoes:
13 1 25 31 19 34 20 25 9 42 31 22 18 23 49 0 27 4 8 49 1 47 22 19 16 4 0 27 28 13 47 31 30 23 28 8 39 39 9 30 46 18 42 34 47 4 46 9 20 16 
Custo Total: 818232
