Instância: Data/raw/50_P40_M1_HUB_10.txt
Tempo limite: 30 segundos
Seed: 9
Tamanho da pertubação: 5
Solução inicial:
Instalacoes:
1 1 1 0 0 0 0 0 1 0 0 0 0 0 0 0 0 0 1 1 1 0 1 0 0 0 0 0 0 0 0 0 0 0 0 0 0 0 0 1 0 0 0 0 0 0 1 1 0 0 
Atribuicoes:
1 1 2 39 46 2 20 22 46 0 20 20 20 2 1 1 18 18 18 47 8 19 22 1 0 39 19 20 1 2 19 0 19 8 1 0 39 22 8 39 20 18 8 47 47 46 46 47 18 1 
Custo Total: 1426984
Solução após busca local:
Instalacoes:
1 1 1 0 1 0 0 0 1 1 0 0 0 1 0 0 0 0 1 1 1 0 1 0 0 0 0 0 0 0 1 0 0 0 0 0 0 0 0 1 0 0 0 0 0 0 1 1 0 0 
Atribuicoes:
0 9 47 39 46 4 20 8 46 9 13 20 20 47 1 1 18 20 4 4 20 30 22 30 9 1 19 20 1 13 30 13 1 4 47 0 4 8 8 4 20 18 8 47 47 46 47 47 9 1 
Custo Total: 482439
Total de iterações: 31686
Melhorias: 19
Tempo até a melhor solução: 26.44 segundos
Iterações até a melhor solução: 27819
Soma dos custos: 11200665979
Média dos custos: 353489
Pior valor encontrado: 590394
Melhor solução encontrada:
Instalacoes:
0 1 0 0 1 0 0 0 1 1 0 0 0 1 0 0 1 0 0 0 1 0 1 0 0 0 0 0 0 0 0 0 0 0 0 0 0 0 0 0 0 0 0 0 0 0 0 1 0 1 
Atribuicoes:
4 47 4 1 47 4 20 47 20 9 16 20 1 1 49 47 16 20 16 47 20 4 16 13 9 13 9 20 9 1 1 22 9 4 13 49 4 9 8 4 20 49 20 20 47 8 47 8 9 8 
Custo Total: 344214
