Instância: Data/raw/50_P40_M1_Continuo_1.txt
Tempo limite: 30 segundos
Seed: 10
Tamanho da pertubação: 5
Solução inicial:
Instalacoes:
1 0 1 0 0 0 0 0 1 0 0 0 0 1 0 0 0 0 1 0 1 0 1 1 0 1 0 0 0 0 1 0 0 0 0 0 0 0 0 0 0 0 0 0 0 0 1 1 0 0 
Atribuicoes:
47 8 25 2 46 47 46 23 8 0 18 20 25 23 0 8 18 18 18 47 20 30 22 13 8 25 47 20 0 23 8 47 47 23 8 18 23 25 8 13 22 20 47 30 47 46 46 0 13 8 
Custo Total: 1595004
Solução após busca local:
Instalacoes:
1 1 0 0 1 0 0 0 1 1 0 0 0 1 0 0 1 0 1 0 1 0 1 1 0 1 0 0 0 0 1 0 0 0 0 0 0 0 0 0 0 0 0 0 0 0 1 1 0 0 
Atribuicoes:
47 1 9 20 4 4 20 0 8 0 9 4 16 13 0 8 16 47 18 47 20 20 22 13 8 1 9 20 8 23 30 8 4 30 8 18 1 25 9 13 47 18 47 1 47 8 20 4 13 8 
Custo Total: 475901
Total de iterações: 34912
Melhorias: 12
Tempo até a melhor solução: 10.7795 segundos
Iterações até a melhor solução: 11729
Soma dos custos: 12090030451
Média dos custos: 346300
Pior valor encontrado: 583552
Melhor solução encontrada:
Instalacoes:
0 1 0 0 1 0 0 0 1 1 0 0 0 1 0 0 1 0 0 0 1 0 1 0 0 1 0 0 0 0 0 0 0 0 0 0 0 0 0 0 0 0 0 0 0 0 0 1 0 0 
Atribuicoes:
47 47 9 20 1 4 20 13 8 16 9 4 9 13 4 8 1 1 1 47 20 20 22 47 8 25 9 20 1 13 47 8 8 13 1 16 25 22 9 4 8 16 47 47 20 8 8 4 13 8 
Custo Total: 341356
