Instância: Data/raw/50_P100_M1_HUB_6.txt
Tempo limite: 30 segundos
Seed: 4
Tamanho da pertubação: 5
Solução inicial:
Instalacoes:
1 0 1 1 0 1 0 1 0 1 0 1 0 0 0 1 0 0 1 1 0 0 1 0 0 0 0 0 1 1 0 0 0 0 0 0 0 0 1 1 0 1 1 1 0 0 1 0 0 0 
Atribuicoes:
0 0 2 3 15 5 41 7 15 9 46 11 7 2 19 9 42 7 18 19 46 43 22 29 42 5 43 11 28 29 2 28 5 2 0 9 3 7 38 39 28 18 42 19 42 38 46 19 39 0 
Custo Total: 3090616
Solução após busca local:
Instalacoes:
1 1 1 1 1 1 0 1 1 1 0 0 0 1 1 1 1 0 1 1 1 0 1 1 0 1 0 1 1 1 1 1 0 0 1 1 0 0 1 1 0 0 1 1 0 0 1 1 0 1 
Atribuicoes:
4 49 30 25 15 5 16 47 8 42 14 28 22 2 34 9 20 27 18 9 46 43 22 13 35 1 1 18 28 29 23 31 30 13 0 47 3 7 38 39 27 41 42 20 4 8 46 19 39 0 
Custo Total: 1338077
Total de iterações: 14321
Melhorias: 22
Tempo até a melhor solução: 11.4692 segundos
Iterações até a melhor solução: 5186
Soma dos custos: 16772891337
Média dos custos: 1.17121e+06
Pior valor encontrado: 1381681
Melhor solução encontrada:
Instalacoes:
1 1 1 0 1 0 0 1 1 1 0 0 0 1 0 0 1 0 1 1 1 0 1 1 0 1 0 1 1 0 1 1 0 0 1 1 0 0 0 1 0 0 1 0 0 0 1 1 0 1 
Atribuicoes:
16 34 23 20 42 34 39 7 8 46 35 27 22 2 0 9 28 25 18 19 4 13 22 19 49 47 0 18 28 13 30 31 30 31 8 1 25 16 4 39 27 49 42 20 9 1 46 47 23 35 
Custo Total: 1164989
