Instância: Data/raw/50_P70_M0_Continuo_9.txt
Tempo limite: 30 segundos
Seed: 3
Tamanho da pertubação: 5
Solução inicial:
Instalacoes:
1 0 1 0 1 1 0 1 1 1 0 0 0 1 0 0 1 0 1 0 1 0 1 0 0 0 0 0 0 0 1 0 0 0 0 1 0 0 0 1 0 0 1 0 0 0 0 1 0 0 
Atribuicoes:
47 47 2 13 4 5 18 7 8 9 16 2 7 2 0 9 16 7 4 47 20 20 22 2 35 5 42 13 2 2 30 5 30 22 47 9 13 7 4 39 16 18 8 0 42 4 8 47 39 47 
Custo Total: 2296666
Solução após busca local:
Instalacoes:
1 1 0 0 1 1 0 1 1 1 0 0 0 1 0 0 1 0 1 1 1 0 1 1 0 1 0 1 0 0 1 1 0 0 1 0 0 0 0 1 0 0 1 0 0 0 1 1 0 1 
Atribuicoes:
47 30 1 13 8 5 18 8 8 0 16 27 20 25 31 9 16 9 20 34 20 34 22 23 9 25 42 13 27 23 30 30 20 22 19 49 25 22 4 31 27 18 8 0 4 4 46 47 39 1 
Custo Total: 814494
Total de iterações: 21601
Melhorias: 22
Tempo até a melhor solução: 26.8262 segundos
Iterações até a melhor solução: 19403
Soma dos custos: 11577182666
Média dos custos: 535956
Pior valor encontrado: 787147
Melhor solução encontrada:
Instalacoes:
1 1 0 0 1 0 0 0 1 1 0 0 0 1 0 0 1 0 1 1 1 0 1 0 0 1 0 0 0 0 0 1 0 0 0 0 0 0 0 0 0 0 0 0 0 0 0 1 0 0 
Atribuicoes:
47 13 0 47 8 9 47 8 4 8 16 31 20 13 16 9 18 9 20 1 18 19 18 1 22 25 20 18 31 13 25 25 1 22 16 4 20 1 4 9 31 47 9 19 4 8 13 0 13 0 
Custo Total: 512995
