Instância: Data/raw/50_P60_M1_Continuo_8.txt
Tempo limite: 30 segundos
Seed: 9
Tamanho da pertubação: 5
Solução inicial:
Instalacoes:
1 1 1 1 0 0 0 0 0 1 0 0 0 1 0 1 1 0 0 0 0 0 1 0 0 0 0 0 0 0 0 0 0 0 1 1 0 0 0 1 0 0 1 0 0 0 1 1 0 0 
Atribuicoes:
0 1 2 3 15 0 2 13 15 42 47 9 35 39 34 42 16 35 16 47 46 34 22 2 1 39 9 9 34 13 34 0 35 3 1 16 3 22 9 39 47 16 42 34 9 46 46 47 39 1 
Custo Total: 1735825
Solução após busca local:
Instalacoes:
1 1 1 1 1 0 0 0 1 1 0 0 0 1 0 1 1 0 0 1 1 0 1 0 0 0 0 0 0 0 1 0 0 0 1 1 0 0 0 1 0 0 1 0 0 0 1 1 0 1 
Atribuicoes:
0 4 2 4 1 0 20 13 47 42 49 22 8 13 13 4 8 22 16 47 46 34 22 8 1 49 42 9 34 20 34 9 8 0 0 16 9 4 46 30 9 16 42 19 9 47 46 47 39 1 
Custo Total: 699336
Total de iterações: 24412
Melhorias: 20
Tempo até a melhor solução: 29.8278 segundos
Iterações até a melhor solução: 24273
Soma dos custos: 12167228264
Média dos custos: 498412
Pior valor encontrado: 736462
Melhor solução encontrada:
Instalacoes:
1 1 0 0 1 0 0 0 1 1 0 0 0 1 0 0 0 0 1 0 1 0 1 1 0 0 0 0 0 0 1 0 0 0 0 0 0 0 0 0 0 0 0 0 0 0 0 1 0 1 
Atribuicoes:
0 0 30 13 4 0 49 13 1 4 1 22 22 13 13 0 8 18 18 47 8 47 22 8 1 0 4 9 30 23 30 9 8 9 49 20 9 49 47 23 9 47 4 30 20 20 8 18 20 1 
Custo Total: 471265
