Instância: Data/raw/50_P90_M0_Continuo_7.txt
Tempo limite: 30 segundos
Seed: 7
Tamanho da pertubação: 5
Solução inicial:
Instalacoes:
1 1 1 1 0 0 0 1 0 0 0 0 0 0 0 1 0 0 0 1 0 1 1 1 1 1 0 0 0 0 1 0 0 0 0 0 0 0 1 0 0 0 1 0 0 0 1 1 0 0 
Atribuicoes:
47 1 30 3 1 30 1 7 1 42 46 22 7 23 19 15 42 7 15 47 24 21 22 2 24 25 19 22 30 23 30 25 2 23 1 42 3 7 38 25 30 46 42 47 1 38 46 47 25 19 
Custo Total: 2733891
Solução após busca local:
Instalacoes:
0 1 1 0 1 0 0 1 1 1 0 0 0 1 0 1 1 0 1 1 1 0 1 1 1 1 0 1 1 0 1 1 0 0 1 1 0 0 1 1 0 0 1 1 0 0 1 1 0 1 
Atribuicoes:
47 20 49 31 1 9 1 7 16 42 35 22 4 23 43 15 27 18 35 43 20 30 22 2 24 2 19 27 28 34 30 31 8 23 28 8 39 39 47 9 16 39 42 13 19 18 46 47 25 24 
Custo Total: 1084837
Total de iterações: 16064
Melhorias: 25
Tempo até a melhor solução: 23.0397 segundos
Iterações até a melhor solução: 12088
Soma dos custos: 13348555941
Média dos custos: 830961
Pior valor encontrado: 1077666
Melhor solução encontrada:
Instalacoes:
1 1 0 0 1 0 0 0 1 1 0 0 0 1 0 0 1 0 1 1 1 0 1 0 0 1 0 0 1 0 1 1 0 0 0 1 0 0 0 1 0 0 0 1 0 0 1 1 0 1 
Atribuicoes:
20 49 25 1 16 16 47 25 46 39 1 22 28 9 0 19 31 13 35 0 49 8 22 8 8 13 19 31 28 20 30 1 43 39 47 35 18 18 46 9 4 18 9 43 4 13 4 46 47 30 
Custo Total: 810048
