Instância: Data/raw/50_P40_M1_Continuo_2.txt
Tempo limite: 30 segundos
Seed: 1
Tamanho da pertubação: 5
Solução inicial:
Instalacoes:
1 1 0 0 0 0 0 0 1 0 0 1 0 1 0 0 0 0 1 0 0 0 1 1 0 0 0 0 0 0 0 1 0 0 0 1 0 0 0 0 0 0 1 0 0 0 1 1 0 0 
Atribuicoes:
0 1 13 23 46 8 46 31 46 0 11 11 11 13 31 0 35 11 18 0 18 31 22 8 35 13 0 8 47 47 8 31 47 23 1 47 23 13 46 8 47 18 42 31 0 8 46 47 8 1 
Custo Total: 1571430
Solução após busca local:
Instalacoes:
1 1 0 0 1 0 0 0 1 1 0 1 0 1 0 0 1 0 1 0 1 0 1 1 0 0 0 0 0 0 1 1 0 0 0 1 0 0 0 0 0 0 0 0 0 0 1 1 0 0 
Atribuicoes:
0 1 13 30 8 20 0 47 4 20 4 11 8 13 30 47 35 20 8 9 18 13 22 9 35 20 4 9 47 20 1 31 47 13 4 16 23 13 46 8 9 18 1 1 0 8 46 47 8 9 
Custo Total: 546522
Total de iterações: 34033
Melhorias: 18
Tempo até a melhor solução: 28.619 segundos
Iterações até a melhor solução: 32501
Soma dos custos: 11192885883
Média dos custos: 328883
Pior valor encontrado: 582706
Melhor solução encontrada:
Instalacoes:
0 1 0 0 1 0 0 0 1 1 0 0 0 1 0 0 0 0 0 0 1 0 1 0 0 0 0 0 0 0 0 0 0 0 0 0 0 0 0 1 0 0 0 0 0 0 0 1 0 0 
Atribuicoes:
9 13 13 39 4 9 20 22 4 20 4 4 13 9 20 47 8 20 20 8 8 9 22 9 47 9 47 9 39 9 1 20 47 13 4 8 39 22 8 13 22 8 8 1 47 4 1 1 13 9 
Custo Total: 325493
