Instância: Data/raw/50_P40_M1_HUB_3.txt
Tempo limite: 30 segundos
Seed: 5
Tamanho da pertubação: 5
Solução inicial:
Instalacoes:
0 1 1 0 0 0 0 0 1 0 0 0 0 0 0 0 1 0 0 0 0 0 1 0 0 1 0 1 0 0 1 0 0 0 1 0 0 0 0 1 0 0 1 0 0 0 1 1 0 0 
Atribuicoes:
47 1 2 25 8 1 27 25 8 42 16 8 39 2 34 42 16 25 22 47 42 1 22 47 34 2 47 27 25 2 30 1 1 8 1 34 25 39 46 39 16 16 8 1 47 46 46 47 39 34 
Custo Total: 1387361
Solução após busca local:
Instalacoes:
1 1 0 0 1 0 0 0 1 1 0 0 0 1 0 0 1 0 0 0 1 0 1 0 0 1 0 1 0 0 0 0 0 0 1 0 0 0 0 1 0 0 1 0 0 0 1 1 0 0 
Atribuicoes:
20 4 9 25 4 47 20 20 4 1 16 8 13 47 13 9 16 4 1 4 20 1 22 47 16 13 4 27 4 13 2 1 47 8 9 9 25 8 1 39 20 0 8 4 47 46 46 47 9 34 
Custo Total: 539914
Total de iterações: 34457
Melhorias: 18
Tempo até a melhor solução: 26.5688 segundos
Iterações até a melhor solução: 30552
Soma dos custos: 12321339960
Média dos custos: 357586
Pior valor encontrado: 599404
Melhor solução encontrada:
Instalacoes:
1 1 0 0 1 0 0 0 1 1 0 0 0 1 0 0 0 0 1 0 1 0 1 0 0 0 0 0 0 0 0 0 0 0 0 0 0 0 0 0 0 0 0 0 0 0 0 1 0 0 
Atribuicoes:
0 4 9 47 4 8 20 20 4 9 9 8 1 13 1 47 9 4 18 4 20 20 47 13 1 20 9 22 4 1 8 4 4 1 20 20 13 47 9 18 0 13 47 20 8 47 9 9 9 4 
Custo Total: 336858
