Instância: Data/raw/50_P80_M1_Continuo_8.txt
Tempo limite: 30 segundos
Seed: 8
Tamanho da pertubação: 5
Solução inicial:
Instalacoes:
1 0 1 0 0 0 0 1 0 1 0 0 0 1 1 0 1 0 1 1 0 0 1 1 0 0 0 0 0 0 1 1 0 0 0 0 0 0 1 1 0 0 1 0 0 0 1 0 0 0 
Atribuicoes:
0 0 13 46 31 13 2 7 31 9 16 18 39 13 14 9 16 39 18 19 14 19 22 23 42 13 19 30 23 23 30 31 30 22 0 9 39 39 38 13 16 18 42 0 31 38 46 0 23 0 
Custo Total: 2651596
Solução após busca local:
Instalacoes:
1 1 0 0 1 0 0 0 1 1 0 0 0 1 1 0 1 0 1 1 1 0 1 1 0 1 0 0 1 0 1 1 0 0 1 1 0 0 1 1 0 0 1 1 0 0 1 1 0 1 
Atribuicoes:
9 1 2 34 20 13 49 18 31 47 16 28 22 13 19 9 16 22 30 1 35 43 22 23 16 13 19 30 14 47 20 31 30 39 49 9 39 49 46 8 8 18 42 0 47 4 46 4 35 0 
Custo Total: 901638
Total de iterações: 19419
Melhorias: 9
Tempo até a melhor solução: 17.8654 segundos
Iterações até a melhor solução: 11477
Soma dos custos: 13066733044
Média dos custos: 672884
Pior valor encontrado: 931234
Melhor solução encontrada:
Instalacoes:
1 1 0 0 1 0 0 0 1 1 0 0 0 1 0 0 1 0 1 1 1 0 1 0 0 1 0 0 0 0 1 1 0 0 1 0 0 0 0 1 0 0 0 0 0 0 1 1 0 1 
Atribuicoes:
9 1 4 4 20 13 25 49 8 47 16 9 39 13 0 9 16 22 1 1 18 0 22 19 16 13 20 30 34 47 20 31 30 46 25 0 18 25 4 39 8 49 19 19 47 46 46 8 31 34 
Custo Total: 668571
