Instância: Data/raw/50_P60_M1_Continuo_8.txt
Tempo limite: 30 segundos
Seed: 10
Tamanho da pertubação: 5
Solução inicial:
Instalacoes:
1 1 1 1 0 0 0 0 0 1 0 0 0 1 0 1 1 0 0 0 0 0 1 0 0 0 0 0 0 0 0 0 0 0 1 1 0 0 0 1 0 0 1 0 0 0 1 1 0 0 
Atribuicoes:
0 1 2 3 15 0 2 13 15 42 47 9 35 39 34 42 16 35 16 47 46 34 22 2 1 39 9 9 34 13 34 0 35 3 1 16 3 22 9 39 47 16 42 34 9 46 46 47 39 1 
Custo Total: 1735825
Solução após busca local:
Instalacoes:
1 1 1 1 1 0 0 0 1 1 0 0 0 1 0 1 1 0 0 1 1 0 1 0 0 0 0 0 0 0 1 0 0 0 1 1 0 0 0 1 0 0 1 0 0 0 1 1 0 1 
Atribuicoes:
0 4 2 4 1 0 20 13 47 42 49 22 8 13 13 4 8 22 16 47 46 34 22 8 1 49 42 9 34 20 34 9 8 0 0 16 9 4 46 30 9 16 42 19 9 47 46 47 39 1 
Custo Total: 699336
Total de iterações: 24867
Melhorias: 19
Tempo até a melhor solução: 25.095 segundos
Iterações até a melhor solução: 20832
Soma dos custos: 12093894394
Média dos custos: 486343
Pior valor encontrado: 738920
Melhor solução encontrada:
Instalacoes:
1 1 0 0 1 0 0 0 1 1 0 0 0 1 0 0 1 0 0 1 1 0 1 0 0 0 0 0 0 0 1 0 0 0 0 0 0 0 0 0 0 0 0 0 0 0 0 1 0 1 
Atribuicoes:
4 49 13 49 20 4 20 16 0 47 16 22 22 0 8 4 16 22 49 1 8 30 22 47 16 4 19 9 30 20 30 9 19 47 4 20 9 30 1 13 9 1 8 13 9 8 47 0 8 1 
Custo Total: 471980
