Instância: Data/raw/50_P100_M1_HUB_8.txt
Tempo limite: 30 segundos
Seed: 4
Tamanho da pertubação: 5
Solução inicial:
Instalacoes:
1 0 1 1 1 1 0 1 0 1 0 1 0 0 1 1 0 0 1 1 0 0 1 0 0 0 0 0 1 1 0 0 0 0 0 0 0 0 0 1 0 1 1 1 0 0 1 0 0 0 
Atribuicoes:
4 4 2 3 15 5 0 7 15 9 46 11 7 2 14 9 46 7 18 4 46 43 22 29 42 5 42 11 28 29 2 28 43 5 4 9 3 7 15 39 28 18 42 19 42 4 46 19 39 4 
Custo Total: 2855468
Solução após busca local:
Instalacoes:
1 1 1 1 1 1 0 1 1 1 0 1 0 1 1 1 1 0 1 1 1 0 1 1 0 1 0 1 1 1 1 1 0 0 1 1 0 0 0 1 0 0 1 1 0 0 1 1 0 1 
Atribuicoes:
34 49 2 3 15 5 0 7 1 16 8 27 20 25 14 9 49 28 18 0 46 43 22 35 1 5 42 11 28 29 23 47 30 16 47 9 13 31 8 39 27 18 42 19 13 4 46 19 35 4 
Custo Total: 1334814
Total de iterações: 13750
Melhorias: 20
Tempo até a melhor solução: 27.5459 segundos
Iterações até a melhor solução: 12652
Soma dos custos: 16622400876
Média dos custos: 1.2089e+06
Pior valor encontrado: 1393715
Melhor solução encontrada:
Instalacoes:
1 1 0 0 1 1 0 0 1 1 0 1 0 1 0 0 1 0 1 1 1 0 1 1 0 1 0 1 1 0 1 1 0 0 1 1 0 0 0 1 0 0 1 0 0 0 1 1 0 1 
Atribuicoes:
34 30 25 47 0 5 4 39 1 19 27 22 20 31 16 18 16 0 18 9 46 19 11 23 1 5 4 25 28 28 23 31 30 49 34 22 13 9 42 39 49 35 42 47 20 8 46 8 13 35 
Custo Total: 1199047
