Instância: Data/raw/50_P100_M1_HUB_8.txt
Tempo limite: 30 segundos
Seed: 8
Tamanho da pertubação: 5
Solução inicial:
Instalacoes:
1 0 1 1 1 1 0 1 0 1 0 1 0 0 1 1 0 0 1 1 0 0 1 0 0 0 0 0 1 1 0 0 0 0 0 0 0 0 0 1 0 1 1 1 0 0 1 0 0 0 
Atribuicoes:
4 4 2 3 15 5 0 7 15 9 46 11 7 2 14 9 46 7 18 4 46 43 22 29 42 5 42 11 28 29 2 28 43 5 4 9 3 7 15 39 28 18 42 19 42 4 46 19 39 4 
Custo Total: 2855468
Solução após busca local:
Instalacoes:
1 1 1 1 1 1 0 1 1 1 0 1 0 1 1 1 1 0 1 1 1 0 1 1 0 1 0 1 1 1 1 1 0 0 1 1 0 0 0 1 0 0 1 1 0 0 1 1 0 1 
Atribuicoes:
34 49 2 3 15 5 0 7 1 16 8 27 20 25 14 9 49 28 18 0 46 43 22 35 1 5 42 11 28 29 23 47 30 16 47 9 13 31 8 39 27 18 42 19 13 4 46 19 35 4 
Custo Total: 1334814
Total de iterações: 14097
Melhorias: 18
Tempo até a melhor solução: 6.78045 segundos
Iterações até a melhor solução: 3135
Soma dos custos: 17057837167
Média dos custos: 1.21003e+06
Pior valor encontrado: 1412008
Melhor solução encontrada:
Instalacoes:
1 1 0 0 1 1 0 0 1 1 0 0 0 1 0 0 1 0 1 1 1 0 1 1 0 1 0 1 0 0 1 1 1 0 1 1 0 0 0 1 1 0 1 1 0 0 1 1 0 1 
Atribuicoes:
47 34 25 23 1 5 0 13 8 18 27 35 20 8 16 9 49 1 9 0 46 43 22 30 8 5 42 25 31 31 30 19 32 18 47 35 39 22 4 13 40 16 42 49 20 4 46 19 39 34 
Custo Total: 1206139
