Instância: Data/raw/50_P20_M1_Continuo_4.txt
Tempo limite: 30 segundos
Seed: 10
Tamanho da pertubação: 5
Solução inicial:
Instalacoes:
1 0 0 0 1 0 0 0 1 1 0 0 0 1 0 0 0 0 0 0 1 0 1 0 0 0 0 0 0 0 1 0 0 0 0 0 0 0 0 0 0 0 0 0 0 0 0 1 0 0 
Atribuicoes:
47 47 13 30 4 30 9 20 8 9 22 30 22 13 20 47 20 22 9 47 20 0 22 47 20 13 47 13 30 4 30 30 30 13 47 9 47 20 9 13 30 20 8 0 47 47 8 0 20 47 
Custo Total: 1072644
Solução após busca local:
Instalacoes:
1 1 0 0 1 0 0 0 1 1 0 0 0 1 0 0 1 0 0 0 1 0 1 0 0 0 0 0 0 0 1 0 0 0 0 0 0 0 0 0 0 0 0 0 0 0 0 1 0 0 
Atribuicoes:
4 8 13 4 4 4 9 20 8 9 8 20 9 13 20 47 16 47 9 47 20 4 22 47 20 13 47 4 8 4 9 9 20 13 47 9 8 20 4 9 16 20 8 9 1 8 47 4 1 20 
Custo Total: 336115
Total de iterações: 71383
Melhorias: 19
Tempo até a melhor solução: 7.88545 segundos
Iterações até a melhor solução: 18424
Soma dos custos: 17745039194
Média dos custos: 248589
Pior valor encontrado: 462365
Melhor solução encontrada:
Instalacoes:
0 1 0 0 1 0 0 0 1 1 0 0 0 1 0 0 0 0 0 0 1 0 1 0 0 0 0 0 0 0 0 0 0 0 0 0 0 0 0 0 0 0 0 0 0 0 0 1 0 0 
Atribuicoes:
47 1 13 20 4 4 8 9 4 9 20 20 9 13 8 1 9 8 20 4 20 47 22 13 20 4 47 4 8 20 8 9 9 4 1 9 13 9 4 9 9 20 47 9 8 8 8 47 9 20 
Custo Total: 247546
