Instância: Data/raw/50_P90_M1_Continuo_6.txt
Tempo limite: 30 segundos
Seed: 7
Tamanho da pertubação: 5
Solução inicial:
Instalacoes:
1 1 1 1 0 1 0 1 0 0 0 0 0 1 1 1 0 0 1 0 0 0 1 0 1 0 0 0 1 0 0 0 1 0 0 0 0 0 1 1 0 0 1 0 0 0 1 1 0 0 
Atribuicoes:
47 1 2 3 15 5 13 7 1 15 46 22 7 2 14 0 42 7 18 47 15 14 22 2 24 5 15 13 28 2 32 28 32 5 1 42 3 7 38 39 28 18 42 14 47 38 46 47 39 0 
Custo Total: 2445276
Solução após busca local:
Instalacoes:
0 1 1 0 1 1 0 1 1 1 0 0 0 0 1 1 1 0 1 1 1 0 1 1 0 1 0 0 1 0 1 1 0 0 0 1 0 0 1 1 0 0 1 0 0 0 1 1 0 1 
Atribuicoes:
9 49 2 18 30 23 39 8 1 15 31 22 7 8 14 42 28 7 18 20 9 23 25 20 46 5 19 14 4 30 31 28 32 39 1 49 32 4 16 39 35 19 42 8 47 38 46 47 25 22 
Custo Total: 1060410
Total de iterações: 16929
Melhorias: 28
Tempo até a melhor solução: 18.8463 segundos
Iterações até a melhor solução: 10518
Soma dos custos: 13635359475
Média dos custos: 805444
Pior valor encontrado: 1067812
Melhor solução encontrada:
Instalacoes:
1 1 0 0 1 1 0 0 1 1 0 0 0 1 0 0 1 0 1 1 1 0 1 1 0 1 0 0 1 0 1 1 0 0 0 0 0 0 0 1 0 0 1 0 0 0 1 1 0 1 
Atribuicoes:
13 16 8 18 0 5 39 20 19 47 31 5 0 20 49 49 13 22 18 4 46 47 22 4 8 42 0 49 28 30 31 13 25 39 30 16 23 9 47 39 25 28 42 20 9 1 8 1 23 19 
Custo Total: 793654
