Instância: Data/raw/50_P100_M0_Continuo_8.txt
Tempo limite: 30 segundos
Seed: 2
Tamanho da pertubação: 5
Solução inicial:
Instalacoes:
1 0 1 1 0 1 0 1 0 1 0 0 0 0 1 1 0 0 1 1 0 0 1 0 0 0 0 0 1 1 0 0 0 0 0 0 0 0 1 1 0 1 1 1 0 0 1 0 0 0 
Atribuicoes:
0 0 2 3 15 5 41 7 15 9 46 22 7 2 14 9 46 7 18 19 46 43 22 29 42 5 15 22 28 29 2 28 43 2 0 9 3 7 38 39 28 18 42 19 42 38 46 19 39 0 
Custo Total: 2896617
Solução após busca local:
Instalacoes:
1 1 1 1 1 0 0 1 1 1 0 0 0 1 0 1 1 0 1 1 1 0 1 1 0 1 0 1 1 1 1 1 1 0 1 1 0 0 1 1 0 0 1 1 0 0 1 1 0 1 
Atribuicoes:
0 1 25 3 15 43 30 30 46 9 16 27 7 2 19 34 41 16 18 47 18 43 23 13 42 39 1 22 20 29 31 31 32 4 47 9 20 7 8 39 28 35 42 49 4 38 8 19 25 0 
Custo Total: 1384366
Total de iterações: 14050
Melhorias: 17
Tempo até a melhor solução: 28.7022 segundos
Iterações até a melhor solução: 13422
Soma dos custos: 16813954121
Média dos custos: 1.19672e+06
Pior valor encontrado: 1393560
Melhor solução encontrada:
Instalacoes:
1 1 0 0 1 1 0 0 1 1 0 1 0 1 0 0 1 0 1 1 1 0 1 1 0 1 0 1 0 0 1 1 0 0 1 1 0 0 0 1 0 0 1 1 0 0 1 1 0 1 
Atribuicoes:
42 1 5 23 9 25 4 9 46 42 22 11 11 35 34 0 49 13 18 19 18 20 23 30 47 30 1 27 5 4 31 31 47 39 19 35 39 16 46 25 22 16 8 43 0 8 20 49 34 13 
Custo Total: 1174525
