Instância: Data/raw/50_P40_M1_Continuo_6.txt
Tempo limite: 30 segundos
Seed: 5
Tamanho da pertubação: 5
Solução inicial:
Instalacoes:
1 1 1 0 0 0 0 0 0 0 0 0 0 1 0 0 1 0 0 1 1 0 1 1 0 0 0 0 0 0 1 0 0 0 0 0 0 0 0 1 0 0 0 0 0 0 0 0 0 1 
Atribuicoes:
0 1 23 13 0 23 20 22 0 19 16 20 39 23 0 49 16 49 49 19 49 49 22 30 1 30 19 20 1 23 23 30 30 49 1 16 13 39 13 39 16 16 19 0 0 20 20 0 39 1 
Custo Total: 1795624
Solução após busca local:
Instalacoes:
1 1 0 0 1 0 0 0 1 1 0 0 0 1 0 0 1 0 0 0 1 0 1 1 0 1 0 0 0 0 1 0 0 0 0 0 0 0 0 1 0 0 0 0 0 0 0 1 0 1 
Atribuicoes:
9 9 30 9 8 4 8 4 8 20 1 22 39 20 0 9 4 20 20 47 49 8 22 23 1 1 47 4 4 1 13 30 8 8 1 16 13 39 47 39 16 9 9 47 0 20 20 9 4 4 
Custo Total: 519922
Total de iterações: 34511
Melhorias: 18
Tempo até a melhor solução: 29.9209 segundos
Iterações até a melhor solução: 34416
Soma dos custos: 11898301970
Média dos custos: 344768
Pior valor encontrado: 576815
Melhor solução encontrada:
Instalacoes:
0 1 0 0 1 0 0 0 1 1 0 0 0 1 0 0 0 0 0 0 1 0 1 0 0 0 0 0 0 0 1 0 0 0 0 0 0 0 0 1 0 0 0 0 0 0 0 1 0 0 
Atribuicoes:
9 9 30 20 8 4 13 39 8 9 13 22 47 13 8 4 4 20 20 47 8 47 22 8 1 1 47 30 4 9 30 1 47 13 8 1 20 39 47 39 22 4 9 8 1 20 20 9 4 9 
Custo Total: 335712
