Instância: Data/raw/50_P50_M1_Continuo_7.txt
Tempo limite: 30 segundos
Seed: 4
Tamanho da pertubação: 5
Solução inicial:
Instalacoes:
0 0 0 0 1 0 0 0 0 1 0 0 0 1 0 0 0 0 1 1 0 0 1 1 0 1 0 0 0 0 0 0 0 0 0 0 0 0 0 0 0 0 0 0 0 0 1 1 0 0 
Atribuicoes:
4 4 13 23 46 25 46 4 46 9 18 9 22 13 4 9 9 18 18 47 18 19 22 23 18 25 19 9 25 23 23 13 19 22 4 9 23 18 9 25 22 18 9 4 19 4 46 47 25 4 
Custo Total: 2125278
Solução após busca local:
Instalacoes:
0 1 0 0 1 1 0 0 1 1 0 0 0 1 0 0 1 0 1 1 1 0 1 1 0 1 0 0 0 0 0 0 0 0 0 0 0 0 0 0 0 0 0 0 0 0 0 1 0 0 
Atribuicoes:
47 20 13 25 9 5 13 4 13 9 8 9 22 13 4 4 9 20 18 47 18 19 22 5 1 16 19 9 25 23 23 5 20 8 4 9 16 16 20 8 16 18 1 4 47 1 9 47 13 1 
Custo Total: 498147
Total de iterações: 28413
Melhorias: 14
Tempo até a melhor solução: 17.5931 segundos
Iterações até a melhor solução: 16586
Soma dos custos: 10836622662
Média dos custos: 381397
Pior valor encontrado: 670758
Melhor solução encontrada:
Instalacoes:
0 1 0 0 1 0 0 0 1 1 0 0 0 1 0 0 0 0 1 0 1 0 1 0 0 0 0 0 0 0 0 1 0 0 0 0 0 0 0 0 0 0 0 0 0 0 0 1 0 0 
Atribuicoes:
47 8 13 4 9 31 13 4 8 9 8 9 18 13 4 4 9 20 18 0 18 4 22 20 8 31 1 9 22 20 47 31 8 8 1 9 1 0 20 47 1 18 20 4 1 47 9 8 13 0 
Custo Total: 377549
