Instância: Data/raw/50_P20_M1_Continuo_8.txt
Tempo limite: 30 segundos
Seed: 2
Tamanho da pertubação: 5
Solução inicial:
Instalacoes:
0 1 0 0 0 0 0 0 0 0 0 0 0 1 0 0 1 0 0 0 0 0 1 0 0 0 0 0 0 0 0 1 0 0 0 0 0 0 0 0 0 0 1 0 0 0 1 1 0 0 
Atribuicoes:
42 1 31 13 46 47 42 13 46 16 47 22 47 31 13 42 16 47 47 47 47 31 22 13 1 13 1 31 47 13 31 31 31 13 1 47 13 47 46 31 1 47 42 31 46 46 46 47 31 1 
Custo Total: 1242391
Solução após busca local:
Instalacoes:
0 1 0 0 1 0 0 0 1 1 0 0 0 1 0 0 0 0 0 0 1 0 1 0 0 0 0 0 0 0 0 1 0 0 0 0 0 0 0 0 0 0 1 0 0 0 1 1 0 0 
Atribuicoes:
9 1 9 4 8 20 20 4 4 4 8 22 47 8 4 20 8 20 8 47 8 4 22 13 20 13 9 9 20 13 8 31 31 9 1 20 13 20 4 8 1 20 42 9 20 8 46 47 8 9 
Custo Total: 369772
Total de iterações: 59305
Melhorias: 13
Tempo até a melhor solução: 27.9096 segundos
Iterações até a melhor solução: 54536
Soma dos custos: 13800420749
Média dos custos: 232702
Pior valor encontrado: 446766
Melhor solução encontrada:
Instalacoes:
0 0 0 0 1 0 0 0 1 1 0 0 0 1 0 0 0 0 0 0 1 0 1 0 0 0 0 0 0 0 0 0 0 0 0 0 0 0 0 0 0 0 0 0 0 0 0 1 0 0 
Atribuicoes:
9 9 9 20 8 9 20 8 47 4 8 13 4 13 4 20 8 20 9 8 8 20 22 9 20 13 8 22 20 4 8 9 9 9 47 20 4 20 4 13 4 20 9 47 4 8 4 47 8 8 
Custo Total: 226041
