Instância: Data/raw/50_P90_M1_Continuo_10.txt
Tempo limite: 30 segundos
Seed: 7
Tamanho da pertubação: 5
Solução inicial:
Instalacoes:
1 0 1 1 0 1 0 1 0 1 0 0 0 0 0 0 0 0 0 1 0 0 1 1 0 0 0 0 1 0 0 0 0 0 1 1 0 0 1 1 0 0 1 1 0 0 0 0 0 0 
Atribuicoes:
0 0 23 3 35 5 5 7 42 9 2 23 7 23 19 9 2 7 34 19 34 43 22 23 42 39 42 39 28 2 23 28 5 3 34 9 3 7 38 39 35 9 34 19 42 38 38 19 39 0 
Custo Total: 2957111
Solução após busca local:
Instalacoes:
1 1 1 1 1 1 0 1 1 1 0 0 0 1 0 0 1 0 0 1 1 0 1 1 0 1 0 1 1 0 1 0 0 0 1 1 0 0 1 1 0 0 1 0 0 0 1 1 0 1 
Atribuicoes:
20 0 25 30 35 16 5 7 42 47 23 2 13 0 19 9 46 16 1 19 34 28 22 23 1 30 42 13 28 8 49 27 5 3 34 22 3 4 42 39 35 9 49 20 8 19 46 47 39 9 
Custo Total: 995890
Total de iterações: 15373
Melhorias: 21
Tempo até a melhor solução: 21.3597 segundos
Iterações até a melhor solução: 10982
Soma dos custos: 12290030994
Média dos custos: 799456
Pior valor encontrado: 1070356
Melhor solução encontrada:
Instalacoes:
1 1 0 0 1 0 0 0 1 1 0 1 0 1 0 0 1 0 1 1 1 0 1 1 0 1 0 1 0 0 1 1 0 0 1 1 0 0 0 1 0 0 0 0 0 0 1 1 0 1 
Atribuicoes:
0 34 13 25 20 16 13 49 20 4 47 11 9 31 8 20 46 49 18 8 30 30 22 23 18 25 9 27 22 31 1 16 4 47 34 16 47 27 9 39 23 35 1 19 0 8 46 19 39 34 
Custo Total: 793906
