Instância: Data/raw/50_P60_M1_Continuo_6.txt
Tempo limite: 30 segundos
Seed: 3
Tamanho da pertubação: 5
Solução inicial:
Instalacoes:
1 1 1 0 0 1 0 1 1 1 0 0 0 1 0 0 0 0 0 0 1 0 1 0 0 0 0 0 0 1 0 0 0 0 0 1 0 0 0 1 0 0 1 0 0 0 0 1 0 0 
Atribuicoes:
47 1 2 13 42 13 1 7 8 9 35 35 7 2 47 9 20 35 35 47 20 47 22 29 9 13 47 13 35 29 2 13 5 39 1 9 13 7 1 39 9 20 47 0 47 8 42 0 39 9 
Custo Total: 2687448
Solução após busca local:
Instalacoes:
1 1 1 0 1 0 0 1 1 1 0 0 0 1 0 0 1 0 1 1 1 0 1 0 0 0 0 0 0 0 1 1 0 0 0 1 0 0 0 1 0 0 1 0 0 0 0 1 0 1 
Atribuicoes:
47 16 2 13 42 13 20 13 1 9 20 35 22 30 47 4 49 18 18 9 20 4 22 47 1 13 19 31 9 8 20 0 8 39 1 16 4 31 0 39 9 16 4 30 42 8 9 0 39 0 
Custo Total: 675166
Total de iterações: 25389
Melhorias: 16
Tempo até a melhor solução: 29.6317 segundos
Iterações até a melhor solução: 25077
Soma dos custos: 12993234073
Média dos custos: 511766
Pior valor encontrado: 740805
Melhor solução encontrada:
Instalacoes:
1 1 0 0 1 0 0 0 1 1 0 0 0 1 0 0 1 0 0 1 1 0 1 0 0 1 0 0 0 0 0 0 0 0 0 0 0 0 0 1 0 0 0 0 0 0 0 1 0 1 
Atribuicoes:
19 0 1 13 8 13 39 13 49 9 20 47 47 0 49 4 16 25 1 9 20 4 22 8 16 25 1 25 9 8 20 47 4 39 20 16 4 22 47 39 9 16 4 19 1 13 9 8 0 47 
Custo Total: 499056
