Instância: Data/raw/50_P60_M0_Continuo_4.txt
Tempo limite: 30 segundos
Seed: 3
Tamanho da pertubação: 5
Solução inicial:
Instalacoes:
1 0 0 0 1 0 0 1 0 0 0 0 0 1 0 0 1 0 0 1 0 0 1 1 0 1 0 0 0 0 1 0 0 0 0 1 0 0 0 1 0 0 1 0 0 0 1 1 0 0 
Atribuicoes:
0 0 25 39 42 13 13 7 46 42 47 4 7 22 19 47 4 23 35 19 4 4 22 23 35 25 19 4 23 47 30 13 30 22 0 47 4 23 46 39 47 35 42 19 42 46 46 47 39 19 
Custo Total: 1662826
Solução após busca local:
Instalacoes:
1 1 0 0 1 1 0 1 1 1 0 0 0 1 0 0 0 0 0 1 1 0 1 1 0 1 0 0 0 0 1 0 0 0 0 1 0 0 0 1 0 0 1 0 0 0 1 1 0 0 
Atribuicoes:
0 0 25 4 42 5 13 7 46 19 47 4 20 30 0 47 4 47 13 20 4 1 22 23 35 25 9 13 23 8 5 13 30 9 0 47 20 39 1 39 8 35 42 19 8 8 20 9 30 19 
Custo Total: 651260
Total de iterações: 25102
Melhorias: 22
Tempo até a melhor solução: 19.7068 segundos
Iterações até a melhor solução: 16613
Soma dos custos: 11927062840
Média dos custos: 475144
Pior valor encontrado: 728024
Melhor solução encontrada:
Instalacoes:
1 1 0 0 1 0 0 0 1 1 0 0 0 1 0 0 1 0 1 0 1 0 1 0 0 0 0 0 0 0 1 0 0 0 0 0 0 0 0 0 0 0 0 0 0 0 0 1 0 1 
Atribuicoes:
18 0 47 4 0 13 13 47 8 9 22 22 20 13 0 49 30 1 18 20 16 1 22 4 18 16 47 30 4 8 30 30 13 20 9 20 49 9 1 1 16 47 9 47 8 4 20 9 47 20 
Custo Total: 461886
