Instância: Data/raw/50_P10_M0_Continuo_9.txt
Tempo limite: 30 segundos
Seed: 7
Tamanho da pertubação: 5
Solução inicial:
Instalacoes:
0 1 0 0 1 0 0 0 0 1 0 0 0 1 0 0 0 0 0 0 1 0 1 0 0 0 0 0 0 0 0 0 0 0 0 0 0 0 0 0 0 0 0 0 0 0 0 1 0 0 
Atribuicoes:
47 1 13 9 4 47 9 20 4 9 20 20 20 13 1 4 20 20 20 47 20 1 22 9 9 13 9 20 4 9 1 4 1 9 4 9 9 20 9 13 9 20 4 1 9 9 4 47 9 4 
Custo Total: 617112
Solução após busca local:
Instalacoes:
0 1 0 0 1 0 0 0 1 1 0 0 0 0 0 0 0 0 0 0 1 0 1 0 0 0 0 0 0 0 0 0 0 0 0 0 0 0 0 0 0 0 0 0 0 0 0 1 0 0 
Atribuicoes:
9 1 20 20 8 47 9 20 4 9 9 20 20 9 20 8 20 8 20 47 20 4 22 9 9 4 9 20 4 9 20 4 4 9 4 9 20 20 9 4 9 20 4 4 9 9 8 47 9 20 
Custo Total: 216902
Total de iterações: 118806
Melhorias: 10
Tempo até a melhor solução: 27.645 segundos
Iterações até a melhor solução: 109356
Soma dos custos: 20048151385
Média dos custos: 168747
Pior valor encontrado: 367190
Melhor solução encontrada:
Instalacoes:
0 0 0 0 1 0 0 0 1 1 0 0 0 0 0 0 0 0 0 0 1 0 1 0 0 0 0 0 0 0 0 0 0 0 0 0 0 0 0 0 0 0 0 0 0 0 0 0 0 0 
Atribuicoes:
9 8 20 20 8 20 9 20 4 9 9 20 20 9 4 8 20 9 20 4 20 4 22 4 9 9 9 20 9 9 20 20 9 20 4 9 20 20 4 9 20 4 8 4 9 9 8 8 9 20 
Custo Total: 166397
