Instância: Data/raw/50_P5_M1_HUB_8.txt
Tempo limite: 30 segundos
Seed: 4
Tamanho da pertubação: 5
Solução inicial:
Instalacoes:
0 0 0 0 1 0 0 0 1 0 0 0 0 1 0 0 0 0 0 0 0 0 1 0 0 0 0 0 0 0 0 0 0 0 0 0 0 0 0 0 0 0 0 0 0 0 0 1 0 0 
Atribuicoes:
47 4 13 13 4 13 8 8 8 4 4 4 8 13 47 4 4 4 4 47 4 47 22 13 4 13 47 4 47 8 8 47 8 8 47 4 13 13 8 13 4 4 8 47 8 8 8 47 13 4 
Custo Total: 265991
Solução após busca local:
Instalacoes:
0 0 0 0 1 0 0 0 1 1 0 0 0 1 0 0 0 0 0 0 0 0 1 0 0 0 0 0 0 0 0 0 0 0 0 0 0 0 0 0 0 0 0 0 0 0 0 1 0 0 
Atribuicoes:
4 9 13 9 4 8 9 9 8 9 4 9 8 13 47 9 4 9 4 9 4 9 22 9 9 9 9 4 8 4 9 9 9 8 4 4 9 9 8 8 9 4 8 9 8 8 8 47 9 9 
Custo Total: 191332
Total de iterações: 151395
Melhorias: 9
Tempo até a melhor solução: 5.28803 segundos
Iterações até a melhor solução: 28621
Soma dos custos: 24486661801
Média dos custos: 161740
Pior valor encontrado: 362708
Melhor solução encontrada:
Instalacoes:
0 0 0 0 1 0 0 0 1 1 0 0 0 0 0 0 0 0 0 0 1 0 1 0 0 0 0 0 0 0 0 0 0 0 0 0 0 0 0 0 0 0 0 0 0 0 0 0 0 0 
Atribuicoes:
9 9 9 20 4 20 9 9 8 9 20 20 4 9 4 9 20 20 20 9 20 9 22 4 9 9 8 20 9 9 20 9 9 4 9 9 20 20 8 4 9 20 8 9 8 8 8 9 20 9 
Custo Total: 161283
