Instância: Data/raw/50_P20_M1_Continuo_10.txt
Tempo limite: 30 segundos
Seed: 9
Tamanho da pertubação: 5
Solução inicial:
Instalacoes:
0 0 0 0 0 0 0 0 1 0 0 0 0 1 0 0 0 0 0 1 1 0 1 0 0 0 0 0 0 0 0 0 0 0 0 0 0 0 0 1 0 0 0 0 0 0 0 1 0 0 
Atribuicoes:
47 47 13 39 8 13 39 22 8 19 20 20 20 13 47 47 20 20 20 47 8 19 22 13 47 13 47 20 20 39 19 20 19 39 47 20 39 39 8 13 20 20 8 47 8 8 8 47 13 47 
Custo Total: 1327914
Solução após busca local:
Instalacoes:
0 0 0 0 1 0 0 0 1 1 0 0 0 1 0 0 0 0 0 1 1 0 1 0 0 0 0 0 0 0 0 0 0 0 0 0 0 0 0 1 0 0 0 0 0 0 0 1 0 0 
Atribuicoes:
47 47 20 9 8 13 39 39 8 8 9 9 4 13 47 4 20 4 20 47 4 4 22 9 47 13 8 9 20 8 9 20 13 4 47 20 39 13 8 4 20 20 8 4 9 9 8 47 4 20 
Custo Total: 289888
Total de iterações: 67459
Melhorias: 6
Tempo até a melhor solução: 2.98271 segundos
Iterações até a melhor solução: 6560
Soma dos custos: 15354179129
Média dos custos: 227608
Pior valor encontrado: 433837
Melhor solução encontrada:
Instalacoes:
0 1 0 0 1 0 0 0 1 1 0 0 0 0 0 0 0 0 0 0 1 0 1 0 0 0 0 0 0 0 0 0 0 0 0 0 0 0 0 0 0 0 0 0 0 0 0 1 0 0 
Atribuicoes:
1 1 20 9 8 4 8 8 8 8 9 8 4 4 1 4 20 4 20 47 4 47 22 9 1 9 8 9 20 8 9 20 47 4 4 20 47 47 8 4 20 20 8 4 9 9 9 47 4 20 
Custo Total: 226081
