Instância: Data/raw/50_P100_M1_Continuo_3.txt
Tempo limite: 30 segundos
Seed: 6
Tamanho da pertubação: 5
Solução inicial:
Instalacoes:
1 1 1 1 0 1 1 1 0 0 0 0 0 1 1 1 0 0 1 0 0 1 1 0 0 0 0 0 1 1 0 0 0 0 0 0 0 0 1 1 0 0 1 0 0 0 1 1 0 0 
Atribuicoes:
47 1 2 3 15 5 6 7 15 46 46 22 7 2 14 0 1 7 18 47 15 21 22 13 42 5 15 13 28 29 2 28 21 13 1 1 3 7 38 39 28 18 42 21 47 38 46 47 39 0 
Custo Total: 2587622
Solução após busca local:
Instalacoes:
1 1 1 1 1 1 0 1 1 1 0 0 1 1 1 1 1 0 1 1 1 1 1 1 0 1 0 1 1 1 1 0 0 0 1 1 0 0 1 1 0 0 1 0 0 0 1 1 0 1 
Atribuicoes:
16 1 30 3 8 5 23 7 49 46 28 22 12 2 14 0 1 27 18 19 15 0 22 13 49 25 9 13 28 29 23 27 4 34 16 46 25 20 9 39 18 35 42 21 47 38 8 47 39 34 
Custo Total: 1335986
Total de iterações: 14341
Melhorias: 12
Tempo até a melhor solução: 14.8213 segundos
Iterações até a melhor solução: 7175
Soma dos custos: 17170321307
Média dos custos: 1.19729e+06
Pior valor encontrado: 1386462
Melhor solução encontrada:
Instalacoes:
1 1 1 0 1 0 0 1 1 1 0 0 0 1 1 0 1 0 1 1 1 0 1 1 0 1 0 0 0 0 1 1 1 0 1 1 0 0 0 1 0 0 1 0 0 0 1 1 0 1 
Atribuicoes:
34 1 30 8 0 2 23 7 1 4 42 22 39 2 14 0 30 46 19 4 18 14 22 31 49 25 9 31 49 13 23 20 32 25 34 35 39 13 9 20 16 18 42 19 47 46 8 47 16 35 
Custo Total: 1192630
