Instância: Data/raw/50_P40_M1_Continuo_2.txt
Tempo limite: 30 segundos
Seed: 3
Tamanho da pertubação: 5
Solução inicial:
Instalacoes:
1 1 0 0 0 0 0 0 1 0 0 1 0 1 0 0 0 0 1 0 0 0 1 1 0 0 0 0 0 0 0 1 0 0 0 1 0 0 0 0 0 0 1 0 0 0 1 1 0 0 
Atribuicoes:
0 1 13 23 46 8 46 31 46 0 11 11 11 13 31 0 35 11 18 0 18 31 22 8 35 13 0 8 47 47 8 31 47 23 1 47 23 13 46 8 47 18 42 31 0 8 46 47 8 1 
Custo Total: 1571430
Solução após busca local:
Instalacoes:
1 1 0 0 1 0 0 0 1 1 0 1 0 1 0 0 1 0 1 0 1 0 1 1 0 0 0 0 0 0 1 1 0 0 0 1 0 0 0 0 0 0 0 0 0 0 1 1 0 0 
Atribuicoes:
0 1 13 30 8 20 0 47 4 20 4 11 8 13 30 47 35 20 8 9 18 13 22 9 35 20 4 9 47 20 1 31 47 13 4 16 23 13 46 8 9 18 1 1 0 8 46 47 8 9 
Custo Total: 546522
Total de iterações: 33438
Melhorias: 19
Tempo até a melhor solução: 25.8521 segundos
Iterações até a melhor solução: 28751
Soma dos custos: 11113760471
Média dos custos: 332369
Pior valor encontrado: 607821
Melhor solução encontrada:
Instalacoes:
1 1 0 0 1 0 0 0 1 1 0 0 0 1 0 0 0 0 0 0 1 0 1 0 0 0 0 0 0 0 0 0 0 0 0 0 0 0 0 0 0 0 0 0 0 0 0 1 0 0 
Atribuicoes:
47 1 8 13 8 20 47 0 13 20 4 4 8 4 47 0 47 47 47 9 47 8 22 20 20 13 4 13 0 20 8 9 0 4 4 9 13 9 20 0 9 1 20 1 4 4 8 1 8 9 
Custo Total: 325874
