Instância: Data/raw/50_P70_M0_Continuo_7.txt
Tempo limite: 30 segundos
Seed: 2
Tamanho da pertubação: 5
Solução inicial:
Instalacoes:
1 0 1 0 1 0 0 1 0 1 0 0 0 1 0 0 0 0 1 1 0 0 1 0 0 1 0 1 0 1 1 0 0 0 1 0 0 0 0 0 0 0 1 1 0 0 1 1 0 0 
Atribuicoes:
4 4 2 13 34 2 7 7 46 9 18 13 25 2 43 9 22 25 18 47 18 34 22 30 29 2 47 27 2 29 2 13 30 13 4 9 13 25 46 25 30 18 42 43 46 4 46 19 25 4 
Custo Total: 2205229
Solução após busca local:
Instalacoes:
0 1 1 0 1 0 0 0 1 1 0 0 0 1 0 0 1 0 1 0 1 0 1 0 0 1 0 0 1 1 1 1 0 0 1 1 0 0 0 0 0 0 0 0 0 0 1 1 0 1 
Atribuicoes:
4 49 28 49 35 31 0 0 16 9 18 8 25 31 47 8 35 13 18 20 35 34 22 30 18 2 47 4 20 29 1 16 30 13 47 9 13 25 46 16 30 8 34 4 1 4 46 0 9 28 
Custo Total: 767133
Total de iterações: 21696
Melhorias: 20
Tempo até a melhor solução: 21.2458 segundos
Iterações até a melhor solução: 15355
Soma dos custos: 12061349250
Média dos custos: 555925
Pior valor encontrado: 810816
Melhor solução encontrada:
Instalacoes:
1 1 0 0 1 0 0 0 1 1 0 0 0 1 0 0 1 0 0 1 1 0 1 0 0 0 0 0 0 0 1 0 0 0 1 0 0 0 0 0 0 0 0 0 0 0 1 1 0 0 
Atribuicoes:
47 8 20 16 8 4 0 1 13 16 9 22 30 4 9 19 20 16 1 19 0 8 8 30 34 47 47 22 19 34 47 13 34 13 34 9 9 4 46 9 30 16 4 19 1 20 46 0 0 1 
Custo Total: 537049
