Instância: Data/raw/50_P40_M1_Continuo_4.txt
Tempo limite: 30 segundos
Seed: 1
Tamanho da pertubação: 5
Solução inicial:
Instalacoes:
1 0 0 0 1 0 0 0 0 1 0 0 0 1 0 0 1 0 0 1 1 0 1 1 0 1 0 0 0 0 0 0 0 0 0 0 0 0 0 0 0 0 1 0 0 0 0 0 0 1 
Atribuicoes:
20 0 13 25 4 23 49 22 4 9 16 20 16 13 9 0 16 9 20 19 20 19 22 23 20 25 42 13 9 23 23 13 23 25 49 16 25 9 42 13 16 20 4 19 42 4 4 19 20 49 
Custo Total: 1375592
Solução após busca local:
Instalacoes:
1 1 0 0 1 0 0 0 1 1 0 0 0 1 0 0 1 0 1 1 1 0 1 1 0 1 0 0 0 0 0 0 0 0 0 0 0 0 0 0 0 0 0 0 0 0 0 1 0 1 
Atribuicoes:
47 0 25 25 4 1 0 20 4 9 4 20 9 13 9 0 16 8 18 19 20 47 22 47 20 25 1 13 1 4 9 20 20 16 49 4 1 9 47 13 16 20 4 8 9 8 42 19 8 49 
Custo Total: 508579
Total de iterações: 35218
Melhorias: 17
Tempo até a melhor solução: 7.33738 segundos
Iterações até a melhor solução: 8638
Soma dos custos: 10904842652
Média dos custos: 309638
Pior valor encontrado: 554832
Melhor solução encontrada:
Instalacoes:
1 1 0 0 1 0 0 0 1 1 0 0 0 1 0 0 0 0 0 0 1 0 1 0 0 0 0 0 0 0 0 0 0 0 0 0 0 0 0 0 0 0 0 0 0 0 0 1 0 0 
Atribuicoes:
1 47 13 9 4 8 8 20 8 0 4 20 9 0 47 0 4 47 9 0 20 9 22 13 20 13 47 22 47 4 1 20 20 9 9 4 13 47 8 1 1 20 4 8 47 8 9 1 8 1 
Custo Total: 300861
