Instância: Data/raw/50_P70_M1_HUB_5.txt
Tempo limite: 30 segundos
Seed: 9
Tamanho da pertubação: 5
Solução inicial:
Instalacoes:
1 0 0 0 1 0 0 0 1 1 0 0 0 1 0 0 0 0 1 1 1 0 1 1 0 0 0 0 0 0 0 0 0 0 0 1 0 0 0 1 0 0 0 0 0 0 0 0 0 0 
Atribuicoes:
0 0 13 39 4 13 20 9 8 9 18 18 4 13 4 9 35 18 8 19 20 19 22 13 35 13 20 18 23 20 23 13 19 39 0 9 39 4 4 13 35 8 8 0 20 8 8 0 9 0 
Custo Total: 2569644
Solução após busca local:
Instalacoes:
1 1 0 0 1 0 0 0 1 1 0 0 0 1 0 0 1 0 1 1 1 0 1 1 0 1 0 0 0 0 1 1 0 0 1 1 0 0 0 1 0 0 1 0 0 0 0 1 0 1 
Atribuicoes:
8 0 13 39 20 31 20 9 47 9 18 18 47 13 4 4 35 31 8 20 20 34 22 13 9 30 47 20 25 1 23 1 25 39 0 9 34 4 4 47 49 8 8 0 19 42 8 19 19 16 
Custo Total: 716542
Total de iterações: 21308
Melhorias: 20
Tempo até a melhor solução: 21.3724 segundos
Iterações até a melhor solução: 15056
Soma dos custos: 11837599420
Média dos custos: 555547
Pior valor encontrado: 815879
Melhor solução encontrada:
Instalacoes:
1 1 0 0 1 0 0 0 1 1 0 0 0 1 0 0 1 0 0 0 1 0 1 1 0 1 0 0 0 0 1 1 0 0 0 1 0 0 0 1 0 0 0 0 0 0 0 1 0 1 
Atribuicoes:
8 0 13 39 9 1 39 16 9 1 49 31 22 13 4 1 35 16 8 20 20 1 22 13 49 25 9 9 4 23 47 30 25 39 4 20 31 20 20 9 30 8 8 0 47 47 8 47 4 4 
Custo Total: 547335
