Instância: Data/raw/50_P10_M1_Continuo_9.txt
Tempo limite: 30 segundos
Seed: 5
Tamanho da pertubação: 5
Solução inicial:
Instalacoes:
1 1 0 0 0 0 0 0 1 0 0 0 0 1 0 0 0 0 0 0 0 0 1 0 0 0 0 0 0 0 0 0 0 0 0 0 0 0 0 0 0 0 0 0 0 0 0 1 0 1 
Atribuicoes:
47 0 13 1 8 47 13 1 8 8 47 8 47 13 0 0 49 47 8 47 8 0 22 13 49 13 0 8 49 1 0 47 0 1 49 8 1 1 47 13 1 8 8 0 47 8 8 47 1 1 
Custo Total: 814881
Solução após busca local:
Instalacoes:
1 1 0 0 1 0 0 0 1 1 0 0 0 1 0 0 0 0 0 0 0 0 1 0 0 0 0 0 0 0 0 0 0 0 0 0 0 0 0 0 0 0 0 0 0 0 0 1 0 0 
Atribuicoes:
9 8 13 13 4 8 9 8 4 8 9 9 9 13 4 4 4 8 9 47 4 4 22 9 4 13 4 8 9 9 9 9 4 9 9 8 4 9 47 4 1 9 8 9 8 8 8 47 13 8 
Custo Total: 274632
Total de iterações: 95175
Melhorias: 24
Tempo até a melhor solução: 28.8329 segundos
Iterações até a melhor solução: 91192
Soma dos custos: 17137759119
Média dos custos: 180066
Pior valor encontrado: 374009
Melhor solução encontrada:
Instalacoes:
0 0 0 0 1 0 0 0 1 1 0 0 0 0 0 0 0 0 0 0 1 0 1 0 0 0 0 0 0 0 0 0 0 0 0 0 0 0 0 0 0 0 0 0 0 0 0 0 0 0 
Atribuicoes:
4 8 9 20 8 8 20 4 4 4 20 9 20 9 9 9 9 4 20 9 20 4 22 20 8 20 9 20 20 4 4 9 4 9 4 9 9 4 8 9 9 20 8 9 8 8 8 9 20 9 
Custo Total: 165488
