Instância: Data/raw/50_P20_M1_HUB_5.txt
Tempo limite: 30 segundos
Seed: 8
Tamanho da pertubação: 5
Solução inicial:
Instalacoes:
0 0 0 0 1 0 0 0 1 0 0 0 0 1 0 0 1 0 0 0 0 0 1 0 0 0 0 0 0 0 1 0 0 0 0 0 0 0 0 0 0 0 0 0 0 0 0 1 0 0 
Atribuicoes:
47 47 13 16 4 13 47 22 8 4 16 13 22 13 47 8 16 22 4 47 4 30 22 13 8 13 47 13 30 13 30 13 30 16 47 4 16 22 8 13 16 4 8 47 8 8 8 47 13 47 
Custo Total: 1011532
Solução após busca local:
Instalacoes:
0 1 0 0 1 0 0 0 1 1 0 0 0 1 0 0 1 0 0 0 1 0 1 0 0 0 0 0 0 0 1 0 0 0 0 0 0 0 0 0 0 0 0 0 0 0 0 1 0 0 
Atribuicoes:
47 1 20 8 4 13 9 9 8 4 4 13 4 13 47 9 16 47 4 20 4 47 22 13 20 4 47 9 8 9 30 13 1 9 9 4 9 20 8 9 16 20 8 47 8 8 8 20 20 47 
Custo Total: 304367
Total de iterações: 59684
Melhorias: 6
Tempo até a melhor solução: 5.37045 segundos
Iterações até a melhor solução: 11058
Soma dos custos: 13983308400
Média dos custos: 234289
Pior valor encontrado: 447580
Melhor solução encontrada:
Instalacoes:
0 0 0 0 1 0 0 0 1 1 0 0 0 1 0 0 0 0 0 0 1 0 1 0 0 0 0 0 0 0 0 0 0 0 0 0 0 0 0 0 0 0 0 0 0 0 0 1 0 0 
Atribuicoes:
47 20 20 8 4 13 9 9 8 4 4 9 20 4 47 47 13 4 4 20 20 8 22 8 20 13 47 9 9 9 47 22 4 9 9 4 9 20 20 9 8 20 8 47 8 8 8 47 20 47 
Custo Total: 233083
