Instância: Data/raw/50_P90_M1_HUB_9.txt
Tempo limite: 30 segundos
Seed: 10
Tamanho da pertubação: 5
Solução inicial:
Instalacoes:
1 1 1 1 0 1 0 1 0 0 0 0 0 0 1 1 0 0 1 0 0 0 1 0 1 0 0 0 1 1 0 1 0 0 0 0 0 0 1 1 0 1 1 0 0 0 1 1 0 0 
Atribuicoes:
47 1 2 3 1 5 15 7 1 1 31 22 7 2 14 15 42 7 18 47 41 14 22 29 24 5 1 31 28 29 2 28 31 46 1 42 3 7 38 39 28 18 42 47 46 38 46 47 39 24 
Custo Total: 2525522
Solução após busca local:
Instalacoes:
0 1 1 1 1 1 0 1 1 1 0 0 0 1 1 1 1 0 1 1 1 0 1 0 1 1 0 0 1 1 1 1 0 0 1 1 0 0 1 1 0 0 1 0 0 0 1 1 0 1 
Atribuicoes:
47 49 39 3 1 20 16 30 9 9 31 22 7 31 14 15 9 25 18 4 35 19 22 4 24 46 0 31 28 29 2 5 13 25 1 35 8 30 42 20 28 41 42 49 46 38 46 47 39 24 
Custo Total: 1119121
Total de iterações: 15775
Melhorias: 17
Tempo até a melhor solução: 20.455 segundos
Iterações até a melhor solução: 10731
Soma dos custos: 14083968864
Média dos custos: 892803
Pior valor encontrado: 1108963
Melhor solução encontrada:
Instalacoes:
1 1 0 0 1 0 0 0 1 1 0 0 1 1 0 0 1 0 1 1 1 0 1 1 0 1 0 1 1 0 1 1 1 0 1 0 0 0 0 1 0 0 0 0 0 0 1 1 0 1 
Atribuicoes:
34 49 39 47 8 25 25 13 9 19 31 27 12 25 4 49 9 22 20 19 18 0 27 19 9 31 4 22 28 23 30 34 32 16 1 18 20 13 46 16 28 0 46 8 1 47 1 8 39 47 
Custo Total: 873431
