Instância: Data/raw/50_P90_M1_Continuo_3.txt
Tempo limite: 30 segundos
Seed: 8
Tamanho da pertubação: 5
Solução inicial:
Instalacoes:
1 0 1 1 0 1 0 1 0 1 0 1 0 0 0 1 0 0 1 1 0 1 1 0 0 1 0 0 1 1 0 0 0 0 1 0 0 0 0 1 0 1 0 0 0 0 1 0 0 0 
Atribuicoes:
0 0 2 3 15 5 29 7 15 9 46 11 7 2 46 9 46 7 18 19 46 21 22 25 46 5 19 11 28 29 2 25 21 25 34 9 3 7 9 39 28 18 34 21 19 46 46 34 39 0 
Custo Total: 2732854
Solução após busca local:
Instalacoes:
1 1 1 1 1 1 0 1 1 1 0 1 0 1 0 1 1 0 1 1 1 1 1 0 0 1 0 1 1 1 1 1 0 0 1 1 0 0 0 1 0 0 0 0 0 0 1 1 0 1 
Atribuicoes:
46 30 2 3 18 0 1 7 15 47 5 8 4 2 4 9 13 20 18 0 28 21 22 25 49 5 19 11 28 29 31 25 21 16 1 16 22 9 13 30 27 20 34 47 19 8 46 34 39 49 
Custo Total: 1095866
Total de iterações: 17154
Melhorias: 25
Tempo até a melhor solução: 20.006 segundos
Iterações até a melhor solução: 11320
Soma dos custos: 13791281988
Média dos custos: 803969
Pior valor encontrado: 1050766
Melhor solução encontrada:
Instalacoes:
1 1 0 0 1 1 0 0 1 1 0 0 0 1 0 0 1 0 1 1 1 0 1 0 0 1 0 0 0 0 1 1 0 0 1 1 0 0 0 0 0 0 1 0 0 0 1 1 0 1 
Atribuicoes:
0 34 25 13 18 5 20 1 46 19 31 13 30 31 16 49 47 9 18 13 22 9 30 4 35 31 1 42 22 47 18 5 34 16 20 16 4 49 1 8 25 35 42 4 9 8 0 47 19 30 
Custo Total: 782859
