Instância: Data/raw/50_P60_M1_HUB_6.txt
Tempo limite: 30 segundos
Seed: 7
Tamanho da pertubação: 5
Solução inicial:
Instalacoes:
1 1 0 0 0 0 0 0 0 0 0 0 0 1 0 1 1 0 0 1 0 0 1 1 0 1 0 0 0 0 1 1 0 0 0 0 0 0 0 0 0 0 1 0 0 0 1 1 0 1 
Atribuicoes:
47 1 23 25 46 47 31 16 1 42 16 22 22 13 19 15 16 22 46 1 46 46 22 23 49 13 0 31 23 23 30 47 47 13 1 49 25 22 42 23 16 49 42 19 47 42 46 19 23 19 
Custo Total: 1933955
Solução após busca local:
Instalacoes:
1 1 0 0 1 0 0 0 1 1 0 0 0 1 0 0 1 0 0 1 1 0 1 1 0 1 0 0 0 1 0 1 0 0 0 0 0 0 0 1 0 0 1 0 0 0 1 1 0 1 
Atribuicoes:
47 20 13 25 46 8 20 16 1 42 16 22 39 23 8 0 16 4 46 1 20 19 22 23 1 13 19 31 1 9 31 31 31 39 0 47 25 4 47 39 16 49 8 19 47 8 13 9 47 19 
Custo Total: 646401
Total de iterações: 22986
Melhorias: 24
Tempo até a melhor solução: 29.9728 segundos
Iterações até a melhor solução: 22966
Soma dos custos: 10050793479
Média dos custos: 437257
Pior valor encontrado: 715575
Melhor solução encontrada:
Instalacoes:
1 1 0 0 1 0 0 0 1 1 0 0 0 1 0 0 1 0 0 0 1 0 1 0 0 1 0 0 0 0 0 0 0 0 0 0 0 0 0 1 0 0 0 0 0 0 0 1 0 0 
Atribuicoes:
4 20 20 47 9 9 20 16 4 1 16 22 39 13 4 0 16 47 47 8 20 4 22 13 4 25 4 25 8 9 47 47 9 39 1 8 8 0 47 39 16 13 1 8 8 1 20 9 20 8 
Custo Total: 433365
