Instância: Data/raw/50_P10_M0_Continuo_1.txt
Tempo limite: 30 segundos
Seed: 7
Tamanho da pertubação: 5
Solução inicial:
Instalacoes:
0 1 0 0 1 0 0 0 1 0 0 0 0 0 0 0 0 0 0 0 0 0 1 0 0 0 0 0 0 0 1 0 0 0 0 0 0 0 0 0 0 0 0 0 0 0 0 1 0 0 
Atribuicoes:
47 1 30 1 4 30 8 47 8 4 8 4 47 30 47 4 4 22 4 47 4 47 22 30 4 30 47 4 47 30 30 47 30 8 1 4 8 8 8 30 4 4 8 47 47 8 8 1 47 4 
Custo Total: 658257
Solução após busca local:
Instalacoes:
1 1 0 0 1 0 0 0 1 1 0 0 0 0 0 0 0 0 0 0 0 0 1 0 0 0 0 0 0 0 1 0 0 0 0 0 0 0 0 0 0 0 0 0 0 0 0 1 0 0 
Atribuicoes:
9 1 9 9 4 8 4 8 9 9 4 9 4 9 9 4 9 9 4 4 4 4 22 9 9 9 8 4 9 9 4 47 47 8 4 9 8 8 8 4 1 4 8 47 8 8 8 47 8 4 
Custo Total: 246738
Total de iterações: 102654
Melhorias: 11
Tempo até a melhor solução: 17.3784 segundos
Iterações até a melhor solução: 65021
Soma dos custos: 17065404031
Média dos custos: 166242
Pior valor encontrado: 372153
Melhor solução encontrada:
Instalacoes:
0 0 0 0 1 0 0 0 1 1 0 0 0 0 0 0 0 0 0 0 1 0 0 0 0 0 0 0 0 0 0 0 0 0 0 0 0 0 0 0 0 0 0 0 0 0 0 0 0 0 
Atribuicoes:
9 9 4 9 4 20 20 4 4 9 20 9 20 9 9 4 9 9 20 4 4 4 22 20 9 9 8 4 9 9 20 9 4 20 4 9 20 20 8 4 20 20 8 8 8 8 8 9 4 20 
Custo Total: 165297
