Instância: Data/raw/50_P40_M1_HUB_7.txt
Tempo limite: 30 segundos
Seed: 1
Tamanho da pertubação: 5
Solução inicial:
Instalacoes:
1 0 0 0 1 0 0 0 0 1 0 1 0 1 0 0 0 0 0 1 1 0 1 1 0 0 0 0 0 0 1 0 0 0 0 0 0 0 0 1 0 0 0 0 0 0 0 0 0 0 
Atribuicoes:
0 0 30 39 4 13 19 9 4 4 20 11 11 13 0 4 20 9 20 19 20 9 22 23 4 13 0 11 13 23 30 13 30 39 0 9 39 39 19 39 4 20 4 0 19 4 9 0 39 4 
Custo Total: 1939988
Solução após busca local:
Instalacoes:
1 1 0 0 1 0 0 0 1 1 0 1 0 1 0 0 0 0 0 1 1 0 1 1 0 1 0 0 0 0 1 0 0 0 0 0 0 0 0 1 0 0 0 0 0 0 0 1 0 0 
Atribuicoes:
47 0 9 13 8 1 9 9 47 1 20 47 47 13 1 4 20 9 20 1 20 4 22 23 4 20 4 11 47 23 30 13 30 20 8 9 13 13 8 8 13 20 1 9 4 8 9 1 13 4 
Custo Total: 455444
Total de iterações: 34151
Melhorias: 22
Tempo até a melhor solução: 28.4564 segundos
Iterações até a melhor solução: 32508
Soma dos custos: 11104653632
Média dos custos: 325163
Pior valor encontrado: 568712
Melhor solução encontrada:
Instalacoes:
0 1 0 0 1 0 0 0 1 1 0 0 0 1 0 0 0 0 0 0 1 0 1 0 0 0 0 0 0 0 0 0 0 0 0 0 0 0 0 0 0 0 0 0 0 0 0 1 0 0 
Atribuicoes:
4 1 22 13 1 47 4 9 47 9 13 4 20 13 20 47 20 9 1 9 4 47 22 1 4 20 4 1 47 8 13 13 8 4 8 9 13 4 8 20 20 13 20 13 4 8 9 20 9 22 
Custo Total: 302614
