Instância: Data/raw/50_P70_M1_Continuo_3.txt
Tempo limite: 30 segundos
Seed: 4
Tamanho da pertubação: 5
Solução inicial:
Instalacoes:
0 1 0 1 0 1 0 0 1 1 0 1 0 0 0 0 0 0 0 1 1 0 1 0 0 1 0 0 0 1 0 0 0 0 1 1 0 0 0 1 0 0 1 0 0 0 1 1 0 0 
Atribuicoes:
19 1 5 3 42 5 42 11 46 9 35 11 35 5 47 9 20 39 35 19 20 34 22 29 9 25 47 47 8 29 1 25 34 46 1 9 3 35 46 39 9 20 42 19 47 8 46 19 39 9 
Custo Total: 2230409
Solução após busca local:
Instalacoes:
1 1 0 0 1 1 0 0 1 1 0 0 0 1 0 0 1 0 1 1 1 0 1 1 0 1 0 0 0 1 1 0 0 0 1 1 0 0 0 1 0 0 1 1 0 0 1 1 0 1 
Atribuicoes:
8 20 5 19 42 49 16 47 49 9 20 8 39 23 4 16 35 0 35 8 20 30 22 23 9 25 47 49 9 29 1 16 34 20 1 4 39 4 46 39 18 18 49 43 47 8 46 19 25 9 
Custo Total: 797347
Total de iterações: 20472
Melhorias: 25
Tempo até a melhor solução: 14.7828 segundos
Iterações até a melhor solução: 10359
Soma dos custos: 11714229741
Média dos custos: 572207
Pior valor encontrado: 828950
Melhor solução encontrada:
Instalacoes:
1 1 0 0 1 0 0 0 1 1 0 0 0 1 0 0 1 0 1 1 1 0 1 0 0 0 0 0 0 0 1 0 0 0 0 0 0 0 0 0 0 0 1 0 0 0 0 1 0 1 
Atribuicoes:
8 20 8 47 1 30 13 18 42 9 18 8 47 19 49 0 4 0 16 19 18 0 47 1 13 13 4 16 13 4 9 1 30 20 49 19 47 49 4 13 22 22 42 30 0 8 20 47 9 9 
Custo Total: 558125
