Instância: Data/raw/50_P60_M1_Continuo_1.txt
Tempo limite: 30 segundos
Seed: 5
Tamanho da pertubação: 5
Solução inicial:
Instalacoes:
1 0 1 0 0 0 0 0 0 1 0 1 0 0 0 0 0 0 1 0 0 0 1 1 0 1 0 0 1 0 1 0 0 0 1 0 0 0 0 1 0 0 1 0 0 0 1 1 0 0 
Atribuicoes:
9 9 23 34 0 47 0 2 46 42 18 11 39 23 47 9 34 18 18 9 11 34 22 23 9 25 42 25 28 23 30 25 47 23 9 9 23 39 9 39 28 18 42 34 42 46 46 47 39 9 
Custo Total: 2533086
Solução após busca local:
Instalacoes:
1 1 0 0 1 0 0 0 1 1 0 1 0 1 0 0 0 0 1 1 1 0 1 1 0 1 0 0 1 0 0 1 0 0 1 0 0 0 0 1 0 0 1 0 0 0 1 1 0 0 
Atribuicoes:
9 4 31 20 0 47 0 13 4 42 19 11 8 13 19 9 18 18 20 9 1 19 22 20 9 25 0 31 28 23 23 31 47 23 9 4 13 22 8 39 28 0 42 34 1 46 46 47 39 1 
Custo Total: 694502
Total de iterações: 25209
Melhorias: 20
Tempo até a melhor solução: 13.6268 segundos
Iterações até a melhor solução: 11374
Soma dos custos: 11882859580
Média dos custos: 471374
Pior valor encontrado: 728984
Melhor solução encontrada:
Instalacoes:
1 1 0 0 1 0 0 0 1 1 0 0 0 1 0 0 1 0 0 0 1 0 1 0 0 0 0 0 0 0 0 1 0 0 0 0 0 0 0 0 0 0 0 0 0 0 1 1 0 1 
Atribuicoes:
9 4 31 20 8 13 8 13 46 0 22 22 47 13 47 9 49 8 49 9 4 47 16 20 9 4 8 31 1 1 16 31 20 16 8 16 20 1 46 13 0 31 0 49 9 8 20 47 4 1 
Custo Total: 455441
