Instância: Data/raw/50_P70_M0_Continuo_5.txt
Tempo limite: 30 segundos
Seed: 7
Tamanho da pertubação: 5
Solução inicial:
Instalacoes:
0 0 0 1 0 1 0 1 0 1 0 0 0 1 1 1 0 0 0 1 0 0 1 1 1 0 0 1 0 1 0 0 1 0 0 0 0 0 1 1 0 1 1 1 0 0 1 1 0 0 
Atribuicoes:
19 24 14 3 15 24 5 7 46 43 9 9 7 13 14 15 13 23 42 43 24 43 22 23 13 5 9 27 5 29 32 9 32 29 14 13 3 23 38 39 9 41 42 43 9 38 46 47 39 19 
Custo Total: 1799196
Solução após busca local:
Instalacoes:
1 1 0 0 1 1 0 1 1 1 0 0 0 1 1 1 1 0 1 1 1 0 1 1 0 0 0 0 0 1 0 0 1 0 0 0 0 0 1 0 0 0 1 1 0 0 1 1 0 1 
Atribuicoes:
0 19 20 9 15 8 20 4 46 4 16 1 47 13 14 16 8 47 1 4 18 43 22 23 49 9 9 22 5 29 20 9 32 16 0 13 5 13 38 23 49 0 42 43 0 8 46 47 13 19 
Custo Total: 867998
Total de iterações: 21006
Melhorias: 17
Tempo até a melhor solução: 27.7146 segundos
Iterações até a melhor solução: 19350
Soma dos custos: 11988937407
Média dos custos: 570739
Pior valor encontrado: 835208
Melhor solução encontrada:
Instalacoes:
1 1 0 0 1 0 0 0 1 1 0 0 0 1 0 0 0 0 1 1 1 0 1 0 0 1 0 0 0 0 1 0 0 0 0 0 0 0 0 1 0 0 0 0 0 0 1 1 0 1 
Atribuicoes:
0 19 13 9 47 8 47 4 46 4 22 22 1 13 30 8 8 1 1 4 47 1 18 30 18 9 9 22 49 20 20 9 25 20 30 13 25 13 19 39 49 18 49 20 0 8 46 4 39 0 
Custo Total: 565955
