Instância: Data/raw/50_P90_M1_HUB_4.txt
Tempo limite: 30 segundos
Seed: 6
Tamanho da pertubação: 5
Solução inicial:
Instalacoes:
1 0 1 1 0 0 0 1 0 1 0 0 0 0 1 0 1 0 1 1 0 0 1 0 1 0 0 0 0 1 1 0 0 0 0 0 0 0 1 1 0 0 1 0 0 0 1 1 0 1 
Atribuicoes:
47 47 30 3 18 30 49 7 19 9 16 46 7 29 14 9 16 7 46 47 46 42 22 24 49 30 19 19 14 29 30 30 30 22 47 9 3 7 38 39 16 18 42 0 19 38 46 47 39 47 
Custo Total: 3210332
Solução após busca local:
Instalacoes:
0 1 0 1 1 1 0 1 1 1 0 0 0 1 1 0 1 0 1 1 1 0 1 1 0 1 0 1 0 1 1 1 0 0 1 1 0 0 1 1 0 0 1 0 0 0 1 1 0 1 
Atribuicoes:
1 8 5 3 18 24 49 7 19 16 16 4 39 13 14 9 16 23 31 47 46 14 22 23 49 30 1 27 34 29 13 30 25 25 13 20 39 20 38 39 35 18 42 19 8 38 9 4 25 47 
Custo Total: 1089500
Total de iterações: 16912
Melhorias: 16
Tempo até a melhor solução: 1.6546 segundos
Iterações até a melhor solução: 811
Soma dos custos: 14614034244
Média dos custos: 864122
Pior valor encontrado: 1100392
Melhor solução encontrada:
Instalacoes:
1 1 0 0 1 1 0 0 1 1 0 0 0 1 0 0 1 0 1 1 1 0 1 1 0 1 0 0 0 0 1 1 0 0 1 1 0 0 0 1 0 0 0 0 0 0 1 1 0 1 
Atribuicoes:
20 1 23 23 0 5 16 13 8 16 16 4 39 13 0 46 4 23 35 19 19 30 22 20 35 5 47 31 9 31 34 30 25 25 13 49 39 49 18 39 22 18 9 47 1 4 46 8 25 34 
Custo Total: 862820
