Instância: Data/raw/50_P80_M0_Continuo_7.txt
Tempo limite: 30 segundos
Seed: 8
Tamanho da pertubação: 5
Solução inicial:
Instalacoes:
1 0 1 1 1 1 0 1 1 0 0 0 0 0 0 0 0 0 1 1 0 0 1 0 0 0 0 0 1 1 0 0 0 0 0 1 0 0 0 1 0 0 1 1 0 0 1 0 0 0 
Atribuicoes:
8 0 2 3 4 5 35 7 8 4 5 22 18 2 19 42 42 18 18 19 4 43 22 29 0 39 43 22 28 29 5 28 5 2 0 4 3 18 46 39 35 4 8 19 46 4 8 19 39 42 
Custo Total: 2491365
Solução após busca local:
Instalacoes:
1 1 1 1 1 1 0 0 1 1 0 0 0 1 0 0 1 0 1 1 1 0 1 1 0 0 0 0 1 1 1 1 0 0 0 1 0 0 0 1 0 0 0 1 0 0 1 1 0 1 
Atribuicoes:
8 0 2 3 8 30 39 22 47 20 5 13 39 23 19 1 31 5 18 4 20 43 1 8 0 9 4 22 28 29 5 16 4 13 49 4 47 18 16 39 35 35 42 30 46 42 8 19 1 9 
Custo Total: 882065
Total de iterações: 19083
Melhorias: 22
Tempo até a melhor solução: 22.2102 segundos
Iterações até a melhor solução: 14056
Soma dos custos: 12627905541
Média dos custos: 661736
Pior valor encontrado: 920732
Melhor solução encontrada:
Instalacoes:
1 1 0 0 1 0 0 0 1 1 0 0 0 1 0 0 1 0 1 1 1 0 1 0 0 1 0 0 0 0 1 1 0 0 0 0 0 0 0 1 0 0 0 0 0 0 1 1 0 1 
Atribuicoes:
8 1 47 46 8 30 9 16 20 1 16 22 9 25 18 13 1 19 18 4 20 0 13 8 49 9 4 31 30 30 16 39 4 25 49 4 20 18 47 39 31 22 0 19 0 46 9 8 13 22 
Custo Total: 650808
