Instância: Data/raw/50_P10_M1_HUB_10.txt
Tempo limite: 30 segundos
Seed: 1
Tamanho da pertubação: 5
Solução inicial:
Instalacoes:
0 1 0 0 1 0 0 0 0 1 0 0 0 1 0 0 0 0 0 0 0 0 1 0 0 0 0 0 0 0 0 0 0 0 0 0 0 0 0 0 0 0 0 0 0 0 0 1 0 0 
Atribuicoes:
47 1 9 1 4 9 9 9 4 9 47 9 1 13 47 9 9 4 4 47 4 9 22 13 9 9 1 9 9 1 1 9 9 1 1 9 1 9 4 13 4 4 4 47 4 4 4 47 13 4 
Custo Total: 886947
Solução após busca local:
Instalacoes:
1 1 0 0 1 0 0 0 1 1 0 0 0 1 0 0 0 0 0 0 1 0 1 0 0 0 0 0 0 0 0 0 0 0 0 0 0 0 0 0 0 0 0 0 0 0 0 1 0 0 
Atribuicoes:
9 1 9 8 20 9 9 20 8 9 4 20 20 13 47 4 20 20 4 47 20 9 22 20 9 20 47 20 9 20 9 9 20 9 4 9 13 20 8 13 4 8 4 4 8 8 4 47 8 4 
Custo Total: 268224
Total de iterações: 110695
Melhorias: 10
Tempo até a melhor solução: 26.5738 segundos
Iterações até a melhor solução: 99546
Soma dos custos: 20005883149
Média dos custos: 180730
Pior valor encontrado: 368886
Melhor solução encontrada:
Instalacoes:
0 0 0 0 1 0 0 0 1 1 0 0 0 0 0 0 0 0 0 0 1 0 1 0 0 0 0 0 0 0 0 0 0 0 0 0 0 0 0 0 0 0 0 0 0 0 0 0 0 0 
Atribuicoes:
9 8 9 20 8 9 9 9 8 9 4 9 20 20 20 9 20 20 20 4 20 9 22 4 9 20 8 9 9 8 9 4 20 9 4 9 8 4 4 8 4 20 4 4 8 8 8 9 20 9 
Custo Total: 166039
