Instância: Data/raw/50_P70_M1_Continuo_2.txt
Tempo limite: 30 segundos
Seed: 6
Tamanho da pertubação: 5
Solução inicial:
Instalacoes:
1 0 1 0 1 0 0 0 0 1 0 0 0 1 0 0 0 0 1 0 1 0 1 1 0 0 0 0 1 0 0 0 0 0 1 0 0 0 0 0 0 0 1 0 0 0 0 1 0 0 
Atribuicoes:
9 9 23 2 4 23 2 42 4 42 18 20 34 23 34 42 20 34 18 9 18 34 22 13 20 23 9 20 28 23 23 28 23 13 9 20 23 22 9 13 28 18 42 34 9 42 4 47 13 20 
Custo Total: 3140215
Solução após busca local:
Instalacoes:
0 1 0 0 1 1 0 0 1 1 0 0 0 1 0 0 0 0 1 1 1 0 1 1 0 0 0 0 1 0 1 1 0 0 1 1 0 0 0 1 0 0 1 0 0 0 1 1 0 1 
Atribuicoes:
19 19 13 39 4 28 39 8 4 34 42 20 22 23 34 4 35 34 18 47 22 30 22 30 20 23 47 20 31 23 5 9 30 13 9 35 31 1 46 8 35 9 42 49 9 9 46 47 13 1 
Custo Total: 730803
Total de iterações: 21638
Melhorias: 18
Tempo até a melhor solução: 28.9978 segundos
Iterações até a melhor solução: 20939
Soma dos custos: 12714698154
Média dos custos: 587610
Pior valor encontrado: 847490
Melhor solução encontrada:
Instalacoes:
1 1 0 0 1 0 0 0 1 1 0 0 0 1 0 0 1 0 1 1 1 0 1 0 0 0 0 0 0 0 1 0 0 0 0 0 0 0 0 1 0 0 0 0 0 0 0 1 0 1 
Atribuicoes:
19 8 13 39 4 18 39 13 4 0 49 22 22 0 20 4 20 16 4 19 18 30 22 30 20 8 47 20 16 20 0 9 30 16 9 19 47 19 1 8 13 9 49 47 9 9 1 1 13 16 
Custo Total: 558593
