Instância: Data/raw/50_P10_M0_Continuo_6.txt
Tempo limite: 30 segundos
Seed: 2
Tamanho da pertubação: 5
Solução inicial:
Instalacoes:
0 1 0 0 0 0 0 0 1 0 0 0 0 1 0 0 0 0 0 0 1 0 1 0 0 0 0 0 0 0 0 0 0 0 0 0 0 0 0 0 0 0 0 0 0 0 0 1 0 0 
Atribuicoes:
8 1 13 20 8 13 1 8 8 8 22 20 22 13 47 47 47 20 20 1 8 1 22 13 1 13 47 20 47 13 13 13 20 20 1 20 13 20 8 13 1 20 8 47 8 8 8 47 13 1 
Custo Total: 737804
Solução após busca local:
Instalacoes:
0 1 0 0 1 0 0 0 1 1 0 0 0 1 0 0 0 0 0 0 1 0 1 0 0 0 0 0 0 0 0 0 0 0 0 0 0 0 0 0 0 0 0 0 0 0 0 1 0 0 
Atribuicoes:
4 9 13 20 4 8 4 20 8 9 4 20 4 13 9 9 9 20 20 9 20 9 22 20 20 9 47 20 20 4 4 8 20 20 20 9 9 9 9 9 20 20 8 47 8 8 8 47 20 20 
Custo Total: 239613
Total de iterações: 97969
Melhorias: 8
Tempo até a melhor solução: 27.6775 segundos
Iterações até a melhor solução: 91571
Soma dos custos: 16245549851
Média dos custos: 165823
Pior valor encontrado: 371670
Melhor solução encontrada:
Instalacoes:
0 0 0 0 1 0 0 0 1 1 0 0 0 0 0 0 0 0 0 0 1 0 0 0 0 0 0 0 0 0 0 0 0 0 0 0 0 0 0 0 0 0 0 0 0 0 0 0 0 0 
Atribuicoes:
4 9 4 20 4 9 4 20 8 9 20 4 4 4 9 9 9 9 20 9 20 20 22 20 20 9 9 20 20 4 20 20 20 20 4 9 9 9 4 20 4 20 8 9 8 8 8 8 20 9 
Custo Total: 164706
