Instância: Data/raw/50_P100_M1_HUB_9.txt
Tempo limite: 30 segundos
Seed: 8
Tamanho da pertubação: 5
Solução inicial:
Instalacoes:
1 0 1 1 0 1 0 1 0 1 0 1 0 0 1 0 0 0 1 1 0 0 1 0 0 0 0 0 1 1 0 0 0 0 0 1 0 0 1 1 0 1 1 1 0 0 1 0 0 0 
Atribuicoes:
0 0 2 3 35 5 35 7 42 9 41 11 7 2 14 9 41 7 18 19 41 43 22 29 42 5 35 11 28 29 2 28 43 2 0 9 3 7 38 39 35 18 0 19 35 38 46 19 39 0 
Custo Total: 2885368
Solução após busca local:
Instalacoes:
1 1 1 1 1 1 0 1 1 1 0 1 0 1 1 1 1 0 1 1 1 0 1 0 0 1 0 1 1 1 1 1 0 0 1 1 0 0 1 1 0 1 1 1 0 0 1 1 0 1 
Atribuicoes:
0 0 47 3 4 5 16 7 42 9 27 1 13 2 14 15 16 34 18 8 41 43 22 1 42 25 20 11 28 29 2 27 30 39 31 20 25 4 38 9 35 31 8 19 13 49 46 19 47 34 
Custo Total: 1330782
Total de iterações: 14531
Melhorias: 18
Tempo até a melhor solução: 18.843 segundos
Iterações até a melhor solução: 8986
Soma dos custos: 17219438450
Média dos custos: 1.18501e+06
Pior valor encontrado: 1399640
Melhor solução encontrada:
Instalacoes:
1 1 0 0 1 0 0 0 1 1 0 1 0 1 0 0 1 0 1 1 1 0 1 1 0 1 0 1 1 1 1 1 0 0 1 1 0 0 0 1 0 0 1 1 0 0 1 1 0 1 
Atribuicoes:
19 19 39 23 4 13 20 18 42 0 27 11 42 31 9 1 35 49 18 8 20 47 22 23 35 25 16 31 28 29 1 27 30 13 34 16 25 30 4 0 28 34 8 43 9 46 46 47 39 49 
Custo Total: 1176621
