Instância: Data/raw/50_P60_M1_Continuo_2.txt
Tempo limite: 30 segundos
Seed: 2
Tamanho da pertubação: 5
Solução inicial:
Instalacoes:
1 1 1 0 0 0 0 0 0 1 0 0 0 1 0 1 1 0 1 0 0 0 1 0 0 1 0 0 0 0 1 1 0 0 1 0 0 0 0 1 0 0 0 0 0 0 1 1 0 0 
Atribuicoes:
9 9 13 25 15 30 34 2 1 46 13 9 13 30 0 15 16 31 18 9 18 0 22 13 34 25 1 9 30 30 25 9 30 39 9 16 13 31 9 39 16 18 0 0 9 34 46 47 39 34 
Custo Total: 1879435
Solução após busca local:
Instalacoes:
1 1 0 0 1 0 0 0 1 1 0 0 0 1 0 1 1 0 1 1 1 0 1 1 0 1 0 0 0 0 1 1 0 0 1 0 0 0 0 1 0 0 0 0 0 0 1 1 0 1 
Atribuicoes:
1 4 13 25 13 4 34 47 1 19 13 4 22 20 19 47 16 30 18 8 18 0 22 23 16 25 1 4 30 9 49 9 30 39 9 1 20 31 8 39 16 18 0 0 9 13 46 47 8 34 
Custo Total: 712725
Total de iterações: 24954
Melhorias: 15
Tempo até a melhor solução: 19.8413 segundos
Iterações até a melhor solução: 16485
Soma dos custos: 11882160672
Média dos custos: 476163
Pior valor encontrado: 711108
Melhor solução encontrada:
Instalacoes:
1 1 0 0 1 0 0 0 1 1 0 0 0 1 0 0 1 0 1 0 1 0 1 0 0 0 0 0 0 0 1 0 0 0 0 0 0 0 0 0 0 0 0 0 0 0 0 1 0 1 
Atribuicoes:
4 4 13 1 47 4 0 22 47 0 18 4 13 20 16 47 16 0 49 8 18 20 22 20 16 30 1 4 49 20 13 9 30 4 9 1 1 8 8 30 16 9 20 0 9 9 13 47 8 49 
Custo Total: 467292
