Instância: Data/raw/50_P90_M1_HUB_4.txt
Tempo limite: 30 segundos
Seed: 1
Tamanho da pertubação: 5
Solução inicial:
Instalacoes:
1 0 1 1 0 0 0 1 0 1 0 0 0 0 1 0 1 0 1 1 0 0 1 0 1 0 0 0 0 1 1 0 0 0 0 0 0 0 1 1 0 0 1 0 0 0 1 1 0 1 
Atribuicoes:
47 47 30 3 18 30 49 7 19 9 16 46 7 29 14 9 16 7 46 47 46 42 22 24 49 30 19 19 14 29 30 30 30 22 47 9 3 7 38 39 16 18 42 0 19 38 46 47 39 47 
Custo Total: 3210332
Solução após busca local:
Instalacoes:
0 1 0 1 1 1 0 1 1 1 0 0 0 1 1 0 1 0 1 1 1 0 1 1 0 1 0 1 0 1 1 1 0 0 1 1 0 0 1 1 0 0 1 0 0 0 1 1 0 1 
Atribuicoes:
1 8 5 3 18 24 49 7 19 16 16 4 39 13 14 9 16 23 31 47 46 14 22 23 49 30 1 27 34 29 13 30 25 25 13 20 39 20 38 39 35 18 42 19 8 38 9 4 25 47 
Custo Total: 1089500
Total de iterações: 15398
Melhorias: 14
Tempo até a melhor solução: 10.8328 segundos
Iterações até a melhor solução: 5710
Soma dos custos: 13263900904
Média dos custos: 861404
Pior valor encontrado: 1126414
Melhor solução encontrada:
Instalacoes:
1 1 0 0 1 0 0 0 1 1 0 0 0 1 0 0 1 0 1 1 1 0 1 1 0 1 0 1 0 0 1 1 0 0 1 1 0 0 0 1 0 0 1 0 0 0 1 1 0 1 
Atribuicoes:
0 8 27 13 18 4 4 13 42 4 22 20 39 13 34 46 16 27 49 19 19 34 22 9 49 31 47 23 30 23 20 31 30 25 16 35 1 35 1 39 0 18 42 9 8 20 46 47 25 1 
Custo Total: 856716
