Instância: Data/raw/50_P80_M0_Continuo_1.txt
Tempo limite: 30 segundos
Seed: 8
Tamanho da pertubação: 5
Solução inicial:
Instalacoes:
1 0 1 1 0 1 0 1 1 1 0 0 0 1 0 0 0 0 1 1 0 0 1 1 0 0 0 1 1 0 0 0 0 0 0 0 0 0 1 1 0 1 0 1 0 0 1 1 0 1 
Atribuicoes:
47 8 13 3 49 5 27 7 8 9 46 39 7 13 43 9 41 7 18 47 41 43 22 2 19 13 19 27 28 23 23 28 2 23 8 9 3 7 38 39 49 18 0 43 47 38 46 19 39 8 
Custo Total: 2028917
Solução após busca local:
Instalacoes:
1 1 1 1 1 0 0 1 1 1 0 0 0 1 0 0 1 0 1 1 1 0 1 1 1 1 0 0 1 0 1 0 0 0 1 0 0 0 1 1 0 1 0 1 0 0 1 1 0 1 
Atribuicoes:
47 13 0 39 49 19 0 25 8 9 9 25 7 13 43 9 47 22 18 20 4 43 22 2 30 13 47 8 16 23 23 28 1 30 8 20 8 16 18 4 34 41 0 47 1 38 46 19 39 30 
Custo Total: 922995
Total de iterações: 19322
Melhorias: 11
Tempo até a melhor solução: 3.94649 segundos
Iterações até a melhor solução: 2451
Soma dos custos: 13027291333
Média dos custos: 674221
Pior valor encontrado: 914170
Melhor solução encontrada:
Instalacoes:
1 1 0 0 1 0 0 0 1 1 0 0 0 1 0 0 1 0 1 1 1 0 1 1 0 0 0 0 0 0 1 1 0 0 0 1 0 0 0 1 0 0 0 0 0 0 1 1 0 1 
Atribuicoes:
47 13 4 39 18 19 18 0 8 9 22 0 31 30 20 9 47 31 18 0 4 20 22 30 9 13 47 8 16 23 1 9 49 4 8 35 8 16 1 20 23 35 49 47 1 13 46 19 39 30 
Custo Total: 672123
