Instância: Data/raw/50_P100_M1_HUB_10.txt
Tempo limite: 30 segundos
Seed: 10
Tamanho da pertubação: 5
Solução inicial:
Instalacoes:
1 0 1 1 0 1 0 1 0 1 0 1 0 0 1 1 0 0 1 1 0 0 1 0 0 1 0 0 1 0 0 0 0 0 0 0 0 0 1 1 0 1 1 1 0 0 1 0 0 0 
Atribuicoes:
0 0 2 3 15 5 41 7 15 9 46 11 7 2 14 9 46 7 18 19 46 43 22 25 42 5 15 11 28 14 2 25 43 25 0 9 3 7 38 39 28 18 42 19 42 38 46 19 39 0 
Custo Total: 2812190
Solução após busca local:
Instalacoes:
1 1 1 1 1 1 0 1 1 1 0 1 0 1 1 1 1 0 1 1 1 0 1 1 0 1 0 1 1 0 1 1 0 0 1 1 0 0 1 1 0 0 1 1 0 0 1 1 0 1 
Atribuicoes:
0 20 2 1 47 5 16 31 15 9 27 20 13 2 14 8 18 7 18 19 46 43 22 25 13 31 16 11 28 23 4 25 49 30 34 9 3 39 8 39 35 41 42 34 0 38 46 1 20 19 
Custo Total: 1411228
Total de iterações: 13830
Melhorias: 20
Tempo até a melhor solução: 24.5931 segundos
Iterações até a melhor solução: 11377
Soma dos custos: 16332323520
Média dos custos: 1.18093e+06
Pior valor encontrado: 1411805
Melhor solução encontrada:
Instalacoes:
1 1 0 0 1 1 0 0 1 1 0 0 0 1 0 0 1 0 1 1 1 0 1 1 0 1 0 1 1 0 1 1 0 0 1 1 0 0 0 1 0 0 1 0 0 0 1 1 0 1 
Atribuicoes:
20 9 23 31 47 5 4 0 4 1 16 25 42 39 30 0 35 22 35 19 1 30 28 13 16 27 4 27 28 20 31 5 47 39 34 49 13 22 8 23 18 18 42 34 9 46 8 49 25 19 
Custo Total: 1171752
