Instância: Data/raw/50_P70_M1_HUB_9.txt
Tempo limite: 30 segundos
Seed: 2
Tamanho da pertubação: 5
Solução inicial:
Instalacoes:
1 1 1 0 1 0 0 1 0 1 0 0 0 1 1 1 1 0 0 0 0 0 1 0 1 0 0 0 0 0 1 1 0 0 0 0 0 0 0 0 0 0 0 0 0 0 0 1 0 0 
Atribuicoes:
4 1 2 13 1 30 4 7 1 15 16 9 7 13 14 15 16 7 15 47 22 14 22 31 24 2 1 9 31 4 30 2 30 13 4 24 13 7 9 13 16 16 0 14 47 47 0 47 31 24 
Custo Total: 2042077
Solução após busca local:
Instalacoes:
1 1 1 0 1 0 0 1 1 1 0 0 0 1 1 1 1 0 1 1 1 0 1 0 1 1 0 0 1 0 1 1 0 0 1 0 0 0 0 0 0 0 1 0 0 0 0 1 0 1 
Atribuicoes:
34 9 19 22 1 30 16 47 49 16 1 9 7 8 14 4 16 25 20 9 18 49 22 1 34 25 42 9 31 4 30 2 28 13 1 24 13 19 9 13 49 47 0 9 8 47 0 47 4 18 
Custo Total: 818061
Total de iterações: 21374
Melhorias: 11
Tempo até a melhor solução: 2.38521 segundos
Iterações até a melhor solução: 1672
Soma dos custos: 11816922664
Média dos custos: 552864
Pior valor encontrado: 790434
Melhor solução encontrada:
Instalacoes:
1 1 0 0 1 0 0 0 1 1 0 0 0 1 0 0 1 0 1 1 1 0 1 0 0 1 0 0 0 0 1 1 0 0 0 0 0 0 0 0 0 0 0 0 0 0 0 1 0 1 
Atribuicoes:
19 9 30 13 49 4 4 47 1 20 16 9 0 8 20 4 16 25 18 9 18 4 20 20 49 25 0 9 19 30 30 31 1 13 1 4 13 16 9 31 22 47 1 9 8 47 8 47 8 49 
Custo Total: 550557
