Instância: Data/raw/50_P90_M1_Continuo_1.txt
Tempo limite: 30 segundos
Seed: 8
Tamanho da pertubação: 5
Solução inicial:
Instalacoes:
1 0 1 1 0 1 0 1 0 1 0 1 0 0 1 1 0 0 1 1 0 0 1 0 0 0 0 0 1 1 0 0 0 0 0 0 0 0 1 1 0 1 0 0 0 0 1 0 0 0 
Atribuicoes:
0 0 2 3 15 5 15 7 46 9 41 11 7 2 14 9 15 7 18 19 41 14 22 29 14 5 19 11 28 29 2 28 5 29 0 9 3 7 38 39 28 18 19 14 15 38 46 14 39 0 
Custo Total: 2653171
Solução após busca local:
Instalacoes:
1 1 1 1 1 1 0 1 1 1 0 1 0 1 1 1 1 0 1 1 1 0 1 1 0 1 0 0 1 1 1 1 0 0 0 1 0 0 1 1 0 1 0 0 0 0 1 1 0 1 
Atribuicoes:
8 49 20 3 46 5 16 1 46 15 31 11 7 2 4 13 16 11 35 30 41 14 22 23 18 25 19 14 28 29 9 13 31 39 1 9 47 22 38 13 0 18 19 30 4 20 47 49 39 0 
Custo Total: 1072884
Total de iterações: 15718
Melhorias: 19
Tempo até a melhor solução: 11.8752 segundos
Iterações até a melhor solução: 6106
Soma dos custos: 13262471684
Média dos custos: 843776
Pior valor encontrado: 1092733
Melhor solução encontrada:
Instalacoes:
1 1 0 0 1 1 0 0 1 1 0 1 0 1 0 0 1 0 1 1 1 0 1 1 0 1 0 0 1 0 1 1 0 0 0 0 0 0 0 1 0 0 1 0 0 0 1 1 0 1 
Atribuicoes:
0 46 47 31 46 25 8 47 42 47 5 11 25 28 30 1 19 20 20 49 13 31 22 23 49 13 1 31 28 9 9 1 5 39 9 42 23 22 8 30 16 18 18 19 8 4 0 4 39 16 
Custo Total: 832616
