Instância: Data/raw/50_P80_M1_Continuo_2.txt
Tempo limite: 30 segundos
Seed: 1
Tamanho da pertubação: 5
Solução inicial:
Instalacoes:
1 0 1 1 1 0 0 1 1 0 0 1 0 1 1 0 0 0 1 0 0 0 1 0 1 1 0 0 1 1 0 0 0 0 0 0 0 0 0 1 0 0 0 0 0 0 1 1 0 0 
Atribuicoes:
4 47 2 3 8 2 25 7 8 4 39 11 39 13 14 4 24 39 18 47 8 14 22 29 24 13 4 4 28 29 2 25 29 39 47 46 3 39 46 39 28 18 8 14 4 46 8 47 39 24 
Custo Total: 2786530
Solução após busca local:
Instalacoes:
0 1 0 1 1 0 0 0 1 1 0 0 0 1 1 0 1 0 1 1 1 0 1 1 1 0 0 0 1 1 1 1 0 0 0 0 0 0 0 1 0 0 1 0 0 0 1 1 0 1 
Atribuicoes:
19 19 1 1 8 30 13 22 8 16 39 8 9 13 14 4 24 20 49 47 9 30 22 29 24 30 20 4 31 29 19 2 47 23 42 18 3 39 46 31 28 18 9 20 42 16 1 47 23 49 
Custo Total: 880091
Total de iterações: 18622
Melhorias: 24
Tempo até a melhor solução: 25.9834 segundos
Iterações até a melhor solução: 16171
Soma dos custos: 12089226003
Média dos custos: 649191
Pior valor encontrado: 890034
Melhor solução encontrada:
Instalacoes:
1 1 0 0 1 0 0 0 1 1 0 0 0 1 0 0 1 0 1 1 1 0 1 1 0 0 0 0 0 0 1 1 0 0 0 0 0 0 0 1 0 0 0 0 0 0 1 1 0 1 
Atribuicoes:
8 19 20 9 18 31 47 49 8 47 22 22 18 47 30 49 16 31 1 9 30 4 49 23 16 4 0 31 13 23 19 1 4 39 8 9 0 22 47 39 16 18 9 20 4 20 46 1 13 46 
Custo Total: 639545
