Instância: Data/raw/50_P80_M1_Continuo_4.txt
Tempo limite: 30 segundos
Seed: 1
Tamanho da pertubação: 5
Solução inicial:
Instalacoes:
1 0 1 0 1 0 0 0 0 1 0 0 0 0 1 0 1 0 0 0 0 0 1 1 0 1 0 0 0 0 1 0 0 0 0 1 0 0 0 1 0 0 1 0 0 0 1 0 0 0 
Atribuicoes:
4 4 30 2 46 30 2 42 42 9 16 22 35 23 14 9 16 35 16 4 46 14 22 23 16 25 0 22 30 23 30 25 30 25 4 9 23 22 30 39 16 16 42 14 0 4 46 30 39 4 
Custo Total: 3228432
Solução após busca local:
Instalacoes:
1 1 1 0 1 0 0 0 1 1 0 0 0 1 1 0 1 0 1 1 1 0 1 1 0 1 0 1 1 0 1 0 0 0 1 1 0 0 0 1 0 0 1 0 0 0 1 1 0 1 
Atribuicoes:
19 8 8 2 42 30 30 47 0 1 49 22 49 23 20 9 16 39 18 34 9 4 13 20 27 25 0 18 13 23 47 27 30 8 35 9 47 35 49 39 22 35 42 30 16 4 46 19 13 4 
Custo Total: 874981
Total de iterações: 18923
Melhorias: 28
Tempo até a melhor solução: 20.6782 segundos
Iterações até a melhor solução: 13163
Soma dos custos: 12941078742
Média dos custos: 683881
Pior valor encontrado: 938000
Melhor solução encontrada:
Instalacoes:
1 1 0 0 1 0 0 0 1 1 0 0 0 1 0 0 1 0 1 1 1 0 1 1 0 1 0 0 0 0 1 1 0 0 0 0 0 0 0 1 0 0 0 0 0 0 0 1 0 1 
Atribuicoes:
0 16 4 30 8 8 18 4 19 1 19 16 39 1 47 16 25 22 18 20 9 1 13 23 31 47 13 18 13 19 39 31 30 30 49 9 25 49 9 39 31 49 0 8 47 8 20 0 20 4 
Custo Total: 661092
