Instância: Data/raw/50_P30_M1_HUB_6.txt
Tempo limite: 30 segundos
Seed: 6
Tamanho da pertubação: 5
Solução inicial:
Instalacoes:
0 1 0 0 1 0 0 0 1 0 0 0 0 1 0 0 1 0 1 1 0 0 1 0 0 1 0 0 0 0 1 0 0 0 0 0 0 0 0 0 0 0 0 0 0 0 0 0 0 0 
Atribuicoes:
19 1 25 13 8 30 13 16 8 4 16 4 22 25 1 16 16 22 18 19 18 16 22 13 1 25 1 4 1 19 30 25 30 16 1 4 13 22 4 25 1 18 8 19 19 4 8 1 25 1 
Custo Total: 1473965
Solução após busca local:
Instalacoes:
1 1 0 0 1 0 0 0 1 1 0 0 0 1 0 0 1 0 1 1 1 0 1 0 0 1 0 0 0 0 1 0 0 0 0 0 0 0 0 0 0 0 0 0 0 0 0 1 0 0 
Atribuicoes:
8 1 13 8 4 20 20 16 8 47 16 22 9 9 9 0 16 47 18 19 4 47 22 13 9 25 8 9 4 20 30 4 47 20 1 4 4 18 4 9 1 8 8 47 47 4 8 1 4 1 
Custo Total: 423591
Total de iterações: 40485
Melhorias: 17
Tempo até a melhor solução: 9.51388 segundos
Iterações até a melhor solução: 13521
Soma dos custos: 10928202737
Média dos custos: 269932
Pior valor encontrado: 519730
Melhor solução encontrada:
Instalacoes:
0 1 0 0 1 0 0 0 1 1 0 0 0 0 0 0 0 0 0 0 1 0 1 0 0 0 0 0 0 0 0 0 0 0 0 0 0 0 0 0 0 0 0 0 0 0 0 1 0 0 
Atribuicoes:
8 1 8 8 4 20 20 22 8 47 8 1 9 20 9 1 9 20 20 9 4 20 22 20 4 9 8 9 4 47 1 4 1 47 1 4 4 47 4 9 9 20 8 20 8 4 20 47 4 9 
Custo Total: 261002
