Instância: Data/raw/50_P90_M1_HUB_8.txt
Tempo limite: 30 segundos
Seed: 1
Tamanho da pertubação: 5
Solução inicial:
Instalacoes:
1 0 1 1 1 1 0 1 0 1 0 0 0 0 1 1 0 0 1 1 0 0 1 0 0 0 0 0 1 1 0 0 0 0 0 0 0 0 0 1 0 1 1 0 0 0 1 0 0 0 
Atribuicoes:
4 4 2 3 15 5 0 7 15 9 46 2 7 2 14 9 46 7 18 4 46 14 22 29 42 39 42 18 28 29 2 28 14 5 4 9 3 7 15 39 28 18 42 19 42 4 46 19 39 4 
Custo Total: 2769448
Solução após busca local:
Instalacoes:
1 1 1 1 1 1 0 1 1 1 0 0 0 1 1 1 1 0 1 1 1 0 1 0 0 1 0 0 1 1 1 0 0 0 1 1 0 0 0 1 0 0 1 1 0 0 1 1 0 1 
Atribuicoes:
1 34 2 3 8 5 0 7 15 43 49 13 20 2 14 9 19 8 18 42 46 1 22 30 20 39 0 25 35 29 47 28 43 25 4 9 3 39 13 16 28 18 42 19 16 4 46 0 39 14 
Custo Total: 1134455
Total de iterações: 15518
Melhorias: 34
Tempo até a melhor solução: 23.9662 segundos
Iterações até a melhor solução: 12032
Soma dos custos: 13524020843
Média dos custos: 871505
Pior valor encontrado: 1110218
Melhor solução encontrada:
Instalacoes:
1 1 0 0 1 0 0 0 1 1 0 0 0 1 0 0 1 0 1 1 1 0 0 0 0 1 0 0 1 0 1 1 0 0 1 1 0 0 0 1 0 0 1 1 0 0 1 1 0 1 
Atribuicoes:
49 1 20 13 8 25 0 13 46 9 19 35 8 20 43 16 49 31 18 19 22 4 18 30 16 9 0 22 28 20 30 31 9 25 34 35 47 9 47 39 13 16 42 34 47 4 1 0 18 43 
Custo Total: 855867
