Instância: Data/raw/50_P70_M1_HUB_7.txt
Tempo limite: 30 segundos
Seed: 6
Tamanho da pertubação: 5
Solução inicial:
Instalacoes:
1 0 1 0 1 0 1 1 1 1 0 0 0 0 0 0 1 0 0 1 0 0 1 0 0 0 0 0 1 1 1 0 0 0 0 0 0 0 0 1 1 0 1 1 0 0 1 0 0 0 
Atribuicoes:
0 0 2 39 4 2 6 7 8 9 42 42 7 16 19 9 42 7 42 19 4 43 22 42 16 2 42 2 28 29 30 30 43 16 0 9 39 7 4 39 30 4 8 19 8 46 46 19 39 0 
Custo Total: 2332856
Solução após busca local:
Instalacoes:
1 1 1 0 1 0 0 1 1 1 0 0 0 1 0 0 1 0 1 1 1 0 1 1 0 1 0 0 0 0 1 1 1 0 0 0 0 0 0 1 0 0 1 0 0 0 1 1 0 1 
Atribuicoes:
16 0 2 39 20 2 9 7 4 13 1 25 1 25 19 9 42 7 47 19 4 9 22 1 16 20 8 31 4 23 30 30 32 16 49 9 20 13 8 39 30 13 20 47 8 46 46 19 39 18 
Custo Total: 801810
Total de iterações: 21214
Melhorias: 23
Tempo até a melhor solução: 26.1055 segundos
Iterações até a melhor solução: 18413
Soma dos custos: 12847707069
Média dos custos: 605624
Pior valor encontrado: 851807
Melhor solução encontrada:
Instalacoes:
1 1 0 0 1 0 0 0 1 1 0 0 0 1 0 0 1 0 1 1 1 0 1 0 0 0 0 0 0 0 1 1 0 0 1 0 0 0 0 1 0 0 0 0 0 0 0 1 0 1 
Atribuicoes:
49 34 4 39 1 31 4 13 0 1 16 13 47 13 49 9 19 22 18 19 16 9 31 0 4 20 8 34 9 39 20 20 30 18 0 49 20 13 8 1 49 13 20 4 8 47 4 1 9 9 
Custo Total: 584005
