Instância: Data/raw/50_P40_M0_Continuo_2.txt
Tempo limite: 30 segundos
Seed: 8
Tamanho da pertubação: 5
Solução inicial:
Instalacoes:
0 1 0 0 1 0 0 1 0 1 0 0 0 1 0 0 0 0 1 0 1 0 1 1 0 1 0 0 0 0 1 0 0 0 1 0 0 0 0 0 0 0 0 0 0 0 0 1 0 0 
Atribuicoes:
4 9 30 13 9 30 22 7 4 18 13 20 7 23 4 9 34 34 18 47 18 9 22 23 9 25 1 20 30 23 30 25 30 20 9 34 20 13 9 23 18 18 4 4 9 4 4 47 23 9 
Custo Total: 1491104
Solução após busca local:
Instalacoes:
1 0 0 0 1 0 0 1 1 1 0 0 0 1 0 0 1 0 1 0 1 0 1 1 0 1 0 0 0 0 1 0 0 0 1 0 0 0 0 0 0 0 0 0 0 0 0 1 0 1 
Atribuicoes:
4 0 8 8 9 47 8 13 18 8 13 20 4 23 20 9 47 13 47 47 20 0 22 23 8 25 20 9 30 0 30 25 30 20 9 16 20 13 9 23 4 18 4 49 9 4 4 47 9 0 
Custo Total: 537437
Total de iterações: 37856
Melhorias: 15
Tempo até a melhor solução: 6.69546 segundos
Iterações até a melhor solução: 7989
Soma dos custos: 12709587426
Média dos custos: 335735
Pior valor encontrado: 576456
Melhor solução encontrada:
Instalacoes:
0 1 0 0 1 0 0 0 1 1 0 0 0 1 0 0 1 0 0 0 1 0 1 1 0 0 0 0 0 0 0 0 0 0 0 0 0 0 0 0 0 0 0 0 0 0 0 1 0 0 
Atribuicoes:
1 9 8 8 4 13 8 47 8 8 16 22 4 23 20 9 1 47 1 1 20 47 22 23 1 1 20 9 13 47 9 13 1 20 9 16 20 16 9 13 4 9 4 20 9 4 4 1 8 47 
Custo Total: 330219
