Instância: Data/raw/50_P5_M1_Continuo_9.txt
Tempo limite: 30 segundos
Seed: 4
Tamanho da pertubação: 5
Solução inicial:
Instalacoes:
0 0 0 0 1 0 0 0 1 0 0 0 0 1 0 0 0 0 0 0 1 0 1 0 0 0 0 0 0 0 0 0 0 0 0 0 0 0 0 0 0 0 0 0 0 0 0 1 0 0 
Atribuicoes:
47 8 13 20 4 47 13 8 8 4 20 20 47 13 47 4 20 8 20 47 20 22 22 13 20 13 47 20 8 13 20 47 20 20 8 20 20 4 8 13 20 20 8 47 8 8 8 47 20 8 
Custo Total: 399279
Solução após busca local:
Instalacoes:
0 0 0 0 1 0 0 0 1 1 0 0 0 1 0 0 0 0 0 0 1 0 1 0 0 0 0 0 0 0 0 0 0 0 0 0 0 0 0 0 0 0 0 0 0 0 0 1 0 0 
Atribuicoes:
9 9 4 20 4 9 9 9 8 4 20 20 9 13 4 9 20 20 20 47 20 9 22 20 9 4 9 20 4 4 20 20 9 9 9 20 9 9 8 9 20 20 8 9 8 8 8 47 20 9 
Custo Total: 211437
Total de iterações: 153553
Melhorias: 6
Tempo até a melhor solução: 23.4445 segundos
Iterações até a melhor solução: 125159
Soma dos custos: 25081104036
Média dos custos: 163338
Pior valor encontrado: 362504
Melhor solução encontrada:
Instalacoes:
0 0 0 0 1 0 0 0 1 1 0 0 0 0 0 0 0 0 0 0 1 0 0 0 0 0 0 0 0 0 0 0 0 0 0 0 0 0 0 0 0 0 0 0 0 0 0 0 0 0 
Atribuicoes:
9 9 4 20 4 9 9 9 8 9 20 20 9 4 4 9 9 20 20 4 20 9 22 20 9 20 8 20 20 4 9 20 9 9 9 4 9 9 8 4 20 20 8 9 9 8 8 4 20 9 
Custo Total: 162736
