Instância: Data/raw/50_P60_M1_HUB_1.txt
Tempo limite: 30 segundos
Seed: 1
Tamanho da pertubação: 5
Solução inicial:
Instalacoes:
1 1 1 0 0 0 0 0 1 1 0 1 0 1 0 0 1 0 0 0 1 0 1 0 0 0 0 0 0 0 0 0 0 0 0 0 0 0 0 1 0 0 1 0 0 0 0 1 0 0 
Atribuicoes:
0 1 2 39 42 16 8 16 42 9 16 11 11 13 47 9 20 11 1 0 20 0 22 2 9 39 47 13 8 2 47 16 47 13 1 9 39 11 42 13 9 20 47 0 47 47 42 0 16 9 
Custo Total: 1939949
Solução após busca local:
Instalacoes:
1 1 1 0 1 0 0 0 1 1 0 1 0 1 0 0 1 0 1 1 1 0 1 0 0 0 0 0 0 1 1 1 0 0 0 0 0 0 0 1 0 0 1 0 0 0 1 1 0 1 
Atribuicoes:
0 1 4 39 42 16 8 13 47 1 16 11 39 13 1 9 0 4 20 0 18 47 22 1 9 39 47 13 4 29 47 31 31 30 19 49 9 11 0 31 9 20 4 47 47 8 46 19 20 30 
Custo Total: 684411
Total de iterações: 24219
Melhorias: 16
Tempo até a melhor solução: 29.2161 segundos
Iterações até a melhor solução: 23565
Soma dos custos: 12260413872
Média dos custos: 506231
Pior valor encontrado: 734144
Melhor solução encontrada:
Instalacoes:
1 1 0 0 1 0 0 0 1 1 0 0 0 1 0 0 1 0 1 0 1 0 1 0 0 1 0 0 0 0 1 0 0 0 0 0 0 0 0 0 0 0 0 0 0 0 1 1 0 1 
Atribuicoes:
0 1 4 13 46 25 16 9 46 8 18 13 4 9 47 9 13 1 18 20 8 0 22 47 9 25 4 25 4 9 13 30 30 49 0 4 20 18 20 30 30 16 4 4 47 8 20 20 20 49 
Custo Total: 502045
