Instância: Data/raw/50_P80_M1_Continuo_3.txt
Tempo limite: 30 segundos
Seed: 4
Tamanho da pertubação: 5
Solução inicial:
Instalacoes:
0 1 1 0 0 0 0 1 1 1 0 1 0 1 0 1 0 0 0 0 1 0 1 0 0 0 0 0 0 0 0 1 0 0 0 0 0 0 0 0 0 0 1 1 0 0 1 1 0 0 
Atribuicoes:
15 1 31 46 42 31 2 7 46 9 31 11 7 13 47 9 20 7 15 15 20 43 22 13 9 13 1 11 8 13 31 31 31 46 1 9 31 7 46 13 9 20 42 43 46 8 46 47 13 9 
Custo Total: 3093801
Solução após busca local:
Instalacoes:
1 1 0 0 1 0 0 1 1 1 0 1 0 1 0 1 1 0 1 1 1 0 1 0 0 1 0 0 0 1 1 1 0 0 1 1 0 0 0 1 0 0 1 1 0 0 1 1 0 1 
Atribuicoes:
46 49 25 4 35 30 39 1 18 42 31 11 8 2 47 15 13 47 35 30 20 20 22 13 9 2 1 16 47 29 8 31 49 20 1 4 39 0 46 18 34 20 42 43 19 8 46 47 0 9 
Custo Total: 927042
Total de iterações: 18793
Melhorias: 25
Tempo até a melhor solução: 28.9742 segundos
Iterações até a melhor solução: 18126
Soma dos custos: 12243202220
Média dos custos: 651477
Pior valor encontrado: 946907
Melhor solução encontrada:
Instalacoes:
1 1 0 0 1 0 0 0 1 1 0 0 0 1 0 0 1 0 1 0 1 0 1 0 0 1 0 0 0 0 1 1 0 0 1 1 0 0 0 0 0 0 1 0 0 0 1 1 0 1 
Atribuicoes:
46 30 47 4 1 31 47 1 42 18 31 4 8 4 34 0 35 0 18 4 9 9 49 20 49 25 1 22 25 13 8 31 30 9 34 35 20 13 46 13 16 16 47 20 0 8 46 47 25 49 
Custo Total: 641939
