Instância: Data/raw/50_P80_M1_HUB_1.txt
Tempo limite: 30 segundos
Seed: 1
Tamanho da pertubação: 5
Solução inicial:
Instalacoes:
1 0 1 1 0 0 0 1 0 0 0 0 0 0 0 1 1 0 1 1 0 0 1 0 0 0 0 0 0 0 0 0 1 0 0 0 0 0 0 1 0 0 0 1 0 0 1 1 0 0 
Atribuicoes:
0 0 2 3 15 2 18 7 18 46 47 19 7 2 43 15 16 7 19 19 15 43 22 2 46 39 19 2 32 2 32 18 32 22 0 47 3 7 0 39 47 16 47 43 47 18 46 0 39 46 
Custo Total: 2684813
Solução após busca local:
Instalacoes:
1 1 1 1 1 0 0 1 1 1 0 0 0 1 0 1 1 0 1 1 1 0 1 0 1 0 0 0 0 0 1 1 1 0 1 0 0 0 0 1 0 0 0 1 0 0 1 1 0 1 
Atribuicoes:
20 9 31 3 15 2 9 20 18 49 47 19 0 31 43 34 34 7 19 47 1 20 22 4 24 13 0 2 31 20 32 18 32 30 49 47 3 18 0 39 34 16 20 47 8 8 46 0 39 46 
Custo Total: 954747
Total de iterações: 18383
Melhorias: 16
Tempo até a melhor solução: 1.88696 segundos
Iterações até a melhor solução: 1163
Soma dos custos: 13136740963
Média dos custos: 714614
Pior valor encontrado: 956301
Melhor solução encontrada:
Instalacoes:
1 1 0 0 1 0 0 0 1 1 0 0 0 1 0 0 1 0 1 1 1 0 1 1 0 1 0 0 0 0 1 1 0 0 0 0 0 0 0 1 0 0 0 0 0 0 1 1 0 1 
Atribuicoes:
47 1 30 39 46 23 9 20 47 49 18 4 0 47 8 19 4 16 16 47 49 1 22 25 19 23 0 20 30 23 4 31 31 39 49 18 13 30 46 31 13 25 20 4 8 8 1 0 13 9 
Custo Total: 712968
