Instância: Data/raw/50_P90_M1_Continuo_9.txt
Tempo limite: 30 segundos
Seed: 5
Tamanho da pertubação: 5
Solução inicial:
Instalacoes:
1 0 1 0 0 1 0 1 0 1 0 0 0 0 0 0 0 0 1 1 0 0 1 1 0 1 0 0 1 0 0 0 0 0 0 0 0 0 0 1 0 1 1 1 0 0 0 0 0 0 
Atribuicoes:
0 0 23 25 18 5 2 7 18 9 25 23 7 23 19 9 41 7 41 19 41 43 22 23 42 39 42 18 28 23 23 25 5 23 0 9 25 7 23 39 28 9 18 19 42 25 18 43 39 0 
Custo Total: 3307304
Solução após busca local:
Instalacoes:
1 1 1 0 1 1 0 1 1 1 0 1 0 1 0 0 1 0 1 1 1 0 1 1 0 1 0 0 1 0 1 1 0 0 0 0 0 0 0 1 0 1 1 1 0 0 1 1 0 1 
Atribuicoes:
0 20 47 25 18 5 2 7 0 16 25 2 31 22 19 1 4 11 41 19 16 43 22 8 42 39 30 18 28 23 23 31 1 30 8 9 20 7 20 39 13 9 49 49 42 4 46 13 11 0 
Custo Total: 1083223
Total de iterações: 16381
Melhorias: 25
Tempo até a melhor solução: 29.8869 segundos
Iterações até a melhor solução: 16313
Soma dos custos: 13171782969
Média dos custos: 804089
Pior valor encontrado: 1073253
Melhor solução encontrada:
Instalacoes:
1 1 1 0 1 0 0 0 1 1 0 0 0 1 0 0 1 0 1 1 1 0 1 1 0 1 0 0 0 0 1 1 0 0 0 1 0 0 0 1 0 0 1 0 0 0 1 1 0 0 
Atribuicoes:
47 31 2 47 8 0 20 39 1 16 9 13 22 47 9 35 1 25 35 19 16 19 22 23 0 2 4 23 16 30 30 31 13 4 4 9 31 39 8 13 25 18 42 42 0 1 46 20 25 18 
Custo Total: 794922
