Instância: Data/raw/50_P100_M1_Continuo_10.txt
Tempo limite: 30 segundos
Seed: 4
Tamanho da pertubação: 5
Solução inicial:
Instalacoes:
1 0 1 1 0 1 0 1 0 1 0 1 0 0 1 1 0 0 1 1 0 0 1 0 0 0 0 0 1 1 0 0 0 0 0 0 0 0 1 1 0 1 1 1 0 0 1 0 0 0 
Atribuicoes:
0 0 2 3 15 5 41 7 15 9 46 11 7 2 14 9 46 7 18 19 46 43 22 29 42 5 15 11 28 29 2 28 43 2 0 9 3 7 38 39 28 18 42 19 9 38 46 19 39 0 
Custo Total: 2845534
Solução após busca local:
Instalacoes:
1 1 1 1 1 1 0 1 1 1 0 1 0 1 0 1 1 0 1 1 1 0 1 0 0 1 0 1 1 1 1 1 0 0 0 1 0 0 0 1 0 0 1 1 0 1 1 1 0 1 
Atribuicoes:
0 0 2 3 16 31 25 7 15 9 27 11 39 30 43 1 41 1 18 19 20 43 22 47 30 5 4 27 28 29 2 31 49 13 20 35 25 47 9 39 35 18 42 13 8 45 46 19 16 8 
Custo Total: 1306280
Total de iterações: 14034
Melhorias: 19
Tempo até a melhor solução: 20.2837 segundos
Iterações até a melhor solução: 9495
Soma dos custos: 16935226059
Média dos custos: 1.20673e+06
Pior valor encontrado: 1389760
Melhor solução encontrada:
Instalacoes:
1 1 0 0 1 1 0 0 1 1 0 0 0 1 0 0 1 0 1 1 1 0 1 1 0 1 0 1 1 0 1 1 0 0 1 1 0 0 0 1 0 0 1 0 0 0 1 1 0 1 
Atribuicoes:
1 1 25 31 4 5 9 0 19 9 31 16 39 30 49 42 23 27 18 19 35 49 22 47 16 22 0 27 28 23 13 5 25 13 20 34 28 47 46 39 30 18 20 8 8 46 42 34 4 35 
Custo Total: 1192981
