Instância: Data/raw/50_P10_M0_Continuo_4.txt
Tempo limite: 30 segundos
Seed: 10
Tamanho da pertubação: 5
Solução inicial:
Instalacoes:
0 1 0 0 1 0 0 0 0 0 0 0 0 0 0 0 0 0 0 0 1 0 1 0 0 0 0 0 0 0 0 0 0 0 0 0 0 0 0 0 0 0 0 0 0 0 0 1 0 0 
Atribuicoes:
4 1 1 1 4 47 1 20 4 4 20 20 20 1 4 4 20 20 20 47 20 47 22 1 20 20 47 20 4 1 47 20 47 1 4 20 1 20 1 1 20 20 4 47 1 4 4 47 1 20 
Custo Total: 853430
Solução após busca local:
Instalacoes:
0 1 0 0 1 0 0 0 1 1 0 0 0 0 0 0 0 0 0 0 1 0 1 0 0 0 0 0 0 0 0 0 0 0 0 0 0 0 0 0 0 0 0 0 0 0 0 1 0 0 
Atribuicoes:
9 9 8 9 4 4 9 9 4 8 20 9 20 4 4 4 20 9 20 47 20 9 22 9 20 20 9 20 4 8 4 20 47 8 4 20 8 20 8 9 9 20 4 47 9 8 8 47 9 20 
Custo Total: 216795
Total de iterações: 100869
Melhorias: 9
Tempo até a melhor solução: 25.7691 segundos
Iterações até a melhor solução: 86877
Soma dos custos: 17131382566
Média dos custos: 169838
Pior valor encontrado: 373236
Melhor solução encontrada:
Instalacoes:
0 0 0 0 1 0 0 0 1 1 0 0 0 0 0 0 0 0 0 0 1 0 1 0 0 0 0 0 0 0 0 0 0 0 0 0 0 0 0 0 0 0 0 0 0 0 0 0 0 0 
Atribuicoes:
9 9 9 20 4 4 9 9 8 9 20 9 20 4 4 4 9 4 20 8 20 9 22 9 20 20 9 20 4 9 4 20 8 8 4 4 8 20 8 9 9 20 9 4 4 8 8 8 9 20 
Custo Total: 166577
