Instância: Data/raw/50_P60_M1_Continuo_3.txt
Tempo limite: 30 segundos
Seed: 6
Tamanho da pertubação: 5
Solução inicial:
Instalacoes:
1 1 0 0 0 0 0 0 0 1 0 0 0 1 0 0 1 0 1 0 0 0 1 1 0 1 0 0 0 0 0 0 0 0 0 0 0 0 0 1 0 0 1 0 0 0 1 1 0 0 
Atribuicoes:
0 1 23 39 42 13 25 16 46 9 16 13 39 23 47 9 9 1 18 0 18 1 22 23 9 25 47 13 47 25 23 13 1 16 1 9 39 1 42 13 9 18 47 0 47 42 46 0 13 9 
Custo Total: 2389712
Solução após busca local:
Instalacoes:
1 1 0 0 1 1 0 0 1 1 0 0 0 1 0 0 1 0 1 1 1 0 1 1 0 1 0 0 0 0 1 0 0 0 1 0 0 0 0 1 0 0 1 0 0 0 1 1 0 1 
Atribuicoes:
0 34 23 39 42 13 25 16 46 9 16 49 39 23 20 4 13 1 4 0 18 30 22 23 9 25 47 13 9 8 5 5 1 20 1 20 39 25 47 4 49 18 47 19 8 4 46 47 25 9 
Custo Total: 684422
Total de iterações: 25283
Melhorias: 17
Tempo até a melhor solução: 5.18985 segundos
Iterações até a melhor solução: 4111
Soma dos custos: 12158500110
Média dos custos: 480896
Pior valor encontrado: 730029
Melhor solução encontrada:
Instalacoes:
1 1 0 0 1 0 0 0 1 1 0 0 0 1 0 0 1 0 1 0 1 0 1 0 0 0 0 0 0 0 1 0 0 0 0 0 0 0 0 1 0 0 0 0 0 0 1 1 0 0 
Atribuicoes:
4 0 47 39 8 13 9 18 46 8 9 8 20 9 20 4 47 13 46 0 18 4 22 30 16 9 1 13 20 1 8 47 0 20 1 16 30 4 47 4 30 18 9 8 1 4 46 47 39 20 
Custo Total: 475113
