Instância: Data/raw/50_P70_M1_HUB_6.txt
Tempo limite: 30 segundos
Seed: 7
Tamanho da pertubação: 5
Solução inicial:
Instalacoes:
1 1 0 0 0 0 0 1 0 0 0 0 0 0 0 0 1 0 1 1 0 0 1 1 0 1 0 0 0 0 1 0 0 0 0 0 0 0 0 1 0 0 0 0 0 0 0 1 0 1 
Atribuicoes:
47 1 25 0 0 30 39 7 0 1 16 22 7 23 19 47 16 7 18 47 16 47 22 23 22 25 47 22 23 0 30 25 30 39 1 49 0 7 47 39 16 18 1 19 47 0 18 19 25 49 
Custo Total: 2444580
Solução após busca local:
Instalacoes:
1 1 1 0 1 0 0 1 1 1 0 0 0 1 0 1 1 0 1 1 1 0 1 1 0 1 0 0 1 1 1 0 0 0 0 0 0 0 0 1 0 0 0 0 0 0 1 1 0 1 
Atribuicoes:
47 20 25 18 9 30 39 16 0 1 16 22 7 23 19 13 16 2 19 0 20 47 22 23 0 25 47 28 28 29 30 18 30 39 1 49 4 8 47 39 16 18 47 49 4 46 8 9 9 49 
Custo Total: 754506
Total de iterações: 20595
Melhorias: 17
Tempo até a melhor solução: 21.9246 segundos
Iterações até a melhor solução: 15091
Soma dos custos: 12189315903
Média dos custos: 591858
Pior valor encontrado: 823417
Melhor solução encontrada:
Instalacoes:
1 1 0 0 1 0 0 0 1 1 0 0 0 1 0 0 1 0 1 0 1 0 1 1 0 0 0 0 0 1 1 1 0 0 0 0 0 0 0 1 0 0 0 0 0 0 0 1 0 0 
Atribuicoes:
1 20 9 39 9 30 9 22 1 47 16 16 18 23 23 13 16 39 20 0 20 9 31 23 1 47 1 0 4 29 30 9 30 18 8 4 39 31 4 13 16 16 8 30 4 8 47 0 4 0 
Custo Total: 580561
