Instância: Data/raw/50_P60_M1_Continuo_3.txt
Tempo limite: 30 segundos
Seed: 3
Tamanho da pertubação: 5
Solução inicial:
Instalacoes:
1 1 0 0 0 0 0 0 0 1 0 0 0 1 0 0 1 0 1 0 0 0 1 1 0 1 0 0 0 0 0 0 0 0 0 0 0 0 0 1 0 0 1 0 0 0 1 1 0 0 
Atribuicoes:
0 1 23 39 42 13 25 16 46 9 16 13 39 23 47 9 9 1 18 0 18 1 22 23 9 25 47 13 47 25 23 13 1 16 1 9 39 1 42 13 9 18 47 0 47 42 46 0 13 9 
Custo Total: 2389712
Solução após busca local:
Instalacoes:
1 1 0 0 1 1 0 0 1 1 0 0 0 1 0 0 1 0 1 1 1 0 1 1 0 1 0 0 0 0 1 0 0 0 1 0 0 0 0 1 0 0 1 0 0 0 1 1 0 1 
Atribuicoes:
0 34 23 39 42 13 25 16 46 9 16 49 39 23 20 4 13 1 4 0 18 30 22 23 9 25 47 13 9 8 5 5 1 20 1 20 39 25 47 4 49 18 47 19 8 4 46 47 25 9 
Custo Total: 684422
Total de iterações: 24251
Melhorias: 15
Tempo até a melhor solução: 21.6465 segundos
Iterações até a melhor solução: 17423
Soma dos custos: 11857933254
Média dos custos: 488967
Pior valor encontrado: 760953
Melhor solução encontrada:
Instalacoes:
1 1 0 0 1 0 0 0 1 1 0 0 0 1 0 0 1 0 1 0 1 0 1 0 0 0 0 0 0 0 1 0 0 0 0 0 0 0 0 0 0 0 0 0 0 0 0 1 0 1 
Atribuicoes:
0 9 47 20 18 13 1 16 13 49 16 9 4 20 1 0 47 13 18 9 16 1 22 0 49 22 8 13 4 8 18 47 30 20 8 20 4 9 47 4 0 16 13 30 8 4 20 47 1 49 
Custo Total: 476710
