Instância: Data/raw/50_P100_M0_Continuo_3.txt
Tempo limite: 30 segundos
Seed: 5
Tamanho da pertubação: 5
Solução inicial:
Instalacoes:
1 0 1 1 0 1 0 1 0 1 0 0 0 0 0 1 0 0 1 1 0 0 1 0 0 0 0 0 1 1 0 0 0 0 0 0 0 0 1 1 0 1 1 1 0 0 1 0 0 0 
Atribuicoes:
0 0 2 3 15 5 41 7 15 9 46 22 7 2 19 9 42 7 18 19 46 43 22 29 42 5 43 22 28 29 2 28 5 2 0 9 3 7 38 39 28 18 42 19 42 38 46 19 39 0 
Custo Total: 2806243
Solução após busca local:
Instalacoes:
1 1 1 1 1 1 0 1 1 1 0 0 0 1 0 1 1 0 1 1 1 0 1 1 0 1 0 1 1 1 1 1 0 0 1 0 0 0 1 1 0 0 1 1 0 0 1 1 0 1 
Atribuicoes:
0 8 2 3 15 5 13 7 8 9 13 30 31 2 19 9 42 27 18 19 41 34 22 23 47 5 43 27 25 29 23 49 16 20 0 34 1 16 47 39 28 1 42 4 46 38 46 30 18 49 
Custo Total: 1352698
Total de iterações: 14057
Melhorias: 17
Tempo até a melhor solução: 28.6532 segundos
Iterações até a melhor solução: 13414
Soma dos custos: 16888689696
Média dos custos: 1.20144e+06
Pior valor encontrado: 1389051
Melhor solução encontrada:
Instalacoes:
1 1 1 0 1 1 0 0 1 1 0 0 0 1 0 1 1 0 1 1 1 0 1 1 1 1 0 0 0 0 1 1 0 0 1 1 0 0 0 1 0 0 1 1 0 0 1 1 0 1 
Atribuicoes:
1 13 2 20 20 5 8 25 8 15 31 22 30 2 0 15 35 47 18 0 19 1 23 4 24 5 19 25 49 23 43 16 30 39 34 49 13 31 4 9 22 35 42 43 46 47 46 9 18 16 
Custo Total: 1191969
