Instância: Data/raw/50_P60_M1_HUB_10.txt
Tempo limite: 30 segundos
Seed: 10
Tamanho da pertubação: 5
Solução inicial:
Instalacoes:
1 0 1 1 1 0 0 0 1 1 0 0 0 1 0 0 1 0 1 1 1 0 1 0 0 0 0 0 0 1 1 0 0 0 0 0 0 0 0 0 0 0 0 0 0 0 1 0 0 0 
Atribuicoes:
0 0 2 3 4 13 13 22 8 4 20 20 16 13 19 0 18 13 18 19 20 9 22 30 16 2 13 20 16 29 30 2 30 46 0 4 3 16 46 3 9 20 8 19 46 4 8 19 20 0 
Custo Total: 2094680
Solução após busca local:
Instalacoes:
1 1 1 1 1 0 0 0 1 1 0 0 0 1 0 0 1 0 0 1 1 0 1 1 0 1 0 0 0 0 1 0 0 0 1 0 0 0 0 1 0 0 0 0 0 0 1 1 0 1 
Atribuicoes:
0 1 47 13 4 1 13 22 8 1 20 9 13 30 19 1 20 9 20 19 20 9 22 23 16 25 19 20 16 0 30 2 23 39 9 4 39 16 46 23 9 47 8 8 9 20 8 47 25 34 
Custo Total: 679421
Total de iterações: 24779
Melhorias: 20
Tempo até a melhor solução: 27.5216 segundos
Iterações até a melhor solução: 22750
Soma dos custos: 12412263720
Média dos custos: 500919
Pior valor encontrado: 744821
Melhor solução encontrada:
Instalacoes:
1 1 0 0 1 0 0 0 1 1 0 0 0 1 0 0 1 0 0 1 1 0 1 0 0 0 0 0 0 0 1 0 0 0 0 0 0 0 0 1 0 0 0 0 0 0 0 1 0 1 
Atribuicoes:
19 1 4 30 4 1 13 4 8 1 20 9 13 13 0 1 20 16 20 1 20 9 4 9 49 9 0 20 16 30 9 22 13 47 9 19 25 39 47 47 13 16 8 8 9 20 8 47 39 49 
Custo Total: 496719
