Instância: Data/raw/50_P50_M1_HUB_9.txt
Tempo limite: 30 segundos
Seed: 7
Tamanho da pertubação: 5
Solução inicial:
Instalacoes:
1 0 1 0 1 0 0 1 1 1 0 0 0 1 0 0 1 0 0 1 0 0 1 0 1 0 0 0 0 0 1 1 0 0 0 0 0 0 0 0 0 0 1 0 0 0 0 1 0 0 
Atribuicoes:
4 4 2 31 42 30 4 7 8 19 16 9 7 13 19 19 16 7 9 47 9 9 22 13 24 2 47 9 24 4 30 2 30 13 4 24 31 7 9 13 16 24 42 19 9 8 9 47 13 0 
Custo Total: 2000981
Solução após busca local:
Instalacoes:
0 1 1 0 1 0 0 1 1 1 0 0 0 1 0 0 1 0 1 1 1 0 1 0 1 1 0 0 0 0 1 1 0 0 1 0 0 0 0 1 0 0 0 0 0 0 0 1 0 1 
Atribuicoes:
4 19 25 39 47 13 16 47 8 8 16 22 31 20 19 19 16 13 1 47 9 8 22 8 4 30 20 22 34 4 25 31 30 13 49 16 9 4 9 13 1 47 30 20 9 8 9 47 20 8 
Custo Total: 630402
Total de iterações: 28304
Melhorias: 24
Tempo até a melhor solução: 27.8944 segundos
Iterações até a melhor solução: 26368
Soma dos custos: 11953646184
Média dos custos: 422331
Pior valor encontrado: 660316
Melhor solução encontrada:
Instalacoes:
1 1 0 0 1 0 0 0 1 1 0 0 0 1 0 0 0 0 0 0 1 0 1 0 0 0 0 0 0 0 1 1 0 0 0 0 0 0 0 0 0 0 0 0 0 0 0 1 0 0 
Atribuicoes:
30 20 4 20 4 13 4 4 8 8 20 20 31 8 1 0 8 13 1 20 4 1 22 13 8 9 47 20 22 30 0 31 30 13 47 4 9 4 9 13 1 8 9 47 9 8 9 1 47 4 
Custo Total: 376457
