Instância: Data/raw/50_P80_M1_Continuo_9.txt
Tempo limite: 30 segundos
Seed: 4
Tamanho da pertubação: 5
Solução inicial:
Instalacoes:
0 1 1 0 1 0 0 1 0 0 0 1 0 1 0 0 0 0 1 0 0 1 1 0 0 1 0 1 0 1 0 1 0 0 1 0 0 0 1 1 0 1 1 1 0 0 1 1 0 0 
Atribuicoes:
1 31 2 13 4 2 11 7 38 1 4 11 27 39 11 31 42 27 18 21 46 21 22 29 41 25 4 27 34 29 34 31 43 29 34 42 13 27 38 39 4 18 42 43 4 38 46 47 39 34 
Custo Total: 2279637
Solução após busca local:
Instalacoes:
1 1 1 0 1 0 0 0 1 1 0 1 0 1 0 0 1 0 1 1 1 0 1 1 0 0 0 1 0 1 1 1 0 0 1 0 0 0 1 1 0 0 1 1 0 0 1 1 0 1 
Atribuicoes:
1 13 2 4 4 23 47 1 19 0 22 11 31 39 0 19 49 18 18 47 18 29 22 23 34 2 19 27 16 1 20 31 8 22 34 20 13 9 46 8 9 30 42 43 4 38 46 47 39 49 
Custo Total: 889115
Total de iterações: 18814
Melhorias: 18
Tempo até a melhor solução: 22.403 segundos
Iterações até a melhor solução: 14150
Soma dos custos: 12369814074
Média dos custos: 657479
Pior valor encontrado: 903726
Melhor solução encontrada:
Instalacoes:
1 1 0 0 1 0 0 0 1 1 0 0 0 1 0 0 1 0 1 1 1 0 1 1 0 0 0 0 0 0 1 1 0 0 0 0 0 0 0 1 0 0 0 0 0 0 1 1 0 1 
Atribuicoes:
1 13 30 30 20 23 47 1 9 0 22 4 31 39 0 9 16 8 18 19 18 4 22 23 49 31 19 31 47 1 39 13 9 19 49 0 13 13 46 9 16 30 8 8 4 20 46 47 39 16 
Custo Total: 652178
