Instância: Data/raw/50_P50_M0_Continuo_8.txt
Tempo limite: 30 segundos
Seed: 5
Tamanho da pertubação: 5
Solução inicial:
Instalacoes:
1 1 1 0 0 0 0 1 1 1 0 0 0 0 0 0 1 0 0 0 1 0 1 0 0 0 0 0 0 0 1 0 0 0 0 0 0 0 0 1 0 0 0 0 0 0 0 1 0 1 
Atribuicoes:
0 0 2 1 8 30 16 7 8 16 9 20 7 39 47 16 22 7 20 0 20 49 22 2 49 39 9 20 16 30 30 30 30 30 0 22 1 7 9 39 9 20 8 0 9 8 8 47 39 49 
Custo Total: 2084884
Solução após busca local:
Instalacoes:
1 0 1 0 1 0 0 1 1 1 0 0 0 1 0 0 1 0 0 1 1 0 1 0 0 0 0 0 0 0 1 1 0 0 0 1 0 0 0 1 0 0 0 0 0 0 1 1 0 1 
Atribuicoes:
19 9 2 20 8 30 16 47 0 4 22 22 49 39 47 8 0 16 20 0 20 49 22 4 49 39 47 20 16 30 4 31 30 30 35 8 20 49 4 13 9 19 46 9 9 8 8 47 39 47 
Custo Total: 601411
Total de iterações: 27678
Melhorias: 18
Tempo até a melhor solução: 11.9594 segundos
Iterações até a melhor solução: 11458
Soma dos custos: 11249317309
Média dos custos: 406435
Pior valor encontrado: 654450
Melhor solução encontrada:
Instalacoes:
1 1 0 0 1 0 0 0 1 1 0 0 0 1 0 0 0 0 0 0 1 0 1 0 0 1 0 0 0 0 1 0 0 0 0 0 0 0 0 0 0 0 0 0 0 0 0 1 0 0 
Atribuicoes:
20 0 9 9 8 9 47 1 47 4 22 22 1 13 9 8 1 4 20 1 47 0 22 4 0 25 20 25 47 13 30 1 13 13 9 8 25 0 4 20 30 20 4 0 9 8 8 47 30 1 
Custo Total: 398639
