Instância: Data/raw/50_P30_M1_Continuo_6.txt
Tempo limite: 30 segundos
Seed: 8
Tamanho da pertubação: 5
Solução inicial:
Instalacoes:
1 0 0 0 0 0 0 0 0 1 0 0 0 1 0 0 1 0 0 1 0 0 1 0 0 0 0 0 0 0 0 1 0 0 0 0 0 0 0 0 0 0 1 0 0 0 1 0 0 0 
Atribuicoes:
19 19 31 9 46 31 42 22 46 19 16 9 13 31 0 19 9 13 19 19 42 19 22 13 16 13 19 9 31 0 0 13 19 9 0 16 9 13 9 13 16 16 42 0 9 46 46 0 13 19 
Custo Total: 1498964
Solução após busca local:
Instalacoes:
1 0 0 0 1 0 0 0 1 1 0 0 0 1 0 0 1 0 0 1 1 0 1 0 0 0 0 0 0 0 0 1 0 0 0 0 0 0 0 0 0 0 1 0 0 0 1 1 0 0 
Atribuicoes:
19 8 47 9 47 9 20 9 47 8 4 20 13 8 0 4 9 20 4 19 47 20 22 13 16 13 8 9 47 13 0 31 8 20 47 16 9 4 4 13 16 20 9 0 4 47 46 4 8 9 
Custo Total: 412851
Total de iterações: 44385
Melhorias: 16
Tempo até a melhor solução: 11.1408 segundos
Iterações até a melhor solução: 16670
Soma dos custos: 11434692502
Média dos custos: 257625
Pior valor encontrado: 511718
Melhor solução encontrada:
Instalacoes:
0 1 0 0 1 0 0 0 1 1 0 0 0 0 0 0 0 0 0 0 1 0 1 0 0 0 0 0 0 0 0 0 0 0 0 0 0 0 0 0 0 0 0 0 0 0 0 1 0 0 
Atribuicoes:
8 8 1 9 20 9 4 20 4 8 4 22 20 8 1 9 47 22 4 4 1 20 22 20 47 9 8 9 47 20 1 4 20 20 1 47 9 4 4 20 1 47 9 1 47 9 47 9 8 4 
Custo Total: 245203
