Instância: Data/raw/50_P80_M0_Continuo_9.txt
Tempo limite: 30 segundos
Seed: 7
Tamanho da pertubação: 5
Solução inicial:
Instalacoes:
0 1 1 1 0 0 0 1 0 0 0 0 0 1 1 1 0 0 1 0 1 1 1 0 1 0 0 0 0 1 0 0 0 0 1 1 0 0 1 0 0 0 0 0 0 0 1 1 0 0 
Atribuicoes:
1 24 2 3 15 2 24 7 35 24 47 20 7 13 14 15 18 35 18 15 47 21 22 29 20 2 35 20 14 29 29 34 21 46 34 18 3 35 38 13 1 47 15 21 35 38 46 47 18 34 
Custo Total: 2442020
Solução após busca local:
Instalacoes:
1 1 1 1 1 0 0 0 1 1 0 0 0 1 1 1 1 0 1 1 1 1 1 0 0 0 0 0 1 1 1 1 0 0 1 1 0 0 1 1 0 0 0 0 0 0 1 1 0 1 
Atribuicoes:
1 19 28 3 0 2 39 34 35 0 4 49 47 13 14 15 18 16 4 39 47 21 22 30 20 2 19 20 13 29 29 28 13 46 34 31 9 16 38 39 1 47 20 49 9 8 46 16 18 8 
Custo Total: 997865
Total de iterações: 19218
Melhorias: 15
Tempo até a melhor solução: 11.6813 segundos
Iterações até a melhor solução: 7296
Soma dos custos: 12799213569
Média dos custos: 666001
Pior valor encontrado: 935031
Melhor solução encontrada:
Instalacoes:
1 1 0 0 1 0 0 0 1 1 0 0 0 1 0 0 1 0 1 1 1 0 1 1 0 1 0 0 0 0 1 1 0 0 1 0 0 0 0 1 0 0 0 0 0 0 0 1 0 1 
Atribuicoes:
19 16 4 39 0 47 39 13 1 0 18 31 22 23 34 8 8 20 18 49 9 1 22 23 31 30 4 25 19 30 34 25 30 25 13 16 9 20 47 49 1 18 20 4 9 8 13 20 8 47 
Custo Total: 656948
