Instância: Data/raw/50_P50_M0_Continuo_3.txt
Tempo limite: 30 segundos
Seed: 5
Tamanho da pertubação: 5
Solução inicial:
Instalacoes:
1 0 1 0 0 0 0 1 0 0 0 0 0 1 0 0 1 0 0 1 1 0 1 0 0 1 0 0 1 0 1 0 0 0 0 0 0 0 0 1 0 0 0 0 0 0 0 1 0 1 
Atribuicoes:
47 47 2 25 19 13 13 7 47 13 16 20 7 2 49 47 16 7 49 47 20 49 22 2 22 25 47 20 28 30 30 13 30 25 47 25 25 7 13 39 16 20 49 19 47 16 49 19 39 47 
Custo Total: 2426021
Solução após busca local:
Instalacoes:
0 1 1 0 1 0 0 1 1 1 0 0 0 1 0 0 1 0 1 1 1 0 1 0 0 1 0 0 0 0 1 0 0 0 0 0 0 0 0 1 0 0 0 0 0 0 1 1 0 1 
Atribuicoes:
1 47 4 30 20 4 13 13 47 9 20 22 20 39 49 9 18 4 1 9 9 0 22 25 16 25 47 20 13 30 30 13 0 25 47 20 8 39 46 39 16 8 8 19 4 8 49 4 13 47 
Custo Total: 617081
Total de iterações: 28398
Melhorias: 15
Tempo até a melhor solução: 22.8597 segundos
Iterações até a melhor solução: 21489
Soma dos custos: 11952791498
Média dos custos: 420903
Pior valor encontrado: 664492
Melhor solução encontrada:
Instalacoes:
1 1 0 0 1 0 0 0 1 1 0 0 0 1 0 0 0 0 0 0 1 0 1 0 0 0 0 0 0 0 1 0 0 0 0 0 0 0 0 0 0 0 0 0 0 0 0 1 0 1 
Atribuicoes:
1 1 4 9 20 30 13 4 0 9 20 22 20 39 0 9 49 4 1 9 4 1 22 13 4 13 47 20 30 30 47 47 4 13 49 20 8 39 0 39 30 8 8 8 47 8 47 0 4 49 
Custo Total: 411614
