Instância: Data/raw/50_P70_M1_HUB_4.txt
Tempo limite: 30 segundos
Seed: 3
Tamanho da pertubação: 5
Solução inicial:
Instalacoes:
1 0 1 1 0 0 0 1 0 0 0 0 0 0 0 1 1 0 1 1 0 1 1 0 0 0 0 0 0 1 1 0 0 0 1 0 0 0 0 1 0 1 0 0 0 0 1 1 0 1 
Atribuicoes:
0 0 2 3 18 30 18 7 46 49 47 22 7 49 34 15 16 7 41 19 41 21 22 21 16 2 19 22 29 29 30 30 30 29 49 47 3 7 18 39 47 18 49 21 19 46 46 47 39 34 
Custo Total: 1992015
Solução após busca local:
Instalacoes:
1 1 0 1 1 1 0 0 1 1 0 0 0 1 0 0 1 0 1 1 1 1 1 0 0 1 0 0 0 0 1 1 0 0 1 0 0 0 0 1 0 1 1 0 0 0 1 1 0 1 
Atribuicoes:
0 0 2 3 0 30 47 1 42 49 47 25 13 49 34 20 16 1 46 19 8 0 22 2 16 25 8 5 31 29 30 25 30 30 49 47 13 20 46 39 22 18 19 21 9 46 1 4 13 34 
Custo Total: 928460
Total de iterações: 21089
Melhorias: 19
Tempo até a melhor solução: 18.9857 segundos
Iterações até a melhor solução: 13586
Soma dos custos: 12446279306
Média dos custos: 590179
Pior valor encontrado: 855048
Melhor solução encontrada:
Instalacoes:
1 1 0 0 1 0 0 0 1 1 0 0 0 1 0 0 1 0 1 1 1 0 1 0 0 1 0 0 0 0 1 0 0 0 0 0 0 0 0 1 0 0 1 0 0 0 0 1 0 0 
Atribuicoes:
8 47 19 39 0 25 20 9 0 8 20 8 13 39 4 42 8 1 20 16 18 0 39 9 9 25 19 18 30 16 30 0 30 1 47 9 13 22 20 4 1 16 42 19 47 8 1 4 13 4 
Custo Total: 579835
