Instância: Data/raw/50_P70_M1_Continuo_10.txt
Tempo limite: 30 segundos
Seed: 3
Tamanho da pertubação: 5
Solução inicial:
Instalacoes:
0 1 0 1 0 0 0 0 1 0 0 0 0 0 0 1 0 0 1 1 1 0 1 1 0 1 0 0 1 0 0 0 0 0 0 0 0 0 0 1 0 0 1 0 0 0 0 1 0 0 
Atribuicoes:
47 1 23 3 15 25 25 19 15 42 18 20 22 23 47 15 20 22 18 47 18 15 22 23 8 39 47 20 28 19 23 25 28 3 1 20 3 20 8 39 28 18 42 47 42 8 42 47 39 8 
Custo Total: 1992112
Solução após busca local:
Instalacoes:
1 1 0 1 1 0 0 0 1 1 0 0 0 1 0 0 1 0 1 1 1 0 1 1 0 1 0 0 1 0 1 0 0 0 0 0 0 0 0 1 0 0 1 0 0 0 1 1 0 1 
Atribuicoes:
30 1 23 8 30 25 25 19 46 47 18 9 22 13 9 4 20 46 18 4 16 0 22 23 49 19 47 20 28 13 23 25 4 1 1 49 3 30 8 39 16 16 42 47 13 8 20 47 39 8 
Custo Total: 749749
Total de iterações: 20352
Melhorias: 14
Tempo até a melhor solução: 26.889 segundos
Iterações até a melhor solução: 18191
Soma dos custos: 11681664552
Média dos custos: 573981
Pior valor encontrado: 822705
Melhor solução encontrada:
Instalacoes:
1 1 0 0 1 0 0 0 1 1 0 0 0 1 0 0 1 0 1 0 1 0 1 1 0 1 0 0 0 0 0 0 0 0 0 1 0 0 0 1 0 0 0 0 0 0 0 1 0 1 
Atribuicoes:
0 1 25 8 49 25 4 25 9 47 0 16 22 13 16 4 35 23 9 4 18 18 16 23 49 25 47 22 49 20 23 39 4 1 1 35 9 13 8 39 49 18 47 47 20 8 20 13 39 20 
Custo Total: 559810
