Instância: Data/raw/50_P60_M1_HUB_9.txt
Tempo limite: 30 segundos
Seed: 2
Tamanho da pertubação: 5
Solução inicial:
Instalacoes:
1 1 1 0 0 0 0 1 0 0 0 0 0 1 0 0 1 0 1 1 0 0 1 0 1 0 0 0 0 0 1 1 0 0 0 0 0 0 0 0 0 0 1 0 0 0 1 1 0 0 
Atribuicoes:
47 1 2 13 1 30 18 7 1 19 16 22 7 13 19 19 16 7 24 47 22 1 22 31 24 2 47 31 46 1 30 18 30 13 1 46 13 7 47 13 16 46 42 19 47 46 46 47 31 0 
Custo Total: 2173586
Solução após busca local:
Instalacoes:
0 1 1 0 1 0 0 1 1 1 0 0 0 1 0 0 1 0 1 1 1 0 1 0 0 0 0 0 0 0 1 1 0 0 1 0 0 0 0 1 0 0 1 0 0 0 1 1 0 1 
Atribuicoes:
8 19 30 13 4 30 18 13 1 47 4 22 7 9 19 19 16 4 42 4 18 20 22 20 16 16 9 31 8 1 30 18 34 13 34 19 13 39 4 39 20 16 42 49 47 47 46 47 9 31 
Custo Total: 697698
Total de iterações: 23593
Melhorias: 19
Tempo até a melhor solução: 29.5053 segundos
Iterações até a melhor solução: 23206
Soma dos custos: 11432332406
Média dos custos: 484565
Pior valor encontrado: 737175
Melhor solução encontrada:
Instalacoes:
1 1 0 0 1 0 0 0 1 1 0 0 0 1 0 0 0 0 1 1 1 0 1 0 0 0 0 0 1 0 1 1 0 0 0 0 0 0 0 0 0 0 0 0 0 0 0 1 0 0 
Atribuicoes:
0 1 8 13 4 9 8 8 20 20 4 22 31 9 47 1 20 4 18 4 8 19 22 4 20 1 9 22 28 30 30 31 0 13 19 8 13 4 47 13 18 20 1 9 47 20 19 47 9 8 
Custo Total: 471993
