Instância: Data/raw/50_P50_M1_HUB_2.txt
Tempo limite: 30 segundos
Seed: 10
Tamanho da pertubação: 5
Solução inicial:
Instalacoes:
1 1 0 0 1 0 0 0 0 0 0 0 0 1 0 0 1 0 1 1 1 0 1 1 0 1 0 0 0 0 0 0 0 0 0 0 0 0 0 0 0 0 0 0 0 0 0 1 0 0 
Atribuicoes:
4 1 20 13 4 25 19 22 4 16 16 20 16 13 16 16 18 18 20 47 20 1 22 23 18 20 47 20 25 23 23 20 19 23 4 18 13 25 47 25 16 20 1 0 47 4 4 0 25 18 
Custo Total: 2035928
Solução após busca local:
Instalacoes:
1 1 0 0 1 0 0 0 1 1 0 0 0 1 0 0 1 0 1 0 1 0 1 1 0 1 0 0 0 0 1 1 0 0 0 0 0 0 0 1 0 0 0 0 0 0 0 1 0 1 
Atribuicoes:
4 1 9 20 8 31 23 39 4 16 16 9 16 23 30 1 18 25 20 47 8 4 22 13 18 31 8 20 13 4 30 20 20 9 49 49 13 9 47 8 4 20 1 30 9 4 9 0 25 1 
Custo Total: 551349
Total de iterações: 26619
Melhorias: 26
Tempo até a melhor solução: 17.8462 segundos
Iterações até a melhor solução: 16618
Soma dos custos: 10997771539
Média dos custos: 413155
Pior valor encontrado: 677850
Melhor solução encontrada:
Instalacoes:
1 1 0 0 1 0 0 0 1 1 0 0 0 1 0 0 1 0 0 1 1 0 1 0 0 0 0 0 0 0 0 0 0 0 0 0 0 0 0 0 0 0 0 0 0 0 0 1 0 0 
Atribuicoes:
4 4 9 9 8 19 8 16 4 47 47 9 16 1 1 20 16 16 20 19 8 4 9 47 13 1 8 1 20 4 0 8 9 9 20 20 13 9 47 13 20 20 47 19 9 4 9 0 22 1 
Custo Total: 400067
