Instância: Data/raw/50_P5_M1_Continuo_4.txt
Tempo limite: 30 segundos
Seed: 3
Tamanho da pertubação: 5
Solução inicial:
Instalacoes:
0 1 0 0 1 0 0 0 0 1 0 0 0 0 0 0 0 0 0 0 0 0 1 0 0 0 0 0 0 0 0 0 0 0 0 0 0 0 0 0 0 0 0 0 0 0 0 1 0 0 
Atribuicoes:
9 9 1 4 4 1 47 1 4 9 9 9 1 1 9 9 9 1 4 9 4 1 22 1 4 1 4 9 1 47 1 9 1 4 9 9 4 1 4 1 9 4 4 1 4 4 4 47 9 9 
Custo Total: 652656
Solução após busca local:
Instalacoes:
0 1 0 0 1 0 0 0 0 1 0 0 0 0 0 0 0 0 0 0 1 0 1 0 0 0 0 0 0 0 0 0 0 0 0 0 0 0 0 0 0 0 0 0 0 0 0 1 0 0 
Atribuicoes:
9 9 4 20 4 20 4 20 20 9 9 9 4 20 4 9 9 4 20 9 4 4 22 20 4 9 9 20 20 9 4 9 9 20 9 9 20 20 4 9 9 20 20 1 4 4 4 47 9 9 
Custo Total: 191218
Total de iterações: 145611
Melhorias: 8
Tempo até a melhor solução: 18.4376 segundos
Iterações até a melhor solução: 88212
Soma dos custos: 20244196546
Média dos custos: 139029
Pior valor encontrado: 337990
Melhor solução encontrada:
Instalacoes:
0 0 0 0 1 0 0 0 0 1 0 0 0 0 0 0 0 0 0 0 1 0 1 0 0 0 0 0 0 0 0 0 0 0 0 0 0 0 0 0 0 0 0 0 0 0 0 0 0 0 
Atribuicoes:
9 9 4 20 4 9 4 20 20 9 20 20 4 20 4 9 9 20 20 9 20 9 22 9 4 9 9 9 20 9 4 20 9 20 9 20 20 20 4 9 20 20 9 20 4 4 4 9 20 9 
Custo Total: 138771
