Instância: Data/raw/50_P70_M0_Continuo_9.txt
Tempo limite: 30 segundos
Seed: 8
Tamanho da pertubação: 5
Solução inicial:
Instalacoes:
1 0 1 0 1 1 0 1 1 1 0 0 0 1 0 0 1 0 1 0 1 0 1 0 0 0 0 0 0 0 1 0 0 0 0 1 0 0 0 1 0 0 1 0 0 0 0 1 0 0 
Atribuicoes:
47 47 2 13 4 5 18 7 8 9 16 2 7 2 0 9 16 7 4 47 20 20 22 2 35 5 42 13 2 2 30 5 30 22 47 9 13 7 4 39 16 18 8 0 42 4 8 47 39 47 
Custo Total: 2296666
Solução após busca local:
Instalacoes:
1 1 0 0 1 1 0 1 1 1 0 0 0 1 0 0 1 0 1 1 1 0 1 1 0 1 0 1 0 0 1 1 0 0 1 0 0 0 0 1 0 0 1 0 0 0 1 1 0 1 
Atribuicoes:
47 30 1 13 8 5 18 8 8 0 16 27 20 25 31 9 16 9 20 34 20 34 22 23 9 25 42 13 27 23 30 30 20 22 19 49 25 22 4 31 27 18 8 0 4 4 46 47 39 1 
Custo Total: 814494
Total de iterações: 22021
Melhorias: 21
Tempo até a melhor solução: 12.472 segundos
Iterações até a melhor solução: 9448
Soma dos custos: 11491955070
Média dos custos: 521863
Pior valor encontrado: 800628
Melhor solução encontrada:
Instalacoes:
1 1 0 0 1 0 0 0 1 1 0 0 0 1 0 0 1 0 0 1 1 0 1 0 0 1 0 0 0 0 1 1 0 0 1 0 0 0 0 0 0 0 0 0 0 0 0 1 0 0 
Atribuicoes:
0 1 19 8 47 31 13 8 4 47 16 25 20 1 8 9 16 9 20 0 20 30 22 13 9 25 47 22 30 1 8 31 20 25 34 4 13 0 4 8 30 16 8 34 4 9 1 19 1 19 
Custo Total: 516951
