Instância: Data/raw/50_P100_M1_HUB_10.txt
Tempo limite: 30 segundos
Seed: 2
Tamanho da pertubação: 5
Solução inicial:
Instalacoes:
1 0 1 1 0 1 0 1 0 1 0 1 0 0 1 1 0 0 1 1 0 0 1 0 0 1 0 0 1 0 0 0 0 0 0 0 0 0 1 1 0 1 1 1 0 0 1 0 0 0 
Atribuicoes:
0 0 2 3 15 5 41 7 15 9 46 11 7 2 14 9 46 7 18 19 46 43 22 25 42 5 15 11 28 14 2 25 43 25 0 9 3 7 38 39 28 18 42 19 42 38 46 19 39 0 
Custo Total: 2812190
Solução após busca local:
Instalacoes:
1 1 1 1 1 1 0 1 1 1 0 1 0 1 1 1 1 0 1 1 1 0 1 1 0 1 0 1 1 0 1 1 0 0 1 1 0 0 1 1 0 0 1 1 0 0 1 1 0 1 
Atribuicoes:
0 20 2 1 47 5 16 31 15 9 27 20 13 2 14 8 18 7 18 19 46 43 22 25 13 31 16 11 28 23 4 25 49 30 34 9 3 39 8 39 35 41 42 34 0 38 46 1 20 19 
Custo Total: 1411228
Total de iterações: 13946
Melhorias: 18
Tempo até a melhor solução: 13.6466 segundos
Iterações até a melhor solução: 6296
Soma dos custos: 16539277589
Média dos custos: 1.18595e+06
Pior valor encontrado: 1391636
Melhor solução encontrada:
Instalacoes:
1 1 0 0 1 1 0 1 1 1 0 0 0 1 1 0 1 0 1 1 1 0 1 1 0 1 0 0 0 0 1 1 0 0 1 1 0 0 0 1 1 0 1 0 0 0 1 1 0 1 
Atribuicoes:
0 9 30 13 46 5 8 7 0 35 49 25 47 30 14 4 18 16 18 19 16 14 22 25 49 4 8 31 22 23 13 5 46 20 34 1 31 39 4 39 40 35 42 34 47 9 20 1 23 19 
Custo Total: 1181449
