Instância: Data/raw/50_P50_M0_Continuo_5.txt
Tempo limite: 30 segundos
Seed: 10
Tamanho da pertubação: 5
Solução inicial:
Instalacoes:
1 1 1 0 1 0 0 0 1 1 0 0 0 0 0 0 0 0 0 0 1 0 1 0 0 1 0 0 0 0 0 0 0 0 0 1 0 0 0 1 0 0 0 0 0 0 0 1 0 0 
Atribuicoes:
47 1 2 20 4 2 35 20 8 9 22 25 39 2 47 8 9 22 9 47 20 1 22 2 8 25 0 47 9 1 2 25 25 39 1 47 20 39 47 39 1 20 8 0 0 47 8 0 39 8 
Custo Total: 2107361
Solução após busca local:
Instalacoes:
1 1 1 0 0 0 0 0 1 1 0 0 0 1 0 0 1 0 0 1 1 0 1 0 0 1 0 0 0 0 1 0 0 0 0 0 0 0 0 1 0 0 1 0 0 0 0 1 0 1 
Atribuicoes:
47 0 25 30 8 2 20 20 8 1 22 30 16 13 42 8 16 16 9 42 49 47 22 25 49 9 9 16 20 1 0 25 9 39 1 47 13 39 47 39 1 20 9 19 47 19 8 0 39 8 
Custo Total: 565051
Total de iterações: 27858
Melhorias: 11
Tempo até a melhor solução: 26.859 segundos
Iterações até a melhor solução: 24866
Soma dos custos: 12221155448
Média dos custos: 438695
Pior valor encontrado: 683561
Melhor solução encontrada:
Instalacoes:
1 1 0 0 1 0 0 0 1 1 0 0 0 1 0 0 1 0 0 0 1 0 1 0 0 0 0 0 0 0 1 0 0 0 0 0 0 0 0 1 0 0 0 0 0 0 0 1 0 1 
Atribuicoes:
4 49 47 20 8 13 39 20 8 47 22 20 16 13 30 8 16 16 9 0 20 4 22 30 49 9 47 16 1 13 30 47 9 39 9 4 1 39 4 13 1 0 9 1 4 20 8 47 39 8 
Custo Total: 431134
