Instância: Data/raw/50_P60_M1_Continuo_1.txt
Tempo limite: 30 segundos
Seed: 8
Tamanho da pertubação: 5
Solução inicial:
Instalacoes:
1 0 1 0 0 0 0 0 0 1 0 1 0 0 0 0 0 0 1 0 0 0 1 1 0 1 0 0 1 0 1 0 0 0 1 0 0 0 0 1 0 0 1 0 0 0 1 1 0 0 
Atribuicoes:
9 9 23 34 0 47 0 2 46 42 18 11 39 23 47 9 34 18 18 9 11 34 22 23 9 25 42 25 28 23 30 25 47 23 9 9 23 39 9 39 28 18 42 34 42 46 46 47 39 9 
Custo Total: 2533086
Solução após busca local:
Instalacoes:
1 1 0 0 1 0 0 0 1 1 0 1 0 1 0 0 0 0 1 1 1 0 1 1 0 1 0 0 1 0 0 1 0 0 1 0 0 0 0 1 0 0 1 0 0 0 1 1 0 0 
Atribuicoes:
9 4 31 20 0 47 0 13 4 42 19 11 8 13 19 9 18 18 20 9 1 19 22 20 9 25 0 31 28 23 23 31 47 23 9 4 13 22 8 39 28 0 42 34 1 46 46 47 39 1 
Custo Total: 694502
Total de iterações: 24762
Melhorias: 26
Tempo até a melhor solução: 21.7799 segundos
Iterações até a melhor solução: 17773
Soma dos custos: 12304327490
Média dos custos: 496904
Pior valor encontrado: 732643
Melhor solução encontrada:
Instalacoes:
1 1 0 0 1 0 0 0 1 1 0 0 0 1 0 0 1 0 1 0 1 0 1 0 0 0 0 0 0 0 1 1 0 0 0 0 0 0 0 0 0 0 0 0 0 0 1 1 0 0 
Atribuicoes:
9 4 8 13 4 30 20 13 4 46 9 30 9 20 1 9 16 16 18 8 1 1 22 0 47 4 8 22 31 47 20 4 0 13 9 18 13 18 46 30 31 8 8 30 1 47 20 0 20 47 
Custo Total: 483101
