Instância: Data/raw/50_P60_M1_Continuo_6.txt
Tempo limite: 30 segundos
Seed: 7
Tamanho da pertubação: 5
Solução inicial:
Instalacoes:
1 1 1 0 0 1 0 1 1 1 0 0 0 1 0 0 0 0 0 0 1 0 1 0 0 0 0 0 0 1 0 0 0 0 0 1 0 0 0 1 0 0 1 0 0 0 0 1 0 0 
Atribuicoes:
47 1 2 13 42 13 1 7 8 9 35 35 7 2 47 9 20 35 35 47 20 47 22 29 9 13 47 13 35 29 2 13 5 39 1 9 13 7 1 39 9 20 47 0 47 8 42 0 39 9 
Custo Total: 2687448
Solução após busca local:
Instalacoes:
1 1 1 0 1 0 0 1 1 1 0 0 0 1 0 0 1 0 1 1 1 0 1 0 0 0 0 0 0 0 1 1 0 0 0 1 0 0 0 1 0 0 1 0 0 0 0 1 0 1 
Atribuicoes:
47 16 2 13 42 13 20 13 1 9 20 35 22 30 47 4 49 18 18 9 20 4 22 47 1 13 19 31 9 8 20 0 8 39 1 16 4 31 0 39 9 16 4 30 42 8 9 0 39 0 
Custo Total: 675166
Total de iterações: 24779
Melhorias: 20
Tempo até a melhor solução: 16.7552 segundos
Iterações até a melhor solução: 13519
Soma dos custos: 12170182965
Média dos custos: 491149
Pior valor encontrado: 731039
Melhor solução encontrada:
Instalacoes:
1 1 0 0 1 0 0 0 1 1 0 0 0 1 0 0 1 0 1 0 1 0 1 0 0 0 0 0 0 0 0 1 0 0 0 0 0 0 0 1 0 0 0 0 0 0 0 1 0 1 
Atribuicoes:
0 49 1 39 47 13 20 4 47 49 9 4 4 8 0 9 16 18 18 0 13 47 22 13 1 31 4 31 49 1 20 31 47 47 1 16 39 9 4 20 22 16 8 20 9 8 18 8 39 49 
Custo Total: 473753
