Instância: Data/raw/50_P100_M1_Continuo_5.txt
Tempo limite: 30 segundos
Seed: 2
Tamanho da pertubação: 5
Solução inicial:
Instalacoes:
1 0 1 1 0 1 0 1 0 1 0 1 0 0 0 1 0 0 1 1 0 0 1 0 0 0 0 0 1 0 0 0 0 0 0 0 0 0 0 1 0 1 1 1 0 0 1 0 0 0 
Atribuicoes:
0 0 2 3 15 5 41 7 15 9 46 11 7 2 19 9 42 7 18 19 46 43 22 43 42 5 15 11 28 43 2 28 5 2 0 9 3 7 9 39 28 18 42 19 42 46 46 19 39 0 
Custo Total: 3210988
Solução após busca local:
Instalacoes:
1 1 1 1 1 1 0 1 1 1 0 1 1 1 0 1 1 0 1 1 1 0 1 1 0 1 0 1 1 0 1 1 1 0 0 1 0 0 0 1 0 0 1 1 0 0 1 1 0 1 
Atribuicoes:
20 0 2 13 15 5 30 7 4 9 35 11 12 27 19 30 35 7 18 19 20 31 22 43 47 8 47 27 28 23 32 25 32 13 0 16 3 1 9 39 16 41 42 4 42 46 46 8 23 49 
Custo Total: 1330444
Total de iterações: 14406
Melhorias: 12
Tempo até a melhor solução: 27.8294 segundos
Iterações até a melhor solução: 13379
Soma dos custos: 17226703149
Média dos custos: 1.1958e+06
Pior valor encontrado: 1391895
Melhor solução encontrada:
Instalacoes:
1 1 0 0 1 1 0 0 1 1 0 0 0 1 0 1 1 0 1 1 1 0 1 1 0 1 0 1 1 0 1 1 0 0 1 1 0 0 0 1 0 0 1 0 0 0 1 1 0 1 
Atribuicoes:
9 34 19 13 1 5 1 25 4 35 28 31 27 39 31 15 5 22 18 20 42 0 49 16 47 8 47 39 18 23 30 28 30 13 34 16 25 9 20 0 27 35 42 4 19 46 46 8 23 49 
Custo Total: 1190787
