Instância: Data/raw/50_P5_M1_HUB_4.txt
Tempo limite: 30 segundos
Seed: 6
Tamanho da pertubação: 5
Solução inicial:
Instalacoes:
0 0 0 0 0 0 0 0 0 1 0 0 0 1 0 0 0 0 0 0 1 0 1 0 0 0 0 0 0 0 0 0 0 0 0 0 0 0 0 0 0 0 0 0 0 0 0 1 0 0 
Atribuicoes:
9 9 13 13 9 47 13 20 20 9 20 20 9 13 9 9 20 20 20 47 20 47 22 13 9 13 47 20 9 13 47 9 47 13 9 9 13 20 9 13 9 20 9 47 47 9 20 47 9 9 
Custo Total: 568303
Solução após busca local:
Instalacoes:
0 0 0 0 1 0 0 0 0 1 0 0 0 1 0 0 0 0 0 0 1 0 1 0 0 0 0 0 0 0 0 0 0 0 0 0 0 0 0 0 0 0 0 0 0 0 0 1 0 0 
Atribuicoes:
9 9 4 9 4 9 9 20 4 9 20 9 9 13 4 9 20 20 20 4 20 9 22 9 9 9 47 20 9 4 9 9 9 47 9 9 20 4 4 9 9 20 9 9 47 9 4 47 20 9 
Custo Total: 188937
Total de iterações: 164259
Melhorias: 6
Tempo até a melhor solução: 15.5393 segundos
Iterações até a melhor solução: 84803
Soma dos custos: 26702406202
Média dos custos: 162563
Pior valor encontrado: 361089
Melhor solução encontrada:
Instalacoes:
0 0 0 0 1 0 0 0 1 1 0 0 0 0 0 0 0 0 0 0 1 0 1 0 0 0 0 0 0 0 0 0 0 0 0 0 0 0 0 0 0 0 0 0 0 0 0 0 0 0 
Atribuicoes:
9 9 4 9 4 9 9 20 4 9 20 9 9 9 4 9 20 20 4 4 20 9 22 9 9 9 8 20 9 4 9 9 9 9 9 9 9 20 8 9 9 20 4 9 8 8 4 4 20 9 
Custo Total: 162280
