Instância: Data/raw/50_P80_M1_HUB_2.txt
Tempo limite: 30 segundos
Seed: 7
Tamanho da pertubação: 5
Solução inicial:
Instalacoes:
1 0 1 0 1 1 0 1 1 0 0 0 0 0 0 0 1 0 1 0 0 0 1 0 1 1 0 0 1 0 0 1 0 0 0 0 0 0 0 1 0 0 1 1 0 0 1 1 0 0 
Atribuicoes:
47 8 2 25 16 5 16 7 4 42 31 4 7 2 43 42 24 7 18 47 16 43 22 43 24 5 8 4 28 2 2 25 31 2 8 46 25 7 46 39 16 18 42 43 46 4 4 47 39 0 
Custo Total: 2065238
Solução após busca local:
Instalacoes:
1 1 1 0 1 1 0 1 1 1 0 0 0 1 0 0 1 0 1 1 1 0 1 0 1 1 0 1 0 0 1 1 0 0 1 0 0 0 0 1 0 0 1 1 0 0 1 1 0 1 
Atribuicoes:
8 8 4 9 20 5 16 7 1 19 22 9 9 13 43 42 24 30 18 34 16 43 22 31 24 1 49 13 31 2 2 27 20 20 8 18 25 7 46 8 27 19 42 43 0 4 4 47 39 0 
Custo Total: 903021
Total de iterações: 18643
Melhorias: 32
Tempo até a melhor solução: 22.4565 segundos
Iterações até a melhor solução: 14284
Soma dos custos: 12820927441
Média dos custos: 687707
Pior valor encontrado: 925154
Melhor solução encontrada:
Instalacoes:
1 1 0 0 1 0 0 0 1 1 0 0 0 1 0 0 1 0 1 1 1 0 1 1 0 0 0 0 0 0 1 0 0 0 0 1 0 0 0 1 0 0 0 0 0 0 1 1 0 1 
Atribuicoes:
0 0 4 9 1 19 16 20 13 8 22 8 9 13 1 1 35 49 16 19 20 4 22 30 35 30 9 22 1 23 23 13 47 8 0 18 39 20 47 30 16 4 8 49 20 4 46 46 18 47 
Custo Total: 670771
