Instância: Data/raw/50_P90_M1_HUB_8.txt
Tempo limite: 30 segundos
Seed: 2
Tamanho da pertubação: 5
Solução inicial:
Instalacoes:
1 0 1 1 1 1 0 1 0 1 0 0 0 0 1 1 0 0 1 1 0 0 1 0 0 0 0 0 1 1 0 0 0 0 0 0 0 0 0 1 0 1 1 0 0 0 1 0 0 0 
Atribuicoes:
4 4 2 3 15 5 0 7 15 9 46 2 7 2 14 9 46 7 18 4 46 14 22 29 42 39 42 18 28 29 2 28 14 5 4 9 3 7 15 39 28 18 42 19 42 4 46 19 39 4 
Custo Total: 2769448
Solução após busca local:
Instalacoes:
1 1 1 1 1 1 0 1 1 1 0 0 0 1 1 1 1 0 1 1 1 0 1 0 0 1 0 0 1 1 1 0 0 0 1 1 0 0 0 1 0 0 1 1 0 0 1 1 0 1 
Atribuicoes:
1 34 2 3 8 5 0 7 15 43 49 13 20 2 14 9 19 8 18 42 46 1 22 30 20 39 0 25 35 29 47 28 43 25 4 9 3 39 13 16 28 18 42 19 16 4 46 0 39 14 
Custo Total: 1134455
Total de iterações: 15472
Melhorias: 23
Tempo até a melhor solução: 28.559 segundos
Iterações até a melhor solução: 14731
Soma dos custos: 13921454690
Média dos custos: 899784
Pior valor encontrado: 1138115
Melhor solução encontrada:
Instalacoes:
1 1 0 0 1 1 0 0 1 1 0 0 0 1 0 0 1 0 1 1 1 0 1 1 0 1 0 0 0 0 1 1 0 0 1 1 0 0 0 1 0 0 1 0 0 0 1 1 0 1 
Atribuicoes:
47 20 5 25 13 30 0 35 8 35 49 34 1 20 18 9 47 25 18 49 16 1 39 23 35 13 0 1 5 9 31 31 20 30 19 34 4 39 46 22 4 18 42 19 8 46 4 0 39 16 
Custo Total: 891481
