Instância: Data/raw/50_P100_M0_Continuo_10.txt
Tempo limite: 30 segundos
Seed: 6
Tamanho da pertubação: 5
Solução inicial:
Instalacoes:
1 0 1 1 0 1 0 1 0 1 0 1 0 0 0 1 0 0 1 1 0 0 1 0 0 0 0 0 1 0 0 0 0 0 0 0 0 0 1 1 0 1 1 1 0 0 1 0 0 0 
Atribuicoes:
0 0 2 3 15 5 41 7 15 9 46 11 7 2 19 9 42 7 18 19 46 43 22 43 42 5 15 11 28 43 2 28 5 2 0 9 3 7 38 39 28 18 42 19 42 46 46 19 39 0 
Custo Total: 3125969
Solução após busca local:
Instalacoes:
1 1 1 1 1 1 0 1 1 1 0 1 1 1 0 1 1 0 1 1 1 0 1 1 0 0 0 0 1 0 1 1 0 0 1 1 0 0 1 1 0 0 1 1 0 0 1 1 0 1 
Atribuicoes:
0 0 2 3 47 5 13 22 15 20 31 11 12 4 19 9 35 13 18 4 20 43 22 23 16 30 1 39 34 8 31 28 5 30 47 9 23 7 38 39 18 41 42 34 42 46 46 19 1 49 
Custo Total: 1333915
Total de iterações: 14430
Melhorias: 17
Tempo até a melhor solução: 28.0886 segundos
Iterações até a melhor solução: 13500
Soma dos custos: 17166127555
Média dos custos: 1.18961e+06
Pior valor encontrado: 1406951
Melhor solução encontrada:
Instalacoes:
1 1 0 0 1 0 0 0 1 1 0 0 0 1 0 1 1 0 1 1 1 0 1 1 0 1 0 1 1 1 1 1 1 0 0 1 0 0 0 1 0 0 1 0 0 0 1 1 0 1 
Atribuicoes:
19 49 31 25 42 9 20 39 46 1 35 30 47 25 8 15 35 20 18 4 16 30 22 23 22 13 0 27 28 29 32 31 28 18 4 16 13 23 1 27 8 42 9 19 47 9 46 0 39 49 
Custo Total: 1181707
