Instância: Data/raw/50_P10_M1_HUB_10.txt
Tempo limite: 30 segundos
Seed: 6
Tamanho da pertubação: 5
Solução inicial:
Instalacoes:
0 1 0 0 1 0 0 0 0 1 0 0 0 1 0 0 0 0 0 0 0 0 1 0 0 0 0 0 0 0 0 0 0 0 0 0 0 0 0 0 0 0 0 0 0 0 0 1 0 0 
Atribuicoes:
47 1 9 1 4 9 9 9 4 9 47 9 1 13 47 9 9 4 4 47 4 9 22 13 9 9 1 9 9 1 1 9 9 1 1 9 1 9 4 13 4 4 4 47 4 4 4 47 13 4 
Custo Total: 886947
Solução após busca local:
Instalacoes:
1 1 0 0 1 0 0 0 1 1 0 0 0 1 0 0 0 0 0 0 1 0 1 0 0 0 0 0 0 0 0 0 0 0 0 0 0 0 0 0 0 0 0 0 0 0 0 1 0 0 
Atribuicoes:
9 1 9 8 20 9 9 20 8 9 4 20 20 13 47 4 20 20 4 47 20 9 22 20 9 20 47 20 9 20 9 9 20 9 4 9 13 20 8 13 4 8 4 4 8 8 4 47 8 4 
Custo Total: 268224
Total de iterações: 100539
Melhorias: 9
Tempo até a melhor solução: 27.0303 segundos
Iterações até a melhor solução: 90629
Soma dos custos: 16897088341
Média dos custos: 168065
Pior valor encontrado: 392080
Melhor solução encontrada:
Instalacoes:
0 0 0 0 1 0 0 0 1 1 0 0 0 0 0 0 0 0 0 0 1 0 1 0 0 0 0 0 0 0 0 0 0 0 0 0 0 0 0 0 0 0 0 0 0 0 0 0 0 0 
Atribuicoes:
9 4 9 8 4 9 9 20 8 9 20 4 20 4 4 9 9 9 20 4 20 9 22 20 20 9 4 20 9 8 9 20 4 9 20 9 8 20 8 4 20 9 8 20 8 8 8 9 8 9 
Custo Total: 165980
