Instância: Data/raw/50_P50_M0_Continuo_4.txt
Tempo limite: 30 segundos
Seed: 3
Tamanho da pertubação: 5
Solução inicial:
Instalacoes:
0 1 0 0 1 0 0 1 0 1 0 0 0 1 0 0 1 0 0 1 0 0 1 1 0 1 0 0 1 0 0 1 0 0 0 0 0 0 0 1 0 0 1 0 0 0 0 0 0 0 
Atribuicoes:
19 1 25 23 16 13 13 7 42 42 31 9 39 23 4 42 9 39 13 19 22 19 22 23 4 31 19 9 28 23 23 13 23 23 4 42 25 39 4 39 16 9 42 19 19 4 16 19 25 4 
Custo Total: 1689181
Solução após busca local:
Instalacoes:
1 0 0 0 1 0 0 0 1 1 0 0 0 1 0 0 1 0 0 1 1 0 1 1 0 1 0 0 0 0 0 0 0 0 0 0 0 0 0 1 0 0 1 0 0 0 0 1 0 1 
Atribuicoes:
8 13 25 23 47 20 13 16 0 42 16 22 4 4 4 0 9 4 13 9 19 47 22 20 47 19 20 9 9 20 23 13 0 4 4 16 39 47 4 39 16 8 42 20 47 8 42 19 25 49 
Custo Total: 534372
Total de iterações: 27899
Melhorias: 12
Tempo até a melhor solução: 2.59065 segundos
Iterações até a melhor solução: 2399
Soma dos custos: 10494461705
Média dos custos: 376159
Pior valor encontrado: 635241
Melhor solução encontrada:
Instalacoes:
1 1 0 0 1 0 0 0 1 1 0 0 0 1 0 0 1 0 0 0 1 0 1 0 0 0 0 0 0 0 0 0 0 0 0 0 0 0 0 0 0 0 0 0 0 0 0 1 0 0 
Atribuicoes:
8 47 13 22 47 20 13 8 9 8 8 22 4 4 4 9 1 4 9 9 47 13 22 20 16 20 20 16 9 20 20 13 1 4 4 20 4 47 1 0 16 16 8 0 47 8 8 0 1 1 
Custo Total: 373085
