Instância: Data/raw/50_P90_M0_Continuo_1.txt
Tempo limite: 30 segundos
Seed: 6
Tamanho da pertubação: 5
Solução inicial:
Instalacoes:
1 0 1 1 0 1 0 1 0 1 0 0 0 0 1 1 0 0 1 1 0 0 1 0 0 0 0 0 1 1 0 0 0 0 0 0 0 0 1 1 0 0 1 1 0 0 1 0 0 0 
Atribuicoes:
0 0 2 3 18 5 18 7 18 9 15 2 7 2 14 9 46 7 14 19 14 43 22 29 42 39 18 18 28 29 2 28 43 2 0 9 3 7 38 39 28 15 42 19 18 38 46 19 39 0 
Custo Total: 3015757
Solução após busca local:
Instalacoes:
1 1 1 0 1 0 0 1 1 1 0 1 0 1 1 1 1 0 1 1 1 0 1 1 0 1 0 0 1 1 1 1 0 0 1 0 0 0 1 1 0 0 1 1 0 0 1 1 0 0 
Atribuicoes:
8 0 4 19 20 28 39 31 4 9 15 11 20 2 14 13 34 7 16 47 23 34 22 29 1 2 46 18 13 25 9 11 43 31 8 9 22 25 1 13 28 30 42 23 47 38 46 19 39 0 
Custo Total: 1037343
Total de iterações: 17718
Melhorias: 11
Tempo até a melhor solução: 4.41108 segundos
Iterações até a melhor solução: 2485
Soma dos custos: 13671993676
Média dos custos: 771644
Pior valor encontrado: 1044695
Melhor solução encontrada:
Instalacoes:
1 1 0 0 1 0 0 0 1 1 0 0 0 1 0 0 0 0 1 1 1 0 1 1 0 1 0 0 0 0 1 1 0 0 1 0 0 0 0 1 0 0 1 0 0 0 1 1 0 1 
Atribuicoes:
49 20 23 25 16 19 1 47 20 9 30 22 16 13 23 4 49 25 18 8 0 34 4 39 0 31 46 31 13 1 9 18 30 47 49 9 25 1 46 13 0 42 42 34 8 4 47 19 39 22 
Custo Total: 765886
