Instância: Data/raw/50_P40_M0_Continuo_10.txt
Tempo limite: 30 segundos
Seed: 10
Tamanho da pertubação: 5
Solução inicial:
Instalacoes:
1 1 0 0 1 0 0 0 0 1 0 0 0 1 0 0 0 0 1 0 1 0 1 0 0 0 0 0 0 1 1 1 0 0 0 0 0 0 0 0 0 0 0 0 0 0 0 1 0 0 
Atribuicoes:
0 1 31 20 4 47 29 31 4 9 47 18 31 13 0 9 20 18 18 0 20 18 22 29 1 13 0 18 0 29 30 31 47 22 1 9 20 31 47 31 9 20 4 0 0 47 4 0 31 1 
Custo Total: 1914279
Solução após busca local:
Instalacoes:
1 1 0 0 1 0 0 0 1 1 0 0 0 1 0 0 1 0 1 0 1 0 1 0 0 0 0 0 0 1 0 1 0 0 0 1 0 0 0 1 0 0 0 0 0 0 0 1 0 1 
Atribuicoes:
4 1 20 20 1 31 1 39 20 4 47 4 47 13 8 9 20 4 18 8 20 8 22 47 35 13 0 22 31 13 47 9 9 13 1 9 8 9 47 31 9 4 4 49 0 4 4 0 8 49 
Custo Total: 506087
Total de iterações: 35696
Melhorias: 18
Tempo até a melhor solução: 27.694 segundos
Iterações até a melhor solução: 32813
Soma dos custos: 12103796599
Média dos custos: 339080
Pior valor encontrado: 571172
Melhor solução encontrada:
Instalacoes:
0 1 0 0 1 0 0 0 1 1 0 0 0 1 0 0 0 0 0 0 1 0 1 0 0 1 0 0 0 0 0 0 0 0 0 0 0 0 0 1 0 0 0 0 0 0 0 1 0 0 
Atribuicoes:
4 4 47 13 1 1 13 20 9 4 20 25 20 13 8 9 1 4 8 9 20 47 22 13 8 25 20 22 47 8 20 9 9 47 1 13 8 9 8 39 9 4 4 47 47 4 47 4 8 1 
Custo Total: 323188
