Instância: Data/raw/50_P30_M0_Continuo_6.txt
Tempo limite: 30 segundos
Seed: 3
Tamanho da pertubação: 5
Solução inicial:
Instalacoes:
0 1 0 0 0 0 0 0 1 1 0 0 0 1 0 0 0 0 1 0 0 0 1 1 0 1 0 0 0 0 1 0 0 0 0 0 0 0 0 0 0 0 1 0 0 0 1 1 0 1 
Atribuicoes:
47 1 25 23 42 13 13 18 46 9 47 8 47 23 49 9 9 47 8 13 47 49 22 23 9 25 8 8 13 23 30 8 30 23 1 9 23 47 8 25 9 8 42 49 46 46 46 47 25 9 
Custo Total: 1427266
Solução após busca local:
Instalacoes:
1 1 0 0 1 0 0 0 1 1 0 0 0 1 0 0 0 0 0 0 1 0 1 1 0 1 0 0 0 0 1 0 0 0 0 0 0 0 0 0 0 0 1 0 0 0 1 1 0 1 
Atribuicoes:
47 1 25 47 1 47 13 8 8 4 20 13 47 20 4 9 9 47 4 20 47 9 22 4 9 25 8 8 13 13 30 8 30 1 1 9 4 47 8 9 20 20 42 8 9 46 4 9 25 9 
Custo Total: 463807
Total de iterações: 46896
Melhorias: 15
Tempo até a melhor solução: 17.4599 segundos
Iterações até a melhor solução: 26963
Soma dos custos: 12553728207
Média dos custos: 267693
Pior valor encontrado: 500258
Melhor solução encontrada:
Instalacoes:
0 1 0 0 1 0 0 0 1 1 0 0 0 1 0 0 0 0 0 0 1 0 1 0 0 0 0 0 0 0 0 0 0 0 0 0 0 0 0 0 0 0 0 0 0 0 0 1 0 0 
Atribuicoes:
47 1 13 20 8 8 8 47 4 47 20 4 47 8 4 9 9 20 4 20 47 9 22 13 8 13 1 20 8 4 8 1 47 20 47 9 4 1 1 9 20 20 8 8 9 4 4 9 9 9 
Custo Total: 265173
