Instância: Data/raw/50_P20_M1_Continuo_6.txt
Tempo limite: 30 segundos
Seed: 10
Tamanho da pertubação: 5
Solução inicial:
Instalacoes:
1 0 0 0 0 0 0 0 0 1 0 0 0 0 0 0 1 0 0 0 0 0 1 1 0 0 0 0 0 0 1 0 0 0 1 0 0 0 0 1 0 0 0 0 0 0 1 0 0 1 
Atribuicoes:
0 0 34 39 46 23 39 39 46 34 9 9 39 23 34 34 9 22 16 0 16 34 22 30 9 30 0 9 9 23 30 30 30 39 9 9 39 39 9 23 9 16 0 34 9 46 46 0 23 9 
Custo Total: 1228919
Solução após busca local:
Instalacoes:
1 0 0 0 1 0 0 0 1 1 0 0 0 0 0 0 0 0 0 1 1 0 1 1 0 0 0 0 0 0 1 0 0 0 0 0 0 0 0 1 0 0 0 0 0 0 1 0 0 0 
Atribuicoes:
0 0 20 39 4 30 4 4 46 8 9 9 4 8 0 4 20 20 20 19 8 8 22 9 9 9 8 9 4 20 8 9 4 9 20 9 39 20 4 8 20 20 8 20 4 8 46 0 4 9 
Custo Total: 423176
Total de iterações: 63566
Melhorias: 16
Tempo até a melhor solução: 18.1341 segundos
Iterações até a melhor solução: 38993
Soma dos custos: 13848854390
Média dos custos: 217866
Pior valor encontrado: 451778
Melhor solução encontrada:
Instalacoes:
0 0 0 0 1 0 0 0 1 1 0 0 0 0 0 0 0 0 0 0 1 0 1 0 0 0 0 0 0 0 0 0 0 0 0 0 0 0 0 0 0 0 0 0 0 0 0 1 0 0 
Atribuicoes:
9 4 20 4 9 9 4 9 47 8 9 9 4 8 47 4 20 20 8 47 47 47 22 9 20 22 8 22 20 20 4 8 9 9 20 9 4 20 4 20 20 20 8 20 9 8 8 4 4 9 
Custo Total: 206548
