Instância: Data/raw/50_P50_M1_HUB_4.txt
Tempo limite: 30 segundos
Seed: 7
Tamanho da pertubação: 5
Solução inicial:
Instalacoes:
1 1 0 0 1 0 0 0 0 1 0 0 0 0 0 0 0 0 0 0 1 0 1 1 0 0 0 0 0 0 1 0 0 0 0 1 0 0 0 0 0 0 1 0 0 0 0 0 0 0 
Atribuicoes:
0 1 23 20 42 4 30 4 42 9 0 1 35 23 4 9 20 1 35 0 35 1 22 23 9 23 1 23 20 23 20 4 4 20 4 9 20 35 4 23 9 1 42 0 30 4 42 0 23 9 
Custo Total: 2627005
Solução após busca local:
Instalacoes:
1 1 0 0 1 0 0 0 1 1 0 0 0 1 0 0 0 0 1 0 1 0 1 1 0 1 0 0 1 0 1 0 0 0 0 1 0 0 0 0 0 0 1 0 0 0 0 1 0 1 
Atribuicoes:
0 8 47 9 47 47 25 13 1 9 18 9 8 13 13 49 35 4 13 0 35 4 22 23 8 25 47 30 20 23 20 4 4 20 4 9 20 49 1 1 9 47 42 8 42 4 20 1 25 9 
Custo Total: 570873
Total de iterações: 28055
Melhorias: 19
Tempo até a melhor solução: 20.4601 segundos
Iterações até a melhor solução: 18884
Soma dos custos: 12268555083
Média dos custos: 437304
Pior valor encontrado: 693923
Melhor solução encontrada:
Instalacoes:
1 1 0 0 1 0 0 0 1 1 0 0 0 1 0 0 1 0 0 1 1 0 1 0 0 0 0 0 0 0 1 0 0 0 0 0 0 0 0 0 0 0 0 0 0 0 0 1 0 0 
Atribuicoes:
9 8 4 9 47 4 8 13 20 9 1 9 8 30 30 0 16 4 1 19 16 4 30 13 8 9 47 22 9 47 4 19 4 20 4 16 20 0 1 1 9 47 0 8 13 4 20 1 20 1 
Custo Total: 425120
