Instância: Data/raw/50_P20_M0_Continuo_10.txt
Tempo limite: 30 segundos
Seed: 8
Tamanho da pertubação: 5
Solução inicial:
Instalacoes:
1 1 0 0 0 0 0 0 1 1 0 0 0 1 0 0 0 0 0 0 0 0 1 1 0 0 0 0 0 0 1 0 0 0 0 0 0 0 0 0 0 0 0 0 0 0 0 1 0 0 
Atribuicoes:
9 9 13 30 8 23 30 30 8 0 1 13 1 13 9 0 0 22 9 9 9 0 22 23 0 13 1 13 0 23 23 13 23 30 9 0 30 22 8 23 1 0 8 9 1 8 8 47 23 9 
Custo Total: 1320728
Solução após busca local:
Instalacoes:
1 1 0 0 1 0 0 0 1 1 0 0 0 1 0 0 0 0 0 0 1 0 1 1 0 0 0 0 0 0 1 0 0 0 0 0 0 0 0 0 0 0 0 0 0 0 0 0 0 0 
Atribuicoes:
9 9 13 4 4 30 20 1 8 20 8 8 1 13 4 9 0 22 4 9 20 8 22 13 20 13 4 20 4 9 20 13 8 4 9 9 4 4 8 9 1 4 8 9 1 8 8 9 20 20 
Custo Total: 314986
Total de iterações: 58351
Melhorias: 9
Tempo até a melhor solução: 13.8047 segundos
Iterações até a melhor solução: 27656
Soma dos custos: 12755103551
Média dos custos: 218593
Pior valor encontrado: 428904
Melhor solução encontrada:
Instalacoes:
0 0 0 0 1 0 0 0 1 1 0 0 0 1 0 0 0 0 0 0 1 0 1 0 0 0 0 0 0 0 0 0 0 0 0 0 0 0 0 0 0 0 0 0 0 0 0 0 0 0 
Atribuicoes:
9 4 9 4 4 4 20 22 4 9 8 8 22 13 13 9 20 9 4 9 20 8 22 8 13 13 4 20 20 9 4 20 9 20 4 9 4 20 8 9 20 4 8 9 20 8 8 4 20 20 
Custo Total: 213744
