Instância: Data/raw/50_P80_M1_Continuo_8.txt
Tempo limite: 30 segundos
Seed: 2
Tamanho da pertubação: 5
Solução inicial:
Instalacoes:
1 0 1 0 0 0 0 1 0 1 0 0 0 1 1 0 1 0 1 1 0 0 1 1 0 0 0 0 0 0 1 1 0 0 0 0 0 0 1 1 0 0 1 0 0 0 1 0 0 0 
Atribuicoes:
0 0 13 46 31 13 2 7 31 9 16 18 39 13 14 9 16 39 18 19 14 19 22 23 42 13 19 30 23 23 30 31 30 22 0 9 39 39 38 13 16 18 42 0 31 38 46 0 23 0 
Custo Total: 2651596
Solução após busca local:
Instalacoes:
1 1 0 0 1 0 0 0 1 1 0 0 0 1 1 0 1 0 1 1 1 0 1 1 0 1 0 0 1 0 1 1 0 0 1 1 0 0 1 1 0 0 1 1 0 0 1 1 0 1 
Atribuicoes:
9 1 2 34 20 13 49 18 31 47 16 28 22 13 19 9 16 22 30 1 35 43 22 23 16 13 19 30 14 47 20 31 30 39 49 9 39 49 46 8 8 18 42 0 47 4 46 4 35 0 
Custo Total: 901638
Total de iterações: 19217
Melhorias: 18
Tempo até a melhor solução: 21.5665 segundos
Iterações até a melhor solução: 13863
Soma dos custos: 12390407650
Média dos custos: 644763
Pior valor encontrado: 875417
Melhor solução encontrada:
Instalacoes:
1 1 0 0 1 0 0 0 1 1 0 0 0 1 0 0 1 0 1 1 1 0 1 1 0 0 0 1 0 0 0 1 0 0 0 0 0 0 0 1 0 0 0 0 0 0 1 1 0 1 
Atribuicoes:
9 1 39 8 20 4 47 27 1 18 16 9 23 31 13 1 16 4 8 19 13 19 49 0 16 31 20 27 19 23 20 31 49 39 9 47 39 47 46 22 22 18 0 0 4 4 46 8 13 49 
Custo Total: 641768
