Instância: Data/raw/50_P40_M0_Continuo_7.txt
Tempo limite: 30 segundos
Seed: 8
Tamanho da pertubação: 5
Solução inicial:
Instalacoes:
1 1 0 0 0 0 0 0 0 1 0 0 0 0 0 0 0 0 0 0 1 0 1 1 0 0 0 0 0 0 0 1 0 0 0 0 0 0 0 1 0 0 0 0 0 0 1 1 0 0 
Atribuicoes:
47 1 23 39 20 23 20 22 46 9 0 31 1 23 47 9 20 0 1 47 1 0 22 23 9 31 47 31 0 23 23 31 23 31 1 9 31 39 20 39 9 9 0 47 47 20 46 47 39 9 
Custo Total: 1762922
Solução após busca local:
Instalacoes:
1 1 0 0 1 0 0 0 1 1 0 0 0 1 0 0 1 0 0 1 1 0 1 1 0 0 0 0 0 0 0 1 0 0 0 0 0 0 0 1 0 0 0 0 0 0 0 1 0 0 
Atribuicoes:
4 20 23 39 8 1 20 22 1 9 47 31 1 9 47 8 20 0 39 19 13 0 22 23 0 4 47 8 13 4 4 31 20 13 4 9 4 20 20 39 16 9 0 47 47 20 1 19 8 9 
Custo Total: 477374
Total de iterações: 34360
Melhorias: 17
Tempo até a melhor solução: 6.30604 segundos
Iterações até a melhor solução: 7535
Soma dos custos: 11170065332
Média dos custos: 325089
Pior valor encontrado: 575837
Melhor solução encontrada:
Instalacoes:
1 1 0 0 1 0 0 0 1 1 0 0 0 1 0 0 0 0 0 0 1 0 1 0 0 0 0 0 0 0 0 0 0 0 0 0 0 0 0 0 0 0 0 0 0 0 0 1 0 0 
Atribuicoes:
4 4 13 20 9 22 4 47 8 9 20 9 20 13 0 47 20 1 47 0 0 8 22 20 8 4 47 9 1 4 4 22 1 47 4 47 4 20 8 13 22 1 1 9 8 20 20 9 8 1 
Custo Total: 317206
