Instância: Data/raw/50_P40_M0_Continuo_4.txt
Tempo limite: 30 segundos
Seed: 4
Tamanho da pertubação: 5
Solução inicial:
Instalacoes:
1 1 0 0 0 0 0 1 0 0 0 0 0 0 0 0 0 0 1 0 0 0 1 1 0 1 0 0 0 0 1 0 0 0 1 0 0 0 0 0 0 0 1 0 0 0 1 1 0 0 
Atribuicoes:
0 1 30 25 46 47 18 7 46 42 42 22 7 23 34 0 18 7 22 0 42 34 22 23 0 25 42 22 30 0 30 47 47 25 1 18 25 7 46 23 30 34 42 47 47 46 46 47 30 1 
Custo Total: 1328490
Solução após busca local:
Instalacoes:
1 1 0 0 1 0 0 1 1 1 0 0 0 0 0 0 0 0 1 0 1 0 1 1 0 1 0 0 0 0 1 0 0 0 1 0 0 0 0 0 0 0 1 0 0 0 0 1 0 0 
Atribuicoes:
0 4 30 25 8 47 8 7 20 8 1 22 8 20 4 9 18 18 9 1 1 47 22 20 0 4 9 4 30 9 30 9 9 8 1 8 25 18 20 1 30 20 42 4 47 20 4 47 20 1 
Custo Total: 506974
Total de iterações: 35618
Melhorias: 12
Tempo até a melhor solução: 7.34698 segundos
Iterações até a melhor solução: 8972
Soma dos custos: 11718507207
Média dos custos: 329005
Pior valor encontrado: 551082
Melhor solução encontrada:
Instalacoes:
1 1 0 0 1 0 0 0 1 1 0 0 0 1 0 0 0 0 0 0 1 0 1 0 0 0 0 0 0 0 0 0 0 0 0 0 0 0 0 0 0 0 0 0 0 0 0 1 0 0 
Atribuicoes:
0 4 1 13 8 47 8 1 20 8 1 20 8 22 4 9 1 22 1 9 8 47 22 20 1 4 9 4 0 9 13 9 9 20 1 8 0 4 20 1 4 20 9 13 47 20 4 47 20 0 
Custo Total: 326592
