Instância: Data/raw/50_P30_M1_Continuo_10.txt
Tempo limite: 30 segundos
Seed: 3
Tamanho da pertubação: 5
Solução inicial:
Instalacoes:
0 1 0 0 0 0 0 0 0 0 0 0 0 0 0 0 0 0 0 0 1 0 1 0 0 1 0 0 0 0 1 1 0 0 0 1 0 0 0 0 0 0 1 0 0 0 1 1 0 0 
Atribuicoes:
47 1 1 31 46 1 30 31 46 42 35 20 22 1 47 47 35 22 31 47 20 47 22 30 1 25 47 20 1 31 30 31 30 31 1 35 31 30 47 25 1 20 42 47 1 46 46 47 25 1 
Custo Total: 1700791
Solução após busca local:
Instalacoes:
0 1 0 0 1 0 0 0 1 1 0 0 0 1 0 0 0 0 0 0 1 0 1 0 0 1 0 0 0 0 1 1 0 0 0 1 0 0 0 0 0 0 0 0 0 0 1 1 0 0 
Atribuicoes:
4 4 1 9 4 8 47 8 20 46 8 20 22 13 4 20 35 25 47 4 20 47 22 4 4 13 9 9 1 13 30 31 1 4 1 35 20 25 47 25 8 20 47 47 9 9 46 47 1 20 
Custo Total: 425026
Total de iterações: 43430
Melhorias: 19
Tempo até a melhor solução: 27.8993 segundos
Iterações até a melhor solução: 40225
Soma dos custos: 11710572250
Média dos custos: 269642
Pior valor encontrado: 507041
Melhor solução encontrada:
Instalacoes:
0 1 0 0 1 0 0 0 1 1 0 0 0 1 0 0 0 0 0 0 1 0 1 0 0 0 0 0 0 0 0 0 0 0 0 0 0 0 0 0 0 0 0 0 0 0 0 1 0 0 
Atribuicoes:
9 1 9 9 4 8 9 1 9 9 8 20 20 13 4 20 1 4 47 4 20 47 22 4 13 8 47 9 47 8 4 13 8 20 8 20 13 4 47 20 1 1 47 20 9 8 8 47 13 20 
Custo Total: 265596
