Instância: Data/raw/50_P70_M1_HUB_2.txt
Tempo limite: 30 segundos
Seed: 3
Tamanho da pertubação: 5
Solução inicial:
Instalacoes:
1 1 1 1 1 0 0 1 0 0 0 0 0 1 0 1 1 0 1 0 1 0 1 0 0 0 0 0 1 1 0 1 0 0 0 0 0 0 1 1 0 0 1 1 0 0 1 1 0 0 
Atribuicoes:
4 1 2 3 4 31 31 7 4 46 16 20 7 13 1 15 15 7 18 47 20 43 22 29 15 2 1 20 4 29 43 31 39 39 4 46 3 7 38 39 1 18 42 1 46 38 46 47 39 42 
Custo Total: 2199411
Solução após busca local:
Instalacoes:
0 1 1 1 1 0 0 1 1 1 0 0 0 0 0 1 0 0 1 1 1 0 1 1 0 1 0 0 0 1 1 1 0 0 1 1 0 0 0 1 0 0 1 1 0 0 1 1 0 1 
Atribuicoes:
49 34 2 3 4 31 8 4 8 9 22 47 39 20 30 9 35 35 18 19 20 49 22 1 15 2 1 22 4 29 43 8 30 39 4 18 23 7 20 39 8 49 42 1 46 20 46 47 25 34 
Custo Total: 858311
Total de iterações: 22123
Melhorias: 19
Tempo até a melhor solução: 11.4103 segundos
Iterações até a melhor solução: 8346
Soma dos custos: 12455193452
Média dos custos: 562997
Pior valor encontrado: 808148
Melhor solução encontrada:
Instalacoes:
1 1 0 0 1 0 0 0 1 1 0 0 0 1 0 0 1 0 1 1 1 0 1 0 0 1 0 0 0 0 1 1 0 0 0 0 0 0 0 1 0 0 0 0 0 0 0 1 0 0 
Atribuicoes:
8 49 47 4 4 30 0 20 8 9 22 9 9 20 0 0 16 31 18 30 20 47 22 1 16 8 1 22 31 47 49 13 13 9 4 18 39 13 9 8 0 20 4 1 8 20 47 19 25 49 
Custo Total: 558983
