Instância: Data/raw/50_P70_M1_HUB_6.txt
Tempo limite: 30 segundos
Seed: 6
Tamanho da pertubação: 5
Solução inicial:
Instalacoes:
1 1 0 0 0 0 0 1 0 0 0 0 0 0 0 0 1 0 1 1 0 0 1 1 0 1 0 0 0 0 1 0 0 0 0 0 0 0 0 1 0 0 0 0 0 0 0 1 0 1 
Atribuicoes:
47 1 25 0 0 30 39 7 0 1 16 22 7 23 19 47 16 7 18 47 16 47 22 23 22 25 47 22 23 0 30 25 30 39 1 49 0 7 47 39 16 18 1 19 47 0 18 19 25 49 
Custo Total: 2444580
Solução após busca local:
Instalacoes:
1 1 1 0 1 0 0 1 1 1 0 0 0 1 0 1 1 0 1 1 1 0 1 1 0 1 0 0 1 1 1 0 0 0 0 0 0 0 0 1 0 0 0 0 0 0 1 1 0 1 
Atribuicoes:
47 20 25 18 9 30 39 16 0 1 16 22 7 23 19 13 16 2 19 0 20 47 22 23 0 25 47 28 28 29 30 18 30 39 1 49 4 8 47 39 16 18 47 49 4 46 8 9 9 49 
Custo Total: 754506
Total de iterações: 20709
Melhorias: 20
Tempo até a melhor solução: 9.27917 segundos
Iterações até a melhor solução: 6432
Soma dos custos: 11766979713
Média dos custos: 568206
Pior valor encontrado: 813905
Melhor solução encontrada:
Instalacoes:
1 1 0 0 1 0 0 0 1 1 0 0 0 1 0 0 1 0 1 1 1 0 1 0 0 0 0 0 0 0 1 1 0 0 0 0 0 0 0 1 0 0 0 0 0 0 0 1 0 0 
Atribuicoes:
4 20 13 1 9 8 9 16 1 0 16 20 39 8 8 19 16 8 20 47 18 4 22 31 4 18 4 31 31 13 30 1 30 39 20 8 47 22 4 19 16 1 9 30 47 0 18 13 9 47 
Custo Total: 559980
