Instância: Data/raw/50_P70_M0_Continuo_4.txt
Tempo limite: 30 segundos
Seed: 6
Tamanho da pertubação: 5
Solução inicial:
Instalacoes:
1 1 0 0 0 1 0 1 0 0 0 0 0 0 0 1 0 0 1 1 1 0 1 1 0 0 0 0 1 1 1 0 0 0 0 0 0 0 1 1 0 0 0 0 0 0 0 1 0 0 
Atribuicoes:
47 1 23 39 1 30 5 7 1 15 18 20 7 23 0 15 20 7 18 47 18 19 22 29 15 23 19 20 28 29 30 28 30 23 1 20 29 7 38 39 28 18 19 0 1 38 1 47 39 15 
Custo Total: 2294178
Solução após busca local:
Instalacoes:
1 1 0 0 1 0 0 1 1 1 0 0 0 1 0 1 1 0 1 1 1 0 1 1 0 0 0 0 1 1 1 1 0 0 0 0 0 0 1 1 0 0 0 0 0 0 1 1 0 0 
Atribuicoes:
47 20 20 39 46 1 13 7 1 1 31 20 9 47 13 15 16 30 4 8 18 19 22 23 28 31 19 20 16 23 30 31 8 0 30 9 13 4 0 39 22 18 9 0 8 46 1 47 39 19 
Custo Total: 779491
Total de iterações: 22112
Melhorias: 21
Tempo até a melhor solução: 10.9913 segundos
Iterações até a melhor solução: 7883
Soma dos custos: 11807017589
Média dos custos: 533964
Pior valor encontrado: 819368
Melhor solução encontrada:
Instalacoes:
1 1 0 0 1 0 0 0 1 1 0 0 0 1 0 0 1 0 1 1 1 0 1 0 0 0 0 0 0 0 1 1 0 0 0 0 0 0 0 1 0 0 0 0 0 0 0 1 0 0 
Atribuicoes:
0 19 20 13 9 1 18 20 1 1 31 22 13 4 4 19 8 16 22 47 47 4 22 39 0 31 9 20 30 8 4 31 30 39 16 4 13 0 9 30 8 18 9 8 47 8 1 20 39 16 
Custo Total: 525109
