Instância: Data/raw/50_P70_M1_HUB_10.txt
Tempo limite: 30 segundos
Seed: 5
Tamanho da pertubação: 5
Solução inicial:
Instalacoes:
1 0 1 1 1 0 0 1 1 1 0 1 0 0 0 0 0 0 1 0 1 0 1 0 0 1 0 0 0 0 0 1 0 0 0 0 0 0 0 1 0 0 1 0 0 0 0 1 0 0 
Atribuicoes:
9 9 2 3 4 31 25 7 8 9 18 11 25 2 47 9 42 25 18 9 20 20 22 2 47 2 42 31 31 4 2 22 2 31 9 0 3 25 9 39 47 18 8 47 42 20 8 47 39 9 
Custo Total: 2458789
Solução após busca local:
Instalacoes:
0 1 1 1 1 0 0 0 1 1 0 0 0 1 1 0 1 0 1 1 1 0 1 0 0 1 0 0 0 0 1 1 0 0 1 1 0 0 0 1 0 0 1 0 0 0 1 1 0 1 
Atribuicoes:
49 34 13 3 20 31 25 9 8 9 22 47 47 47 14 9 35 19 16 9 13 35 22 39 47 2 42 31 31 4 18 30 34 39 14 20 1 25 46 39 34 18 8 16 19 20 8 47 4 1 
Custo Total: 839334
Total de iterações: 20985
Melhorias: 35
Tempo até a melhor solução: 28.7883 segundos
Iterações até a melhor solução: 20098
Soma dos custos: 12330199577
Média dos custos: 587572
Pior valor encontrado: 857680
Melhor solução encontrada:
Instalacoes:
1 1 0 0 1 0 0 0 1 1 0 0 0 1 0 0 1 0 1 1 1 0 1 1 0 1 0 0 0 0 0 0 0 0 0 0 0 0 0 1 0 0 1 0 0 0 0 1 0 1 
Atribuicoes:
19 1 47 23 20 9 1 4 8 9 20 13 20 47 8 9 16 16 16 9 1 49 4 13 49 4 4 16 47 23 20 22 1 13 49 42 25 39 0 13 1 18 42 9 8 20 8 47 39 0 
Custo Total: 563123
