Instância: Data/raw/50_P100_M1_Continuo_3.txt
Tempo limite: 30 segundos
Seed: 1
Tamanho da pertubação: 5
Solução inicial:
Instalacoes:
1 1 1 1 0 1 1 1 0 0 0 0 0 1 1 1 0 0 1 0 0 1 1 0 0 0 0 0 1 1 0 0 0 0 0 0 0 0 1 1 0 0 1 0 0 0 1 1 0 0 
Atribuicoes:
47 1 2 3 15 5 6 7 15 46 46 22 7 2 14 0 1 7 18 47 15 21 22 13 42 5 15 13 28 29 2 28 21 13 1 1 3 7 38 39 28 18 42 21 47 38 46 47 39 0 
Custo Total: 2587622
Solução após busca local:
Instalacoes:
1 1 1 1 1 1 0 1 1 1 0 0 1 1 1 1 1 0 1 1 1 1 1 1 0 1 0 1 1 1 1 0 0 0 1 1 0 0 1 1 0 0 1 0 0 0 1 1 0 1 
Atribuicoes:
16 1 30 3 8 5 23 7 49 46 28 22 12 2 14 0 1 27 18 19 15 0 22 13 49 25 9 13 28 29 23 27 4 34 16 46 25 20 9 39 18 35 42 21 47 38 8 47 39 34 
Custo Total: 1335986
Total de iterações: 14927
Melhorias: 22
Tempo até a melhor solução: 28.5848 segundos
Iterações até a melhor solução: 14225
Soma dos custos: 17750925623
Média dos custos: 1.18918e+06
Pior valor encontrado: 1376766
Melhor solução encontrada:
Instalacoes:
1 1 1 0 1 0 0 1 1 1 0 0 1 1 1 0 1 0 1 1 1 0 1 1 0 1 0 1 0 0 1 1 1 0 1 1 0 0 0 1 0 0 1 0 0 0 1 1 0 1 
Atribuicoes:
19 47 2 39 1 1 13 7 47 0 27 22 12 16 14 20 4 31 34 0 18 20 22 13 49 25 8 27 23 23 31 30 32 25 19 16 39 20 8 30 35 18 42 34 9 4 46 9 35 49 
Custo Total: 1180615
