Instância: Data/raw/50_P90_M0_Continuo_10.txt
Tempo limite: 30 segundos
Seed: 1
Tamanho da pertubação: 5
Solução inicial:
Instalacoes:
1 1 1 1 0 1 0 1 0 1 0 0 0 1 0 0 0 0 1 1 0 0 1 0 0 1 0 0 1 0 0 1 0 0 0 0 0 0 1 1 0 1 1 0 0 0 1 1 0 0 
Atribuicoes:
47 1 2 3 1 5 25 7 1 0 46 9 7 2 19 25 42 7 18 47 46 31 22 13 41 5 9 9 28 13 2 25 5 13 1 42 3 7 38 39 28 18 42 19 46 38 46 47 39 19 
Custo Total: 2474687
Solução após busca local:
Instalacoes:
1 1 1 0 1 1 0 1 1 1 0 1 0 1 0 0 1 0 1 1 1 0 1 0 0 1 0 1 1 0 1 1 1 0 1 1 0 0 1 1 0 0 1 1 0 0 1 1 0 1 
Atribuicoes:
4 42 2 39 1 20 34 7 1 0 9 22 11 30 19 9 34 0 18 19 20 31 22 13 47 5 9 8 32 8 34 25 32 13 43 35 31 25 38 2 28 27 42 43 46 4 46 47 39 16 
Custo Total: 1020843
Total de iterações: 17388
Melhorias: 26
Tempo até a melhor solução: 29.328 segundos
Iterações até a melhor solução: 17004
Soma dos custos: 12955129711
Média dos custos: 745062
Pior valor encontrado: 1011697
Melhor solução encontrada:
Instalacoes:
1 1 0 0 1 0 0 0 1 1 0 0 0 1 0 0 1 0 1 1 1 0 1 0 0 1 0 0 1 0 1 1 0 0 0 1 0 0 0 1 0 0 1 0 0 0 1 1 0 1 
Atribuicoes:
20 1 47 39 47 30 16 4 0 0 9 22 22 25 19 9 16 4 30 19 35 8 22 20 49 25 9 13 28 13 16 31 28 20 0 19 8 31 8 47 1 18 42 1 46 4 46 49 39 35 
Custo Total: 734917
