Instância: Data/raw/50_P70_M0_Continuo_6.txt
Tempo limite: 30 segundos
Seed: 6
Tamanho da pertubação: 5
Solução inicial:
Instalacoes:
1 0 1 1 1 0 0 1 1 1 0 0 0 0 0 1 0 0 1 1 0 0 1 0 0 1 0 1 0 0 0 0 0 0 1 1 0 0 0 1 0 0 0 1 0 0 1 0 0 0 
Atribuicoes:
4 4 2 3 15 2 25 7 15 9 34 8 7 2 34 9 35 7 18 4 46 43 22 46 35 39 8 27 2 25 2 8 43 39 4 9 3 7 4 39 35 18 46 19 8 46 46 19 39 4 
Custo Total: 2415565
Solução após busca local:
Instalacoes:
0 1 1 1 1 0 0 1 1 1 0 0 0 1 0 1 1 0 1 1 1 0 1 0 0 1 0 0 0 0 1 1 0 0 1 1 0 0 0 1 0 0 1 0 0 0 1 1 0 1 
Atribuicoes:
4 42 2 30 15 30 39 1 47 47 34 16 20 39 34 1 16 22 18 49 46 9 22 30 35 13 8 9 13 4 20 25 19 39 49 9 8 7 4 31 35 35 9 18 8 46 42 19 39 20 
Custo Total: 819160
Total de iterações: 21378
Melhorias: 18
Tempo até a melhor solução: 24.1111 segundos
Iterações até a melhor solução: 17171
Soma dos custos: 12079390699
Média dos custos: 565038
Pior valor encontrado: 807826
Melhor solução encontrada:
Instalacoes:
1 1 0 0 1 0 0 0 1 1 0 0 0 1 0 0 1 0 0 1 1 0 1 1 0 0 0 1 0 0 1 1 0 0 0 0 0 0 0 0 0 0 0 0 0 0 0 1 0 1 
Atribuicoes:
0 19 31 4 1 13 47 27 0 0 49 22 22 20 49 1 9 16 1 30 16 9 27 23 20 13 8 27 16 4 30 8 30 4 49 49 8 47 4 13 20 20 9 20 16 9 47 19 20 31 
Custo Total: 559973
