Instância: Data/raw/50_P80_M1_Continuo_6.txt
Tempo limite: 30 segundos
Seed: 8
Tamanho da pertubação: 5
Solução inicial:
Instalacoes:
1 0 1 1 0 1 0 1 0 1 0 1 0 0 0 0 0 0 1 1 0 0 1 1 0 0 0 0 1 1 0 0 0 0 0 0 0 0 1 1 0 1 1 1 0 0 1 0 0 0 
Atribuicoes:
0 0 2 3 38 5 5 7 42 9 46 11 7 2 19 9 41 23 18 19 41 43 22 23 42 5 43 11 28 29 2 28 43 39 0 9 3 23 38 39 28 18 0 19 42 38 46 19 39 0 
Custo Total: 2290602
Solução após busca local:
Instalacoes:
1 1 1 0 1 1 0 1 1 1 0 1 0 1 0 0 1 0 1 1 1 0 1 1 0 1 0 1 1 0 0 1 0 0 0 0 0 0 1 1 0 1 1 1 0 0 1 1 0 1 
Atribuicoes:
0 20 2 25 47 4 39 7 42 16 49 11 31 20 19 8 41 31 18 19 16 43 22 23 46 5 47 8 28 0 2 8 47 39 49 9 25 22 0 39 13 31 1 13 9 4 46 1 25 42 
Custo Total: 969277
Total de iterações: 18580
Melhorias: 22
Tempo até a melhor solução: 25.5302 segundos
Iterações até a melhor solução: 15900
Soma dos custos: 12247687934
Média dos custos: 659187
Pior valor encontrado: 906364
Melhor solução encontrada:
Instalacoes:
1 1 0 0 1 0 0 0 1 1 0 0 0 1 0 0 1 0 1 1 1 0 1 0 0 0 0 0 0 0 1 1 0 0 0 0 0 0 0 1 0 0 0 1 0 0 0 1 0 1 
Atribuicoes:
20 30 0 31 47 4 39 4 49 18 13 13 16 30 19 8 20 16 19 19 18 1 22 47 0 39 47 31 16 13 30 20 1 9 13 9 1 8 9 39 22 16 1 43 8 4 0 47 49 49 
Custo Total: 644305
