Instância: Data/raw/50_P70_M0_Continuo_2.txt
Tempo limite: 30 segundos
Seed: 5
Tamanho da pertubação: 5
Solução inicial:
Instalacoes:
1 1 0 0 1 0 0 0 1 1 0 0 0 1 0 0 1 0 1 0 0 0 1 1 0 0 0 1 0 1 0 0 0 0 1 0 0 0 0 1 0 0 0 0 0 0 0 1 0 0 
Atribuicoes:
47 1 1 13 4 34 23 1 8 9 16 27 39 1 0 9 16 18 4 47 4 34 22 29 9 23 4 27 13 29 0 27 34 13 1 9 13 39 8 39 16 4 4 47 4 8 8 47 39 9 
Custo Total: 2248033
Solução após busca local:
Instalacoes:
1 1 0 0 1 0 0 0 1 1 0 0 0 1 0 0 1 0 0 1 1 0 1 1 0 0 0 1 0 1 1 0 0 0 1 1 0 0 0 1 0 0 0 0 0 0 1 1 0 1 
Atribuicoes:
0 47 1 30 13 9 23 13 8 4 16 27 35 20 49 35 16 47 4 47 4 0 22 29 9 23 4 27 13 29 0 16 39 13 1 9 8 1 46 39 34 49 19 47 20 8 46 30 39 9 
Custo Total: 693160
Total de iterações: 22374
Melhorias: 18
Tempo até a melhor solução: 5.69121 segundos
Iterações até a melhor solução: 4145
Soma dos custos: 12042687012
Média dos custos: 538245
Pior valor encontrado: 791749
Melhor solução encontrada:
Instalacoes:
1 1 0 0 1 0 0 0 1 1 0 0 0 1 0 0 1 0 0 1 1 0 1 1 0 1 0 0 0 0 1 0 0 0 0 0 0 0 0 0 0 0 0 0 0 0 0 1 0 1 
Atribuicoes:
1 1 1 25 47 25 13 8 8 4 16 9 30 30 20 0 16 25 4 19 4 16 22 23 9 13 4 22 47 0 0 16 30 13 23 9 0 1 47 23 49 47 19 49 20 8 20 8 9 20 
Custo Total: 534676
