Instância: Data/raw/50_P40_M0_Continuo_7.txt
Tempo limite: 30 segundos
Seed: 9
Tamanho da pertubação: 5
Solução inicial:
Instalacoes:
1 1 0 0 0 0 0 0 0 1 0 0 0 0 0 0 0 0 0 0 1 0 1 1 0 0 0 0 0 0 0 1 0 0 0 0 0 0 0 1 0 0 0 0 0 0 1 1 0 0 
Atribuicoes:
47 1 23 39 20 23 20 22 46 9 0 31 1 23 47 9 20 0 1 47 1 0 22 23 9 31 47 31 0 23 23 31 23 31 1 9 31 39 20 39 9 9 0 47 47 20 46 47 39 9 
Custo Total: 1762922
Solução após busca local:
Instalacoes:
1 1 0 0 1 0 0 0 1 1 0 0 0 1 0 0 1 0 0 1 1 0 1 1 0 0 0 0 0 0 0 1 0 0 0 0 0 0 0 1 0 0 0 0 0 0 0 1 0 0 
Atribuicoes:
4 20 23 39 8 1 20 22 1 9 47 31 1 9 47 8 20 0 39 19 13 0 22 23 0 4 47 8 13 4 4 31 20 13 4 9 4 20 20 39 16 9 0 47 47 20 1 19 8 9 
Custo Total: 477374
Total de iterações: 35883
Melhorias: 16
Tempo até a melhor solução: 11.6413 segundos
Iterações até a melhor solução: 14022
Soma dos custos: 11513707659
Média dos custos: 320868
Pior valor encontrado: 560217
Melhor solução encontrada:
Instalacoes:
0 1 0 0 1 0 0 0 1 1 0 0 0 1 0 0 1 0 0 0 1 0 1 0 0 0 0 0 0 0 0 0 0 0 0 0 0 0 0 0 0 0 0 0 0 0 0 1 0 0 
Atribuicoes:
4 4 13 20 1 22 20 16 8 9 47 4 8 13 9 9 20 1 20 8 9 1 22 9 16 4 47 8 47 1 4 4 8 13 4 9 20 20 20 13 8 16 16 47 47 20 4 4 8 8 
Custo Total: 314866
