Instância: Data/raw/50_P50_M0_Continuo_1.txt
Tempo limite: 30 segundos
Seed: 9
Tamanho da pertubação: 5
Solução inicial:
Instalacoes:
1 0 1 0 0 0 0 0 0 1 0 0 0 1 0 1 1 0 1 1 0 0 1 1 0 0 0 0 0 0 1 1 0 0 0 0 0 0 0 0 0 0 0 0 0 0 1 1 0 0 
Atribuicoes:
9 47 30 13 15 30 18 31 9 15 16 9 46 23 19 47 16 46 18 47 18 23 22 23 31 30 47 9 23 23 30 30 30 31 47 18 13 22 9 23 16 18 15 19 47 9 46 19 23 47 
Custo Total: 2385885
Solução após busca local:
Instalacoes:
0 1 0 0 1 0 0 0 1 1 0 0 0 1 0 0 1 0 1 1 1 0 1 1 0 0 0 0 0 0 1 1 0 0 0 0 0 0 0 0 0 0 1 0 0 0 1 1 0 1 
Atribuicoes:
8 47 20 9 8 31 18 20 9 19 16 9 16 20 19 16 9 1 18 8 49 13 22 23 13 30 47 8 13 1 30 31 30 20 4 18 8 47 1 13 4 9 1 20 20 9 46 4 4 47 
Custo Total: 655562
Total de iterações: 28888
Melhorias: 24
Tempo até a melhor solução: 25.7503 segundos
Iterações até a melhor solução: 24854
Soma dos custos: 11932532267
Média dos custos: 413062
Pior valor encontrado: 658996
Melhor solução encontrada:
Instalacoes:
1 1 0 0 1 0 0 0 1 1 0 0 0 1 0 0 1 0 0 0 1 0 1 0 0 0 0 0 0 0 1 0 0 0 0 0 0 0 0 0 0 0 0 0 0 0 0 1 0 0 
Atribuicoes:
8 8 30 9 16 30 8 20 9 4 1 9 8 0 0 47 9 47 16 1 47 13 22 13 16 1 20 22 13 47 4 47 30 20 47 0 8 4 1 20 4 9 47 20 20 9 0 4 22 4 
Custo Total: 403202
