Instância: Data/raw/50_P50_M1_Continuo_1.txt
Tempo limite: 30 segundos
Seed: 5
Tamanho da pertubação: 5
Solução inicial:
Instalacoes:
1 0 0 0 0 1 0 0 0 0 0 1 0 1 0 0 0 0 1 0 0 0 1 1 0 0 0 0 0 0 1 1 0 0 1 0 0 0 0 1 0 0 1 0 0 0 1 0 0 0 
Atribuicoes:
0 0 23 5 46 13 13 46 46 42 39 11 39 23 34 0 34 39 18 0 42 13 22 23 0 31 42 13 31 23 30 31 30 23 34 34 23 39 13 39 31 18 42 13 42 46 46 39 39 0 
Custo Total: 2269174
Solução após busca local:
Instalacoes:
1 1 0 0 1 0 0 0 1 1 0 0 0 1 0 0 0 0 1 1 1 0 1 1 0 0 0 0 0 0 1 1 0 0 1 0 0 0 0 1 0 0 1 0 0 0 0 1 0 0 
Atribuicoes:
0 9 47 0 9 30 13 47 9 42 20 31 47 23 34 8 4 4 18 0 47 19 22 23 20 9 47 22 9 1 30 31 20 1 34 1 13 1 20 39 8 8 42 13 8 4 4 19 39 8 
Custo Total: 572327
Total de iterações: 29064
Melhorias: 23
Tempo até a melhor solução: 23.0969 segundos
Iterações até a melhor solução: 22437
Soma dos custos: 11813938191
Média dos custos: 406480
Pior valor encontrado: 667728
Melhor solução encontrada:
Instalacoes:
1 1 0 0 1 0 0 0 1 1 0 0 0 1 0 0 1 0 0 1 1 0 1 0 0 0 0 0 0 0 0 0 0 0 0 0 0 0 0 0 0 0 0 0 0 0 0 1 0 0 
Atribuicoes:
1 0 19 20 8 0 20 8 9 47 1 4 8 13 9 1 19 4 16 9 0 8 22 13 20 9 47 22 9 1 1 9 20 8 1 16 9 16 20 13 47 20 47 19 8 4 0 4 13 16 
Custo Total: 387961
