Instância: Data/raw/50_P100_M0_Continuo_1.txt
Tempo limite: 30 segundos
Seed: 9
Tamanho da pertubação: 5
Solução inicial:
Instalacoes:
1 0 1 1 0 1 0 1 0 1 0 1 0 0 1 1 0 0 1 1 0 0 1 0 0 0 0 0 1 1 0 0 0 0 0 0 0 0 1 1 0 1 1 1 0 0 1 0 0 0 
Atribuicoes:
0 0 2 3 15 5 41 7 15 9 46 11 7 2 14 9 46 7 18 19 46 43 22 29 42 5 15 11 28 29 2 28 43 2 0 9 3 7 38 39 28 18 42 19 42 38 46 19 39 0 
Custo Total: 2717109
Solução após busca local:
Instalacoes:
1 1 1 0 1 1 0 1 1 1 0 1 0 1 0 1 1 0 1 1 1 0 1 1 0 1 0 0 1 0 1 1 1 0 1 1 0 0 1 1 0 0 1 1 0 0 1 1 0 1 
Atribuicoes:
0 49 2 39 15 5 1 30 8 9 20 11 7 2 18 49 35 20 18 19 46 8 22 5 4 16 0 31 28 23 32 31 43 13 19 9 23 7 38 39 30 41 16 43 42 47 46 4 25 34 
Custo Total: 1334967
Total de iterações: 14115
Melhorias: 16
Tempo até a melhor solução: 13.9256 segundos
Iterações até a melhor solução: 6572
Soma dos custos: 16857927089
Média dos custos: 1.19433e+06
Pior valor encontrado: 1373211
Melhor solução encontrada:
Instalacoes:
1 1 1 0 1 1 0 1 1 1 0 0 0 1 0 0 1 0 1 1 1 0 1 1 0 1 0 0 1 0 1 1 0 0 1 1 0 0 0 1 0 0 1 0 0 0 1 1 0 1 
Atribuicoes:
8 34 2 39 19 5 0 7 46 4 35 25 22 2 49 47 16 23 18 19 18 46 13 23 28 22 1 31 28 47 9 31 30 13 49 4 16 1 42 39 35 34 42 30 8 9 20 0 25 20 
Custo Total: 1190918
