Instância: Data/raw/50_P30_M1_Continuo_5.txt
Tempo limite: 30 segundos
Seed: 7
Tamanho da pertubação: 5
Solução inicial:
Instalacoes:
1 0 0 0 0 0 0 0 1 0 0 0 0 1 0 0 1 0 0 1 1 0 1 0 0 1 0 1 0 0 0 0 0 0 0 0 0 0 0 1 0 0 0 0 0 0 0 0 0 0 
Atribuicoes:
0 0 13 25 8 25 20 39 8 8 16 27 39 13 19 0 16 39 16 19 20 20 22 25 16 25 8 27 27 20 25 27 25 25 0 16 25 39 20 39 16 16 8 19 13 20 8 19 39 16 
Custo Total: 1341740
Solução após busca local:
Instalacoes:
1 0 0 0 1 0 0 0 1 1 0 0 0 1 0 0 1 0 0 1 1 0 1 0 0 1 0 1 0 0 0 0 0 0 0 0 0 0 0 1 0 0 0 0 0 0 0 1 0 1 
Atribuicoes:
9 4 13 13 9 47 20 4 8 8 4 27 9 13 0 8 16 4 20 47 20 20 22 8 20 25 8 27 13 4 20 13 8 47 9 9 47 20 20 39 16 16 4 0 47 20 8 0 47 8 
Custo Total: 423524
Total de iterações: 45964
Melhorias: 11
Tempo até a melhor solução: 8.89651 segundos
Iterações até a melhor solução: 13130
Soma dos custos: 11992255157
Média dos custos: 260905
Pior valor encontrado: 485436
Melhor solução encontrada:
Instalacoes:
0 1 0 0 1 0 0 0 1 1 0 0 0 1 0 0 0 0 0 0 1 0 1 0 0 0 0 0 0 0 0 0 0 0 0 0 0 0 0 0 0 0 0 0 0 0 0 1 0 0 
Atribuicoes:
9 1 9 13 9 13 20 4 9 8 1 4 1 13 47 4 1 4 20 47 20 20 22 8 20 13 8 4 4 4 20 8 8 47 1 9 8 20 20 13 9 9 4 47 47 20 8 9 47 8 
Custo Total: 259479
