Instância: Data/raw/50_P80_M1_HUB_7.txt
Tempo limite: 30 segundos
Seed: 7
Tamanho da pertubação: 5
Solução inicial:
Instalacoes:
1 0 1 1 0 1 0 1 0 1 0 1 0 0 1 0 0 0 1 1 0 0 1 0 0 0 0 0 1 1 0 0 0 0 0 0 0 0 0 1 0 1 1 1 0 0 1 0 0 0 
Atribuicoes:
0 0 2 3 42 5 14 7 42 9 41 11 7 2 14 9 41 7 18 19 41 43 22 29 42 5 42 11 28 29 2 28 43 2 0 9 3 7 42 39 28 18 0 19 42 42 46 19 39 0 
Custo Total: 2730278
Solução após busca local:
Instalacoes:
1 1 0 1 1 1 0 1 1 1 0 1 0 1 1 0 0 0 1 1 1 0 1 0 0 1 0 0 1 1 1 1 0 0 0 1 0 0 0 1 0 1 1 1 0 0 0 1 0 0 
Atribuicoes:
20 47 31 30 4 5 31 7 1 18 25 11 30 25 14 9 20 18 35 19 41 43 22 13 31 2 42 47 28 29 4 9 1 25 8 9 3 31 42 39 28 9 0 35 42 8 19 19 39 0 
Custo Total: 1031786
Total de iterações: 18163
Melhorias: 30
Tempo até a melhor solução: 20.702 segundos
Iterações até a melhor solução: 12487
Soma dos custos: 13197653737
Média dos custos: 726623
Pior valor encontrado: 974171
Melhor solução encontrada:
Instalacoes:
1 1 0 0 1 0 0 0 1 1 0 0 0 1 0 0 1 0 0 1 1 0 1 1 0 1 0 0 0 1 1 1 0 0 1 0 0 0 0 0 0 0 0 0 0 0 1 1 0 1 
Atribuicoes:
8 34 31 30 46 49 8 8 19 46 25 30 47 25 20 9 20 49 16 13 4 30 22 23 31 47 1 34 47 29 4 9 19 20 0 9 8 31 1 13 25 9 47 1 1 0 4 47 13 16 
Custo Total: 712117
