Instância: Data/raw/50_P90_M1_HUB_1.txt
Tempo limite: 30 segundos
Seed: 9
Tamanho da pertubação: 5
Solução inicial:
Instalacoes:
1 0 1 1 0 0 1 1 0 1 0 0 0 0 1 1 0 0 0 0 0 0 1 0 0 0 0 0 1 1 0 0 0 0 1 0 0 0 0 1 0 0 1 1 0 0 1 1 0 0 
Atribuicoes:
47 47 2 3 15 2 6 7 46 9 34 2 7 2 14 9 34 7 0 47 15 43 22 29 42 39 0 39 28 29 2 28 14 2 47 9 3 7 42 39 28 34 42 43 0 42 46 47 39 47 
Custo Total: 2968805
Solução após busca local:
Instalacoes:
1 1 1 1 1 0 0 1 1 1 0 0 0 1 1 1 1 0 1 0 1 0 1 0 0 0 0 0 1 1 1 1 0 0 1 1 0 0 0 1 0 0 1 1 0 0 1 1 0 1 
Atribuicoes:
8 30 16 3 15 2 39 13 46 9 34 2 31 31 14 9 9 7 4 47 13 43 22 29 35 1 0 42 28 1 30 49 49 20 1 34 30 20 4 49 9 16 8 43 0 42 47 47 4 18 
Custo Total: 1015206
Total de iterações: 17279
Melhorias: 18
Tempo até a melhor solução: 12.6554 segundos
Iterações até a melhor solução: 7204
Soma dos custos: 14564762949
Média dos custos: 842917
Pior valor encontrado: 1068125
Melhor solução encontrada:
Instalacoes:
1 1 0 0 1 0 0 0 1 1 0 0 0 1 0 0 1 0 1 1 1 0 1 1 0 1 0 1 0 0 1 1 0 0 0 1 0 0 0 1 0 0 1 0 0 0 1 1 0 1 
Atribuicoes:
8 20 25 39 35 46 16 13 46 19 9 49 31 31 20 19 49 22 4 47 18 13 27 23 35 1 0 42 31 8 30 20 30 23 1 9 39 19 4 30 49 25 8 9 0 42 47 47 4 16 
Custo Total: 840182
