Instância: Data/raw/50_P50_M1_HUB_10.txt
Tempo limite: 30 segundos
Seed: 2
Tamanho da pertubação: 5
Solução inicial:
Instalacoes:
1 1 0 0 1 1 0 0 0 1 0 0 0 0 0 0 0 0 1 0 1 0 1 0 0 0 0 0 0 0 0 1 0 0 0 0 0 0 0 1 0 0 0 0 0 0 0 1 0 0 
Atribuicoes:
0 1 5 22 4 5 31 39 4 9 20 20 20 5 0 0 18 18 18 0 20 9 22 5 0 39 9 20 1 47 5 31 5 18 1 4 18 39 9 39 9 4 4 0 0 4 9 0 39 1 
Custo Total: 2210262
Solução após busca local:
Instalacoes:
1 1 0 0 1 1 0 0 1 1 0 0 0 1 0 0 1 0 1 0 1 0 1 0 0 0 0 0 0 0 1 1 0 0 0 0 0 0 0 1 0 0 1 0 0 0 1 0 0 0 
Atribuicoes:
13 8 30 22 4 8 31 39 1 8 20 20 20 1 4 0 18 18 18 0 20 9 22 0 16 39 9 13 4 20 9 31 0 30 1 4 30 39 46 39 9 13 42 1 8 46 9 9 16 46 
Custo Total: 580110
Total de iterações: 27326
Melhorias: 19
Tempo até a melhor solução: 21.0894 segundos
Iterações até a melhor solução: 19391
Soma dos custos: 11493909923
Média dos custos: 420622
Pior valor encontrado: 679847
Melhor solução encontrada:
Instalacoes:
1 1 0 0 1 0 0 0 1 1 0 0 0 1 0 0 1 0 0 0 1 0 1 0 0 0 0 0 0 0 0 0 0 0 0 0 0 0 0 1 0 0 0 0 0 0 0 1 0 0 
Atribuicoes:
0 1 0 39 4 8 39 20 8 1 22 22 20 1 4 4 16 16 8 4 8 9 22 20 1 4 9 20 4 1 9 13 47 20 8 0 13 20 47 13 9 16 20 8 8 47 9 9 1 47 
Custo Total: 393773
