Instância: Data/raw/50_P100_M0_Continuo_4.txt
Tempo limite: 30 segundos
Seed: 8
Tamanho da pertubação: 5
Solução inicial:
Instalacoes:
1 0 1 1 0 1 0 1 0 1 0 1 0 0 1 1 0 0 1 1 0 0 1 0 0 1 0 0 1 1 0 0 0 0 0 0 0 0 0 1 0 1 1 1 0 0 1 0 0 0 
Atribuicoes:
0 0 2 3 15 5 25 7 15 9 46 11 7 2 14 9 46 7 18 19 46 43 22 29 42 5 42 11 28 29 2 25 43 2 0 9 3 7 9 39 28 18 42 19 42 25 46 19 39 0 
Custo Total: 2809113
Solução após busca local:
Instalacoes:
1 1 1 1 1 1 0 1 1 1 0 1 0 1 0 1 1 0 1 1 1 0 1 1 0 1 0 1 1 1 1 1 0 0 1 1 0 0 0 1 0 0 1 1 0 0 1 1 0 1 
Atribuicoes:
0 16 2 3 18 5 25 7 15 9 16 11 1 2 39 4 42 31 18 1 46 43 22 23 34 31 49 27 28 29 34 5 49 20 8 35 30 22 9 39 27 25 42 19 4 13 8 0 47 47 
Custo Total: 1334366
Total de iterações: 13744
Melhorias: 19
Tempo até a melhor solução: 22.9322 segundos
Iterações até a melhor solução: 10463
Soma dos custos: 16225572223
Média dos custos: 1.18056e+06
Pior valor encontrado: 1377793
Melhor solução encontrada:
Instalacoes:
1 1 0 0 1 0 0 0 1 1 0 0 0 1 0 0 1 0 1 1 1 0 1 1 0 1 0 1 1 1 1 1 1 0 1 1 0 0 0 1 0 0 1 0 0 0 1 1 0 1 
Atribuicoes:
9 16 29 47 18 19 20 30 8 42 16 23 39 8 34 0 35 22 18 19 46 30 22 23 31 25 4 27 28 29 31 25 32 20 13 35 13 47 9 39 1 34 42 28 0 46 4 1 49 49 
Custo Total: 1171119
