Instância: Data/raw/50_P50_M0_Continuo_5.txt
Tempo limite: 30 segundos
Seed: 8
Tamanho da pertubação: 5
Solução inicial:
Instalacoes:
1 1 1 0 1 0 0 0 1 1 0 0 0 0 0 0 0 0 0 0 1 0 1 0 0 1 0 0 0 0 0 0 0 0 0 1 0 0 0 1 0 0 0 0 0 0 0 1 0 0 
Atribuicoes:
47 1 2 20 4 2 35 20 8 9 22 25 39 2 47 8 9 22 9 47 20 1 22 2 8 25 0 47 9 1 2 25 25 39 1 47 20 39 47 39 1 20 8 0 0 47 8 0 39 8 
Custo Total: 2107361
Solução após busca local:
Instalacoes:
1 1 1 0 0 0 0 0 1 1 0 0 0 1 0 0 1 0 0 1 1 0 1 0 0 1 0 0 0 0 1 0 0 0 0 0 0 0 0 1 0 0 1 0 0 0 0 1 0 1 
Atribuicoes:
47 0 25 30 8 2 20 20 8 1 22 30 16 13 42 8 16 16 9 42 49 47 22 25 49 9 9 16 20 1 0 25 9 39 1 47 13 39 47 39 1 20 9 19 47 19 8 0 39 8 
Custo Total: 565051
Total de iterações: 26647
Melhorias: 19
Tempo até a melhor solução: 21.6722 segundos
Iterações até a melhor solução: 18686
Soma dos custos: 11805592929
Média dos custos: 443036
Pior valor encontrado: 670841
Melhor solução encontrada:
Instalacoes:
1 1 0 0 1 0 0 0 1 1 0 0 0 1 0 0 1 0 0 0 1 0 1 0 0 0 0 0 0 0 1 0 0 0 0 0 0 0 0 0 0 0 0 0 0 0 1 1 0 0 
Atribuicoes:
0 4 30 1 8 13 20 1 46 4 13 9 16 13 4 1 16 8 9 1 47 0 22 30 22 9 4 22 47 20 4 30 9 0 8 9 13 16 46 0 8 20 9 4 47 8 20 47 20 4 
Custo Total: 419955
