Instância: Data/raw/50_P30_M0_Continuo_1.txt
Tempo limite: 30 segundos
Seed: 4
Tamanho da pertubação: 5
Solução inicial:
Instalacoes:
1 0 0 0 0 0 0 0 0 0 0 0 0 0 0 0 0 0 1 0 0 0 1 1 0 0 0 0 1 0 0 1 0 0 1 0 0 0 0 1 0 0 0 0 0 0 1 1 0 0 
Atribuicoes:
47 47 23 39 0 31 34 0 46 0 18 22 23 23 34 47 18 22 18 47 18 34 22 23 28 31 47 31 28 23 23 31 23 23 47 34 39 31 47 39 22 18 47 34 0 46 46 47 39 47 
Custo Total: 1404394
Solução após busca local:
Instalacoes:
1 1 0 0 1 0 0 0 0 1 0 0 0 0 0 0 0 0 1 0 1 0 1 1 0 0 0 0 0 0 0 1 0 0 0 0 0 0 0 1 0 0 0 0 0 0 0 1 0 0 
Atribuicoes:
1 9 23 9 9 31 20 9 4 9 18 22 20 9 1 1 1 4 9 47 18 20 22 23 20 31 47 31 20 23 23 1 4 1 1 20 39 1 47 9 22 18 47 4 0 4 4 47 9 47 
Custo Total: 450113
Total de iterações: 44212
Melhorias: 16
Tempo até a melhor solução: 3.11441 segundos
Iterações até a melhor solução: 4526
Soma dos custos: 11654544620
Média dos custos: 263606
Pior valor encontrado: 517211
Melhor solução encontrada:
Instalacoes:
0 1 0 0 1 0 0 0 1 1 0 0 0 1 0 0 0 0 0 0 1 0 1 0 0 0 0 0 0 0 0 0 0 0 0 0 0 0 0 0 0 0 0 0 0 0 0 1 0 0 
Atribuicoes:
9 1 4 9 1 8 20 9 8 9 8 22 20 13 1 47 9 13 47 47 4 4 22 13 20 13 47 13 20 9 4 8 4 8 9 20 20 1 8 9 22 4 8 47 8 4 4 9 20 1 
Custo Total: 261392
