Instância: Data/raw/50_P40_M1_Continuo_10.txt
Tempo limite: 30 segundos
Seed: 10
Tamanho da pertubação: 5
Solução inicial:
Instalacoes:
1 0 0 0 1 0 0 0 0 1 0 0 0 1 0 0 0 0 0 1 1 0 1 1 0 0 0 0 0 0 1 0 0 0 0 0 0 0 0 1 0 0 0 0 0 0 1 1 0 0 
Atribuicoes:
9 4 13 39 4 13 23 19 46 9 0 20 22 13 0 4 9 22 19 47 20 47 22 13 4 13 47 20 30 23 30 13 30 39 4 9 39 39 4 13 9 20 47 47 19 46 46 47 13 4 
Custo Total: 1338594
Solução após busca local:
Instalacoes:
1 1 0 0 1 0 0 0 1 1 0 0 0 1 0 0 1 0 0 1 1 0 1 0 0 0 0 0 0 0 1 0 0 0 0 1 0 0 0 1 0 0 0 0 0 0 1 1 0 0 
Atribuicoes:
9 4 13 4 1 8 0 16 4 47 16 20 9 13 0 4 9 4 16 1 20 47 22 9 1 13 47 9 8 0 30 20 9 39 4 1 39 1 8 13 9 20 47 47 9 8 46 47 1 20 
Custo Total: 473501
Total de iterações: 33473
Melhorias: 14
Tempo até a melhor solução: 4.64286 segundos
Iterações até a melhor solução: 4980
Soma dos custos: 10820028329
Média dos custos: 323246
Pior valor encontrado: 587040
Melhor solução encontrada:
Instalacoes:
0 1 0 0 1 0 0 0 1 1 0 0 0 1 0 0 1 0 0 0 1 0 1 0 0 0 0 0 0 0 0 0 0 0 0 0 0 0 0 0 0 0 0 0 0 0 0 1 0 0 
Atribuicoes:
9 1 13 1 4 8 4 16 4 8 4 20 9 13 13 1 9 47 16 8 20 47 22 9 16 20 47 9 13 47 4 13 9 47 4 20 16 20 8 20 9 1 47 20 9 8 47 8 22 20 
Custo Total: 319189
