Instância: Data/raw/50_P60_M1_Continuo_7.txt
Tempo limite: 30 segundos
Seed: 6
Tamanho da pertubação: 5
Solução inicial:
Instalacoes:
0 1 1 1 0 0 0 1 1 1 0 0 0 0 0 0 1 0 1 0 0 0 1 1 0 0 0 1 0 0 0 0 0 0 1 0 0 0 0 1 0 0 1 1 0 0 1 1 0 0 
Atribuicoes:
16 9 2 3 8 23 7 7 46 42 47 27 22 2 34 42 16 27 18 9 18 43 22 23 9 39 42 27 34 23 2 27 23 23 9 47 3 22 46 39 47 47 8 43 9 8 46 47 39 9 
Custo Total: 2276095
Solução após busca local:
Instalacoes:
1 0 0 1 1 0 0 1 1 1 0 0 0 1 0 0 0 0 1 0 1 0 1 1 0 0 0 1 0 0 1 0 0 0 1 0 0 0 0 1 0 0 1 0 0 0 1 1 0 1 
Atribuicoes:
8 20 20 4 8 23 30 7 47 42 20 8 22 39 9 13 34 27 18 9 18 34 22 23 8 23 42 4 13 4 30 27 47 20 9 4 47 47 13 39 0 18 0 34 9 8 46 47 39 0 
Custo Total: 678881
Total de iterações: 23231
Melhorias: 17
Tempo até a melhor solução: 28.6308 segundos
Iterações até a melhor solução: 22102
Soma dos custos: 11302262517
Média dos custos: 486516
Pior valor encontrado: 726848
Melhor solução encontrada:
Instalacoes:
1 1 0 0 1 0 0 0 1 1 0 0 0 1 0 0 1 0 1 0 1 0 1 0 0 0 0 0 0 0 1 0 0 0 0 0 0 0 0 1 0 0 0 0 0 0 0 1 0 0 
Atribuicoes:
0 20 20 39 16 30 47 47 47 1 20 1 22 1 9 9 4 18 18 9 8 47 22 30 0 30 13 4 16 4 4 0 30 20 0 1 13 47 4 9 13 16 8 8 9 8 1 0 39 18 
Custo Total: 463145
