Instância: Data/raw/50_P10_M1_HUB_8.txt
Tempo limite: 30 segundos
Seed: 4
Tamanho da pertubação: 5
Solução inicial:
Instalacoes:
0 0 0 0 0 0 0 0 0 1 0 0 0 1 0 0 0 0 0 0 1 0 1 0 0 0 0 0 0 0 0 0 0 0 0 0 0 0 0 1 0 0 0 0 0 0 1 1 0 0 
Atribuicoes:
9 47 13 39 9 13 39 39 46 9 20 20 9 13 47 47 20 20 20 9 20 47 22 39 9 13 47 20 47 9 47 9 47 9 47 9 39 20 46 13 9 20 9 47 46 46 46 47 39 47 
Custo Total: 410552
Solução após busca local:
Instalacoes:
0 0 0 0 1 0 0 0 1 1 0 0 0 1 0 0 0 0 0 0 1 0 1 0 0 0 0 0 0 0 0 0 0 0 0 0 0 0 0 1 0 0 0 0 0 0 0 1 0 0 
Atribuicoes:
9 8 13 13 8 20 4 9 8 9 20 20 9 13 47 9 20 20 20 9 20 4 22 4 9 9 47 20 9 4 20 9 9 4 8 9 20 4 8 13 9 20 9 9 8 8 8 47 20 20 
Custo Total: 265899
Total de iterações: 95604
Melhorias: 11
Tempo até a melhor solução: 7.18377 segundos
Iterações até a melhor solução: 24453
Soma dos custos: 17323723679
Média dos custos: 181203
Pior valor encontrado: 400240
Melhor solução encontrada:
Instalacoes:
0 0 0 0 1 0 0 0 1 1 0 0 0 0 0 0 0 0 0 0 1 0 1 0 0 0 0 0 0 0 0 0 0 0 0 0 0 0 0 0 0 0 0 0 0 0 0 0 0 0 
Atribuicoes:
9 8 9 20 4 4 20 9 8 9 20 20 4 9 4 9 8 20 20 9 20 9 22 4 9 9 8 20 9 4 20 9 9 4 8 9 20 8 8 22 9 20 8 9 8 4 8 9 9 20 
Custo Total: 177017
