Instância: Data/raw/50_P100_M0_Continuo_6.txt
Tempo limite: 30 segundos
Seed: 2
Tamanho da pertubação: 5
Solução inicial:
Instalacoes:
1 0 1 1 0 1 0 1 0 1 0 1 0 0 1 1 0 0 1 1 0 0 1 0 0 0 0 0 1 1 0 0 0 0 0 0 0 0 0 1 0 1 1 1 0 0 1 0 0 0 
Atribuicoes:
0 0 2 3 15 5 41 7 15 9 46 11 7 2 14 9 46 7 18 19 46 43 22 29 42 5 42 11 28 29 2 28 43 2 0 9 3 7 9 39 28 18 42 19 42 46 46 19 39 0 
Custo Total: 3106636
Solução após busca local:
Instalacoes:
1 1 1 1 1 1 0 1 1 1 0 1 0 1 0 1 1 0 1 1 1 0 1 1 0 1 0 1 1 1 1 1 0 0 0 1 0 0 0 1 0 0 1 1 0 0 1 1 0 1 
Atribuicoes:
0 1 8 3 16 5 39 4 15 9 20 11 7 2 18 20 41 27 47 0 35 43 22 30 4 25 8 27 28 29 23 49 13 16 31 47 13 23 9 30 31 18 42 19 42 46 46 19 39 35 
Custo Total: 1336583
Total de iterações: 14360
Melhorias: 16
Tempo até a melhor solução: 10.7564 segundos
Iterações até a melhor solução: 5035
Soma dos custos: 17098167503
Média dos custos: 1.19068e+06
Pior valor encontrado: 1376126
Melhor solução encontrada:
Instalacoes:
1 1 0 0 1 0 0 0 1 1 0 1 0 1 0 0 1 0 1 1 1 0 1 1 0 1 0 1 1 0 1 1 0 0 1 1 0 0 0 1 0 1 1 0 0 0 1 1 0 1 
Atribuicoes:
1 19 31 13 16 20 39 4 46 9 13 11 22 25 19 42 28 27 18 1 35 49 0 30 35 31 8 27 28 8 47 18 23 16 34 47 23 22 9 30 34 41 42 25 0 20 46 4 39 49 
Custo Total: 1183903
