Instância: Data/raw/50_P60_M0_Continuo_1.txt
Tempo limite: 30 segundos
Seed: 2
Tamanho da pertubação: 5
Solução inicial:
Instalacoes:
1 1 1 0 0 0 0 1 0 0 0 0 0 1 0 0 0 0 1 1 0 0 1 0 1 0 0 0 0 0 1 0 0 0 1 0 0 0 0 1 0 0 1 0 0 0 1 1 0 0 
Atribuicoes:
0 0 2 22 42 2 1 7 46 0 47 22 7 2 34 0 42 7 18 19 47 34 22 13 24 39 47 13 2 13 30 39 30 39 34 42 22 7 42 39 1 18 47 34 47 42 46 19 39 0 
Custo Total: 2177619
Solução após busca local:
Instalacoes:
1 1 1 0 1 1 0 1 1 1 0 0 0 1 0 0 1 0 1 1 1 0 1 0 0 0 0 0 0 0 0 0 0 0 1 0 0 0 0 1 0 0 1 0 0 0 1 1 0 1 
Atribuicoes:
1 0 13 39 8 30 1 20 46 9 20 8 22 8 34 0 42 13 18 19 47 47 22 13 30 1 47 20 4 49 20 16 9 8 4 16 13 9 42 8 1 18 4 49 47 9 46 19 39 0 
Custo Total: 675448
Total de iterações: 25498
Melhorias: 16
Tempo até a melhor solução: 17.9993 segundos
Iterações até a melhor solução: 15862
Soma dos custos: 12202643032
Média dos custos: 478573
Pior valor encontrado: 726742
Melhor solução encontrada:
Instalacoes:
1 1 0 0 1 0 0 0 1 1 0 0 0 1 0 0 1 0 1 0 1 0 1 0 0 0 0 0 0 0 0 0 0 0 0 0 0 0 0 0 0 0 0 0 0 0 1 1 0 1 
Atribuicoes:
1 49 13 18 20 9 1 20 20 0 22 9 22 8 47 8 16 8 18 0 47 47 22 47 16 1 4 20 4 13 9 16 9 49 4 8 13 9 46 4 1 18 4 8 47 9 46 0 49 49 
Custo Total: 465662
