Instância: Data/raw/50_P60_M1_Continuo_8.txt
Tempo limite: 30 segundos
Seed: 3
Tamanho da pertubação: 5
Solução inicial:
Instalacoes:
1 1 1 1 0 0 0 0 0 1 0 0 0 1 0 1 1 0 0 0 0 0 1 0 0 0 0 0 0 0 0 0 0 0 1 1 0 0 0 1 0 0 1 0 0 0 1 1 0 0 
Atribuicoes:
0 1 2 3 15 0 2 13 15 42 47 9 35 39 34 42 16 35 16 47 46 34 22 2 1 39 9 9 34 13 34 0 35 3 1 16 3 22 9 39 47 16 42 34 9 46 46 47 39 1 
Custo Total: 1735825
Solução após busca local:
Instalacoes:
1 1 1 1 1 0 0 0 1 1 0 0 0 1 0 1 1 0 0 1 1 0 1 0 0 0 0 0 0 0 1 0 0 0 1 1 0 0 0 1 0 0 1 0 0 0 1 1 0 1 
Atribuicoes:
0 4 2 4 1 0 20 13 47 42 49 22 8 13 13 4 8 22 16 47 46 34 22 8 1 49 42 9 34 20 34 9 8 0 0 16 9 4 46 30 9 16 42 19 9 47 46 47 39 1 
Custo Total: 699336
Total de iterações: 24379
Melhorias: 12
Tempo até a melhor solução: 10.4415 segundos
Iterações até a melhor solução: 8574
Soma dos custos: 11628740811
Média dos custos: 476998
Pior valor encontrado: 748904
Melhor solução encontrada:
Instalacoes:
1 1 0 0 1 0 0 0 1 1 0 0 0 1 0 0 1 0 1 1 1 0 1 0 0 1 0 0 0 0 0 0 0 0 0 0 0 0 0 0 0 0 0 0 0 0 0 1 0 0 
Atribuicoes:
19 0 13 0 4 47 20 18 9 4 18 0 13 25 47 0 8 16 16 16 8 1 22 8 18 47 4 22 1 9 1 25 8 13 13 20 16 0 47 13 9 20 4 1 9 20 8 19 25 47 
Custo Total: 467220
