Instância: Data/raw/50_P80_M1_HUB_10.txt
Tempo limite: 30 segundos
Seed: 6
Tamanho da pertubação: 5
Solução inicial:
Instalacoes:
1 1 1 0 0 0 0 1 0 0 0 1 0 1 0 1 1 0 0 1 0 0 1 0 0 1 0 0 0 1 1 0 0 0 1 0 0 0 1 0 0 1 0 1 0 0 0 1 0 0 
Atribuicoes:
47 1 2 25 15 2 43 7 43 15 16 11 7 13 19 47 16 7 41 47 41 1 22 30 34 25 47 11 30 29 30 2 30 7 1 34 25 7 38 13 16 16 47 19 47 38 38 19 29 1 
Custo Total: 2553472
Solução após busca local:
Instalacoes:
0 1 1 0 1 1 0 1 1 1 0 1 0 1 0 1 1 0 1 1 1 0 1 1 0 1 0 0 0 1 1 1 0 0 1 0 0 0 1 1 0 1 1 1 0 0 1 1 0 1 
Atribuicoes:
15 42 31 25 42 5 0 47 46 19 16 11 30 23 4 47 16 7 41 47 41 13 22 30 23 25 4 5 8 29 30 2 0 8 13 34 49 9 38 13 20 18 9 19 20 42 8 19 39 1 
Custo Total: 1017209
Total de iterações: 18749
Melhorias: 14
Tempo até a melhor solução: 5.80807 segundos
Iterações até a melhor solução: 3601
Soma dos custos: 13258456259
Média dos custos: 707155
Pior valor encontrado: 927287
Melhor solução encontrada:
Instalacoes:
1 1 0 0 1 0 0 0 1 1 0 0 0 1 0 0 1 0 1 1 1 0 1 0 0 1 0 0 1 0 1 1 0 0 0 0 0 0 0 1 0 0 0 0 0 0 1 1 0 1 
Atribuicoes:
1 19 31 25 19 30 0 8 46 19 16 9 4 4 4 8 16 13 47 8 46 13 31 16 28 25 0 28 28 1 16 22 20 8 4 30 49 39 47 8 20 18 46 20 9 20 13 9 39 49 
Custo Total: 704478
