Instância: Data/raw/50_P60_M0_Continuo_3.txt
Tempo limite: 30 segundos
Seed: 8
Tamanho da pertubação: 5
Solução inicial:
Instalacoes:
0 1 0 0 0 1 0 1 1 1 0 0 0 1 0 1 0 0 1 1 0 0 1 1 0 0 0 0 1 1 0 0 0 0 0 0 0 0 0 1 0 0 0 0 0 0 1 0 0 0 
Atribuicoes:
1 1 9 5 8 5 22 7 8 46 5 29 7 13 1 15 1 7 18 1 15 39 22 23 46 9 9 9 28 29 23 28 29 29 1 46 5 7 46 39 28 18 8 19 9 46 46 19 39 1 
Custo Total: 1903084
Solução após busca local:
Instalacoes:
1 1 0 0 1 1 0 1 1 1 0 0 0 0 0 0 1 0 1 1 1 0 1 1 0 0 0 0 1 1 1 1 0 0 0 0 0 0 0 1 0 0 0 0 0 0 1 1 0 0 
Atribuicoes:
4 1 9 20 8 20 19 7 8 19 4 31 31 9 1 9 18 8 18 47 20 39 22 30 16 9 47 4 16 29 23 28 0 0 1 16 1 18 46 39 28 8 47 30 9 46 46 19 39 4 
Custo Total: 698576
Total de iterações: 24633
Melhorias: 21
Tempo até a melhor solução: 29.6059 segundos
Iterações até a melhor solução: 24312
Soma dos custos: 12306309047
Média dos custos: 499586
Pior valor encontrado: 768607
Melhor solução encontrada:
Instalacoes:
1 1 0 0 1 0 0 0 1 1 0 0 0 1 0 0 1 0 0 0 1 0 1 0 0 0 0 0 0 0 1 0 0 0 0 0 0 0 0 1 0 0 0 0 0 0 1 1 0 0 
Atribuicoes:
4 1 9 30 46 47 39 1 8 0 4 22 1 13 30 9 20 8 16 20 8 30 9 47 47 9 47 4 0 47 13 39 20 20 1 16 1 22 47 0 1 20 16 13 9 46 46 0 39 4 
Custo Total: 478537
