Instância: Data/raw/50_P30_M1_Continuo_8.txt
Tempo limite: 30 segundos
Seed: 4
Tamanho da pertubação: 5
Solução inicial:
Instalacoes:
1 1 0 0 0 0 0 0 0 0 0 0 0 0 0 0 1 0 0 1 0 0 1 1 0 1 0 0 0 0 1 0 0 0 0 0 0 0 0 0 0 0 0 0 0 0 1 1 0 0 
Atribuicoes:
0 0 30 47 46 30 30 1 46 0 47 22 47 23 0 0 16 19 16 19 16 30 22 23 1 25 19 22 30 23 30 47 30 47 0 16 47 25 46 23 1 16 0 0 46 46 46 0 23 1 
Custo Total: 1457376
Solução após busca local:
Instalacoes:
1 0 0 0 1 0 0 0 1 1 0 0 0 0 0 0 1 0 0 1 1 0 1 1 0 1 0 0 0 0 1 0 0 0 0 0 0 0 0 0 0 0 0 0 0 0 1 1 0 0 
Atribuicoes:
0 8 4 9 47 20 1 20 20 4 47 22 20 20 9 1 16 1 16 8 47 1 22 4 20 25 9 8 20 9 30 20 20 47 0 47 4 4 9 47 9 8 8 0 8 8 46 47 47 8 
Custo Total: 431885
Total de iterações: 43528
Melhorias: 15
Tempo até a melhor solução: 15.0529 segundos
Iterações até a melhor solução: 20902
Soma dos custos: 11835033738
Média dos custos: 271895
Pior valor encontrado: 517776
Melhor solução encontrada:
Instalacoes:
0 1 0 0 1 0 0 0 1 1 0 0 0 1 0 0 0 0 0 0 1 0 1 0 0 0 0 0 0 0 0 0 0 0 0 0 0 0 0 0 0 0 0 0 0 0 0 1 0 0 
Atribuicoes:
9 1 4 9 4 20 13 20 20 4 20 22 1 8 8 47 8 47 4 47 1 47 22 4 20 9 9 8 20 9 13 20 20 4 9 47 8 9 8 1 1 47 4 9 8 8 8 4 13 20 
Custo Total: 266194
