Instância: Data/raw/50_P10_M0_Continuo_2.txt
Tempo limite: 30 segundos
Seed: 8
Tamanho da pertubação: 5
Solução inicial:
Instalacoes:
0 0 0 0 0 0 0 0 1 0 0 0 0 1 0 0 0 0 0 0 1 0 1 0 0 0 0 0 0 0 0 0 0 0 0 0 0 0 0 1 0 0 0 0 0 0 0 1 0 0 
Atribuicoes:
47 47 13 13 8 22 39 20 8 8 20 20 20 13 47 8 47 20 20 47 20 47 22 13 20 20 47 20 47 13 39 47 47 39 47 20 13 20 47 13 47 20 8 47 47 20 8 47 13 47 
Custo Total: 487330
Solução após busca local:
Instalacoes:
0 0 0 0 0 0 0 0 1 1 0 0 0 1 0 0 0 0 0 0 1 0 1 0 0 0 0 0 0 0 0 0 0 0 0 0 0 0 0 1 0 0 0 0 0 0 0 1 0 0 
Atribuicoes:
47 8 9 20 8 9 9 20 8 8 9 20 20 13 47 8 8 20 20 47 20 9 22 8 20 9 8 20 8 9 47 47 9 9 47 20 13 20 8 9 9 20 8 47 9 20 9 47 20 9 
Custo Total: 220831
Total de iterações: 113965
Melhorias: 9
Tempo até a melhor solução: 16.2355 segundos
Iterações até a melhor solução: 61014
Soma dos custos: 19002842083
Média dos custos: 166743
Pior valor encontrado: 370168
Melhor solução encontrada:
Instalacoes:
0 0 0 0 1 0 0 0 1 1 0 0 0 0 0 0 0 0 0 0 1 0 1 0 0 0 0 0 0 0 0 0 0 0 0 0 0 0 0 0 0 0 0 0 0 0 0 0 0 0 
Atribuicoes:
9 4 9 20 4 9 9 20 8 9 8 20 4 20 9 4 9 20 20 8 20 9 22 4 20 20 8 20 4 9 8 4 9 9 9 9 4 20 4 4 9 20 8 9 9 9 8 4 20 9 
Custo Total: 165002
