Instância: Data/raw/50_P40_M0_Continuo_6.txt
Tempo limite: 30 segundos
Seed: 5
Tamanho da pertubação: 5
Solução inicial:
Instalacoes:
1 0 0 0 1 1 0 0 0 0 0 0 0 0 0 0 1 0 0 1 1 0 1 1 0 0 0 0 0 0 1 1 0 0 1 0 0 0 0 0 0 0 0 0 0 0 0 1 0 1 
Atribuicoes:
0 0 23 5 19 30 47 5 19 49 4 20 23 23 34 34 20 23 20 19 20 34 22 23 4 31 19 20 31 23 30 31 30 31 49 4 23 23 47 23 4 4 49 34 19 4 4 47 30 16 
Custo Total: 2122173
Solução após busca local:
Instalacoes:
1 1 0 0 1 1 0 0 1 1 0 0 0 1 0 0 0 0 1 1 1 0 1 1 0 0 0 0 0 0 1 1 0 0 1 0 0 0 0 0 0 0 0 0 0 0 0 1 0 1 
Atribuicoes:
0 8 9 13 1 5 47 47 19 47 4 22 16 8 49 0 20 9 8 20 18 4 22 8 4 31 8 20 1 47 30 31 30 9 20 4 30 49 4 4 8 4 9 20 9 8 20 47 1 1 
Custo Total: 556465
Total de iterações: 36026
Melhorias: 16
Tempo até a melhor solução: 6.64912 segundos
Iterações até a melhor solução: 7769
Soma dos custos: 11375647444
Média dos custos: 315762
Pior valor encontrado: 570902
Melhor solução encontrada:
Instalacoes:
0 1 0 0 1 0 0 0 1 1 0 0 0 1 0 0 1 0 0 0 1 0 1 0 0 0 0 0 0 0 0 0 0 0 0 0 0 0 0 0 0 0 0 0 0 0 0 1 0 0 
Atribuicoes:
16 8 9 13 9 20 1 9 1 47 16 8 8 9 47 9 20 16 8 20 9 4 22 4 16 4 8 22 1 13 20 47 13 9 47 4 13 13 4 4 1 4 1 20 4 8 20 47 47 9 
Custo Total: 314380
