Instância: Data/raw/50_P80_M1_Continuo_10.txt
Tempo limite: 30 segundos
Seed: 4
Tamanho da pertubação: 5
Solução inicial:
Instalacoes:
1 0 0 0 1 1 0 1 1 1 0 1 0 1 0 0 0 0 0 1 1 0 1 1 0 0 0 0 0 1 0 0 0 0 0 1 0 0 0 1 0 0 1 0 0 0 0 1 0 0 
Atribuicoes:
47 47 13 35 4 5 47 7 8 9 35 11 39 13 19 9 20 39 4 47 20 35 22 23 9 13 42 11 5 29 23 13 5 22 47 9 35 39 4 13 9 20 8 19 42 4 8 19 39 9 
Custo Total: 2681819
Solução após busca local:
Instalacoes:
0 1 0 0 1 1 0 0 1 1 0 1 0 1 0 0 1 0 1 1 1 0 1 1 0 0 0 0 0 0 1 1 0 0 1 1 0 0 0 1 0 0 1 0 0 0 1 1 0 1 
Atribuicoes:
1 47 13 20 4 5 18 23 42 34 35 46 31 13 18 30 20 22 1 18 16 35 9 23 9 16 19 11 31 4 8 1 30 39 47 9 39 49 4 13 22 20 8 19 42 46 8 19 9 47 
Custo Total: 794485
Total de iterações: 18589
Melhorias: 21
Tempo até a melhor solução: 21.3667 segundos
Iterações até a melhor solução: 13170
Soma dos custos: 12351773176
Média dos custos: 664467
Pior valor encontrado: 924674
Melhor solução encontrada:
Instalacoes:
1 1 0 0 1 0 0 0 1 1 0 0 0 1 0 0 1 0 1 1 1 0 1 0 0 1 0 0 0 0 1 1 0 0 0 0 0 0 0 1 0 0 0 0 0 0 1 1 0 1 
Atribuicoes:
1 0 30 20 8 4 16 25 47 47 13 39 22 1 16 30 20 4 18 16 49 18 9 13 9 30 47 22 25 8 13 31 31 49 0 9 39 19 8 1 49 20 46 19 1 4 46 19 9 0 
Custo Total: 647684
