Instância: Data/raw/50_P70_M1_Continuo_4.txt
Tempo limite: 30 segundos
Seed: 4
Tamanho da pertubação: 5
Solução inicial:
Instalacoes:
1 0 1 1 1 0 0 1 0 1 0 1 0 1 0 0 1 0 0 0 1 0 1 0 0 1 0 0 0 1 0 0 0 0 1 0 0 0 0 1 0 0 1 0 0 0 1 1 0 0 
Atribuicoes:
4 4 2 3 42 2 39 7 46 9 16 11 7 13 34 9 20 7 20 47 20 34 22 2 16 25 47 11 25 29 47 39 0 16 4 9 3 7 46 13 16 20 42 34 47 4 42 0 25 4 
Custo Total: 2154233
Solução após busca local:
Instalacoes:
1 1 1 1 1 0 0 1 1 1 0 1 0 1 0 0 1 0 0 1 1 0 1 0 0 1 0 1 1 0 1 1 0 0 1 0 0 0 0 1 0 0 1 0 0 0 1 1 0 1 
Atribuicoes:
0 4 2 4 42 31 39 25 46 49 16 11 30 13 9 9 34 7 20 1 20 13 22 34 8 28 19 31 25 13 47 22 31 30 28 9 3 47 46 1 16 20 42 34 47 4 4 0 39 16 
Custo Total: 843847
Total de iterações: 21416
Melhorias: 13
Tempo até a melhor solução: 23.7241 segundos
Iterações até a melhor solução: 16906
Soma dos custos: 12509232984
Média dos custos: 584107
Pior valor encontrado: 835168
Melhor solução encontrada:
Instalacoes:
1 1 0 0 1 0 0 0 1 1 0 0 0 1 0 0 1 0 1 1 1 0 1 0 0 0 0 0 0 0 1 1 0 0 0 0 0 0 0 1 0 0 0 0 0 0 0 1 0 1 
Atribuicoes:
9 4 4 39 47 31 31 30 1 1 13 13 39 47 8 8 49 9 18 19 20 13 22 49 16 22 9 31 20 13 30 1 20 39 0 8 16 9 1 30 16 20 0 47 47 4 4 0 19 18 
Custo Total: 566495
