Instância: Data/raw/50_P50_M1_HUB_5.txt
Tempo limite: 30 segundos
Seed: 4
Tamanho da pertubação: 5
Solução inicial:
Instalacoes:
1 0 0 0 1 0 0 0 1 0 0 0 0 1 0 0 0 0 0 0 1 0 1 0 0 0 0 0 1 0 1 0 0 0 0 0 0 0 0 1 0 0 1 0 0 0 0 1 0 0 
Atribuicoes:
47 47 13 39 4 30 20 39 8 4 22 30 39 13 0 0 42 39 8 47 20 30 22 30 4 13 42 13 47 20 28 47 28 39 47 4 39 39 42 13 47 4 8 47 42 42 8 47 13 0 
Custo Total: 2230820
Solução após busca local:
Instalacoes:
1 1 0 0 1 0 0 0 1 1 0 0 0 1 0 0 1 0 1 0 1 0 1 1 0 0 0 0 0 0 1 0 0 0 0 0 0 0 0 1 0 0 1 0 0 0 0 1 0 1 
Atribuicoes:
8 1 13 23 4 30 20 4 20 4 22 9 49 13 18 0 49 18 8 47 18 13 22 30 4 13 42 20 1 23 16 9 23 39 1 4 39 4 47 20 28 4 8 20 8 8 8 47 30 0 
Custo Total: 592568
Total de iterações: 27922
Melhorias: 21
Tempo até a melhor solução: 10.3318 segundos
Iterações até a melhor solução: 10009
Soma dos custos: 11213884244
Média dos custos: 401615
Pior valor encontrado: 641214
Melhor solução encontrada:
Instalacoes:
1 1 0 0 1 0 0 0 1 1 0 0 0 1 0 0 1 0 0 0 1 0 1 0 0 0 0 0 0 0 0 1 0 0 0 0 0 0 0 0 0 0 0 0 0 0 0 1 0 0 
Atribuicoes:
8 16 13 1 4 47 20 4 8 4 22 9 8 47 0 47 16 0 9 20 20 47 22 13 4 1 0 20 1 13 0 31 1 9 47 4 9 9 8 20 31 4 4 1 8 1 47 8 20 8 
Custo Total: 396497
