Instância: Data/raw/50_P80_M0_Continuo_1.txt
Tempo limite: 30 segundos
Seed: 2
Tamanho da pertubação: 5
Solução inicial:
Instalacoes:
1 0 1 1 0 1 0 1 1 1 0 0 0 1 0 0 0 0 1 1 0 0 1 1 0 0 0 1 1 0 0 0 0 0 0 0 0 0 1 1 0 1 0 1 0 0 1 1 0 1 
Atribuicoes:
47 8 13 3 49 5 27 7 8 9 46 39 7 13 43 9 41 7 18 47 41 43 22 2 19 13 19 27 28 23 23 28 2 23 8 9 3 7 38 39 49 18 0 43 47 38 46 19 39 8 
Custo Total: 2028917
Solução após busca local:
Instalacoes:
1 1 1 1 1 0 0 1 1 1 0 0 0 1 0 0 1 0 1 1 1 0 1 1 1 1 0 0 1 0 1 0 0 0 1 0 0 0 1 1 0 1 0 1 0 0 1 1 0 1 
Atribuicoes:
47 13 0 39 49 19 0 25 8 9 9 25 7 13 43 9 47 22 18 20 4 43 22 2 30 13 47 8 16 23 23 28 1 30 8 20 8 16 18 4 34 41 0 47 1 38 46 19 39 30 
Custo Total: 922995
Total de iterações: 19054
Melhorias: 15
Tempo até a melhor solução: 23.2116 segundos
Iterações até a melhor solução: 14846
Soma dos custos: 12874769576
Média dos custos: 675699
Pior valor encontrado: 900527
Melhor solução encontrada:
Instalacoes:
1 1 0 0 1 0 0 0 1 1 0 0 0 1 0 0 1 0 1 1 1 0 1 1 0 0 0 0 0 0 1 1 0 0 0 1 0 0 0 1 0 0 0 0 0 0 1 1 0 0 
Atribuicoes:
47 20 30 39 18 16 18 4 8 9 16 4 0 13 19 9 47 22 18 19 30 4 8 13 9 20 47 22 31 23 23 9 1 30 1 35 8 31 0 22 46 35 1 47 0 20 46 16 39 13 
Custo Total: 669166
