Instância: Data/raw/50_P50_M1_HUB_1.txt
Tempo limite: 30 segundos
Seed: 10
Tamanho da pertubação: 5
Solução inicial:
Instalacoes:
1 1 1 0 0 0 0 0 1 1 0 0 0 0 0 0 0 0 1 0 1 0 1 0 0 0 0 0 0 1 0 0 0 0 0 0 0 0 0 1 0 0 1 0 0 0 1 1 0 0 
Atribuicoes:
0 1 2 46 8 2 42 46 8 9 18 18 39 2 47 9 20 18 18 0 20 0 22 29 9 39 47 1 8 29 2 0 47 18 1 9 46 39 46 39 9 20 47 0 47 8 8 0 39 9 
Custo Total: 1871360
Solução após busca local:
Instalacoes:
1 1 1 0 1 0 0 0 1 1 0 0 0 1 0 0 1 0 1 1 1 0 1 0 0 0 0 0 0 1 0 0 0 0 0 1 0 0 0 1 0 0 0 0 0 0 1 1 0 1 
Atribuicoes:
0 49 13 47 4 2 20 4 8 8 9 20 13 0 47 9 0 16 16 0 20 47 22 29 9 39 9 1 1 29 47 4 47 18 1 13 9 13 46 39 9 49 1 1 47 8 8 19 8 35 
Custo Total: 616688
Total de iterações: 28363
Melhorias: 17
Tempo até a melhor solução: 11.9284 segundos
Iterações até a melhor solução: 11132
Soma dos custos: 11950127488
Média dos custos: 421328
Pior valor encontrado: 664392
Melhor solução encontrada:
Instalacoes:
1 1 0 0 1 0 0 0 1 1 0 0 0 1 0 0 1 0 0 0 1 0 1 0 0 1 0 0 0 0 0 1 0 0 0 0 0 0 0 0 0 0 0 0 0 0 0 1 0 0 
Atribuicoes:
4 20 13 47 4 25 16 31 8 8 9 16 20 1 47 9 22 20 20 1 16 4 22 47 9 25 9 31 13 1 9 31 4 0 1 13 9 13 4 25 8 20 20 20 47 8 8 1 8 0 
Custo Total: 416821
