Instância: Data/raw/50_P60_M1_Continuo_4.txt
Tempo limite: 30 segundos
Seed: 4
Tamanho da pertubação: 5
Solução inicial:
Instalacoes:
1 0 1 0 0 0 0 0 0 1 0 0 0 0 0 0 1 0 1 0 1 0 1 1 0 1 0 0 0 0 1 0 0 0 1 0 0 0 0 1 0 0 1 0 0 0 1 0 0 0 
Atribuicoes:
0 0 30 46 42 30 2 46 46 9 16 22 18 23 34 9 20 18 20 0 20 34 22 23 16 25 18 22 30 23 30 25 30 16 34 9 23 18 46 39 16 20 42 34 9 20 46 0 39 0 
Custo Total: 2242650
Solução após busca local:
Instalacoes:
1 1 0 0 1 0 0 0 1 1 0 0 0 1 0 0 1 0 1 0 1 0 1 1 0 1 0 0 0 0 1 0 0 0 1 0 0 0 0 1 0 0 1 0 0 0 1 1 0 1 
Atribuicoes:
47 0 4 16 42 1 1 39 1 49 9 49 8 23 4 9 9 18 46 0 20 34 22 47 13 25 46 22 30 23 49 13 20 16 34 9 4 39 47 8 16 20 42 1 9 20 8 0 39 49 
Custo Total: 673556
Total de iterações: 24345
Melhorias: 16
Tempo até a melhor solução: 19.3628 segundos
Iterações até a melhor solução: 15512
Soma dos custos: 11801081072
Média dos custos: 484744
Pior valor encontrado: 748499
Melhor solução encontrada:
Instalacoes:
1 1 0 0 1 0 0 0 1 1 0 0 0 1 0 0 1 0 0 0 1 0 1 0 0 0 0 0 0 0 1 0 0 0 0 0 0 0 0 0 0 0 0 0 0 0 1 1 0 1 
Atribuicoes:
47 0 47 30 46 30 9 49 1 13 20 30 8 13 4 20 20 4 9 0 20 8 22 47 30 1 4 22 4 13 8 9 20 16 49 9 1 16 47 8 16 13 46 1 4 46 8 0 1 49 
Custo Total: 469844
