Instância: Data/raw/50_P100_M1_HUB_1.txt
Tempo limite: 30 segundos
Seed: 5
Tamanho da pertubação: 5
Solução inicial:
Instalacoes:
1 0 1 1 0 1 0 1 0 1 0 1 0 0 0 1 0 0 1 1 0 0 1 0 0 0 0 0 1 0 0 0 0 0 0 0 0 0 1 1 0 1 1 1 0 0 1 0 0 0 
Atribuicoes:
0 0 2 3 15 5 41 7 15 9 46 11 7 2 19 9 42 7 18 19 46 43 22 43 42 5 42 11 28 43 2 28 5 2 0 9 3 7 38 39 28 18 0 19 42 38 46 19 39 0 
Custo Total: 3027362
Solução após busca local:
Instalacoes:
1 1 1 1 1 1 0 1 1 1 0 1 0 1 0 1 1 0 1 1 1 0 1 1 0 1 0 1 1 0 1 1 0 0 0 1 0 0 1 1 0 0 1 1 0 0 1 1 0 1 
Atribuicoes:
47 1 4 3 15 5 25 7 13 35 8 11 27 2 19 9 8 1 18 19 46 43 22 20 35 27 4 31 28 23 30 47 5 20 49 16 23 39 38 13 18 41 0 43 42 9 46 49 39 0 
Custo Total: 1310985
Total de iterações: 14568
Melhorias: 22
Tempo até a melhor solução: 17.7465 segundos
Iterações até a melhor solução: 8495
Soma dos custos: 17142356507
Média dos custos: 1.17671e+06
Pior valor encontrado: 1381698
Melhor solução encontrada:
Instalacoes:
1 1 0 0 1 1 0 0 1 1 0 0 0 1 0 0 1 0 1 1 1 0 1 1 0 1 0 1 1 1 1 1 0 0 1 1 0 0 0 1 0 1 1 0 0 0 1 1 0 1 
Atribuicoes:
0 34 49 4 42 5 25 16 46 20 22 22 25 31 34 47 16 8 18 47 49 19 27 20 42 23 1 1 28 29 30 31 5 13 30 35 23 39 0 13 18 41 8 19 4 9 46 9 39 35 
Custo Total: 1167399
