Instância: Data/raw/50_P5_M1_HUB_7.txt
Tempo limite: 30 segundos
Seed: 2
Tamanho da pertubação: 5
Solução inicial:
Instalacoes:
0 0 0 0 1 0 0 0 1 1 0 0 0 0 0 0 0 0 0 0 1 0 1 0 0 0 0 0 0 0 0 0 0 0 0 0 0 0 0 0 0 0 0 0 0 0 0 1 0 0 
Atribuicoes:
4 47 9 9 4 47 20 9 8 4 20 20 9 9 47 4 20 20 20 47 20 47 22 20 4 47 47 20 47 4 47 47 47 9 47 9 9 9 8 9 9 20 8 47 9 8 8 47 9 4 
Custo Total: 477479
Solução após busca local:
Instalacoes:
0 1 0 0 1 0 0 0 1 1 0 0 0 0 0 0 0 0 0 0 1 0 1 0 0 0 0 0 0 0 0 0 0 0 0 0 0 0 0 0 0 0 0 0 0 0 0 1 0 0 
Atribuicoes:
9 1 9 9 8 20 20 20 8 9 20 20 20 9 9 4 9 20 20 47 20 9 22 20 20 9 8 20 9 4 9 9 9 9 4 9 9 20 8 9 9 20 9 47 8 8 8 47 9 4 
Custo Total: 212099
Total de iterações: 149694
Melhorias: 8
Tempo até a melhor solução: 16.7389 segundos
Iterações até a melhor solução: 90877
Soma dos custos: 23666677165
Média dos custos: 158100
Pior valor encontrado: 340545
Melhor solução encontrada:
Instalacoes:
0 0 0 0 1 0 0 0 1 1 0 0 0 0 0 0 0 0 0 0 0 0 1 0 0 0 0 0 0 0 0 0 0 0 0 0 0 0 0 0 0 0 0 0 0 0 0 0 0 0 
Atribuicoes:
9 4 8 9 8 9 4 9 8 9 4 4 4 4 9 9 9 9 8 9 4 9 22 4 22 9 8 4 9 4 9 9 9 9 4 9 4 4 8 9 8 4 9 9 8 8 8 9 9 9 
Custo Total: 151043
