Instância: Data/raw/50_P100_M1_Continuo_9.txt
Tempo limite: 30 segundos
Seed: 10
Tamanho da pertubação: 5
Solução inicial:
Instalacoes:
1 0 1 1 0 1 0 1 0 1 0 0 0 0 0 1 0 0 1 1 0 0 1 0 0 0 0 0 1 1 0 0 0 0 0 0 0 0 1 1 0 1 1 0 0 0 1 0 0 0 
Atribuicoes:
0 0 2 3 15 5 41 7 15 9 46 22 7 2 19 9 42 7 18 19 46 15 22 29 42 5 15 22 28 29 2 28 5 29 0 9 3 7 38 39 28 18 42 19 42 38 46 19 39 0 
Custo Total: 3072703
Solução após busca local:
Instalacoes:
1 1 1 1 1 1 0 1 1 1 0 0 0 1 0 1 1 0 1 1 1 0 1 0 0 1 0 1 1 1 1 1 0 0 1 1 0 0 1 1 0 0 1 1 0 0 1 1 0 1 
Atribuicoes:
13 0 2 3 15 5 1 7 13 9 16 5 22 39 4 42 35 7 18 19 8 30 22 29 42 8 20 27 28 29 2 31 34 31 0 9 49 4 38 1 25 41 20 43 34 47 46 19 39 49 
Custo Total: 1339771
Total de iterações: 14583
Melhorias: 18
Tempo até a melhor solução: 11.4053 segundos
Iterações até a melhor solução: 5484
Soma dos custos: 17217797146
Média dos custos: 1.18068e+06
Pior valor encontrado: 1375925
Melhor solução encontrada:
Instalacoes:
1 1 0 0 1 1 0 0 1 1 0 0 0 1 1 0 1 0 1 1 1 0 1 1 0 1 0 1 0 0 1 1 0 0 1 1 0 0 0 1 0 0 1 1 0 0 1 1 0 1 
Atribuicoes:
8 0 30 39 46 5 18 31 47 9 4 5 22 34 34 42 25 16 8 19 13 18 22 23 42 25 20 27 1 23 30 27 0 39 14 35 49 35 47 13 31 16 20 43 1 4 46 19 9 49 
Custo Total: 1179200
