Instância: Data/raw/50_P80_M1_HUB_8.txt
Tempo limite: 30 segundos
Seed: 7
Tamanho da pertubação: 5
Solução inicial:
Instalacoes:
1 1 0 0 1 1 0 1 1 0 0 0 0 1 1 1 0 0 1 0 0 0 1 0 0 1 0 0 1 0 0 0 0 0 1 0 0 0 0 1 0 0 1 0 0 0 1 1 0 0 
Atribuicoes:
47 1 4 25 15 5 1 7 8 42 46 39 7 13 14 0 34 34 18 47 15 14 22 15 0 4 4 4 28 13 5 28 5 7 1 34 25 34 8 39 28 18 42 14 4 8 46 47 39 0 
Custo Total: 2169749
Solução após busca local:
Instalacoes:
1 1 0 0 1 1 0 1 1 1 0 0 1 1 1 1 1 0 1 1 1 0 1 0 0 1 0 0 1 1 1 1 0 0 1 1 0 0 0 1 0 0 1 0 0 0 1 1 0 1 
Atribuicoes:
9 19 13 25 1 30 4 7 8 34 47 39 31 13 14 0 16 25 18 47 15 1 22 29 0 31 4 4 49 13 5 28 34 20 1 18 25 16 18 9 35 18 42 0 19 8 46 20 39 35 
Custo Total: 999846
Total de iterações: 19235
Melhorias: 20
Tempo até a melhor solução: 21.9335 segundos
Iterações até a melhor solução: 14005
Soma dos custos: 13511776568
Média dos custos: 702458
Pior valor encontrado: 950299
Melhor solução encontrada:
Instalacoes:
1 1 0 0 1 0 0 0 1 1 0 0 0 1 0 0 1 0 0 1 1 0 1 1 0 1 0 1 0 0 1 1 0 0 0 1 0 0 0 1 0 0 0 0 0 0 0 1 0 1 
Atribuicoes:
19 47 25 20 1 31 20 20 49 13 22 23 4 19 4 19 35 30 31 0 18 8 27 49 13 25 4 27 25 47 30 30 13 16 8 9 9 13 9 39 1 4 0 0 8 8 47 16 23 1 
Custo Total: 698465
