Instância: Data/raw/50_P30_M1_HUB_10.txt
Tempo limite: 30 segundos
Seed: 5
Tamanho da pertubação: 5
Solução inicial:
Instalacoes:
0 1 0 0 0 0 0 0 1 1 0 0 0 1 0 0 0 0 1 1 1 0 1 0 0 0 0 0 0 0 1 0 0 0 0 0 0 0 0 0 0 0 0 0 0 0 0 0 0 0 
Atribuicoes:
19 1 18 13 8 30 9 18 8 9 20 20 20 9 1 19 18 18 18 19 20 30 22 1 1 1 9 20 1 30 9 13 30 13 1 8 13 18 8 22 9 20 8 19 8 8 8 19 18 1 
Custo Total: 1254949
Solução após busca local:
Instalacoes:
1 1 0 0 1 0 0 0 1 1 0 0 0 1 0 0 0 0 1 1 1 0 1 0 0 0 0 0 0 0 1 0 0 0 0 0 0 0 0 0 0 0 0 0 0 0 0 1 0 0 
Atribuicoes:
47 4 13 0 8 13 9 13 9 9 20 22 20 9 0 19 20 20 18 19 20 47 22 1 1 47 47 20 9 4 9 13 9 47 1 8 13 47 4 13 9 20 4 0 8 8 8 4 30 1 
Custo Total: 387050
Total de iterações: 44648
Melhorias: 19
Tempo até a melhor solução: 25.7092 segundos
Iterações até a melhor solução: 38971
Soma dos custos: 12945105932
Média dos custos: 289937
Pior valor encontrado: 522666
Melhor solução encontrada:
Instalacoes:
1 1 0 0 1 0 0 0 1 1 0 0 0 0 0 0 0 0 0 0 1 0 1 0 0 0 0 0 0 0 0 0 0 0 0 0 0 0 0 0 0 0 0 0 0 0 0 1 0 0 
Atribuicoes:
0 4 9 47 9 20 20 20 9 9 9 8 47 9 1 8 20 20 20 47 20 20 1 8 9 1 47 20 9 47 9 22 1 4 9 0 4 4 4 4 8 0 4 20 8 4 8 47 22 1 
Custo Total: 280259
