Instância: Data/raw/50_P40_M1_HUB_2.txt
Tempo limite: 30 segundos
Seed: 1
Tamanho da pertubação: 5
Solução inicial:
Instalacoes:
0 0 0 0 1 0 0 0 1 1 0 0 0 1 0 0 1 0 0 1 1 0 1 0 0 0 0 0 0 0 1 0 0 0 0 1 0 0 0 0 0 0 0 0 0 0 0 0 0 0 
Atribuicoes:
19 8 13 16 4 30 35 16 8 9 9 20 9 13 19 9 4 16 20 19 20 20 22 13 4 13 9 20 16 35 30 8 30 20 16 9 22 16 8 13 9 20 8 19 9 8 8 19 13 4 
Custo Total: 1710492
Solução após busca local:
Instalacoes:
1 1 0 0 1 0 0 0 1 1 0 0 0 1 0 0 1 0 0 1 1 0 1 0 0 0 0 0 0 0 1 1 0 0 0 1 0 0 0 0 0 0 0 0 0 0 0 1 0 1 
Atribuicoes:
9 8 13 4 4 30 47 4 47 49 9 31 9 13 49 8 4 16 20 19 20 20 8 13 1 13 9 20 16 9 30 8 1 47 16 9 22 13 1 20 9 20 8 49 9 8 8 19 16 0 
Custo Total: 492808
Total de iterações: 34901
Melhorias: 14
Tempo até a melhor solução: 10.4587 segundos
Iterações até a melhor solução: 12047
Soma dos custos: 11995678434
Média dos custos: 343706
Pior valor encontrado: 619995
Melhor solução encontrada:
Instalacoes:
1 1 0 0 1 0 0 0 1 1 0 0 0 1 0 0 1 0 0 0 1 0 1 0 0 0 0 0 0 0 0 0 0 0 0 0 0 0 0 0 0 0 0 0 0 0 0 1 0 0 
Atribuicoes:
9 8 13 20 4 0 4 4 20 4 9 22 9 13 4 8 16 47 20 0 20 47 22 13 16 20 9 20 1 9 0 8 1 13 47 9 16 4 47 20 9 1 8 8 9 1 8 0 47 1 
Custo Total: 336996
