Instância: Data/raw/50_P5_M0_Continuo_8.txt
Tempo limite: 30 segundos
Seed: 5
Tamanho da pertubação: 5
Solução inicial:
Instalacoes:
0 0 0 0 1 0 0 0 1 1 0 0 0 1 0 0 0 0 0 0 0 0 1 0 0 0 0 0 0 0 0 0 0 0 0 0 0 0 0 0 0 0 0 0 0 0 0 1 0 0 
Atribuicoes:
47 47 13 8 4 8 47 8 8 9 9 8 8 13 47 9 9 8 4 47 4 9 22 8 9 9 9 8 8 47 8 8 47 8 47 9 8 8 9 8 8 4 8 9 9 8 8 47 8 9 
Custo Total: 452903
Solução após busca local:
Instalacoes:
0 0 0 0 1 0 0 0 1 1 0 0 0 0 0 0 0 0 0 0 1 0 1 0 0 0 0 0 0 0 0 0 0 0 0 0 0 0 0 0 0 0 0 0 0 0 0 1 0 0 
Atribuicoes:
47 4 4 4 4 9 20 20 8 9 20 20 9 9 9 9 9 20 20 47 20 9 22 9 9 9 8 20 9 9 20 9 4 20 9 9 20 20 8 9 20 4 8 9 8 8 8 47 20 9 
Custo Total: 186637
Total de iterações: 191819
Melhorias: 6
Tempo até a melhor solução: 6.43769 segundos
Iterações até a melhor solução: 40888
Soma dos custos: 31231506153
Média dos custos: 162818
Pior valor encontrado: 338231
Melhor solução encontrada:
Instalacoes:
0 0 0 0 1 0 0 0 1 1 0 0 0 0 0 0 0 0 0 0 1 0 1 0 0 0 0 0 0 0 0 0 0 0 0 0 0 0 0 0 0 0 0 0 0 0 0 0 0 0 
Atribuicoes:
4 9 20 20 8 9 4 20 8 9 20 20 20 9 9 9 9 20 20 4 20 9 22 9 20 9 8 20 9 9 9 9 4 9 9 9 20 20 8 9 20 4 8 4 8 8 8 4 20 9 
Custo Total: 162627
