Instância: Data/raw/50_P70_M0_Continuo_5.txt
Tempo limite: 30 segundos
Seed: 6
Tamanho da pertubação: 5
Solução inicial:
Instalacoes:
0 0 0 1 0 1 0 1 0 1 0 0 0 1 1 1 0 0 0 1 0 0 1 1 1 0 0 1 0 1 0 0 1 0 0 0 0 0 1 1 0 1 1 1 0 0 1 1 0 0 
Atribuicoes:
19 24 14 3 15 24 5 7 46 43 9 9 7 13 14 15 13 23 42 43 24 43 22 23 13 5 9 27 5 29 32 9 32 29 14 13 3 23 38 39 9 41 42 43 9 38 46 47 39 19 
Custo Total: 1799196
Solução após busca local:
Instalacoes:
1 1 0 0 1 1 0 1 1 1 0 0 0 1 1 1 1 0 1 1 1 0 1 1 0 0 0 0 0 1 0 0 1 0 0 0 0 0 1 0 0 0 1 1 0 0 1 1 0 1 
Atribuicoes:
0 19 20 9 15 8 20 4 46 4 16 1 47 13 14 16 8 47 1 4 18 43 22 23 49 9 9 22 5 29 20 9 32 16 0 13 5 13 38 23 49 0 42 43 0 8 46 47 13 19 
Custo Total: 867998
Total de iterações: 20567
Melhorias: 15
Tempo até a melhor solução: 28.9132 segundos
Iterações até a melhor solução: 19813
Soma dos custos: 11928744943
Média dos custos: 579994
Pior valor encontrado: 829801
Melhor solução encontrada:
Instalacoes:
1 1 0 0 1 0 0 0 1 1 0 0 0 1 0 0 1 0 1 0 1 0 1 0 0 0 0 1 0 0 1 0 0 0 0 0 0 0 0 0 0 0 0 0 0 0 1 1 0 1 
Atribuicoes:
47 49 20 9 16 8 13 4 47 4 27 27 18 20 1 8 8 18 18 4 13 20 22 1 22 9 46 27 9 30 30 0 49 30 0 49 9 47 47 39 16 47 0 20 0 8 46 4 13 1 
Custo Total: 566831
