Instância: Data/raw/50_P80_M1_Continuo_4.txt
Tempo limite: 30 segundos
Seed: 4
Tamanho da pertubação: 5
Solução inicial:
Instalacoes:
1 0 1 0 1 0 0 0 0 1 0 0 0 0 1 0 1 0 0 0 0 0 1 1 0 1 0 0 0 0 1 0 0 0 0 1 0 0 0 1 0 0 1 0 0 0 1 0 0 0 
Atribuicoes:
4 4 30 2 46 30 2 42 42 9 16 22 35 23 14 9 16 35 16 4 46 14 22 23 16 25 0 22 30 23 30 25 30 25 4 9 23 22 30 39 16 16 42 14 0 4 46 30 39 4 
Custo Total: 3228432
Solução após busca local:
Instalacoes:
1 1 1 0 1 0 0 0 1 1 0 0 0 1 1 0 1 0 1 1 1 0 1 1 0 1 0 1 1 0 1 0 0 0 1 1 0 0 0 1 0 0 1 0 0 0 1 1 0 1 
Atribuicoes:
19 8 8 2 42 30 30 47 0 1 49 22 49 23 20 9 16 39 18 34 9 4 13 20 27 25 0 18 13 23 47 27 30 8 35 9 47 35 49 39 22 35 42 30 16 4 46 19 13 4 
Custo Total: 874981
Total de iterações: 19386
Melhorias: 14
Tempo até a melhor solução: 23.7002 segundos
Iterações até a melhor solução: 15305
Soma dos custos: 13413370848
Média dos custos: 691910
Pior valor encontrado: 946164
Melhor solução encontrada:
Instalacoes:
1 1 0 0 1 0 0 0 1 1 0 0 0 1 0 0 1 0 0 1 1 0 1 1 0 1 0 0 0 0 1 1 0 0 0 0 0 0 0 1 0 0 0 0 0 0 1 1 0 1 
Atribuicoes:
19 8 8 49 49 30 30 25 47 18 47 22 16 23 0 20 16 39 8 46 20 4 13 19 31 0 47 1 13 23 25 31 30 9 49 20 25 9 9 39 31 18 1 30 0 4 46 1 13 4 
Custo Total: 677517
