Instância: Data/raw/50_P40_M1_Continuo_9.txt
Tempo limite: 30 segundos
Seed: 6
Tamanho da pertubação: 5
Solução inicial:
Instalacoes:
1 0 0 0 1 0 0 0 1 0 0 0 0 0 0 0 1 0 0 1 1 0 1 1 0 0 0 0 0 0 1 1 0 0 0 0 0 0 0 0 0 0 0 0 0 0 0 0 0 0 
Atribuicoes:
20 20 4 30 4 23 30 16 8 16 22 31 22 23 19 0 20 20 20 19 20 30 22 23 16 31 4 31 30 23 16 31 23 30 0 20 30 20 4 23 31 20 8 19 4 8 8 19 16 0 
Custo Total: 1420856
Solução após busca local:
Instalacoes:
1 1 0 0 1 0 0 0 1 1 0 0 0 1 0 0 1 0 0 1 1 0 1 1 0 0 0 0 0 0 1 1 0 0 0 0 0 0 0 0 0 0 0 0 0 0 0 1 0 0 
Atribuicoes:
20 20 4 9 4 13 30 16 8 1 22 1 47 13 1 0 8 20 9 19 1 30 22 23 16 9 47 31 30 47 4 31 8 47 0 1 9 20 4 8 4 20 13 20 9 8 8 19 16 0 
Custo Total: 467010
Total de iterações: 35265
Melhorias: 26
Tempo até a melhor solução: 19.4224 segundos
Iterações até a melhor solução: 22510
Soma dos custos: 11866704184
Média dos custos: 336501
Pior valor encontrado: 608793
Melhor solução encontrada:
Instalacoes:
1 1 0 0 1 0 0 0 1 1 0 0 0 1 0 0 0 0 0 0 1 0 1 0 0 0 0 0 0 0 1 0 0 0 0 0 0 0 0 0 0 0 0 0 0 0 0 1 0 0 
Atribuicoes:
9 9 30 9 20 4 4 9 8 1 20 13 13 13 1 0 8 20 47 0 20 1 22 4 0 47 47 20 20 47 30 9 8 47 4 1 9 4 0 8 1 4 20 9 9 8 8 47 13 9 
Custo Total: 329263
