Instância: Data/raw/50_P50_M1_HUB_5.txt
Tempo limite: 30 segundos
Seed: 8
Tamanho da pertubação: 5
Solução inicial:
Instalacoes:
1 0 0 0 1 0 0 0 1 0 0 0 0 1 0 0 0 0 0 0 1 0 1 0 0 0 0 0 1 0 1 0 0 0 0 0 0 0 0 1 0 0 1 0 0 0 0 1 0 0 
Atribuicoes:
47 47 13 39 4 30 20 39 8 4 22 30 39 13 0 0 42 39 8 47 20 30 22 30 4 13 42 13 47 20 28 47 28 39 47 4 39 39 42 13 47 4 8 47 42 42 8 47 13 0 
Custo Total: 2230820
Solução após busca local:
Instalacoes:
1 1 0 0 1 0 0 0 1 1 0 0 0 1 0 0 1 0 1 0 1 0 1 1 0 0 0 0 0 0 1 0 0 0 0 0 0 0 0 1 0 0 1 0 0 0 0 1 0 1 
Atribuicoes:
8 1 13 23 4 30 20 4 20 4 22 9 49 13 18 0 49 18 8 47 18 13 22 30 4 13 42 20 1 23 16 9 23 39 1 4 39 4 47 20 28 4 8 20 8 8 8 47 30 0 
Custo Total: 592568
Total de iterações: 27919
Melhorias: 18
Tempo até a melhor solução: 15.237 segundos
Iterações até a melhor solução: 13706
Soma dos custos: 11169592989
Média dos custos: 400071
Pior valor encontrado: 637484
Melhor solução encontrada:
Instalacoes:
1 1 0 0 1 0 0 0 1 1 0 0 0 1 0 0 0 0 0 0 1 0 1 0 0 0 0 0 0 0 1 1 0 0 0 0 0 0 0 1 0 0 0 0 0 0 0 1 0 0 
Atribuicoes:
8 0 13 47 4 13 20 4 1 4 22 39 9 13 9 47 0 47 8 20 20 13 22 13 4 8 9 20 1 30 9 31 30 9 1 4 39 4 9 20 31 4 8 47 8 8 8 47 20 1 
Custo Total: 385599
