Instância: Data/raw/50_P50_M0_Continuo_9.txt
Tempo limite: 30 segundos
Seed: 3
Tamanho da pertubação: 5
Solução inicial:
Instalacoes:
0 1 0 0 1 0 0 0 1 0 0 0 0 0 0 0 0 0 0 0 0 0 1 1 0 1 0 1 1 1 0 0 0 0 1 0 0 0 0 1 0 0 1 0 0 0 1 1 0 0 
Atribuicoes:
42 1 25 46 4 23 23 23 8 4 27 27 39 25 34 25 34 39 22 25 4 34 22 29 1 39 42 27 47 29 29 47 23 23 1 4 42 39 46 39 47 4 8 34 46 46 8 47 39 1 
Custo Total: 1562785
Solução após busca local:
Instalacoes:
1 1 0 0 1 0 0 0 1 1 0 0 0 1 0 0 0 0 0 0 1 0 1 1 0 1 0 1 0 1 1 0 0 0 1 0 0 0 0 1 0 0 0 0 0 0 1 1 0 0 
Atribuicoes:
9 1 25 9 42 23 39 4 8 4 22 20 13 8 34 0 34 13 25 20 8 47 22 23 13 1 0 27 8 13 8 47 20 4 1 20 13 30 46 39 1 4 8 34 0 46 9 47 9 1 
Custo Total: 626702
Total de iterações: 30058
Melhorias: 28
Tempo até a melhor solução: 17.5181 segundos
Iterações até a melhor solução: 17618
Soma dos custos: 11945725413
Média dos custos: 397422
Pior valor encontrado: 665212
Melhor solução encontrada:
Instalacoes:
0 1 0 0 1 0 0 0 1 1 0 0 0 1 0 0 1 0 0 0 1 0 1 0 0 0 0 0 0 0 0 0 0 0 0 0 0 0 0 0 0 0 0 0 0 0 0 1 0 0 
Atribuicoes:
9 4 47 9 1 13 13 13 1 4 13 4 22 9 8 16 8 20 1 0 4 0 22 20 9 16 8 20 8 9 8 47 0 47 4 20 16 1 0 20 1 16 47 9 8 8 20 47 9 4 
Custo Total: 365395
