Instância: Data/raw/50_P100_M1_Continuo_1.txt
Tempo limite: 30 segundos
Seed: 7
Tamanho da pertubação: 5
Solução inicial:
Instalacoes:
1 0 1 1 0 1 1 1 0 1 0 1 0 0 1 0 0 0 1 1 0 0 1 0 0 0 0 0 1 1 0 0 0 0 0 0 0 0 1 1 0 1 1 1 0 0 1 0 0 0 
Atribuicoes:
0 0 2 3 42 5 6 7 42 9 41 11 7 2 14 9 41 7 18 19 41 43 22 29 42 5 42 11 28 29 2 28 43 2 0 9 3 7 38 39 28 18 0 19 42 38 46 19 39 0 
Custo Total: 2780319
Solução após busca local:
Instalacoes:
1 1 1 1 1 1 0 1 1 1 0 1 0 1 0 0 1 0 1 1 1 0 1 0 0 1 0 1 1 1 1 1 0 0 1 1 0 0 1 1 0 1 1 1 0 0 1 1 0 1 
Atribuicoes:
8 4 13 3 13 5 39 16 42 34 41 11 8 2 9 9 35 27 18 1 41 43 22 20 34 4 42 5 28 29 2 28 30 1 49 18 3 7 47 39 31 20 0 19 46 38 46 19 25 0 
Custo Total: 1345491
Total de iterações: 14118
Melhorias: 13
Tempo até a melhor solução: 12.921 segundos
Iterações até a melhor solução: 6200
Soma dos custos: 16672822887
Média dos custos: 1.18096e+06
Pior valor encontrado: 1384301
Melhor solução encontrada:
Instalacoes:
1 1 0 0 1 0 0 1 1 1 0 0 0 1 0 1 1 0 1 1 1 0 1 1 0 1 0 1 1 0 1 1 0 0 1 1 0 0 0 1 0 0 1 0 0 0 1 1 0 1 
Atribuicoes:
0 4 20 0 20 30 39 7 46 15 35 39 27 25 9 8 16 34 18 1 35 28 22 30 15 13 47 27 28 13 25 31 1 23 49 18 16 31 8 9 49 20 42 19 4 46 47 19 23 34 
Custo Total: 1172436
