Instância: Data/raw/50_P60_M1_Continuo_9.txt
Tempo limite: 30 segundos
Seed: 4
Tamanho da pertubação: 5
Solução inicial:
Instalacoes:
1 0 1 0 1 0 0 0 0 1 0 0 0 0 0 0 1 0 0 1 1 0 1 0 0 0 0 1 0 0 0 0 0 0 0 0 0 0 0 1 0 0 1 0 0 0 1 1 0 0 
Atribuicoes:
4 4 2 42 42 2 4 42 46 9 16 27 39 2 19 9 16 22 16 47 20 0 22 9 47 39 47 27 2 0 2 27 0 27 4 9 42 22 42 39 16 20 47 19 47 42 46 19 39 20 
Custo Total: 2165288
Solução após busca local:
Instalacoes:
1 1 1 0 1 0 0 0 1 1 0 0 0 1 0 0 1 0 1 1 1 0 1 0 0 0 0 1 0 0 1 0 0 0 0 0 0 0 0 1 0 0 1 0 0 0 1 1 0 1 
Atribuicoes:
4 0 1 20 42 49 4 8 46 20 16 27 39 39 49 8 16 16 8 47 20 1 22 9 47 13 13 27 19 9 30 8 0 47 4 9 18 0 46 8 8 4 42 4 20 9 46 19 39 20 
Custo Total: 650345
Total de iterações: 24916
Melhorias: 22
Tempo até a melhor solução: 29.3384 segundos
Iterações até a melhor solução: 24396
Soma dos custos: 11994143910
Média dos custos: 481383
Pior valor encontrado: 726602
Melhor solução encontrada:
Instalacoes:
1 1 0 0 1 0 0 0 1 1 0 0 0 1 0 0 1 0 0 1 1 0 1 1 0 0 0 0 0 0 0 1 0 0 0 0 0 0 0 0 0 0 0 0 0 0 0 1 0 0 
Atribuicoes:
4 1 31 20 47 23 4 9 20 20 47 31 22 13 16 8 16 8 8 19 16 19 22 23 13 0 47 8 0 9 31 9 47 47 4 9 9 1 1 13 8 4 0 4 20 9 1 0 13 20 
Custo Total: 463771
