Instância: Data/raw/50_P50_M0_Continuo_2.txt
Tempo limite: 30 segundos
Seed: 10
Tamanho da pertubação: 5
Solução inicial:
Instalacoes:
1 0 1 0 1 0 0 0 1 1 0 0 0 0 0 0 0 0 1 0 1 0 1 0 0 0 0 0 0 1 0 0 0 0 0 0 0 0 0 1 0 0 0 1 0 0 1 1 0 0 
Atribuicoes:
47 47 2 0 4 46 22 46 8 9 18 18 20 29 43 9 20 20 18 47 4 43 22 29 9 2 47 18 8 29 39 20 39 0 47 9 4 20 8 39 9 4 4 43 46 8 4 0 39 9 
Custo Total: 1635407
Solução após busca local:
Instalacoes:
1 1 1 0 1 0 0 0 1 1 0 0 0 1 0 0 1 0 1 1 1 0 1 0 0 0 0 0 0 1 1 0 0 0 0 0 0 0 0 1 0 0 0 1 0 0 0 1 0 1 
Atribuicoes:
47 47 47 9 4 9 16 20 8 19 8 18 1 9 0 20 20 1 18 30 16 1 22 49 9 8 4 16 30 29 1 4 49 0 47 9 39 20 8 13 30 47 4 0 19 8 4 0 39 49 
Custo Total: 599619
Total de iterações: 27986
Melhorias: 15
Tempo até a melhor solução: 14.2955 segundos
Iterações até a melhor solução: 13277
Soma dos custos: 11487729085
Média dos custos: 410481
Pior valor encontrado: 643288
Melhor solução encontrada:
Instalacoes:
1 1 0 0 1 0 0 0 1 1 0 0 0 1 0 0 1 0 0 1 1 0 1 0 0 0 0 0 0 0 0 0 0 0 0 0 0 0 0 0 0 0 0 0 0 0 0 1 0 0 
Atribuicoes:
20 20 47 9 47 9 47 20 9 19 16 0 1 13 0 0 20 1 9 8 16 1 22 13 9 8 4 47 19 13 8 22 9 4 20 47 1 20 4 13 16 8 47 8 19 4 4 0 22 19 
Custo Total: 405787
