Instância: Data/raw/50_P60_M0_Continuo_10.txt
Tempo limite: 30 segundos
Seed: 5
Tamanho da pertubação: 5
Solução inicial:
Instalacoes:
1 0 0 0 1 0 0 0 0 0 0 1 0 1 0 0 1 0 0 0 0 0 1 0 0 0 0 0 0 0 1 1 0 0 0 0 0 0 0 1 0 0 1 0 0 0 1 1 0 0 
Atribuicoes:
0 0 13 13 4 30 31 22 4 4 47 11 39 13 47 42 16 39 46 0 4 16 22 13 47 39 42 31 22 31 30 39 30 16 0 4 13 39 46 39 47 4 42 47 0 4 46 47 39 47 
Custo Total: 2488517
Solução após busca local:
Instalacoes:
1 1 0 0 1 0 0 0 1 1 0 0 0 1 0 0 1 0 0 1 1 0 1 0 0 1 0 0 0 0 1 1 0 0 0 0 0 0 0 1 0 0 1 0 0 0 1 1 0 0 
Atribuicoes:
0 1 31 13 4 30 39 20 4 4 16 46 9 25 47 8 16 39 46 19 19 9 22 13 20 20 0 13 25 4 30 31 25 16 9 1 1 47 8 39 47 8 42 47 0 42 46 47 19 47 
Custo Total: 599119
Total de iterações: 25206
Melhorias: 21
Tempo até a melhor solução: 29.7513 segundos
Iterações até a melhor solução: 25003
Soma dos custos: 12217154226
Média dos custos: 484692
Pior valor encontrado: 735744
Melhor solução encontrada:
Instalacoes:
1 1 0 0 1 0 0 0 1 1 0 0 0 1 0 0 1 0 1 0 1 0 1 0 0 0 0 0 0 0 1 0 0 0 0 0 0 0 0 1 0 0 0 0 0 0 0 1 0 0 
Atribuicoes:
0 1 8 13 8 1 39 22 4 4 16 18 9 20 47 4 9 39 13 8 4 9 1 8 20 20 0 22 30 4 30 16 9 16 9 1 20 47 8 39 47 18 13 47 0 20 30 47 13 47 
Custo Total: 472063
