Instância: Data/raw/50_P70_M1_HUB_5.txt
Tempo limite: 30 segundos
Seed: 1
Tamanho da pertubação: 5
Solução inicial:
Instalacoes:
1 0 0 0 1 0 0 0 1 1 0 0 0 1 0 0 0 0 1 1 1 0 1 1 0 0 0 0 0 0 0 0 0 0 0 1 0 0 0 1 0 0 0 0 0 0 0 0 0 0 
Atribuicoes:
0 0 13 39 4 13 20 9 8 9 18 18 4 13 4 9 35 18 8 19 20 19 22 13 35 13 20 18 23 20 23 13 19 39 0 9 39 4 4 13 35 8 8 0 20 8 8 0 9 0 
Custo Total: 2569644
Solução após busca local:
Instalacoes:
1 1 0 0 1 0 0 0 1 1 0 0 0 1 0 0 1 0 1 1 1 0 1 1 0 1 0 0 0 0 1 1 0 0 1 1 0 0 0 1 0 0 1 0 0 0 0 1 0 1 
Atribuicoes:
8 0 13 39 20 31 20 9 47 9 18 18 47 13 4 4 35 31 8 20 20 34 22 13 9 30 47 20 25 1 23 1 25 39 0 9 34 4 4 47 49 8 8 0 19 42 8 19 19 16 
Custo Total: 716542
Total de iterações: 20952
Melhorias: 15
Tempo até a melhor solução: 21.9495 segundos
Iterações até a melhor solução: 15226
Soma dos custos: 11494683232
Média dos custos: 548620
Pior valor encontrado: 784495
Melhor solução encontrada:
Instalacoes:
1 1 0 0 1 0 0 0 1 1 0 0 0 1 0 0 1 0 0 1 1 0 1 1 0 1 0 0 0 0 1 0 0 0 0 1 0 0 0 0 0 0 0 0 0 0 0 1 0 1 
Atribuicoes:
8 0 13 9 20 25 1 4 47 4 16 49 47 13 1 19 35 25 8 20 20 4 13 4 9 30 47 13 9 23 19 23 30 16 0 20 49 1 20 47 22 8 8 0 9 9 8 19 25 49 
Custo Total: 541274
