Instância: Data/raw/50_P90_M1_Continuo_2.txt
Tempo limite: 30 segundos
Seed: 6
Tamanho da pertubação: 5
Solução inicial:
Instalacoes:
1 1 1 0 0 0 0 0 0 0 0 1 0 1 1 1 0 0 1 1 0 0 1 1 1 1 0 0 1 0 0 1 0 0 0 0 0 0 1 0 0 0 0 0 0 0 1 1 0 0 
Atribuicoes:
47 1 23 25 1 23 2 22 1 15 18 11 18 13 14 15 24 18 15 47 18 14 22 31 24 23 19 31 28 23 19 25 31 23 1 46 25 18 38 13 28 22 0 14 47 38 46 47 11 24 
Custo Total: 2255644
Solução após busca local:
Instalacoes:
1 1 0 0 1 0 0 0 1 1 0 0 0 1 1 1 1 0 1 1 1 0 1 1 1 1 0 0 1 0 1 1 0 0 1 0 0 0 1 1 0 0 1 0 0 0 1 1 0 1 
Atribuicoes:
9 9 20 47 1 23 39 22 1 15 4 2 18 13 49 0 24 34 8 47 18 8 22 31 24 23 19 31 30 49 19 39 34 13 4 46 25 46 38 30 28 20 0 14 42 42 9 47 13 16 
Custo Total: 1009453
Total de iterações: 16600
Melhorias: 25
Tempo até a melhor solução: 27.3504 segundos
Iterações até a melhor solução: 15118
Soma dos custos: 13196498155
Média dos custos: 794970
Pior valor encontrado: 1051918
Melhor solução encontrada:
Instalacoes:
1 1 0 0 1 0 0 0 1 1 0 0 0 1 0 0 1 0 1 1 1 0 1 1 0 1 0 0 0 0 1 1 0 0 0 1 0 0 0 1 0 0 0 0 0 0 1 1 0 1 
Atribuicoes:
1 19 31 39 1 0 13 18 1 0 31 22 46 30 16 9 16 4 8 47 46 8 22 8 16 23 20 20 25 23 20 13 4 25 31 35 39 49 0 25 19 35 9 49 4 9 47 47 13 18 
Custo Total: 780900
