Instância: Data/raw/50_P80_M0_Continuo_4.txt
Tempo limite: 30 segundos
Seed: 8
Tamanho da pertubação: 5
Solução inicial:
Instalacoes:
1 1 1 0 0 1 0 1 0 0 0 0 0 1 0 1 0 0 1 1 0 1 1 0 0 0 0 0 1 0 0 0 0 0 0 0 0 0 1 1 0 1 1 0 0 0 1 1 0 0 
Atribuicoes:
47 1 2 7 1 5 13 7 1 1 46 22 7 2 19 15 42 7 18 47 46 21 22 21 15 5 1 13 28 13 2 28 5 22 1 42 7 7 38 39 28 18 42 47 1 38 46 47 39 19 
Custo Total: 2520244
Solução após busca local:
Instalacoes:
0 1 1 0 1 1 0 1 1 1 0 0 0 1 0 1 1 0 1 0 1 1 1 1 0 1 0 1 1 0 1 1 0 0 0 1 0 0 1 1 0 0 1 0 0 0 1 1 0 1 
Atribuicoes:
20 20 23 23 1 5 13 7 1 8 31 22 13 2 15 16 42 49 18 47 46 21 22 9 15 4 9 39 28 13 28 27 49 25 1 35 35 20 47 39 49 42 42 30 4 16 8 47 30 1 
Custo Total: 971805
Total de iterações: 18785
Melhorias: 19
Tempo até a melhor solução: 27.0523 segundos
Iterações até a melhor solução: 16915
Soma dos custos: 12852981014
Média dos custos: 684215
Pior valor encontrado: 927315
Melhor solução encontrada:
Instalacoes:
1 1 0 0 1 0 0 0 1 1 0 0 0 1 0 0 1 0 1 1 1 0 1 0 0 0 0 0 0 0 1 1 0 0 0 0 0 0 0 1 0 0 1 0 0 0 1 1 0 1 
Atribuicoes:
49 42 47 16 20 9 13 16 1 8 31 22 13 8 47 46 47 16 18 19 0 49 22 9 4 31 9 39 20 13 20 18 30 47 1 0 1 20 19 39 30 16 42 4 4 46 8 19 0 1 
Custo Total: 654871
