Instância: Data/raw/50_P90_M1_HUB_8.txt
Tempo limite: 30 segundos
Seed: 9
Tamanho da pertubação: 5
Solução inicial:
Instalacoes:
1 0 1 1 1 1 0 1 0 1 0 0 0 0 1 1 0 0 1 1 0 0 1 0 0 0 0 0 1 1 0 0 0 0 0 0 0 0 0 1 0 1 1 0 0 0 1 0 0 0 
Atribuicoes:
4 4 2 3 15 5 0 7 15 9 46 2 7 2 14 9 46 7 18 4 46 14 22 29 42 39 42 18 28 29 2 28 14 5 4 9 3 7 15 39 28 18 42 19 42 4 46 19 39 4 
Custo Total: 2769448
Solução após busca local:
Instalacoes:
1 1 1 1 1 1 0 1 1 1 0 0 0 1 1 1 1 0 1 1 1 0 1 0 0 1 0 0 1 1 1 0 0 0 1 1 0 0 0 1 0 0 1 1 0 0 1 1 0 1 
Atribuicoes:
1 34 2 3 8 5 0 7 15 43 49 13 20 2 14 9 19 8 18 42 46 1 22 30 20 39 0 25 35 29 47 28 43 25 4 9 3 39 13 16 28 18 42 19 16 4 46 0 39 14 
Custo Total: 1134455
Total de iterações: 15040
Melhorias: 25
Tempo até a melhor solução: 27.1463 segundos
Iterações até a melhor solução: 13585
Soma dos custos: 13218675576
Média dos custos: 878901
Pior valor encontrado: 1131494
Melhor solução encontrada:
Instalacoes:
1 1 0 0 1 1 0 0 1 1 0 0 0 1 0 0 1 0 1 1 1 0 1 1 0 1 0 0 1 0 1 1 0 0 0 1 0 0 0 1 0 0 1 1 0 0 1 1 0 1 
Atribuicoes:
20 13 5 31 42 25 0 13 4 1 35 16 47 47 49 9 20 31 9 19 18 30 22 23 9 1 0 30 5 47 28 28 1 25 43 16 31 1 46 39 8 9 19 43 4 46 8 0 8 49 
Custo Total: 868593
