Instância: Data/raw/50_P90_M0_Continuo_4.txt
Tempo limite: 30 segundos
Seed: 6
Tamanho da pertubação: 5
Solução inicial:
Instalacoes:
1 0 1 1 1 1 0 1 1 1 0 1 0 0 0 1 1 0 0 1 0 0 1 0 0 1 0 0 1 1 0 0 0 0 0 0 0 0 0 1 0 0 1 0 0 0 1 0 0 0 
Atribuicoes:
0 0 2 3 4 5 16 7 8 9 25 11 7 2 19 9 42 7 15 19 4 15 22 29 42 5 16 11 28 29 2 25 42 25 0 9 3 7 46 39 16 4 8 19 16 46 8 19 39 0 
Custo Total: 2347056
Solução após busca local:
Instalacoes:
1 1 1 1 1 1 0 1 1 1 0 1 0 1 0 1 1 0 1 1 1 0 1 0 0 1 0 1 0 1 1 1 0 0 1 0 0 0 0 1 0 0 1 1 0 0 1 1 0 1 
Atribuicoes:
0 0 30 3 4 5 16 7 18 15 31 11 22 13 19 9 20 30 42 49 18 43 22 29 42 9 4 27 4 29 2 25 2 39 25 9 8 27 8 39 16 34 20 19 1 46 8 47 39 13 
Custo Total: 984026
Total de iterações: 16982
Melhorias: 20
Tempo até a melhor solução: 15.1591 segundos
Iterações até a melhor solução: 8694
Soma dos custos: 13179428747
Média dos custos: 776082
Pior valor encontrado: 1027649
Melhor solução encontrada:
Instalacoes:
1 1 0 0 1 1 0 0 1 1 0 0 0 1 0 0 1 0 1 1 1 0 1 1 0 1 0 0 0 0 1 1 0 0 1 1 0 0 0 1 0 0 1 0 0 0 1 1 0 1 
Atribuicoes:
0 0 31 39 4 5 16 47 20 19 5 22 20 31 20 18 42 25 35 19 18 49 19 23 35 23 4 39 4 1 30 25 9 9 34 34 8 22 8 13 16 13 42 9 1 46 8 47 9 49 
Custo Total: 765081
