Instância: Data/raw/50_P30_M1_Continuo_7.txt
Tempo limite: 30 segundos
Seed: 8
Tamanho da pertubação: 5
Solução inicial:
Instalacoes:
1 1 0 0 0 0 0 0 1 0 0 0 0 1 0 0 0 0 1 0 0 0 1 1 0 0 0 0 0 0 0 0 0 0 0 0 0 0 0 1 0 0 0 0 0 0 1 1 0 0 
Atribuicoes:
0 1 13 39 46 47 39 22 46 0 8 8 22 13 0 0 18 18 18 0 18 47 22 23 1 13 47 8 0 23 23 47 47 13 1 0 39 39 46 13 8 18 8 0 47 8 46 0 39 8 
Custo Total: 1057106
Solução após busca local:
Instalacoes:
1 1 0 0 1 0 0 0 1 1 0 0 0 1 0 0 0 0 1 0 1 0 1 1 0 0 0 0 0 0 0 0 0 0 0 0 0 0 0 1 0 0 0 0 0 0 1 1 0 0 
Atribuicoes:
1 1 13 9 1 8 1 47 4 4 8 8 20 13 9 20 4 18 20 4 8 47 22 23 1 20 47 9 13 47 9 8 47 13 4 0 13 47 46 9 20 18 8 20 9 8 4 20 39 20 
Custo Total: 411567
Total de iterações: 46825
Melhorias: 8
Tempo até a melhor solução: 4.39912 segundos
Iterações até a melhor solução: 6862
Soma dos custos: 12975203250
Média dos custos: 277100
Pior valor encontrado: 502205
Melhor solução encontrada:
Instalacoes:
1 1 0 0 1 0 0 0 1 1 0 0 0 0 0 0 0 0 0 0 1 0 1 0 0 0 0 0 0 0 0 0 0 0 0 0 0 0 0 0 0 0 0 0 0 0 0 1 0 0 
Atribuicoes:
0 1 4 9 4 20 47 1 4 4 9 22 20 0 9 9 1 8 20 4 47 47 22 4 8 20 1 9 8 8 9 47 1 9 4 0 4 8 4 9 20 9 8 20 9 8 47 20 4 20 
Custo Total: 273861
