Instância: Data/raw/50_P70_M0_Continuo_8.txt
Tempo limite: 30 segundos
Seed: 3
Tamanho da pertubação: 5
Solução inicial:
Instalacoes:
1 0 0 0 0 1 0 1 0 1 0 1 0 0 0 1 0 0 1 1 0 0 1 1 1 0 0 0 1 0 0 0 0 0 0 0 0 0 0 1 0 0 1 0 0 0 1 1 0 0 
Atribuicoes:
47 47 23 22 15 5 23 7 15 9 0 11 7 5 47 9 42 7 18 47 18 19 22 5 24 39 42 11 28 5 23 28 19 46 47 9 22 7 42 39 28 18 42 0 42 42 46 47 39 47 
Custo Total: 2403572
Solução após busca local:
Instalacoes:
1 1 0 0 1 1 0 0 1 1 0 1 0 1 0 1 1 0 1 1 1 0 1 1 0 1 0 0 1 0 1 0 0 0 0 0 0 0 0 1 0 0 1 0 0 0 1 1 0 1 
Atribuicoes:
30 49 30 39 46 5 23 13 49 9 0 11 16 8 47 9 49 25 13 16 18 19 22 4 9 20 1 22 25 39 23 1 19 9 8 20 8 25 0 13 28 18 42 0 20 4 46 47 39 47 
Custo Total: 804460
Total de iterações: 21361
Melhorias: 19
Tempo até a melhor solução: 20.34 segundos
Iterações até a melhor solução: 14345
Soma dos custos: 12316690079
Média dos custos: 576597
Pior valor encontrado: 815653
Melhor solução encontrada:
Instalacoes:
1 1 0 0 1 0 0 0 1 1 0 0 0 1 0 0 1 0 1 1 1 0 0 0 0 0 0 1 0 0 1 0 0 0 0 0 0 0 0 1 0 0 0 0 0 0 1 1 0 1 
Atribuicoes:
1 4 20 39 0 1 39 16 8 9 22 13 8 49 19 4 16 47 1 8 18 30 27 4 9 20 20 27 47 9 0 30 30 9 49 46 8 4 47 13 22 18 47 0 20 4 46 19 39 19 
Custo Total: 570818
