Instância: Data/raw/50_P70_M1_Continuo_9.txt
Tempo limite: 30 segundos
Seed: 3
Tamanho da pertubação: 5
Solução inicial:
Instalacoes:
1 1 1 0 0 1 0 1 1 1 0 0 0 1 0 0 1 0 1 1 0 0 1 0 0 1 0 1 0 0 0 0 0 0 0 0 0 0 0 1 0 0 0 0 0 0 1 1 0 0 
Atribuicoes:
47 1 2 25 1 5 1 7 8 9 16 13 13 2 19 9 16 7 18 47 22 47 22 13 46 5 47 27 2 13 2 13 5 27 1 9 25 7 1 39 16 18 47 19 47 1 46 19 39 8 
Custo Total: 2163313
Solução após busca local:
Instalacoes:
0 1 1 0 1 1 0 1 1 1 0 0 0 1 0 0 1 0 1 1 1 0 1 1 0 1 0 1 0 0 1 1 0 0 1 1 0 0 0 1 0 0 1 0 0 0 1 1 0 1 
Atribuicoes:
20 20 2 25 1 31 49 1 8 9 16 47 13 30 9 4 16 16 35 19 0 47 22 13 30 5 4 27 0 20 2 25 23 39 13 9 8 23 8 39 35 18 0 19 47 1 46 19 30 8 
Custo Total: 836945
Total de iterações: 19493
Melhorias: 20
Tempo até a melhor solução: 16.3805 segundos
Iterações até a melhor solução: 10641
Soma dos custos: 10212194107
Média dos custos: 523890
Pior valor encontrado: 806985
Melhor solução encontrada:
Instalacoes:
1 1 0 0 1 0 0 0 1 1 0 0 0 1 0 0 1 0 0 1 1 0 1 0 0 0 0 0 0 0 1 0 0 0 0 0 0 0 0 1 0 0 0 0 0 0 0 1 0 0 
Atribuicoes:
20 0 30 20 8 47 9 20 1 16 22 13 22 20 19 1 0 9 4 19 16 30 22 47 39 22 4 47 13 0 1 31 1 4 4 16 39 31 8 13 8 20 13 9 47 1 9 19 39 8 
Custo Total: 514737
