Instância: Data/raw/50_P100_M1_HUB_10.txt
Tempo limite: 30 segundos
Seed: 1
Tamanho da pertubação: 5
Solução inicial:
Instalacoes:
1 0 1 1 0 1 0 1 0 1 0 1 0 0 1 1 0 0 1 1 0 0 1 0 0 1 0 0 1 0 0 0 0 0 0 0 0 0 1 1 0 1 1 1 0 0 1 0 0 0 
Atribuicoes:
0 0 2 3 15 5 41 7 15 9 46 11 7 2 14 9 46 7 18 19 46 43 22 25 42 5 15 11 28 14 2 25 43 25 0 9 3 7 38 39 28 18 42 19 42 38 46 19 39 0 
Custo Total: 2812190
Solução após busca local:
Instalacoes:
1 1 1 1 1 1 0 1 1 1 0 1 0 1 1 1 1 0 1 1 1 0 1 1 0 1 0 1 1 0 1 1 0 0 1 1 0 0 1 1 0 0 1 1 0 0 1 1 0 1 
Atribuicoes:
0 20 2 1 47 5 16 31 15 9 27 20 13 2 14 8 18 7 18 19 46 43 22 25 13 31 16 11 28 23 4 25 49 30 34 9 3 39 8 39 35 41 42 34 0 38 46 1 20 19 
Custo Total: 1411228
Total de iterações: 14152
Melhorias: 18
Tempo até a melhor solução: 26.5119 segundos
Iterações até a melhor solução: 12544
Soma dos custos: 16803737124
Média dos custos: 1.18738e+06
Pior valor encontrado: 1383043
Melhor solução encontrada:
Instalacoes:
1 1 0 0 1 0 0 0 1 1 0 0 0 1 0 0 1 0 1 1 1 0 1 1 0 1 0 1 1 0 1 1 0 0 1 1 0 0 0 1 0 0 1 1 0 0 1 1 0 1 
Atribuicoes:
20 0 23 25 47 19 9 22 9 16 35 27 42 23 34 4 8 18 20 49 18 34 28 13 35 22 8 31 28 30 25 27 47 39 43 46 13 1 4 31 1 16 42 43 0 46 20 19 30 49 
Custo Total: 1178748
