Instância: Data/raw/50_P90_M0_Continuo_5.txt
Tempo limite: 30 segundos
Seed: 3
Tamanho da pertubação: 5
Solução inicial:
Instalacoes:
1 0 1 1 0 1 1 1 0 1 0 1 0 0 1 0 0 0 1 1 0 0 1 0 0 0 0 0 1 1 0 0 0 0 0 0 0 0 1 1 0 1 1 0 0 0 1 1 0 0 
Atribuicoes:
47 47 2 3 46 5 6 7 42 9 41 11 7 2 14 9 41 7 18 47 41 14 22 29 42 5 19 11 28 29 2 28 29 5 47 9 3 7 38 39 28 18 19 14 47 38 46 14 39 47 
Custo Total: 2509647
Solução após busca local:
Instalacoes:
0 1 1 1 1 1 0 1 1 1 0 1 0 1 1 0 1 0 1 1 1 0 1 0 0 1 0 0 1 1 1 1 0 0 1 1 0 0 0 1 0 1 1 0 0 0 1 1 0 1 
Atribuicoes:
0 4 0 3 46 13 47 7 42 9 41 11 8 2 14 9 13 25 18 8 41 30 22 29 16 5 1 31 20 29 20 28 2 25 34 1 18 39 19 8 28 35 19 14 42 47 46 49 39 47 
Custo Total: 1089431
Total de iterações: 16964
Melhorias: 14
Tempo até a melhor solução: 22.5337 segundos
Iterações até a melhor solução: 13123
Soma dos custos: 13999670999
Média dos custos: 825258
Pior valor encontrado: 1049961
Melhor solução encontrada:
Instalacoes:
1 1 0 0 1 0 0 1 1 1 0 0 0 1 0 0 1 0 1 1 1 0 1 1 0 1 0 0 1 0 1 1 0 0 1 1 0 0 0 1 0 0 0 0 0 0 1 1 0 1 
Atribuicoes:
0 20 0 4 18 13 47 7 9 16 22 35 8 23 49 1 13 22 34 8 18 31 0 30 49 25 1 31 28 23 19 28 30 25 34 35 20 39 4 8 20 16 4 49 9 47 46 19 39 47 
Custo Total: 813628
