Instância: Data/raw/50_P10_M1_HUB_2.txt
Tempo limite: 30 segundos
Seed: 2
Tamanho da pertubação: 5
Solução inicial:
Instalacoes:
0 1 0 0 1 0 0 0 1 0 0 0 0 0 0 0 0 0 0 0 0 0 1 0 0 0 0 0 0 0 1 0 0 0 0 0 0 0 0 0 0 0 0 0 0 0 0 1 0 0 
Atribuicoes:
1 1 30 4 4 30 47 4 8 4 4 4 8 30 47 8 8 47 4 1 4 30 22 30 8 30 47 4 8 47 30 8 30 47 1 4 4 30 8 30 8 4 8 30 47 8 8 1 1 8 
Custo Total: 846482
Solução após busca local:
Instalacoes:
0 1 0 0 1 0 0 0 1 1 0 0 0 0 0 0 0 0 0 0 1 0 1 0 0 0 0 0 0 0 1 0 0 0 0 0 0 0 0 0 0 0 0 0 0 0 0 1 0 0 
Atribuicoes:
4 1 20 4 4 1 4 4 9 4 20 20 4 4 9 8 8 9 4 47 20 9 22 9 8 20 47 20 4 9 9 9 8 9 1 4 20 20 8 20 9 4 8 9 8 8 20 8 47 9 
Custo Total: 246599
Total de iterações: 110396
Melhorias: 8
Tempo até a melhor solução: 24.0513 segundos
Iterações até a melhor solução: 87791
Soma dos custos: 21191577046
Média dos custos: 191960
Pior valor encontrado: 397742
Melhor solução encontrada:
Instalacoes:
0 0 0 0 1 0 0 0 1 1 0 0 0 0 0 0 0 0 0 0 1 0 1 0 0 0 0 0 0 0 0 0 0 0 0 0 0 0 0 0 0 0 0 0 0 0 0 1 0 0 
Atribuicoes:
9 9 20 20 4 20 9 4 9 4 20 4 4 9 9 4 20 4 4 47 20 9 22 9 8 20 9 20 4 9 9 9 9 4 20 20 20 20 8 9 9 4 8 9 8 8 8 47 47 9 
Custo Total: 190979
