Instância: Data/raw/50_P80_M1_HUB_2.txt
Tempo limite: 30 segundos
Seed: 2
Tamanho da pertubação: 5
Solução inicial:
Instalacoes:
1 0 1 0 1 1 0 1 1 0 0 0 0 0 0 0 1 0 1 0 0 0 1 0 1 1 0 0 1 0 0 1 0 0 0 0 0 0 0 1 0 0 1 1 0 0 1 1 0 0 
Atribuicoes:
47 8 2 25 16 5 16 7 4 42 31 4 7 2 43 42 24 7 18 47 16 43 22 43 24 5 8 4 28 2 2 25 31 2 8 46 25 7 46 39 16 18 42 43 46 4 4 47 39 0 
Custo Total: 2065238
Solução após busca local:
Instalacoes:
1 1 1 0 1 1 0 1 1 1 0 0 0 1 0 0 1 0 1 1 1 0 1 0 1 1 0 1 0 0 1 1 0 0 1 0 0 0 0 1 0 0 1 1 0 0 1 1 0 1 
Atribuicoes:
8 8 4 9 20 5 16 7 1 19 22 9 9 13 43 42 24 30 18 34 16 43 22 31 24 1 49 13 31 2 2 27 20 20 8 18 25 7 46 8 27 19 42 43 0 4 4 47 39 0 
Custo Total: 903021
Total de iterações: 17450
Melhorias: 11
Tempo até a melhor solução: 2.11294 segundos
Iterações até a melhor solução: 1287
Soma dos custos: 12239955997
Média dos custos: 701430
Pior valor encontrado: 934784
Melhor solução encontrada:
Instalacoes:
1 1 0 0 1 0 0 0 1 1 0 0 0 1 0 0 1 0 1 1 1 0 1 1 0 1 0 0 0 0 1 0 0 0 0 1 0 0 0 1 0 0 0 0 0 0 1 1 0 1 
Atribuicoes:
8 8 4 9 20 19 47 49 1 46 30 22 9 13 47 20 35 22 18 19 49 47 22 30 35 1 9 13 30 23 23 16 16 20 8 18 39 49 46 8 4 13 20 47 1 46 4 0 25 16 
Custo Total: 699837
