Instância: Data/raw/50_P90_M0_Continuo_1.txt
Tempo limite: 30 segundos
Seed: 1
Tamanho da pertubação: 5
Solução inicial:
Instalacoes:
1 0 1 1 0 1 0 1 0 1 0 0 0 0 1 1 0 0 1 1 0 0 1 0 0 0 0 0 1 1 0 0 0 0 0 0 0 0 1 1 0 0 1 1 0 0 1 0 0 0 
Atribuicoes:
0 0 2 3 18 5 18 7 18 9 15 2 7 2 14 9 46 7 14 19 14 43 22 29 42 39 18 18 28 29 2 28 43 2 0 9 3 7 38 39 28 15 42 19 18 38 46 19 39 0 
Custo Total: 3015757
Solução após busca local:
Instalacoes:
1 1 1 0 1 0 0 1 1 1 0 1 0 1 1 1 1 0 1 1 1 0 1 1 0 1 0 0 1 1 1 1 0 0 1 0 0 0 1 1 0 0 1 1 0 0 1 1 0 0 
Atribuicoes:
8 0 4 19 20 28 39 31 4 9 15 11 20 2 14 13 34 7 16 47 23 34 22 29 1 2 46 18 13 25 9 11 43 31 8 9 22 25 1 13 28 30 42 23 47 38 46 19 39 0 
Custo Total: 1037343
Total de iterações: 17942
Melhorias: 15
Tempo até a melhor solução: 17.3967 segundos
Iterações até a melhor solução: 10380
Soma dos custos: 13674217063
Média dos custos: 762134
Pior valor encontrado: 1032345
Melhor solução encontrada:
Instalacoes:
1 1 0 0 1 0 0 0 1 1 0 0 0 1 0 0 1 0 1 1 1 0 1 1 0 1 0 0 0 0 1 1 0 0 1 0 0 0 0 1 0 0 1 0 0 0 1 1 0 1 
Atribuicoes:
8 34 4 25 18 49 39 31 4 9 0 22 18 13 49 20 8 25 16 0 1 30 20 9 1 47 46 47 13 23 31 22 23 31 8 16 25 9 46 13 1 42 42 30 30 20 47 19 39 34 
Custo Total: 758879
