Instância: Data/raw/50_P90_M0_Continuo_5.txt
Tempo limite: 30 segundos
Seed: 8
Tamanho da pertubação: 5
Solução inicial:
Instalacoes:
1 0 1 1 0 1 1 1 0 1 0 1 0 0 1 0 0 0 1 1 0 0 1 0 0 0 0 0 1 1 0 0 0 0 0 0 0 0 1 1 0 1 1 0 0 0 1 1 0 0 
Atribuicoes:
47 47 2 3 46 5 6 7 42 9 41 11 7 2 14 9 41 7 18 47 41 14 22 29 42 5 19 11 28 29 2 28 29 5 47 9 3 7 38 39 28 18 19 14 47 38 46 14 39 47 
Custo Total: 2509647
Solução após busca local:
Instalacoes:
0 1 1 1 1 1 0 1 1 1 0 1 0 1 1 0 1 0 1 1 1 0 1 0 0 1 0 0 1 1 1 1 0 0 1 1 0 0 0 1 0 1 1 0 0 0 1 1 0 1 
Atribuicoes:
0 4 0 3 46 13 47 7 42 9 41 11 8 2 14 9 13 25 18 8 41 30 22 29 16 5 1 31 20 29 20 28 2 25 34 1 18 39 19 8 28 35 19 14 42 47 46 49 39 47 
Custo Total: 1089431
Total de iterações: 15428
Melhorias: 24
Tempo até a melhor solução: 24.8973 segundos
Iterações até a melhor solução: 12892
Soma dos custos: 13012059723
Média dos custos: 843405
Pior valor encontrado: 1112972
Melhor solução encontrada:
Instalacoes:
1 1 0 0 1 1 0 1 1 1 0 0 0 1 0 0 1 0 1 1 1 0 1 1 0 1 0 0 1 0 1 1 0 0 1 1 0 0 0 0 0 0 0 0 0 0 1 1 0 1 
Atribuicoes:
19 49 19 8 20 5 47 7 18 9 16 35 22 23 4 1 22 0 18 0 16 13 19 20 49 31 1 13 28 4 28 30 23 30 34 35 13 5 8 25 0 25 8 30 9 47 46 4 31 47 
Custo Total: 823795
