Instância: Data/raw/50_P5_M0_Continuo_2.txt
Tempo limite: 30 segundos
Seed: 8
Tamanho da pertubação: 5
Solução inicial:
Instalacoes:
0 1 0 0 1 0 0 0 0 0 0 0 0 1 0 0 0 0 0 0 0 0 1 0 0 0 0 0 0 0 0 0 0 0 0 0 0 0 0 0 0 0 0 0 0 0 0 1 0 0 
Atribuicoes:
47 1 13 13 4 47 13 1 4 4 4 4 1 13 47 4 4 1 4 1 4 47 22 13 4 13 1 4 47 13 1 47 1 1 1 4 13 47 47 13 4 4 1 1 47 47 13 1 13 1 
Custo Total: 502291
Solução após busca local:
Instalacoes:
0 1 0 0 1 0 0 0 0 1 0 0 0 1 0 0 0 0 0 0 0 0 1 0 0 0 0 0 0 0 0 0 0 0 0 0 0 0 0 0 0 0 0 0 0 0 0 1 0 0 
Atribuicoes:
47 9 4 9 4 47 9 9 9 4 9 4 9 13 4 4 4 4 4 1 4 9 22 9 4 13 9 9 4 9 4 47 9 9 1 9 4 9 47 13 4 4 9 9 47 9 4 47 9 9 
Custo Total: 198595
Total de iterações: 165284
Melhorias: 14
Tempo até a melhor solução: 26.5054 segundos
Iterações até a melhor solução: 145634
Soma dos custos: 24223155026
Média dos custos: 146555
Pior valor encontrado: 340457
Melhor solução encontrada:
Instalacoes:
0 0 0 0 1 0 0 0 0 1 0 0 0 0 0 0 0 0 0 0 1 0 1 0 0 0 0 0 0 0 0 0 0 0 0 0 0 0 0 0 0 0 0 0 0 0 0 0 0 0 
Atribuicoes:
9 9 9 20 4 4 9 20 9 4 20 20 20 9 9 9 20 20 20 4 20 9 22 9 20 9 9 20 20 9 20 9 9 9 9 4 9 20 4 20 20 20 4 4 9 9 4 9 4 9 
Custo Total: 138653
