Instância: Data/raw/50_P60_M1_Continuo_5.txt
Tempo limite: 30 segundos
Seed: 3
Tamanho da pertubação: 5
Solução inicial:
Instalacoes:
1 0 0 0 0 0 0 0 1 0 0 0 0 1 1 0 0 0 0 0 0 0 1 1 0 1 0 0 1 0 0 1 0 0 0 1 0 0 0 1 0 0 1 0 0 0 0 1 0 0 
Atribuicoes:
47 47 13 25 8 25 28 47 8 42 35 13 39 13 14 42 35 31 42 47 8 14 22 23 35 25 42 31 28 23 23 13 23 13 47 42 25 39 42 39 35 35 8 14 42 47 8 47 39 0 
Custo Total: 2399754
Solução após busca local:
Instalacoes:
0 1 0 0 1 0 0 0 1 1 0 0 0 1 1 0 1 0 0 1 1 0 1 1 0 1 0 0 1 0 0 1 0 0 0 1 0 0 0 1 0 0 1 0 0 0 1 1 0 0 
Atribuicoes:
47 4 4 25 46 25 28 16 19 9 16 13 39 13 1 20 20 31 9 9 8 19 22 23 35 25 13 31 28 8 23 13 23 4 47 42 20 8 1 9 35 35 8 14 1 47 20 47 39 42 
Custo Total: 681360
Total de iterações: 24543
Melhorias: 9
Tempo até a melhor solução: 13.9196 segundos
Iterações até a melhor solução: 11353
Soma dos custos: 12011224816
Média dos custos: 489395
Pior valor encontrado: 742995
Melhor solução encontrada:
Instalacoes:
1 1 0 0 1 0 0 0 1 1 0 0 0 1 0 0 1 0 0 1 1 0 1 0 0 0 0 0 0 0 1 0 0 0 0 0 0 0 0 0 0 0 0 0 0 0 0 1 0 1 
Atribuicoes:
1 19 4 4 8 49 4 16 19 9 16 13 8 13 8 0 0 9 9 16 13 19 22 30 22 20 20 8 8 47 30 9 9 4 49 49 0 8 1 30 49 13 8 47 1 47 0 1 20 20 
Custo Total: 487746
