Instância: Data/raw/50_P5_M1_Continuo_5.txt
Tempo limite: 30 segundos
Seed: 4
Tamanho da pertubação: 5
Solução inicial:
Instalacoes:
0 0 0 0 1 0 0 0 1 1 0 0 0 1 0 0 0 0 0 0 0 0 1 0 0 0 0 0 0 0 0 0 0 0 0 0 0 0 0 0 0 0 0 0 0 0 0 1 0 0 
Atribuicoes:
4 9 13 13 4 47 8 4 8 9 9 9 4 13 4 9 9 4 4 9 4 9 22 13 9 13 47 9 4 13 47 4 47 47 4 9 13 4 47 13 9 4 8 9 47 47 8 9 13 9 
Custo Total: 405829
Solução após busca local:
Instalacoes:
0 0 0 0 1 0 0 0 1 1 0 0 0 1 0 0 0 0 0 0 1 0 1 0 0 0 0 0 0 0 0 0 0 0 0 0 0 0 0 0 0 0 0 0 0 0 0 1 0 0 
Atribuicoes:
4 9 20 20 4 4 20 20 8 9 9 9 9 13 9 9 20 20 4 9 20 9 22 20 20 9 8 20 9 4 9 20 9 20 4 9 20 20 8 9 9 4 8 9 8 20 9 47 4 9 
Custo Total: 213492
Total de iterações: 147697
Melhorias: 13
Tempo até a melhor solução: 19.7625 segundos
Iterações até a melhor solução: 98822
Soma dos custos: 24106510029
Média dos custos: 163216
Pior valor encontrado: 364264
Melhor solução encontrada:
Instalacoes:
0 0 0 0 1 0 0 0 1 1 0 0 0 0 0 0 0 0 0 0 1 0 1 0 0 0 0 0 0 0 0 0 0 0 0 0 0 0 0 0 0 0 0 0 0 0 0 0 0 0 
Atribuicoes:
4 9 20 20 8 4 20 20 8 9 20 20 20 20 9 9 9 20 20 9 20 9 22 9 20 20 8 20 20 4 9 9 9 20 9 20 9 20 8 20 20 4 8 9 8 4 4 9 9 20 
Custo Total: 162599
