Instância: Data/raw/50_P90_M1_HUB_8.txt
Tempo limite: 30 segundos
Seed: 8
Tamanho da pertubação: 5
Solução inicial:
Instalacoes:
1 0 1 1 1 1 0 1 0 1 0 0 0 0 1 1 0 0 1 1 0 0 1 0 0 0 0 0 1 1 0 0 0 0 0 0 0 0 0 1 0 1 1 0 0 0 1 0 0 0 
Atribuicoes:
4 4 2 3 15 5 0 7 15 9 46 2 7 2 14 9 46 7 18 4 46 14 22 29 42 39 42 18 28 29 2 28 14 5 4 9 3 7 15 39 28 18 42 19 42 4 46 19 39 4 
Custo Total: 2769448
Solução após busca local:
Instalacoes:
1 1 1 1 1 1 0 1 1 1 0 0 0 1 1 1 1 0 1 1 1 0 1 0 0 1 0 0 1 1 1 0 0 0 1 1 0 0 0 1 0 0 1 1 0 0 1 1 0 1 
Atribuicoes:
1 34 2 3 8 5 0 7 15 43 49 13 20 2 14 9 19 8 18 42 46 1 22 30 20 39 0 25 35 29 47 28 43 25 4 9 3 39 13 16 28 18 42 19 16 4 46 0 39 14 
Custo Total: 1134455
Total de iterações: 15022
Melhorias: 28
Tempo até a melhor solução: 25.782 segundos
Iterações até a melhor solução: 12659
Soma dos custos: 13017654557
Média dos custos: 866573
Pior valor encontrado: 1120788
Melhor solução encontrada:
Instalacoes:
1 1 0 0 1 0 0 0 1 1 0 0 0 1 0 0 1 0 1 1 1 0 1 1 0 1 0 0 0 0 1 1 0 0 1 1 0 0 0 1 0 0 1 0 0 0 1 1 0 1 
Atribuicoes:
19 31 1 13 42 25 0 31 8 9 22 20 47 47 34 18 19 13 16 4 35 47 16 23 16 9 0 35 1 1 30 30 9 25 49 4 13 9 46 39 20 18 4 49 8 46 20 0 20 34 
Custo Total: 857767
