Instância: Data/raw/50_P100_M1_HUB_4.txt
Tempo limite: 30 segundos
Seed: 8
Tamanho da pertubação: 5
Solução inicial:
Instalacoes:
1 0 1 1 0 1 0 1 0 1 0 1 0 0 1 1 0 0 1 1 0 0 1 0 0 1 0 0 1 1 0 0 0 0 0 0 0 0 0 1 0 1 1 1 0 0 1 0 0 0 
Atribuicoes:
0 0 2 3 15 5 25 7 15 9 46 11 7 2 14 9 46 7 18 19 46 43 22 29 42 5 42 11 28 29 2 25 43 2 0 9 3 7 25 39 28 18 42 19 42 46 46 19 39 0 
Custo Total: 3238046
Solução após busca local:
Instalacoes:
1 1 1 1 1 1 0 1 1 1 0 1 0 1 0 1 1 0 1 1 1 0 1 1 1 1 0 0 1 1 1 1 0 0 1 1 0 0 0 1 0 0 1 1 0 0 1 1 0 1 
Atribuicoes:
0 15 13 25 18 5 8 20 1 9 1 11 7 19 43 9 4 35 18 31 25 0 22 23 24 30 47 16 28 29 5 2 43 20 13 47 3 39 49 39 28 16 42 19 8 46 46 4 30 34 
Custo Total: 1341614
Total de iterações: 14328
Melhorias: 15
Tempo até a melhor solução: 7.33696 segundos
Iterações até a melhor solução: 3435
Soma dos custos: 16882096659
Média dos custos: 1.17826e+06
Pior valor encontrado: 1377136
Melhor solução encontrada:
Instalacoes:
1 1 0 0 1 1 0 0 1 1 0 0 0 1 1 0 1 0 1 1 1 0 1 1 0 1 0 1 1 0 1 1 0 0 1 1 0 0 0 1 0 0 1 0 0 0 1 1 0 1 
Atribuicoes:
0 14 1 30 8 5 39 35 46 49 4 22 22 13 14 42 18 16 18 4 9 0 34 23 23 25 47 27 28 20 19 31 30 25 19 35 31 39 8 13 28 16 1 34 20 46 42 47 9 49 
Custo Total: 1172323
