Instância: Data/raw/50_P40_M1_HUB_6.txt
Tempo limite: 30 segundos
Seed: 8
Tamanho da pertubação: 5
Solução inicial:
Instalacoes:
0 1 0 0 0 0 0 0 1 0 0 0 0 1 0 0 0 0 1 1 1 0 1 0 0 0 0 0 0 0 1 0 0 0 1 0 0 0 0 1 0 0 1 0 0 0 1 0 0 0 
Atribuicoes:
19 1 34 13 8 30 46 34 46 42 13 20 39 34 8 42 18 20 18 19 18 1 22 34 8 22 19 20 1 18 30 30 30 22 1 20 13 39 8 39 13 18 42 19 19 8 46 19 39 8 
Custo Total: 1406242
Solução após busca local:
Instalacoes:
0 1 0 0 1 0 0 0 1 1 0 0 0 1 0 0 1 0 1 1 1 0 1 1 0 0 0 0 0 0 1 0 0 0 1 0 0 0 0 1 0 0 1 0 0 0 1 1 0 0 
Atribuicoes:
19 1 1 13 8 8 9 16 46 42 9 22 39 13 9 9 16 20 47 19 18 1 22 19 4 18 47 20 20 23 30 20 30 4 1 20 20 30 8 39 16 18 8 9 20 8 46 4 20 20 
Custo Total: 543703
Total de iterações: 35008
Melhorias: 21
Tempo até a melhor solução: 28.6988 segundos
Iterações até a melhor solução: 33412
Soma dos custos: 12925847426
Média dos custos: 369226
Pior valor encontrado: 607171
Melhor solução encontrada:
Instalacoes:
0 1 0 0 1 0 0 0 1 1 0 0 0 1 0 0 1 0 0 0 1 0 1 0 0 1 0 0 0 0 1 0 0 0 0 0 0 0 0 0 0 0 0 0 0 0 0 1 0 0 
Atribuicoes:
47 1 47 4 8 30 9 16 47 4 16 20 13 25 47 8 16 20 8 1 9 9 22 9 47 25 47 4 20 30 4 9 1 13 4 20 9 22 8 13 9 9 4 9 4 8 20 4 20 20 
Custo Total: 356373
