Instância: Data/raw/50_P50_M1_HUB_5.txt
Tempo limite: 30 segundos
Seed: 3
Tamanho da pertubação: 5
Solução inicial:
Instalacoes:
1 0 0 0 1 0 0 0 1 0 0 0 0 1 0 0 0 0 0 0 1 0 1 0 0 0 0 0 1 0 1 0 0 0 0 0 0 0 0 1 0 0 1 0 0 0 0 1 0 0 
Atribuicoes:
47 47 13 39 4 30 20 39 8 4 22 30 39 13 0 0 42 39 8 47 20 30 22 30 4 13 42 13 47 20 28 47 28 39 47 4 39 39 42 13 47 4 8 47 42 42 8 47 13 0 
Custo Total: 2230820
Solução após busca local:
Instalacoes:
1 1 0 0 1 0 0 0 1 1 0 0 0 1 0 0 1 0 1 0 1 0 1 1 0 0 0 0 0 0 1 0 0 0 0 0 0 0 0 1 0 0 1 0 0 0 0 1 0 1 
Atribuicoes:
8 1 13 23 4 30 20 4 20 4 22 9 49 13 18 0 49 18 8 47 18 13 22 30 4 13 42 20 1 23 16 9 23 39 1 4 39 4 47 20 28 4 8 20 8 8 8 47 30 0 
Custo Total: 592568
Total de iterações: 28122
Melhorias: 17
Tempo até a melhor solução: 13.1696 segundos
Iterações até a melhor solução: 12465
Soma dos custos: 11544737495
Média dos custos: 410523
Pior valor encontrado: 646510
Melhor solução encontrada:
Instalacoes:
1 1 0 0 1 0 0 0 1 1 0 0 0 1 0 0 1 0 0 0 1 0 1 0 0 0 0 0 0 0 1 1 0 0 0 0 0 0 0 0 0 0 0 0 0 0 0 1 0 0 
Atribuicoes:
9 13 20 20 4 13 47 4 47 4 22 31 16 13 0 0 16 20 9 47 9 1 22 13 4 30 9 20 47 0 1 31 30 4 1 4 1 4 8 4 9 8 47 20 9 8 8 20 20 8 
Custo Total: 400662
