Instância: Data/raw/50_P60_M1_Continuo_7.txt
Tempo limite: 30 segundos
Seed: 10
Tamanho da pertubação: 5
Solução inicial:
Instalacoes:
0 1 1 1 0 0 0 1 1 1 0 0 0 0 0 0 1 0 1 0 0 0 1 1 0 0 0 1 0 0 0 0 0 0 1 0 0 0 0 1 0 0 1 1 0 0 1 1 0 0 
Atribuicoes:
16 9 2 3 8 23 7 7 46 42 47 27 22 2 34 42 16 27 18 9 18 43 22 23 9 39 42 27 34 23 2 27 23 23 9 47 3 22 46 39 47 47 8 43 9 8 46 47 39 9 
Custo Total: 2276095
Solução após busca local:
Instalacoes:
1 0 0 1 1 0 0 1 1 1 0 0 0 1 0 0 0 0 1 0 1 0 1 1 0 0 0 1 0 0 1 0 0 0 1 0 0 0 0 1 0 0 1 0 0 0 1 1 0 1 
Atribuicoes:
8 20 20 4 8 23 30 7 47 42 20 8 22 39 9 13 34 27 18 9 18 34 22 23 8 23 42 4 13 4 30 27 47 20 9 4 47 47 13 39 0 18 0 34 9 8 46 47 39 0 
Custo Total: 678881
Total de iterações: 24417
Melhorias: 15
Tempo até a melhor solução: 12.6839 segundos
Iterações até a melhor solução: 10233
Soma dos custos: 11511796441
Média dos custos: 471466
Pior valor encontrado: 727409
Melhor solução encontrada:
Instalacoes:
1 1 0 0 1 0 0 0 1 1 0 0 0 1 0 0 0 0 1 1 1 0 1 0 0 0 0 0 0 0 1 0 0 0 0 0 0 0 0 0 0 0 0 0 0 0 1 1 0 0 
Atribuicoes:
20 8 8 4 8 30 13 13 47 19 22 8 13 13 9 1 20 1 18 9 18 9 30 9 47 0 19 4 30 4 0 22 47 20 20 4 47 47 0 1 19 18 46 20 4 8 46 47 9 1 
Custo Total: 463223
