Instância: Data/raw/50_P10_M1_Continuo_4.txt
Tempo limite: 30 segundos
Seed: 8
Tamanho da pertubação: 5
Solução inicial:
Instalacoes:
1 1 0 0 1 0 0 0 0 0 0 0 0 1 0 0 0 0 0 0 0 0 1 0 0 0 0 0 0 0 1 0 0 0 0 0 0 0 0 0 0 0 0 0 0 0 0 1 0 0 
Atribuicoes:
4 1 13 13 4 13 13 22 1 0 4 4 4 30 4 0 30 1 13 47 4 30 22 30 0 22 47 4 1 13 30 4 1 13 4 0 13 13 1 30 4 47 47 0 1 1 1 47 30 4 
Custo Total: 1015578
Solução após busca local:
Instalacoes:
1 1 0 0 1 0 0 0 0 1 0 0 0 1 0 0 0 0 0 0 1 0 1 0 0 0 0 0 0 0 1 0 0 0 0 0 0 0 0 0 0 0 0 0 0 0 0 1 0 0 
Atribuicoes:
4 1 13 13 4 9 13 20 47 47 20 4 20 13 4 4 4 1 20 20 4 9 22 9 9 20 47 9 1 9 9 20 9 20 4 4 20 9 20 9 4 47 47 9 9 9 4 47 20 4 
Custo Total: 281282
Total de iterações: 105298
Melhorias: 17
Tempo até a melhor solução: 26.1015 segundos
Iterações até a melhor solução: 91960
Soma dos custos: 18521495380
Média dos custos: 175896
Pior valor encontrado: 398183
Melhor solução encontrada:
Instalacoes:
0 0 0 0 1 0 0 0 1 1 0 0 0 0 0 0 0 0 0 0 1 0 1 0 0 0 0 0 0 0 0 0 0 0 0 0 0 0 0 0 0 0 0 0 0 0 0 0 0 0 
Atribuicoes:
4 9 4 20 4 9 4 9 8 9 20 4 20 8 4 4 4 20 20 4 4 4 22 9 9 9 8 9 20 9 9 9 9 20 20 20 9 20 8 8 20 8 9 8 8 8 4 9 20 9 
Custo Total: 166560
