Instância: Data/raw/50_P20_M1_Continuo_5.txt
Tempo limite: 30 segundos
Seed: 2
Tamanho da pertubação: 5
Solução inicial:
Instalacoes:
1 1 0 0 0 0 0 0 0 1 0 0 0 1 0 0 0 0 0 0 0 0 1 0 0 0 0 0 0 0 0 0 0 0 0 0 0 0 0 0 0 0 0 0 0 0 0 1 0 0 
Atribuicoes:
0 0 13 13 0 47 0 22 47 9 0 9 22 13 0 9 9 22 1 0 1 1 22 13 9 13 47 9 47 1 1 47 1 13 0 9 13 47 47 13 9 9 0 0 47 47 9 0 13 9 
Custo Total: 1299832
Solução após busca local:
Instalacoes:
1 1 0 0 1 0 0 0 1 1 0 0 0 1 0 0 0 0 0 0 1 0 1 0 0 0 0 0 0 0 0 0 0 0 0 0 0 0 0 0 0 0 0 0 0 0 0 1 0 0 
Atribuicoes:
4 4 13 13 47 47 1 8 20 9 0 9 8 13 4 8 20 4 1 47 1 1 22 13 4 13 47 9 9 8 9 4 47 4 20 9 13 20 8 9 9 20 20 1 47 8 9 20 4 9 
Custo Total: 294298
Total de iterações: 61909
Melhorias: 12
Tempo até a melhor solução: 8.08725 segundos
Iterações até a melhor solução: 16109
Soma dos custos: 13036330570
Média dos custos: 210572
Pior valor encontrado: 464433
Melhor solução encontrada:
Instalacoes:
0 0 0 0 1 0 0 0 1 1 0 0 0 0 0 0 0 0 0 0 1 0 1 0 0 0 0 0 0 0 0 0 0 0 0 0 0 0 0 0 0 0 0 0 0 0 0 1 0 0 
Atribuicoes:
4 4 8 20 47 20 47 8 9 9 4 22 8 20 4 8 20 4 9 9 47 47 22 20 4 4 8 47 9 8 9 4 47 4 20 9 20 20 8 9 9 9 47 47 20 8 9 20 4 9 
Custo Total: 208741
