Instância: Data/raw/50_P5_M0_Continuo_3.txt
Tempo limite: 30 segundos
Seed: 1
Tamanho da pertubação: 5
Solução inicial:
Instalacoes:
0 1 0 0 1 0 0 0 0 0 0 0 0 1 0 0 0 0 0 0 0 0 1 0 0 0 0 0 0 0 0 0 0 0 0 0 0 0 0 0 0 0 0 0 0 0 0 0 0 0 
Atribuicoes:
1 1 13 13 4 13 1 4 4 4 4 13 4 13 1 4 4 4 4 1 4 1 22 13 4 13 4 13 1 1 4 13 13 13 1 4 13 4 4 13 4 4 4 1 4 4 4 1 13 4 
Custo Total: 687659
Solução após busca local:
Instalacoes:
0 1 0 0 1 0 0 0 1 0 0 0 0 1 0 0 0 0 0 0 0 0 1 0 0 0 0 0 0 0 0 0 0 0 0 0 0 0 0 0 0 0 0 0 0 0 0 0 0 0 
Atribuicoes:
8 1 13 4 8 8 8 4 4 4 4 13 4 13 8 4 4 4 4 1 8 4 22 13 4 13 8 4 4 4 4 8 4 8 1 4 8 4 4 13 4 4 8 1 8 8 4 1 8 4 
Custo Total: 180404
Total de iterações: 145351
Melhorias: 8
Tempo até a melhor solução: 8.75557 segundos
Iterações até a melhor solução: 48507
Soma dos custos: 21661312331
Média dos custos: 149028
Pior valor encontrado: 347573
Melhor solução encontrada:
Instalacoes:
0 0 0 0 1 0 0 0 0 1 0 0 0 0 0 0 0 0 0 0 1 0 1 0 0 0 0 0 0 0 0 0 0 0 0 0 0 0 0 0 0 0 0 0 0 0 0 0 0 0 
Atribuicoes:
20 9 20 9 9 9 4 20 4 20 20 9 20 9 4 9 9 4 20 9 20 9 22 20 20 9 4 20 9 9 9 20 4 4 9 20 9 4 4 9 20 20 4 9 4 4 4 9 9 9 
Custo Total: 140668
