Instância: Data/raw/50_P30_M1_HUB_2.txt
Tempo limite: 30 segundos
Seed: 1
Tamanho da pertubação: 5
Solução inicial:
Instalacoes:
1 1 0 0 1 0 0 0 0 0 0 0 0 0 0 0 0 0 0 0 1 0 1 1 0 0 0 0 0 0 1 0 0 0 0 0 0 0 0 0 0 0 0 0 0 0 0 1 0 0 
Atribuicoes:
0 0 23 47 4 30 1 22 4 4 20 20 47 23 1 4 4 22 20 0 20 1 22 23 4 23 47 20 30 23 30 47 30 20 0 4 47 22 47 23 20 20 4 1 47 4 0 0 23 4 
Custo Total: 2035684
Solução após busca local:
Instalacoes:
1 1 0 0 1 0 0 0 1 1 0 0 0 1 0 0 0 0 0 1 1 0 1 1 0 0 0 0 0 0 1 0 0 0 0 0 0 0 0 0 0 0 0 0 0 0 1 1 0 0 
Atribuicoes:
9 47 8 20 1 30 1 47 20 4 8 9 20 13 1 4 8 8 20 0 20 1 22 13 4 47 1 13 19 20 30 9 9 20 47 47 9 20 4 47 20 20 4 13 47 4 46 0 9 1 
Custo Total: 411085
Total de iterações: 44780
Melhorias: 13
Tempo até a melhor solução: 8.84569 segundos
Iterações até a melhor solução: 12890
Soma dos custos: 11909777050
Média dos custos: 265962
Pior valor encontrado: 504701
Melhor solução encontrada:
Instalacoes:
0 1 0 0 1 0 0 0 1 1 0 0 0 1 0 0 0 0 0 0 1 0 1 0 0 0 0 0 0 0 0 0 0 0 0 0 0 0 0 0 0 0 0 0 0 0 0 1 0 0 
Atribuicoes:
1 1 4 20 20 1 20 13 20 4 4 4 20 13 8 9 13 8 20 1 20 47 22 9 4 13 47 22 9 20 8 9 9 20 1 8 9 20 4 13 20 9 8 47 47 4 47 8 1 9 
Custo Total: 263410
