Instância: Data/raw/50_P50_M1_Continuo_3.txt
Tempo limite: 30 segundos
Seed: 8
Tamanho da pertubação: 5
Solução inicial:
Instalacoes:
1 1 0 0 0 1 0 0 1 1 0 0 0 1 0 0 0 0 1 0 0 0 1 0 0 0 0 0 0 0 0 0 0 0 0 1 0 0 0 1 0 0 0 0 0 0 1 1 0 1 
Atribuicoes:
0 0 13 39 8 5 49 35 46 9 8 8 47 13 1 9 9 8 18 0 18 1 22 35 9 13 47 8 1 13 5 8 5 47 49 9 35 39 8 39 9 18 8 1 47 8 46 0 39 9 
Custo Total: 1714158
Solução após busca local:
Instalacoes:
1 1 0 0 1 1 0 0 1 1 0 0 0 1 0 0 1 0 1 1 1 0 1 0 0 0 0 0 0 0 1 0 0 0 0 1 0 0 0 1 0 0 0 0 0 0 1 1 0 0 
Atribuicoes:
19 0 20 39 20 5 1 18 46 9 8 20 47 13 1 4 4 16 20 0 18 1 22 19 9 13 47 8 9 47 20 4 0 13 35 16 30 1 8 39 19 8 8 30 47 9 46 47 39 9 
Custo Total: 559091
Total de iterações: 27765
Melhorias: 13
Tempo até a melhor solução: 21.3795 segundos
Iterações até a melhor solução: 19577
Soma dos custos: 11254180697
Média dos custos: 405337
Pior valor encontrado: 635785
Melhor solução encontrada:
Instalacoes:
1 1 0 0 1 0 0 0 1 1 0 0 0 1 0 0 0 0 0 1 1 0 1 0 0 0 0 0 0 0 0 0 0 0 0 0 0 0 0 1 0 0 0 0 0 0 0 1 0 0 
Atribuicoes:
0 19 20 39 0 19 4 47 20 9 8 8 39 13 1 4 20 1 20 19 4 4 22 13 9 22 47 20 9 47 0 13 19 13 1 13 39 4 20 39 8 8 8 0 4 9 20 1 47 9 
Custo Total: 389455
