Instância: Data/raw/50_P40_M0_Continuo_2.txt
Tempo limite: 30 segundos
Seed: 10
Tamanho da pertubação: 5
Solução inicial:
Instalacoes:
0 1 0 0 1 0 0 1 0 1 0 0 0 1 0 0 0 0 1 0 1 0 1 1 0 1 0 0 0 0 1 0 0 0 1 0 0 0 0 0 0 0 0 0 0 0 0 1 0 0 
Atribuicoes:
4 9 30 13 9 30 22 7 4 18 13 20 7 23 4 9 34 34 18 47 18 9 22 23 9 25 1 20 30 23 30 25 30 20 9 34 20 13 9 23 18 18 4 4 9 4 4 47 23 9 
Custo Total: 1491104
Solução após busca local:
Instalacoes:
1 0 0 0 1 0 0 1 1 1 0 0 0 1 0 0 1 0 1 0 1 0 1 1 0 1 0 0 0 0 1 0 0 0 1 0 0 0 0 0 0 0 0 0 0 0 0 1 0 1 
Atribuicoes:
4 0 8 8 9 47 8 13 18 8 13 20 4 23 20 9 47 13 47 47 20 0 22 23 8 25 20 9 30 0 30 25 30 20 9 16 20 13 9 23 4 18 4 49 9 4 4 47 9 0 
Custo Total: 537437
Total de iterações: 34400
Melhorias: 22
Tempo até a melhor solução: 21.2219 segundos
Iterações até a melhor solução: 23938
Soma dos custos: 11024742759
Média dos custos: 320487
Pior valor encontrado: 583883
Melhor solução encontrada:
Instalacoes:
0 1 0 0 1 0 0 0 1 1 0 0 0 1 0 0 1 0 0 0 1 0 1 0 0 0 0 0 0 0 0 0 0 0 0 0 0 0 0 0 0 0 0 0 0 0 0 1 0 0 
Atribuicoes:
4 1 13 8 9 13 20 1 47 8 22 20 4 1 20 9 16 16 8 20 47 1 22 1 8 8 47 9 22 47 8 13 8 20 9 20 20 1 9 13 4 47 4 47 9 4 4 8 9 16 
Custo Total: 311454
