Instância: Data/raw/50_P90_M0_Continuo_9.txt
Tempo limite: 30 segundos
Seed: 6
Tamanho da pertubação: 5
Solução inicial:
Instalacoes:
1 1 1 1 0 1 0 1 0 0 0 0 0 1 1 0 0 0 1 0 0 0 1 0 0 0 0 0 1 1 0 1 0 0 0 0 0 0 1 1 0 1 0 0 0 0 1 1 0 0 
Atribuicoes:
47 1 2 3 1 5 1 7 38 0 41 22 7 2 14 14 41 7 18 47 41 31 22 13 46 5 1 31 28 29 2 28 5 13 1 41 3 7 38 39 28 18 0 31 1 38 46 47 39 14 
Custo Total: 2662044
Solução após busca local:
Instalacoes:
1 1 1 1 1 1 0 1 1 1 0 0 0 1 1 0 1 0 1 1 1 0 1 1 1 1 0 0 1 0 1 1 0 0 1 1 0 0 1 1 0 1 0 0 0 0 1 1 0 1 
Atribuicoes:
47 20 2 3 9 5 1 7 38 19 41 34 25 39 49 34 4 8 18 47 9 31 22 23 24 23 1 31 28 0 20 28 5 13 35 41 30 30 38 39 35 16 0 19 8 4 46 13 25 14 
Custo Total: 1088208
Total de iterações: 17815
Melhorias: 20
Tempo até a melhor solução: 25.4666 segundos
Iterações até a melhor solução: 15070
Soma dos custos: 14433572384
Média dos custos: 810192
Pior valor encontrado: 1052720
Melhor solução encontrada:
Instalacoes:
1 1 0 0 1 0 0 0 1 1 0 0 0 1 0 0 1 0 1 1 1 0 1 1 0 1 0 1 0 0 1 0 0 0 1 1 0 0 0 1 0 0 0 0 0 0 1 1 0 1 
Atribuicoes:
47 1 16 39 9 25 25 13 20 8 16 30 27 18 49 47 4 49 18 8 19 13 22 23 25 23 34 22 49 30 1 27 9 39 35 16 0 47 9 22 35 20 0 8 46 4 46 19 18 34 
Custo Total: 796389
