Instância: Data/raw/50_P100_M1_HUB_5.txt
Tempo limite: 30 segundos
Seed: 2
Tamanho da pertubação: 5
Solução inicial:
Instalacoes:
1 0 1 1 0 1 0 1 0 1 0 1 0 0 0 1 0 0 1 1 0 0 1 0 0 0 0 0 1 1 0 0 0 0 0 0 0 0 1 1 0 1 1 1 0 0 1 0 0 0 
Atribuicoes:
0 0 2 3 15 5 41 7 15 9 46 11 7 2 19 9 42 7 18 19 46 43 22 29 42 5 43 11 28 29 2 28 5 29 0 9 3 7 38 39 28 18 42 19 9 38 46 19 39 0 
Custo Total: 2887672
Solução após busca local:
Instalacoes:
1 1 1 1 1 1 0 1 1 1 0 1 0 1 0 1 1 0 1 1 1 0 1 1 0 1 0 1 1 1 1 1 0 0 1 1 0 0 0 1 0 0 1 1 0 0 1 1 0 1 
Atribuicoes:
0 30 25 3 15 13 23 16 8 35 27 11 7 13 34 9 41 9 18 19 8 43 22 23 42 5 1 28 28 29 2 31 4 31 34 20 47 4 46 39 20 1 16 47 19 46 18 49 3 0 
Custo Total: 1329461
Total de iterações: 14330
Melhorias: 14
Tempo até a melhor solução: 8.57931 segundos
Iterações até a melhor solução: 4072
Soma dos custos: 17153830299
Média dos custos: 1.19706e+06
Pior valor encontrado: 1392080
Melhor solução encontrada:
Instalacoes:
1 1 1 0 1 1 0 0 1 1 0 0 0 1 1 0 1 0 1 1 1 0 1 1 0 1 0 1 0 0 1 1 0 0 1 1 0 0 0 1 0 0 1 0 0 0 1 1 0 1 
Atribuicoes:
34 42 2 13 46 5 23 49 8 0 22 22 16 5 14 9 35 9 18 47 18 34 27 23 16 25 19 27 1 13 30 8 0 19 14 31 1 39 4 30 31 49 42 25 47 4 46 20 35 20 
Custo Total: 1191389
