Instância: Data/raw/50_P70_M0_Continuo_6.txt
Tempo limite: 30 segundos
Seed: 5
Tamanho da pertubação: 5
Solução inicial:
Instalacoes:
1 0 1 1 1 0 0 1 1 1 0 0 0 0 0 1 0 0 1 1 0 0 1 0 0 1 0 1 0 0 0 0 0 0 1 1 0 0 0 1 0 0 0 1 0 0 1 0 0 0 
Atribuicoes:
4 4 2 3 15 2 25 7 15 9 34 8 7 2 34 9 35 7 18 4 46 43 22 46 35 39 8 27 2 25 2 8 43 39 4 9 3 7 4 39 35 18 46 19 8 46 46 19 39 4 
Custo Total: 2415565
Solução após busca local:
Instalacoes:
0 1 1 1 1 0 0 1 1 1 0 0 0 1 0 1 1 0 1 1 1 0 1 0 0 1 0 0 0 0 1 1 0 0 1 1 0 0 0 1 0 0 1 0 0 0 1 1 0 1 
Atribuicoes:
4 42 2 30 15 30 39 1 47 47 34 16 20 39 34 1 16 22 18 49 46 9 22 30 35 13 8 9 13 4 20 25 19 39 49 9 8 7 4 31 35 35 9 18 8 46 42 19 39 20 
Custo Total: 819160
Total de iterações: 20646
Melhorias: 13
Tempo até a melhor solução: 24.7307 segundos
Iterações até a melhor solução: 16990
Soma dos custos: 11285066246
Média dos custos: 546598
Pior valor encontrado: 805568
Melhor solução encontrada:
Instalacoes:
1 1 0 0 1 0 0 0 1 1 0 0 0 1 0 0 1 0 1 1 1 0 1 0 0 1 0 0 0 0 1 0 0 0 0 0 0 0 0 0 0 0 0 0 0 0 0 1 0 1 
Atribuicoes:
47 0 30 1 1 25 1 22 9 47 18 16 20 4 9 4 16 47 49 49 47 30 22 19 20 25 8 22 13 4 9 8 30 4 9 9 8 18 4 25 49 1 20 20 13 47 0 19 13 0 
Custo Total: 533867
