Instância: Data/raw/50_P70_M0_Continuo_2.txt
Tempo limite: 30 segundos
Seed: 6
Tamanho da pertubação: 5
Solução inicial:
Instalacoes:
1 1 0 0 1 0 0 0 1 1 0 0 0 1 0 0 1 0 1 0 0 0 1 1 0 0 0 1 0 1 0 0 0 0 1 0 0 0 0 1 0 0 0 0 0 0 0 1 0 0 
Atribuicoes:
47 1 1 13 4 34 23 1 8 9 16 27 39 1 0 9 16 18 4 47 4 34 22 29 9 23 4 27 13 29 0 27 34 13 1 9 13 39 8 39 16 4 4 47 4 8 8 47 39 9 
Custo Total: 2248033
Solução após busca local:
Instalacoes:
1 1 0 0 1 0 0 0 1 1 0 0 0 1 0 0 1 0 0 1 1 0 1 1 0 0 0 1 0 1 1 0 0 0 1 1 0 0 0 1 0 0 0 0 0 0 1 1 0 1 
Atribuicoes:
0 47 1 30 13 9 23 13 8 4 16 27 35 20 49 35 16 47 4 47 4 0 22 29 9 23 4 27 13 29 0 16 39 13 1 9 8 1 46 39 34 49 19 47 20 8 46 30 39 9 
Custo Total: 693160
Total de iterações: 21926
Melhorias: 13
Tempo até a melhor solução: 8.91387 segundos
Iterações até a melhor solução: 6508
Soma dos custos: 12004770968
Média dos custos: 547513
Pior valor encontrado: 781628
Melhor solução encontrada:
Instalacoes:
1 1 0 0 1 0 0 0 1 1 0 0 0 1 0 0 1 0 1 0 1 0 1 0 0 0 0 0 0 0 0 1 0 0 0 0 0 0 0 1 0 0 0 0 0 0 1 1 0 0 
Atribuicoes:
0 19 0 47 46 9 8 13 8 4 46 13 18 8 20 1 16 18 4 19 4 47 22 13 9 20 4 22 31 1 1 31 39 0 13 9 1 18 46 39 8 16 19 47 20 46 20 47 39 9 
Custo Total: 543507
