Instância: Data/raw/50_P70_M0_Continuo_9.txt
Tempo limite: 30 segundos
Seed: 7
Tamanho da pertubação: 5
Solução inicial:
Instalacoes:
1 0 1 0 1 1 0 1 1 1 0 0 0 1 0 0 1 0 1 0 1 0 1 0 0 0 0 0 0 0 1 0 0 0 0 1 0 0 0 1 0 0 1 0 0 0 0 1 0 0 
Atribuicoes:
47 47 2 13 4 5 18 7 8 9 16 2 7 2 0 9 16 7 4 47 20 20 22 2 35 5 42 13 2 2 30 5 30 22 47 9 13 7 4 39 16 18 8 0 42 4 8 47 39 47 
Custo Total: 2296666
Solução após busca local:
Instalacoes:
1 1 0 0 1 1 0 1 1 1 0 0 0 1 0 0 1 0 1 1 1 0 1 1 0 1 0 1 0 0 1 1 0 0 1 0 0 0 0 1 0 0 1 0 0 0 1 1 0 1 
Atribuicoes:
47 30 1 13 8 5 18 8 8 0 16 27 20 25 31 9 16 9 20 34 20 34 22 23 9 25 42 13 27 23 30 30 20 22 19 49 25 22 4 31 27 18 8 0 4 4 46 47 39 1 
Custo Total: 814494
Total de iterações: 21116
Melhorias: 19
Tempo até a melhor solução: 28.8639 segundos
Iterações até a melhor solução: 20320
Soma dos custos: 11617615081
Média dos custos: 550181
Pior valor encontrado: 792376
Melhor solução encontrada:
Instalacoes:
1 1 0 0 1 0 0 0 1 1 0 0 0 1 0 0 1 0 0 0 1 0 1 0 0 1 0 0 1 0 1 1 0 0 0 0 0 0 0 0 0 0 0 0 0 0 0 1 0 1 
Atribuicoes:
1 20 0 13 8 31 13 47 4 8 22 22 20 30 0 9 16 9 20 47 1 16 31 31 9 25 8 25 28 30 25 31 20 49 0 4 20 47 4 47 28 16 9 1 4 9 30 0 30 49 
Custo Total: 541827
