Instância: Data/raw/50_P50_M0_Continuo_7.txt
Tempo limite: 30 segundos
Seed: 10
Tamanho da pertubação: 5
Solução inicial:
Instalacoes:
1 1 0 0 1 1 0 0 1 1 0 0 0 0 0 0 0 0 0 1 0 0 1 1 0 0 0 1 0 0 0 0 0 0 0 1 0 0 0 1 0 0 0 0 0 0 0 1 0 0 
Atribuicoes:
47 1 5 39 4 1 4 5 8 9 35 27 4 23 19 9 9 35 35 47 4 1 22 23 9 23 47 27 19 47 47 27 1 1 1 9 5 9 4 39 9 4 8 19 4 8 8 19 39 9 
Custo Total: 1791157
Solução após busca local:
Instalacoes:
0 1 0 0 1 1 0 0 1 1 0 0 0 1 0 0 1 0 0 1 1 0 1 1 0 1 0 1 0 0 0 0 0 0 0 1 0 0 0 1 0 0 0 0 0 0 1 1 0 1 
Atribuicoes:
47 1 8 39 4 47 20 13 46 9 49 27 4 1 49 19 35 22 35 20 16 47 22 23 47 25 47 22 9 49 47 27 8 1 1 8 23 9 20 1 9 4 8 9 4 4 8 9 39 9 
Custo Total: 575250
Total de iterações: 30570
Melhorias: 19
Tempo até a melhor solução: 22.2314 segundos
Iterações até a melhor solução: 22945
Soma dos custos: 11426346346
Média dos custos: 373776
Pior valor encontrado: 619956
Melhor solução encontrada:
Instalacoes:
1 1 0 0 1 0 0 0 1 1 0 0 0 1 0 0 1 0 0 0 1 0 1 0 0 0 0 0 0 0 0 0 0 0 0 0 0 0 0 0 0 0 0 0 0 0 0 1 0 0 
Atribuicoes:
0 1 8 47 4 0 47 16 20 9 1 22 47 1 1 16 16 20 16 47 20 20 4 13 0 13 0 20 9 1 0 22 8 13 8 8 4 9 47 20 9 4 8 9 4 4 8 9 13 9 
Custo Total: 352473
