Instância: Data/raw/50_P50_M0_Continuo_6.txt
Tempo limite: 30 segundos
Seed: 1
Tamanho da pertubação: 5
Solução inicial:
Instalacoes:
1 0 1 0 1 0 0 1 1 1 0 0 0 0 0 0 0 0 1 0 1 0 1 0 0 1 0 0 0 0 0 0 0 0 0 0 0 0 0 1 0 0 0 0 0 0 0 0 0 0 
Atribuicoes:
0 0 2 20 4 2 20 7 8 9 18 25 7 39 4 9 9 7 18 0 20 9 22 2 18 25 0 25 39 20 39 25 2 20 0 9 20 7 20 39 18 8 8 9 0 4 8 9 39 0 
Custo Total: 2312679
Solução após busca local:
Instalacoes:
1 1 1 0 1 0 0 0 1 1 0 0 0 1 0 0 0 0 1 1 1 0 1 0 0 1 0 0 0 0 1 0 0 0 0 1 0 0 0 1 0 0 0 0 0 0 0 1 0 1 
Atribuicoes:
19 47 30 1 4 2 20 7 19 47 4 49 25 9 4 0 9 8 9 0 20 9 22 39 35 25 20 22 1 4 30 1 30 20 49 9 18 39 20 13 30 8 8 9 1 4 8 49 39 0 
Custo Total: 601954
Total de iterações: 28066
Melhorias: 22
Tempo até a melhor solução: 28.2245 segundos
Iterações até a melhor solução: 26459
Soma dos custos: 11566107303
Média dos custos: 412104
Pior valor encontrado: 649899
Melhor solução encontrada:
Instalacoes:
1 1 0 0 1 0 0 0 1 1 0 0 0 1 0 0 1 0 0 0 1 0 1 0 0 0 0 0 0 0 0 0 0 0 0 0 0 0 0 0 0 0 0 0 0 0 0 1 0 1 
Atribuicoes:
1 4 16 13 4 1 20 1 47 49 1 49 9 9 20 0 47 8 9 0 20 9 13 13 16 4 47 13 49 4 20 49 16 8 0 9 20 13 47 20 16 8 8 9 1 4 8 47 49 22 
Custo Total: 402514
