Instância: Data/raw/50_P70_M1_Continuo_8.txt
Tempo limite: 30 segundos
Seed: 4
Tamanho da pertubação: 5
Solução inicial:
Instalacoes:
1 1 1 1 1 0 0 1 0 1 0 0 0 0 0 0 1 0 0 0 0 1 1 0 1 0 0 0 0 1 1 0 0 0 0 0 0 0 0 1 0 0 0 0 0 0 1 1 0 0 
Atribuicoes:
4 1 30 3 0 30 4 7 47 1 16 9 7 30 21 1 16 7 16 47 1 21 22 29 24 30 0 9 2 29 2 30 30 3 4 46 3 7 9 39 16 46 1 21 47 46 46 47 39 24 
Custo Total: 2058192
Solução após busca local:
Instalacoes:
1 1 0 0 1 0 0 1 1 1 0 0 0 1 0 0 1 0 1 1 1 1 1 1 0 1 0 0 0 1 1 0 0 0 1 0 0 0 0 1 0 0 0 0 0 0 1 1 0 1 
Atribuicoes:
4 34 20 9 0 30 8 7 47 1 16 4 22 30 9 34 16 22 13 47 18 21 22 23 16 30 0 13 4 1 0 30 20 25 4 46 23 8 9 25 49 46 1 21 8 47 19 47 39 29 
Custo Total: 805177
Total de iterações: 21491
Melhorias: 22
Tempo até a melhor solução: 24.363 segundos
Iterações até a melhor solução: 17272
Soma dos custos: 11614772826
Média dos custos: 540448
Pior valor encontrado: 794315
Melhor solução encontrada:
Instalacoes:
1 1 0 0 1 0 0 0 1 1 0 0 0 1 0 0 1 0 1 0 1 0 1 0 0 0 0 0 0 0 1 0 0 0 0 0 0 0 0 1 0 0 0 0 0 0 1 1 0 1 
Atribuicoes:
4 49 39 39 0 13 8 20 47 1 18 4 4 13 20 49 16 30 49 9 20 9 22 30 16 13 0 22 9 1 9 13 16 4 4 8 20 8 46 39 0 18 1 30 8 47 46 47 18 16 
Custo Total: 523118
