Instância: Data/raw/50_P100_M1_Continuo_4.txt
Tempo limite: 30 segundos
Seed: 1
Tamanho da pertubação: 5
Solução inicial:
Instalacoes:
1 0 1 1 0 1 0 1 0 1 0 1 0 0 0 1 0 0 1 1 0 0 1 0 0 0 0 0 1 0 0 0 0 0 0 0 0 0 1 1 0 1 1 1 0 0 1 0 0 0 
Atribuicoes:
0 0 2 3 15 5 41 7 15 9 46 11 7 2 19 9 42 7 18 19 46 43 22 43 42 5 15 11 28 43 2 28 5 2 0 9 3 7 38 39 28 18 42 19 42 38 46 19 39 0 
Custo Total: 3047879
Solução após busca local:
Instalacoes:
1 1 1 1 1 1 0 1 1 1 0 0 1 1 0 1 1 0 1 1 1 0 1 1 0 1 0 0 1 0 1 1 0 0 1 1 0 0 1 1 0 0 1 1 0 0 1 1 0 1 
Atribuicoes:
0 16 2 20 35 5 23 31 15 34 46 39 12 13 34 9 35 20 18 42 8 43 22 47 22 30 8 18 28 1 4 28 30 13 4 41 3 7 38 39 31 49 42 19 0 9 1 19 25 25 
Custo Total: 1345874
Total de iterações: 14312
Melhorias: 20
Tempo até a melhor solução: 17.5677 segundos
Iterações até a melhor solução: 8324
Soma dos custos: 17132176124
Média dos custos: 1.19705e+06
Pior valor encontrado: 1403165
Melhor solução encontrada:
Instalacoes:
1 1 0 0 1 1 0 0 1 1 0 1 0 1 0 0 1 0 1 1 1 0 1 1 0 1 0 1 1 0 1 1 0 0 1 1 0 0 0 1 0 0 1 0 0 0 1 1 0 1 
Atribuicoes:
49 1 23 22 46 5 8 1 42 16 27 11 39 13 16 4 49 22 18 47 9 34 5 30 42 30 9 18 25 20 28 4 34 13 23 0 25 27 8 39 28 35 47 19 0 46 20 19 31 31 
Custo Total: 1180299
