Instância: Data/raw/50_P100_M0_Continuo_2.txt
Tempo limite: 30 segundos
Seed: 6
Tamanho da pertubação: 5
Solução inicial:
Instalacoes:
1 0 1 1 1 1 0 1 0 1 0 1 0 0 1 1 0 0 1 1 0 0 1 0 0 1 0 0 1 1 0 0 0 0 0 0 0 0 0 1 0 1 1 1 0 0 1 0 0 0 
Atribuicoes:
4 4 2 3 15 5 25 7 15 9 46 11 7 2 14 9 46 7 18 4 46 43 22 29 42 5 0 11 28 29 2 25 43 5 4 9 3 7 25 39 28 18 42 19 0 4 46 19 39 4 
Custo Total: 2888855
Solução após busca local:
Instalacoes:
1 1 1 1 1 1 0 1 1 1 0 1 0 1 1 0 1 0 1 1 1 0 1 1 0 1 0 1 1 1 1 1 0 0 1 1 0 0 0 1 0 0 1 0 0 0 1 1 0 1 
Atribuicoes:
49 47 2 3 18 0 25 1 46 9 27 11 23 34 14 49 46 7 18 8 16 34 22 13 13 5 20 35 28 29 30 25 19 23 1 9 31 31 47 39 27 41 42 14 0 4 8 19 39 4 
Custo Total: 1331807
Total de iterações: 14057
Melhorias: 10
Tempo até a melhor solução: 23.2521 segundos
Iterações até a melhor solução: 11039
Soma dos custos: 17058086521
Média dos custos: 1.21349e+06
Pior valor encontrado: 1406265
Melhor solução encontrada:
Instalacoes:
1 1 0 0 1 0 0 0 1 1 0 0 0 1 0 0 1 0 1 1 1 0 1 1 1 1 0 1 1 0 1 1 0 0 1 1 0 0 0 1 0 0 1 1 0 0 1 1 0 1 
Atribuicoes:
1 0 47 16 8 46 0 23 42 20 27 9 18 13 43 1 22 22 4 16 18 34 28 30 24 31 4 31 28 23 30 13 34 39 35 20 49 49 9 39 27 35 42 43 46 47 8 19 25 49 
Custo Total: 1209920
