Instância: Data/raw/50_P90_M1_Continuo_3.txt
Tempo limite: 30 segundos
Seed: 9
Tamanho da pertubação: 5
Solução inicial:
Instalacoes:
1 0 1 1 0 1 0 1 0 1 0 1 0 0 0 1 0 0 1 1 0 1 1 0 0 1 0 0 1 1 0 0 0 0 1 0 0 0 0 1 0 1 0 0 0 0 1 0 0 0 
Atribuicoes:
0 0 2 3 15 5 29 7 15 9 46 11 7 2 46 9 46 7 18 19 46 21 22 25 46 5 19 11 28 29 2 25 21 25 34 9 3 7 9 39 28 18 34 21 19 46 46 34 39 0 
Custo Total: 2732854
Solução após busca local:
Instalacoes:
1 1 1 1 1 1 0 1 1 1 0 1 0 1 0 1 1 0 1 1 1 1 1 0 0 1 0 1 1 1 1 1 0 0 1 1 0 0 0 1 0 0 0 0 0 0 1 1 0 1 
Atribuicoes:
46 30 2 3 18 0 1 7 15 47 5 8 4 2 4 9 13 20 18 0 28 21 22 25 49 5 19 11 28 29 31 25 21 16 1 16 22 9 13 30 27 20 34 47 19 8 46 34 39 49 
Custo Total: 1095866
Total de iterações: 17488
Melhorias: 27
Tempo até a melhor solução: 22.7086 segundos
Iterações até a melhor solução: 13152
Soma dos custos: 13658807013
Média dos custos: 781039
Pior valor encontrado: 1060907
Melhor solução encontrada:
Instalacoes:
1 1 0 0 1 1 0 0 1 1 0 0 0 1 0 0 1 0 1 1 1 0 1 0 0 1 0 0 0 0 1 1 0 0 1 1 0 0 0 1 0 0 1 0 0 0 1 1 0 1 
Atribuicoes:
47 19 25 49 9 5 13 4 46 42 34 25 31 25 34 35 20 1 9 49 18 1 31 8 16 30 4 22 30 20 9 5 19 18 13 49 8 39 4 0 35 16 42 8 1 0 47 20 39 31 
Custo Total: 767953
