Instância: Data/raw/50_P100_M1_HUB_1.txt
Tempo limite: 30 segundos
Seed: 3
Tamanho da pertubação: 5
Solução inicial:
Instalacoes:
1 0 1 1 0 1 0 1 0 1 0 1 0 0 0 1 0 0 1 1 0 0 1 0 0 0 0 0 1 0 0 0 0 0 0 0 0 0 1 1 0 1 1 1 0 0 1 0 0 0 
Atribuicoes:
0 0 2 3 15 5 41 7 15 9 46 11 7 2 19 9 42 7 18 19 46 43 22 43 42 5 42 11 28 43 2 28 5 2 0 9 3 7 38 39 28 18 0 19 42 38 46 19 39 0 
Custo Total: 3027362
Solução após busca local:
Instalacoes:
1 1 1 1 1 1 0 1 1 1 0 1 0 1 0 1 1 0 1 1 1 0 1 1 0 1 0 1 1 0 1 1 0 0 0 1 0 0 1 1 0 0 1 1 0 0 1 1 0 1 
Atribuicoes:
47 1 4 3 15 5 25 7 13 35 8 11 27 2 19 9 8 1 18 19 46 43 22 20 35 27 4 31 28 23 30 47 5 20 49 16 23 39 38 13 18 41 0 43 42 9 46 49 39 0 
Custo Total: 1310985
Total de iterações: 13735
Melhorias: 16
Tempo até a melhor solução: 29.2509 segundos
Iterações até a melhor solução: 13389
Soma dos custos: 16225685941
Média dos custos: 1.18134e+06
Pior valor encontrado: 1367208
Melhor solução encontrada:
Instalacoes:
1 1 0 0 1 1 0 0 1 1 0 0 0 1 0 0 1 0 1 1 1 0 1 1 0 1 0 0 1 0 1 1 0 0 1 1 0 0 0 1 0 0 1 1 0 0 1 1 0 1 
Atribuicoes:
47 34 20 1 35 5 25 18 42 49 22 22 25 31 42 9 35 8 16 30 18 43 13 34 49 1 4 28 28 23 30 31 5 4 19 0 23 39 46 13 16 20 8 43 47 9 46 19 39 0 
Custo Total: 1174500
