Instância: Data/raw/50_P60_M1_HUB_6.txt
Tempo limite: 30 segundos
Seed: 3
Tamanho da pertubação: 5
Solução inicial:
Instalacoes:
1 1 0 0 0 0 0 0 0 0 0 0 0 1 0 1 1 0 0 1 0 0 1 1 0 1 0 0 0 0 1 1 0 0 0 0 0 0 0 0 0 0 1 0 0 0 1 1 0 1 
Atribuicoes:
47 1 23 25 46 47 31 16 1 42 16 22 22 13 19 15 16 22 46 1 46 46 22 23 49 13 0 31 23 23 30 47 47 13 1 49 25 22 42 23 16 49 42 19 47 42 46 19 23 19 
Custo Total: 1933955
Solução após busca local:
Instalacoes:
1 1 0 0 1 0 0 0 1 1 0 0 0 1 0 0 1 0 0 1 1 0 1 1 0 1 0 0 0 1 0 1 0 0 0 0 0 0 0 1 0 0 1 0 0 0 1 1 0 1 
Atribuicoes:
47 20 13 25 46 8 20 16 1 42 16 22 39 23 8 0 16 4 46 1 20 19 22 23 1 13 19 31 1 9 31 31 31 39 0 47 25 4 47 39 16 49 8 19 47 8 13 9 47 19 
Custo Total: 646401
Total de iterações: 22215
Melhorias: 16
Tempo até a melhor solução: 27.7158 segundos
Iterações até a melhor solução: 20524
Soma dos custos: 10744237294
Média dos custos: 483648
Pior valor encontrado: 754912
Melhor solução encontrada:
Instalacoes:
1 1 0 0 1 0 0 0 1 1 0 0 0 1 0 0 1 0 0 0 1 0 1 0 0 0 0 1 0 0 0 0 0 0 0 0 0 0 0 0 0 0 1 0 0 0 1 1 0 0 
Atribuicoes:
8 20 20 4 9 9 20 22 1 42 16 16 13 8 8 0 16 4 4 47 20 8 22 8 1 27 1 27 47 9 4 4 9 13 1 8 47 0 4 13 16 16 42 47 47 46 20 9 20 47 
Custo Total: 450617
