Instância: Data/raw/50_P50_M1_Continuo_7.txt
Tempo limite: 30 segundos
Seed: 3
Tamanho da pertubação: 5
Solução inicial:
Instalacoes:
0 0 0 0 1 0 0 0 0 1 0 0 0 1 0 0 0 0 1 1 0 0 1 1 0 1 0 0 0 0 0 0 0 0 0 0 0 0 0 0 0 0 0 0 0 0 1 1 0 0 
Atribuicoes:
4 4 13 23 46 25 46 4 46 9 18 9 22 13 4 9 9 18 18 47 18 19 22 23 18 25 19 9 25 23 23 13 19 22 4 9 23 18 9 25 22 18 9 4 19 4 46 47 25 4 
Custo Total: 2125278
Solução após busca local:
Instalacoes:
0 1 0 0 1 1 0 0 1 1 0 0 0 1 0 0 1 0 1 1 1 0 1 1 0 1 0 0 0 0 0 0 0 0 0 0 0 0 0 0 0 0 0 0 0 0 0 1 0 0 
Atribuicoes:
47 20 13 25 9 5 13 4 13 9 8 9 22 13 4 4 9 20 18 47 18 19 22 5 1 16 19 9 25 23 23 5 20 8 4 9 16 16 20 8 16 18 1 4 47 1 9 47 13 1 
Custo Total: 498147
Total de iterações: 28345
Melhorias: 10
Tempo até a melhor solução: 13.0237 segundos
Iterações até a melhor solução: 12525
Soma dos custos: 10993603049
Média dos custos: 387850
Pior valor encontrado: 649897
Melhor solução encontrada:
Instalacoes:
1 1 0 0 1 0 0 0 1 1 0 0 0 1 0 0 0 0 1 0 1 0 1 0 0 0 0 0 0 0 0 1 0 0 0 0 0 0 0 0 0 0 0 0 0 0 0 1 0 0 
Atribuicoes:
1 1 13 4 9 31 13 4 8 9 8 9 18 13 4 4 9 0 18 1 18 4 22 20 1 31 0 9 22 20 47 31 8 8 47 9 47 20 20 8 0 18 20 4 47 1 9 47 13 0 
Custo Total: 378821
