Instância: Data/raw/50_P90_M1_HUB_10.txt
Tempo limite: 30 segundos
Seed: 5
Tamanho da pertubação: 5
Solução inicial:
Instalacoes:
1 0 1 1 1 1 0 1 1 1 0 1 0 0 1 0 0 0 1 1 0 0 1 0 0 0 0 0 1 0 0 0 0 0 1 0 0 0 0 1 0 0 1 1 0 0 1 0 0 0 
Atribuicoes:
0 0 34 3 4 2 2 7 8 9 18 11 7 14 19 9 18 7 18 19 4 43 22 43 18 5 42 11 28 5 2 28 43 14 34 9 3 7 42 39 28 4 8 19 46 46 8 0 39 0 
Custo Total: 2371540
Solução após busca local:
Instalacoes:
1 1 1 1 1 1 0 1 1 1 0 1 0 1 1 0 1 0 1 1 1 0 1 1 0 1 0 0 1 0 1 1 0 0 1 1 0 0 0 1 0 0 1 1 0 0 1 1 0 1 
Atribuicoes:
20 49 34 3 25 2 2 25 8 9 1 11 47 14 19 9 18 16 18 19 8 16 22 39 47 5 42 7 31 23 30 28 43 39 34 35 13 7 1 39 14 4 8 43 30 46 4 42 23 0 
Custo Total: 1097593
Total de iterações: 16530
Melhorias: 18
Tempo até a melhor solução: 6.14194 segundos
Iterações até a melhor solução: 3297
Soma dos custos: 13417247880
Média dos custos: 811691
Pior valor encontrado: 1033924
Melhor solução encontrada:
Instalacoes:
1 1 0 0 1 0 0 0 1 1 0 0 0 1 0 0 1 0 1 1 1 0 1 0 0 1 0 0 1 0 1 1 0 0 1 1 0 0 0 1 0 0 0 0 0 0 1 1 0 1 
Atribuicoes:
47 1 25 25 13 9 9 19 8 9 1 31 20 30 20 19 18 16 18 19 8 16 18 39 34 31 0 22 34 47 30 28 4 39 34 46 49 0 46 39 22 35 8 4 1 4 16 0 13 49 
Custo Total: 808940
