Instância: Data/raw/50_P80_M1_Continuo_5.txt
Tempo limite: 30 segundos
Seed: 1
Tamanho da pertubação: 5
Solução inicial:
Instalacoes:
1 0 1 0 1 0 0 1 1 1 0 1 0 1 1 0 0 0 1 0 0 0 1 0 0 1 0 0 1 0 1 0 0 0 0 0 0 0 0 1 0 0 1 0 0 0 0 0 0 0 
Atribuicoes:
0 0 30 25 4 30 2 7 8 9 28 11 7 30 14 9 42 7 18 0 4 14 22 13 42 25 42 11 28 30 30 13 4 18 0 9 25 7 42 39 13 18 8 14 42 4 8 42 39 0 
Custo Total: 2520313
Solução após busca local:
Instalacoes:
1 1 0 0 1 0 0 1 1 1 0 1 0 1 1 0 1 0 1 1 1 0 1 0 0 1 0 0 1 0 1 1 0 0 1 1 0 0 0 1 0 0 1 0 0 0 1 1 0 1 
Atribuicoes:
19 34 30 9 0 30 9 7 8 13 49 11 47 1 14 20 20 18 4 0 46 47 22 13 47 25 42 31 28 1 49 13 4 18 8 9 16 22 30 39 28 18 1 34 8 4 46 19 39 0 
Custo Total: 846620
Total de iterações: 18444
Melhorias: 18
Tempo até a melhor solução: 27.7318 segundos
Iterações até a melhor solução: 17056
Soma dos custos: 11509072363
Média dos custos: 624001
Pior valor encontrado: 882907
Melhor solução encontrada:
Instalacoes:
1 1 0 0 1 0 0 0 1 1 0 0 0 1 0 0 1 0 0 1 1 0 1 0 0 1 0 0 0 0 1 1 0 0 0 0 0 0 0 1 0 0 0 0 0 0 0 1 0 1 
Atribuicoes:
19 49 9 9 0 25 39 39 8 47 30 31 1 25 19 49 47 20 30 0 16 1 22 47 1 25 49 13 20 4 30 31 4 9 8 9 16 47 19 13 20 1 0 20 8 4 47 19 13 0 
Custo Total: 597827
