Instância: Data/raw/50_P80_M0_Continuo_1.txt
Tempo limite: 30 segundos
Seed: 3
Tamanho da pertubação: 5
Solução inicial:
Instalacoes:
1 0 1 1 0 1 0 1 1 1 0 0 0 1 0 0 0 0 1 1 0 0 1 1 0 0 0 1 1 0 0 0 0 0 0 0 0 0 1 1 0 1 0 1 0 0 1 1 0 1 
Atribuicoes:
47 8 13 3 49 5 27 7 8 9 46 39 7 13 43 9 41 7 18 47 41 43 22 2 19 13 19 27 28 23 23 28 2 23 8 9 3 7 38 39 49 18 0 43 47 38 46 19 39 8 
Custo Total: 2028917
Solução após busca local:
Instalacoes:
1 1 1 1 1 0 0 1 1 1 0 0 0 1 0 0 1 0 1 1 1 0 1 1 1 1 0 0 1 0 1 0 0 0 1 0 0 0 1 1 0 1 0 1 0 0 1 1 0 1 
Atribuicoes:
47 13 0 39 49 19 0 25 8 9 9 25 7 13 43 9 47 22 18 20 4 43 22 2 30 13 47 8 16 23 23 28 1 30 8 20 8 16 18 4 34 41 0 47 1 38 46 19 39 30 
Custo Total: 922995
Total de iterações: 18870
Melhorias: 13
Tempo até a melhor solução: 18.8564 segundos
Iterações até a melhor solução: 12313
Soma dos custos: 12801134130
Média dos custos: 678385
Pior valor encontrado: 922335
Melhor solução encontrada:
Instalacoes:
1 1 0 0 1 0 0 0 1 1 0 0 0 1 0 0 1 0 1 1 1 0 1 0 0 1 0 0 0 0 1 1 0 0 0 1 0 0 0 1 0 0 0 0 0 0 0 1 0 1 
Atribuicoes:
0 47 4 39 18 19 20 31 9 9 13 20 16 13 25 20 0 22 18 20 4 25 22 13 47 9 8 8 31 30 30 9 1 4 1 35 31 4 16 25 16 35 49 0 1 47 8 19 39 49 
Custo Total: 666885
