Instância: Data/raw/50_P90_M1_Continuo_2.txt
Tempo limite: 30 segundos
Seed: 4
Tamanho da pertubação: 5
Solução inicial:
Instalacoes:
1 1 1 0 0 0 0 0 0 0 0 1 0 1 1 1 0 0 1 1 0 0 1 1 1 1 0 0 1 0 0 1 0 0 0 0 0 0 1 0 0 0 0 0 0 0 1 1 0 0 
Atribuicoes:
47 1 23 25 1 23 2 22 1 15 18 11 18 13 14 15 24 18 15 47 18 14 22 31 24 23 19 31 28 23 19 25 31 23 1 46 25 18 38 13 28 22 0 14 47 38 46 47 11 24 
Custo Total: 2255644
Solução após busca local:
Instalacoes:
1 1 0 0 1 0 0 0 1 1 0 0 0 1 1 1 1 0 1 1 1 0 1 1 1 1 0 0 1 0 1 1 0 0 1 0 0 0 1 1 0 0 1 0 0 0 1 1 0 1 
Atribuicoes:
9 9 20 47 1 23 39 22 1 15 4 2 18 13 49 0 24 34 8 47 18 8 22 31 24 23 19 31 30 49 19 39 34 13 4 46 25 46 38 30 28 20 0 14 42 42 9 47 13 16 
Custo Total: 1009453
Total de iterações: 16798
Melhorias: 24
Tempo até a melhor solução: 23.7118 segundos
Iterações até a melhor solução: 13297
Soma dos custos: 13187280201
Média dos custos: 785051
Pior valor encontrado: 1064375
Melhor solução encontrada:
Instalacoes:
1 1 0 0 1 0 0 0 1 1 0 0 0 1 0 0 1 0 1 1 1 0 1 0 0 1 0 1 0 0 1 1 0 0 0 0 0 0 0 1 0 0 1 0 0 0 1 1 0 1 
Atribuicoes:
4 16 20 39 20 25 9 27 4 9 22 22 18 31 49 42 49 1 8 0 18 8 27 8 49 25 47 31 30 13 47 13 1 30 4 39 47 19 9 30 16 20 42 19 1 46 0 0 13 46 
Custo Total: 767012
