Instância: Data/raw/50_P90_M1_HUB_1.txt
Tempo limite: 30 segundos
Seed: 10
Tamanho da pertubação: 5
Solução inicial:
Instalacoes:
1 0 1 1 0 0 1 1 0 1 0 0 0 0 1 1 0 0 0 0 0 0 1 0 0 0 0 0 1 1 0 0 0 0 1 0 0 0 0 1 0 0 1 1 0 0 1 1 0 0 
Atribuicoes:
47 47 2 3 15 2 6 7 46 9 34 2 7 2 14 9 34 7 0 47 15 43 22 29 42 39 0 39 28 29 2 28 14 2 47 9 3 7 42 39 28 34 42 43 0 42 46 47 39 47 
Custo Total: 2968805
Solução após busca local:
Instalacoes:
1 1 1 1 1 0 0 1 1 1 0 0 0 1 1 1 1 0 1 0 1 0 1 0 0 0 0 0 1 1 1 1 0 0 1 1 0 0 0 1 0 0 1 1 0 0 1 1 0 1 
Atribuicoes:
8 30 16 3 15 2 39 13 46 9 34 2 31 31 14 9 9 7 4 47 13 43 22 29 35 1 0 42 28 1 30 49 49 20 1 34 30 20 4 49 9 16 8 43 0 42 47 47 4 18 
Custo Total: 1015206
Total de iterações: 17137
Melhorias: 18
Tempo até a melhor solução: 22.488 segundos
Iterações até a melhor solução: 12815
Soma dos custos: 14467792713
Média dos custos: 844243
Pior valor encontrado: 1058182
Melhor solução encontrada:
Instalacoes:
1 1 0 0 1 1 0 0 1 1 0 0 0 1 0 0 1 0 1 1 1 0 1 1 0 1 0 1 0 0 1 1 0 0 0 1 0 0 0 1 0 0 0 0 0 0 1 1 0 1 
Atribuicoes:
8 30 25 39 35 5 0 13 46 4 16 5 31 31 20 9 9 27 4 47 18 13 22 23 35 1 19 23 31 8 30 49 49 39 1 16 30 4 46 49 9 25 8 16 19 20 47 47 13 0 
Custo Total: 841530
