Instância: Data/raw/50_P50_M1_Continuo_1.txt
Tempo limite: 30 segundos
Seed: 9
Tamanho da pertubação: 5
Solução inicial:
Instalacoes:
1 0 0 0 0 1 0 0 0 0 0 1 0 1 0 0 0 0 1 0 0 0 1 1 0 0 0 0 0 0 1 1 0 0 1 0 0 0 0 1 0 0 1 0 0 0 1 0 0 0 
Atribuicoes:
0 0 23 5 46 13 13 46 46 42 39 11 39 23 34 0 34 39 18 0 42 13 22 23 0 31 42 13 31 23 30 31 30 23 34 34 23 39 13 39 31 18 42 13 42 46 46 39 39 0 
Custo Total: 2269174
Solução após busca local:
Instalacoes:
1 1 0 0 1 0 0 0 1 1 0 0 0 1 0 0 0 0 1 1 1 0 1 1 0 0 0 0 0 0 1 1 0 0 1 0 0 0 0 1 0 0 1 0 0 0 0 1 0 0 
Atribuicoes:
0 9 47 0 9 30 13 47 9 42 20 31 47 23 34 8 4 4 18 0 47 19 22 23 20 9 47 22 9 1 30 31 20 1 34 1 13 1 20 39 8 8 42 13 8 4 4 19 39 8 
Custo Total: 572327
Total de iterações: 27833
Melhorias: 16
Tempo até a melhor solução: 22.9487 segundos
Iterações até a melhor solução: 21149
Soma dos custos: 11936711797
Média dos custos: 428869
Pior valor encontrado: 666043
Melhor solução encontrada:
Instalacoes:
1 1 0 0 1 0 0 0 1 1 0 0 0 1 0 0 1 0 0 0 1 0 1 0 0 0 0 1 0 0 0 0 0 0 0 0 0 0 0 0 0 0 0 0 0 0 0 1 0 1 
Atribuicoes:
0 9 47 20 4 22 20 16 8 1 22 22 9 13 49 8 16 4 8 47 49 4 27 13 20 9 47 27 9 1 1 9 20 1 16 1 9 27 20 13 8 20 47 0 0 4 8 4 13 8 
Custo Total: 425092
