Instância: Data/raw/50_P20_M1_HUB_1.txt
Tempo limite: 30 segundos
Seed: 4
Tamanho da pertubação: 5
Solução inicial:
Instalacoes:
0 1 0 0 0 0 0 0 0 1 0 0 0 1 0 0 0 0 0 1 1 0 1 0 0 0 0 0 0 0 0 1 0 0 0 0 0 0 0 0 0 0 0 0 0 0 0 1 0 0 
Atribuicoes:
19 1 31 13 9 31 9 31 9 47 20 20 13 31 47 1 20 13 20 19 20 19 22 13 1 13 47 31 47 13 31 13 19 13 1 9 13 13 9 31 9 20 47 19 47 9 9 19 31 1 
Custo Total: 1165343
Solução após busca local:
Instalacoes:
0 1 0 0 1 0 0 0 1 1 0 0 0 1 0 0 0 0 0 1 1 0 1 0 0 0 0 0 0 0 0 1 0 0 0 0 0 0 0 0 0 0 0 0 0 0 1 1 0 0 
Atribuicoes:
9 4 9 4 46 9 9 31 8 47 20 9 13 4 47 9 20 4 20 4 20 47 22 13 1 20 8 20 47 13 8 31 47 8 1 9 4 13 9 9 9 20 9 47 8 46 4 8 4 1 
Custo Total: 348924
Total de iterações: 60343
Melhorias: 19
Tempo até a melhor solução: 22.9005 segundos
Iterações até a melhor solução: 46524
Soma dos custos: 13030472030
Média dos custos: 215940
Pior valor encontrado: 471412
Melhor solução encontrada:
Instalacoes:
0 1 0 0 1 0 0 0 1 1 0 0 0 0 0 0 0 0 0 0 1 0 1 0 0 0 0 0 0 0 0 0 0 0 0 0 0 0 0 0 0 0 0 0 0 0 0 0 0 0 
Atribuicoes:
4 4 20 4 8 20 20 4 8 9 9 20 20 4 4 9 9 22 20 9 20 9 22 8 1 8 8 20 9 4 9 9 4 1 9 9 4 9 4 4 9 20 4 20 8 8 8 8 4 1 
Custo Total: 200829
