Instância: Data/raw/50_P90_M1_Continuo_6.txt
Tempo limite: 30 segundos
Seed: 1
Tamanho da pertubação: 5
Solução inicial:
Instalacoes:
1 1 1 1 0 1 0 1 0 0 0 0 0 1 1 1 0 0 1 0 0 0 1 0 1 0 0 0 1 0 0 0 1 0 0 0 0 0 1 1 0 0 1 0 0 0 1 1 0 0 
Atribuicoes:
47 1 2 3 15 5 13 7 1 15 46 22 7 2 14 0 42 7 18 47 15 14 22 2 24 5 15 13 28 2 32 28 32 5 1 42 3 7 38 39 28 18 42 14 47 38 46 47 39 0 
Custo Total: 2445276
Solução após busca local:
Instalacoes:
0 1 1 0 1 1 0 1 1 1 0 0 0 0 1 1 1 0 1 1 1 0 1 1 0 1 0 0 1 0 1 1 0 0 0 1 0 0 1 1 0 0 1 0 0 0 1 1 0 1 
Atribuicoes:
9 49 2 18 30 23 39 8 1 15 31 22 7 8 14 42 28 7 18 20 9 23 25 20 46 5 19 14 4 30 31 28 32 39 1 49 32 4 16 39 35 19 42 8 47 38 46 47 25 22 
Custo Total: 1060410
Total de iterações: 16685
Melhorias: 23
Tempo até a melhor solução: 27.0635 segundos
Iterações até a melhor solução: 15038
Soma dos custos: 13369377432
Média dos custos: 801281
Pior valor encontrado: 1091077
Melhor solução encontrada:
Instalacoes:
1 1 0 0 1 1 0 0 1 1 0 0 0 1 0 0 1 0 1 1 1 0 1 0 0 1 0 0 0 0 1 1 0 0 1 1 0 0 0 1 0 0 1 0 0 0 0 1 0 1 
Atribuicoes:
0 49 34 22 9 5 39 13 42 19 47 5 9 13 35 35 0 18 22 19 18 1 25 20 34 39 9 35 31 16 47 0 30 1 16 49 25 4 1 39 30 31 8 13 4 20 8 4 25 42 
Custo Total: 786927
