Instância: Data/raw/50_P80_M1_Continuo_3.txt
Tempo limite: 30 segundos
Seed: 3
Tamanho da pertubação: 5
Solução inicial:
Instalacoes:
0 1 1 0 0 0 0 1 1 1 0 1 0 1 0 1 0 0 0 0 1 0 1 0 0 0 0 0 0 0 0 1 0 0 0 0 0 0 0 0 0 0 1 1 0 0 1 1 0 0 
Atribuicoes:
15 1 31 46 42 31 2 7 46 9 31 11 7 13 47 9 20 7 15 15 20 43 22 13 9 13 1 11 8 13 31 31 31 46 1 9 31 7 46 13 9 20 42 43 46 8 46 47 13 9 
Custo Total: 3093801
Solução após busca local:
Instalacoes:
1 1 0 0 1 0 0 1 1 1 0 1 0 1 0 1 1 0 1 1 1 0 1 0 0 1 0 0 0 1 1 1 0 0 1 1 0 0 0 1 0 0 1 1 0 0 1 1 0 1 
Atribuicoes:
46 49 25 4 35 30 39 1 18 42 31 11 8 2 47 15 13 47 35 30 20 20 22 13 9 2 1 16 47 29 8 31 49 20 1 4 39 0 46 18 34 20 42 43 19 8 46 47 0 9 
Custo Total: 927042
Total de iterações: 19513
Melhorias: 17
Tempo até a melhor solução: 15.5439 segundos
Iterações até a melhor solução: 10042
Soma dos custos: 12721977643
Média dos custos: 651974
Pior valor encontrado: 922019
Melhor solução encontrada:
Instalacoes:
1 1 0 0 1 0 0 0 1 1 0 0 0 1 0 0 1 0 1 1 1 0 1 1 0 1 0 0 0 0 1 0 0 0 1 0 0 0 0 1 0 0 0 0 0 0 0 1 0 1 
Atribuicoes:
19 30 9 4 13 22 39 49 9 16 22 9 8 23 0 19 1 0 16 4 20 20 34 13 34 25 1 1 0 23 8 22 30 20 49 4 13 39 1 39 18 18 9 47 47 8 19 0 25 34 
Custo Total: 643969
