Instância: Data/raw/50_P50_M1_HUB_7.txt
Tempo limite: 30 segundos
Seed: 8
Tamanho da pertubação: 5
Solução inicial:
Instalacoes:
1 1 0 0 1 0 0 1 1 1 0 1 0 0 0 0 0 0 0 1 1 0 1 0 0 0 0 0 1 1 1 0 0 0 0 0 0 0 0 1 0 0 0 0 0 0 1 0 0 0 
Atribuicoes:
8 1 9 39 4 30 1 7 8 4 20 11 39 9 19 4 20 7 20 1 20 19 22 29 4 19 8 11 28 29 30 28 30 8 1 9 39 39 4 39 28 20 9 19 8 46 46 19 39 1 
Custo Total: 1235705
Solução após busca local:
Instalacoes:
0 1 0 0 1 0 0 1 1 1 0 1 0 1 0 0 1 0 0 1 1 0 1 0 0 0 0 0 1 1 1 0 0 0 0 0 0 0 0 1 0 0 0 0 0 0 0 1 0 1 
Atribuicoes:
1 4 9 39 4 47 9 13 49 4 20 13 1 9 13 47 20 8 20 1 20 1 22 29 16 20 47 11 28 29 30 28 30 8 49 9 13 9 4 39 9 20 9 4 8 19 20 1 8 16 
Custo Total: 547349
Total de iterações: 28623
Melhorias: 14
Tempo até a melhor solução: 28.0846 segundos
Iterações até a melhor solução: 26803
Soma dos custos: 11445099872
Média dos custos: 399857
Pior valor encontrado: 632426
Melhor solução encontrada:
Instalacoes:
1 1 0 0 1 0 0 0 1 1 0 0 0 1 0 0 0 0 0 0 1 0 1 0 0 0 0 0 0 0 1 1 0 0 0 0 0 0 0 1 0 0 0 0 0 0 0 1 0 0 
Atribuicoes:
47 4 13 9 4 30 9 9 0 4 20 13 47 9 47 8 20 30 20 47 20 8 31 0 8 20 8 22 13 30 13 31 1 8 0 9 9 9 4 39 47 20 9 4 8 1 20 47 39 1 
Custo Total: 393587
