Instância: Data/raw/50_P50_M1_Continuo_3.txt
Tempo limite: 30 segundos
Seed: 9
Tamanho da pertubação: 5
Solução inicial:
Instalacoes:
1 1 0 0 0 1 0 0 1 1 0 0 0 1 0 0 0 0 1 0 0 0 1 0 0 0 0 0 0 0 0 0 0 0 0 1 0 0 0 1 0 0 0 0 0 0 1 1 0 1 
Atribuicoes:
0 0 13 39 8 5 49 35 46 9 8 8 47 13 1 9 9 8 18 0 18 1 22 35 9 13 47 8 1 13 5 8 5 47 49 9 35 39 8 39 9 18 8 1 47 8 46 0 39 9 
Custo Total: 1714158
Solução após busca local:
Instalacoes:
1 1 0 0 1 1 0 0 1 1 0 0 0 1 0 0 1 0 1 1 1 0 1 0 0 0 0 0 0 0 1 0 0 0 0 1 0 0 0 1 0 0 0 0 0 0 1 1 0 0 
Atribuicoes:
19 0 20 39 20 5 1 18 46 9 8 20 47 13 1 4 4 16 20 0 18 1 22 19 9 13 47 8 9 47 20 4 0 13 35 16 30 1 8 39 19 8 8 30 47 9 46 47 39 9 
Custo Total: 559091
Total de iterações: 28023
Melhorias: 24
Tempo até a melhor solução: 21.1101 segundos
Iterações até a melhor solução: 19445
Soma dos custos: 11402236616
Média dos custos: 406889
Pior valor encontrado: 689806
Melhor solução encontrada:
Instalacoes:
1 1 0 0 1 0 0 0 1 1 0 0 0 1 0 0 1 0 0 1 1 0 1 0 0 0 0 0 0 0 0 0 0 0 0 0 0 0 0 0 0 0 0 0 0 0 0 1 0 0 
Atribuicoes:
4 0 9 13 20 22 13 16 1 20 8 20 47 13 19 4 4 1 8 9 16 47 22 4 9 1 47 8 9 47 20 4 0 8 19 8 4 20 4 1 13 16 1 0 47 9 8 19 13 0 
Custo Total: 391021
