Instância: Data/raw/50_P100_M0_Continuo_4.txt
Tempo limite: 30 segundos
Seed: 10
Tamanho da pertubação: 5
Solução inicial:
Instalacoes:
1 0 1 1 0 1 0 1 0 1 0 1 0 0 1 1 0 0 1 1 0 0 1 0 0 1 0 0 1 1 0 0 0 0 0 0 0 0 0 1 0 1 1 1 0 0 1 0 0 0 
Atribuicoes:
0 0 2 3 15 5 25 7 15 9 46 11 7 2 14 9 46 7 18 19 46 43 22 29 42 5 42 11 28 29 2 25 43 2 0 9 3 7 9 39 28 18 42 19 42 25 46 19 39 0 
Custo Total: 2809113
Solução após busca local:
Instalacoes:
1 1 1 1 1 1 0 1 1 1 0 1 0 1 0 1 1 0 1 1 1 0 1 1 0 1 0 1 1 1 1 1 0 0 1 1 0 0 0 1 0 0 1 1 0 0 1 1 0 1 
Atribuicoes:
0 16 2 3 18 5 25 7 15 9 16 11 1 2 39 4 42 31 18 1 46 43 22 23 34 31 49 27 28 29 34 5 49 20 8 35 30 22 9 39 27 25 42 19 4 13 8 0 47 47 
Custo Total: 1334366
Total de iterações: 13117
Melhorias: 22
Tempo até a melhor solução: 10.6634 segundos
Iterações até a melhor solução: 4672
Soma dos custos: 15615150437
Média dos custos: 1.19045e+06
Pior valor encontrado: 1399994
Melhor solução encontrada:
Instalacoes:
1 1 0 1 1 1 0 0 1 1 0 0 0 1 0 0 1 0 1 1 1 0 1 1 0 1 0 0 1 0 1 1 0 0 1 1 0 0 0 1 0 0 1 0 0 0 1 1 0 1 
Atribuicoes:
20 34 23 13 42 5 39 13 8 4 34 18 25 23 9 0 8 22 18 19 4 19 22 1 49 31 46 16 28 30 30 31 0 39 35 28 3 35 20 25 1 16 42 49 4 9 46 20 47 47 
Custo Total: 1182910
