Instância: Data/raw/50_P50_M0_Continuo_10.txt
Tempo limite: 30 segundos
Seed: 10
Tamanho da pertubação: 5
Solução inicial:
Instalacoes:
1 0 0 0 0 0 0 0 1 1 0 0 0 1 0 0 1 0 0 0 0 0 1 0 0 0 0 0 0 0 1 1 0 0 1 1 0 0 0 1 0 0 1 1 0 0 0 0 0 1 
Atribuicoes:
0 0 13 39 8 34 42 31 8 42 16 9 39 13 34 42 9 35 35 0 35 43 22 13 49 35 9 9 34 31 30 31 30 39 49 16 39 35 8 13 16 16 8 43 9 8 8 0 13 49 
Custo Total: 1829130
Solução após busca local:
Instalacoes:
1 1 0 0 1 0 0 0 1 1 0 0 0 1 0 0 1 0 1 1 1 0 1 0 0 0 0 0 0 0 1 0 0 0 1 1 0 0 0 1 0 0 1 0 0 0 0 1 0 1 
Atribuicoes:
0 19 20 9 8 47 1 39 47 16 47 9 9 20 13 8 47 47 16 9 4 0 22 13 20 30 9 9 13 0 13 39 30 20 49 16 20 1 8 13 16 49 9 0 4 4 8 30 1 49 
Custo Total: 585101
Total de iterações: 28469
Melhorias: 9
Tempo até a melhor solução: 11.52 segundos
Iterações até a melhor solução: 10628
Soma dos custos: 11159752882
Média dos custos: 391997
Pior valor encontrado: 630253
Melhor solução encontrada:
Instalacoes:
1 1 0 0 1 0 0 0 1 1 0 0 0 1 0 0 1 0 0 0 1 0 0 0 0 0 0 0 0 0 0 0 0 0 0 0 0 0 0 0 0 0 0 0 0 0 0 1 0 1 
Atribuicoes:
0 1 20 20 8 16 1 4 16 4 16 9 9 20 13 4 16 4 1 9 8 0 22 13 20 47 9 9 13 4 13 20 47 20 49 1 20 47 8 8 22 49 9 0 47 4 8 47 49 49 
Custo Total: 383559
