Instância: Data/raw/50_P60_M0_Continuo_6.txt
Tempo limite: 30 segundos
Seed: 3
Tamanho da pertubação: 5
Solução inicial:
Instalacoes:
1 1 1 0 0 0 0 1 0 0 0 0 0 0 0 1 1 0 0 1 1 0 1 0 0 1 0 0 0 0 0 1 0 0 0 0 0 0 0 1 0 0 0 0 0 0 1 1 0 1 
Atribuicoes:
1 0 25 39 49 31 49 7 46 15 47 20 7 2 19 15 16 7 22 19 20 16 22 25 1 25 0 20 31 22 2 31 31 25 49 47 46 39 20 39 1 20 1 19 0 46 46 47 39 19 
Custo Total: 1873947
Solução após busca local:
Instalacoes:
1 1 1 0 1 0 0 1 1 1 0 0 0 1 0 1 1 0 1 0 1 0 0 0 0 1 0 0 0 0 1 1 0 0 0 0 0 0 0 1 0 0 0 0 0 0 1 1 0 1 
Atribuicoes:
1 0 13 47 8 30 49 16 9 15 47 20 18 20 49 18 16 22 18 25 4 16 22 8 1 25 9 13 31 4 18 31 13 47 8 20 4 9 20 39 1 0 9 1 0 46 46 47 39 49 
Custo Total: 672899
Total de iterações: 24851
Melhorias: 17
Tempo até a melhor solução: 12.5504 segundos
Iterações até a melhor solução: 10266
Soma dos custos: 11610760678
Média dos custos: 467215
Pior valor encontrado: 718949
Melhor solução encontrada:
Instalacoes:
1 1 0 0 1 0 0 0 1 1 0 0 0 1 0 0 1 0 0 0 1 0 1 0 0 1 0 0 0 0 1 0 0 0 0 0 0 0 0 0 0 0 0 0 0 0 0 1 0 1 
Atribuicoes:
1 47 13 20 8 30 4 13 8 16 8 22 49 20 49 9 16 4 9 49 4 0 22 16 4 25 4 47 30 8 9 30 13 30 1 9 25 13 20 0 49 47 47 1 9 0 1 47 20 1 
Custo Total: 463475
