Instância: Data/raw/50_P60_M1_Continuo_9.txt
Tempo limite: 30 segundos
Seed: 2
Tamanho da pertubação: 5
Solução inicial:
Instalacoes:
1 0 1 0 1 0 0 0 0 1 0 0 0 0 0 0 1 0 0 1 1 0 1 0 0 0 0 1 0 0 0 0 0 0 0 0 0 0 0 1 0 0 1 0 0 0 1 1 0 0 
Atribuicoes:
4 4 2 42 42 2 4 42 46 9 16 27 39 2 19 9 16 22 16 47 20 0 22 9 47 39 47 27 2 0 2 27 0 27 4 9 42 22 42 39 16 20 47 19 47 42 46 19 39 20 
Custo Total: 2165288
Solução após busca local:
Instalacoes:
1 1 1 0 1 0 0 0 1 1 0 0 0 1 0 0 1 0 1 1 1 0 1 0 0 0 0 1 0 0 1 0 0 0 0 0 0 0 0 1 0 0 1 0 0 0 1 1 0 1 
Atribuicoes:
4 0 1 20 42 49 4 8 46 20 16 27 39 39 49 8 16 16 8 47 20 1 22 9 47 13 13 27 19 9 30 8 0 47 4 9 18 0 46 8 8 4 42 4 20 9 46 19 39 20 
Custo Total: 650345
Total de iterações: 24022
Melhorias: 11
Tempo até a melhor solução: 22.7406 segundos
Iterações até a melhor solução: 18219
Soma dos custos: 11239172706
Média dos custos: 467870
Pior valor encontrado: 720324
Melhor solução encontrada:
Instalacoes:
1 1 0 0 1 0 0 0 1 1 0 0 0 1 0 0 1 0 0 0 1 0 1 0 0 0 0 0 0 0 1 1 0 0 0 0 0 0 0 0 0 0 0 0 0 0 1 1 0 0 
Atribuicoes:
4 0 1 20 47 0 4 8 46 20 47 1 22 13 16 8 16 16 8 16 20 1 22 9 13 31 47 31 31 9 30 8 47 47 4 9 13 30 46 8 8 4 0 4 20 9 46 0 13 20 
Custo Total: 456558
