Instância: Data/raw/50_P40_M1_HUB_2.txt
Tempo limite: 30 segundos
Seed: 7
Tamanho da pertubação: 5
Solução inicial:
Instalacoes:
0 0 0 0 1 0 0 0 1 1 0 0 0 1 0 0 1 0 0 1 1 0 1 0 0 0 0 0 0 0 1 0 0 0 0 1 0 0 0 0 0 0 0 0 0 0 0 0 0 0 
Atribuicoes:
19 8 13 16 4 30 35 16 8 9 9 20 9 13 19 9 4 16 20 19 20 20 22 13 4 13 9 20 16 35 30 8 30 20 16 9 22 16 8 13 9 20 8 19 9 8 8 19 13 4 
Custo Total: 1710492
Solução após busca local:
Instalacoes:
1 1 0 0 1 0 0 0 1 1 0 0 0 1 0 0 1 0 0 1 1 0 1 0 0 0 0 0 0 0 1 1 0 0 0 1 0 0 0 0 0 0 0 0 0 0 0 1 0 1 
Atribuicoes:
9 8 13 4 4 30 47 4 47 49 9 31 9 13 49 8 4 16 20 19 20 20 8 13 1 13 9 20 16 9 30 8 1 47 16 9 22 13 1 20 9 20 8 49 9 8 8 19 16 0 
Custo Total: 492808
Total de iterações: 34997
Melhorias: 20
Tempo até a melhor solução: 14.5428 segundos
Iterações até a melhor solução: 16933
Soma dos custos: 12626669946
Média dos custos: 360793
Pior valor encontrado: 616504
Melhor solução encontrada:
Instalacoes:
1 1 0 0 1 0 0 0 1 1 0 0 0 1 0 0 1 0 0 0 1 0 1 0 0 0 0 0 0 0 1 0 0 0 0 0 0 0 0 0 0 0 0 0 0 0 0 1 0 0 
Atribuicoes:
9 8 13 20 47 30 47 13 20 9 9 22 4 13 47 8 16 4 20 0 20 4 22 1 16 20 8 20 9 9 30 8 47 47 0 9 1 47 4 20 9 13 9 30 9 8 8 0 4 1 
Custo Total: 358321
