Instância: Data/raw/50_P70_M1_HUB_3.txt
Tempo limite: 30 segundos
Seed: 2
Tamanho da pertubação: 5
Solução inicial:
Instalacoes:
1 1 1 0 0 1 0 1 0 0 0 0 0 1 1 1 0 0 1 1 0 0 1 0 0 1 0 0 1 0 0 0 0 0 1 0 0 0 1 1 0 0 0 1 0 0 1 1 0 0 
Atribuicoes:
47 1 2 25 34 5 2 7 1 15 0 22 7 25 14 47 15 34 18 47 43 43 22 25 46 39 47 13 28 13 5 25 43 5 1 15 25 34 38 39 28 18 0 19 47 38 46 19 39 14 
Custo Total: 1694756
Solução após busca local:
Instalacoes:
1 1 0 0 1 1 0 0 1 1 0 0 0 1 1 1 1 0 1 1 1 0 1 0 0 1 0 0 0 0 1 1 1 0 0 0 0 0 0 1 0 0 0 0 0 0 1 1 0 1 
Atribuicoes:
9 1 2 30 39 5 20 13 1 16 16 22 0 25 14 19 15 47 18 47 31 20 22 25 16 31 1 13 19 8 49 25 9 20 1 31 30 47 8 39 13 4 0 49 47 46 46 1 9 14 
Custo Total: 857238
Total de iterações: 21296
Melhorias: 20
Tempo até a melhor solução: 22.1605 segundos
Iterações até a melhor solução: 15752
Soma dos custos: 12468276262
Média dos custos: 585475
Pior valor encontrado: 836266
Melhor solução encontrada:
Instalacoes:
1 1 0 0 1 0 0 0 1 1 0 0 0 1 0 0 1 0 1 0 1 0 1 0 0 1 0 0 0 0 0 1 0 0 0 0 0 0 0 1 0 0 1 0 0 0 0 1 0 1 
Atribuicoes:
9 1 0 8 4 9 47 16 1 49 18 22 18 25 16 8 9 4 49 4 8 47 22 13 16 16 4 31 25 20 22 25 9 47 1 0 13 4 20 39 31 13 42 0 1 8 18 1 13 0 
Custo Total: 566796
