Instância: Data/raw/50_P30_M1_HUB_9.txt
Tempo limite: 30 segundos
Seed: 6
Tamanho da pertubação: 5
Solução inicial:
Instalacoes:
1 0 0 0 1 0 0 0 0 1 0 0 0 0 0 0 1 0 0 0 0 0 1 0 0 0 0 0 0 0 1 0 0 0 0 0 0 0 0 1 0 0 0 0 0 0 0 1 0 0 
Atribuicoes:
0 9 0 16 4 30 16 39 4 9 4 9 47 39 0 9 9 47 4 0 4 16 22 30 4 30 0 9 47 16 30 47 30 39 47 9 39 47 47 39 9 4 4 30 0 47 47 47 39 4 
Custo Total: 2409251
Solução após busca local:
Instalacoes:
1 1 0 0 1 0 0 0 1 1 0 0 0 1 0 0 1 0 0 1 1 0 1 0 0 0 0 0 0 0 1 0 0 0 0 0 0 0 0 1 0 0 0 0 0 0 0 1 0 0 
Atribuicoes:
0 9 0 4 4 47 4 20 8 4 9 9 47 4 0 9 9 47 4 47 4 16 22 8 4 30 13 9 39 8 8 1 30 13 20 9 13 4 47 20 1 20 1 0 9 19 20 20 13 8 
Custo Total: 444092
Total de iterações: 43272
Melhorias: 15
Tempo até a melhor solução: 12.3537 segundos
Iterações até a melhor solução: 17825
Soma dos custos: 12070818624
Média dos custos: 278952
Pior valor encontrado: 520365
Melhor solução encontrada:
Instalacoes:
0 1 0 0 1 0 0 0 1 1 0 0 0 1 0 0 0 0 0 0 1 0 1 0 0 0 0 0 0 0 0 0 0 0 0 0 0 0 0 0 0 0 0 0 0 0 0 1 0 0 
Atribuicoes:
1 9 4 4 4 47 4 4 8 9 9 9 47 13 1 9 20 4 1 9 4 1 22 9 9 22 13 9 13 8 8 47 47 20 20 20 20 8 9 20 1 20 1 47 9 4 4 47 13 8 
Custo Total: 275412
