Instância: Data/raw/50_P100_M0_Continuo_1.txt
Tempo limite: 30 segundos
Seed: 2
Tamanho da pertubação: 5
Solução inicial:
Instalacoes:
1 0 1 1 0 1 0 1 0 1 0 1 0 0 1 1 0 0 1 1 0 0 1 0 0 0 0 0 1 1 0 0 0 0 0 0 0 0 1 1 0 1 1 1 0 0 1 0 0 0 
Atribuicoes:
0 0 2 3 15 5 41 7 15 9 46 11 7 2 14 9 46 7 18 19 46 43 22 29 42 5 15 11 28 29 2 28 43 2 0 9 3 7 38 39 28 18 42 19 42 38 46 19 39 0 
Custo Total: 2717109
Solução após busca local:
Instalacoes:
1 1 1 0 1 1 0 1 1 1 0 1 0 1 0 1 1 0 1 1 1 0 1 1 0 1 0 0 1 0 1 1 1 0 1 1 0 0 1 1 0 0 1 1 0 0 1 1 0 1 
Atribuicoes:
0 49 2 39 15 5 1 30 8 9 20 11 7 2 18 49 35 20 18 19 46 8 22 5 4 16 0 31 28 23 32 31 43 13 19 9 23 7 38 39 30 41 16 43 42 47 46 4 25 34 
Custo Total: 1334967
Total de iterações: 14559
Melhorias: 19
Tempo até a melhor solução: 29.1269 segundos
Iterações até a melhor solução: 14139
Soma dos custos: 17474743353
Média dos custos: 1.20027e+06
Pior valor encontrado: 1394499
Melhor solução encontrada:
Instalacoes:
1 1 0 0 1 0 0 1 1 1 0 0 0 1 1 0 1 0 1 1 1 0 1 1 0 1 0 1 1 0 1 1 0 0 1 1 0 0 0 1 0 0 1 0 0 0 1 1 0 1 
Atribuicoes:
8 49 23 39 47 34 1 7 46 9 22 25 27 23 14 0 35 35 18 42 18 30 13 4 28 27 47 31 28 0 49 31 19 13 14 9 20 30 20 39 22 16 42 19 8 4 46 1 25 34 
Custo Total: 1190730
