Instância: Data/raw/50_P80_M0_Continuo_4.txt
Tempo limite: 30 segundos
Seed: 3
Tamanho da pertubação: 5
Solução inicial:
Instalacoes:
1 1 1 0 0 1 0 1 0 0 0 0 0 1 0 1 0 0 1 1 0 1 1 0 0 0 0 0 1 0 0 0 0 0 0 0 0 0 1 1 0 1 1 0 0 0 1 1 0 0 
Atribuicoes:
47 1 2 7 1 5 13 7 1 1 46 22 7 2 19 15 42 7 18 47 46 21 22 21 15 5 1 13 28 13 2 28 5 22 1 42 7 7 38 39 28 18 42 47 1 38 46 47 39 19 
Custo Total: 2520244
Solução após busca local:
Instalacoes:
0 1 1 0 1 1 0 1 1 1 0 0 0 1 0 1 1 0 1 0 1 1 1 1 0 1 0 1 1 0 1 1 0 0 0 1 0 0 1 1 0 0 1 0 0 0 1 1 0 1 
Atribuicoes:
20 20 23 23 1 5 13 7 1 8 31 22 13 2 15 16 42 49 18 47 46 21 22 9 15 4 9 39 28 13 28 27 49 25 1 35 35 20 47 39 49 42 42 30 4 16 8 47 30 1 
Custo Total: 971805
Total de iterações: 18861
Melhorias: 22
Tempo até a melhor solução: 13.8906 segundos
Iterações até a melhor solução: 8676
Soma dos custos: 12750126689
Média dos custos: 676005
Pior valor encontrado: 948987
Melhor solução encontrada:
Instalacoes:
1 1 0 0 1 0 0 0 1 1 0 0 0 1 0 0 1 0 1 1 1 0 1 0 0 1 0 0 0 0 1 1 0 0 0 0 0 0 0 1 0 0 1 0 0 0 1 1 0 1 
Atribuicoes:
20 20 8 25 49 9 13 25 42 46 1 22 13 13 8 19 8 31 18 47 16 0 22 9 4 1 9 39 30 1 30 18 31 8 49 16 0 20 47 39 31 25 42 4 4 19 46 47 16 49 
Custo Total: 667587
