Instância: Data/raw/50_P30_M0_Continuo_3.txt
Tempo limite: 30 segundos
Seed: 7
Tamanho da pertubação: 5
Solução inicial:
Instalacoes:
1 1 0 0 0 0 0 0 0 0 0 0 0 1 0 0 0 0 1 1 0 0 1 0 0 0 0 0 0 0 1 0 0 0 0 0 0 0 0 1 0 0 1 0 0 0 0 1 0 0 
Atribuicoes:
19 1 30 39 42 0 39 39 42 0 47 22 39 13 47 0 18 1 18 19 18 0 22 30 1 19 47 13 47 39 30 30 30 39 1 0 39 47 42 13 1 47 47 19 47 47 42 19 13 1 
Custo Total: 1238015
Solução após busca local:
Instalacoes:
1 1 0 0 1 0 0 0 1 1 0 0 0 1 0 0 0 0 1 1 0 0 1 1 0 0 0 0 0 0 1 0 0 0 0 0 0 0 0 1 0 0 0 0 0 0 0 1 0 0 
Atribuicoes:
19 1 30 9 8 47 8 8 8 8 47 22 39 13 4 0 18 8 18 47 4 9 22 30 1 39 8 13 47 9 30 13 9 9 1 1 39 9 8 13 4 9 9 4 47 4 9 0 4 1 
Custo Total: 436784
Total de iterações: 45916
Melhorias: 12
Tempo até a melhor solução: 1.15753 segundos
Iterações até a melhor solução: 1825
Soma dos custos: 13233368418
Média dos custos: 288208
Pior valor encontrado: 530301
Melhor solução encontrada:
Instalacoes:
0 1 0 0 1 0 0 0 1 1 0 0 0 1 0 0 1 0 0 0 1 0 1 0 0 0 0 0 0 0 0 0 0 0 0 0 0 0 0 0 0 0 0 0 0 0 0 1 0 0 
Atribuicoes:
47 1 13 47 8 13 20 4 8 8 16 22 1 13 4 1 16 8 16 4 4 9 22 20 4 20 8 4 1 9 8 20 8 9 9 9 9 9 8 20 4 20 9 4 47 47 9 1 4 1 
Custo Total: 287893
