Instância: Data/raw/50_P70_M0_Continuo_10.txt
Tempo limite: 30 segundos
Seed: 10
Tamanho da pertubação: 5
Solução inicial:
Instalacoes:
1 0 1 0 1 0 0 0 1 1 0 0 0 1 0 0 0 0 0 1 0 0 1 1 0 0 0 1 0 0 0 0 0 0 0 0 0 0 0 1 0 0 0 0 0 0 0 1 0 1 
Atribuicoes:
47 47 23 13 4 2 49 19 8 9 8 13 22 2 0 9 9 49 4 47 4 0 22 23 9 13 0 27 19 23 2 13 23 13 47 9 13 49 49 39 9 4 8 0 19 4 8 47 39 9 
Custo Total: 2363036
Solução após busca local:
Instalacoes:
1 1 1 0 1 0 0 0 1 1 0 0 0 1 0 0 1 0 1 1 1 0 1 1 1 1 0 0 0 0 1 1 0 0 0 0 0 0 0 1 0 0 0 0 0 0 0 1 0 1 
Atribuicoes:
9 47 1 13 4 25 1 49 8 9 13 49 8 39 31 1 24 49 4 19 4 0 22 30 49 18 31 47 19 23 8 30 23 13 20 9 13 25 49 9 2 18 8 0 19 20 1 47 39 20 
Custo Total: 714130
Total de iterações: 22247
Melhorias: 21
Tempo até a melhor solução: 29.4473 segundos
Iterações até a melhor solução: 21821
Soma dos custos: 12487288232
Média dos custos: 561302
Pior valor encontrado: 803013
Melhor solução encontrada:
Instalacoes:
1 1 0 0 1 0 0 0 1 1 0 0 0 1 0 0 1 0 1 1 1 0 1 0 0 0 0 0 0 0 1 1 0 0 0 0 0 0 0 0 0 0 0 0 0 0 1 1 0 1 
Atribuicoes:
9 0 49 4 20 30 1 18 8 9 13 22 8 9 30 1 49 4 4 19 18 13 16 16 16 20 1 22 31 47 8 31 0 20 20 16 13 1 46 9 31 4 8 4 19 47 46 0 47 20 
Custo Total: 548348
