Instância: Data/raw/50_P90_M0_Continuo_5.txt
Tempo limite: 30 segundos
Seed: 4
Tamanho da pertubação: 5
Solução inicial:
Instalacoes:
1 0 1 1 0 1 1 1 0 1 0 1 0 0 1 0 0 0 1 1 0 0 1 0 0 0 0 0 1 1 0 0 0 0 0 0 0 0 1 1 0 1 1 0 0 0 1 1 0 0 
Atribuicoes:
47 47 2 3 46 5 6 7 42 9 41 11 7 2 14 9 41 7 18 47 41 14 22 29 42 5 19 11 28 29 2 28 29 5 47 9 3 7 38 39 28 18 19 14 47 38 46 14 39 47 
Custo Total: 2509647
Solução após busca local:
Instalacoes:
0 1 1 1 1 1 0 1 1 1 0 1 0 1 1 0 1 0 1 1 1 0 1 0 0 1 0 0 1 1 1 1 0 0 1 1 0 0 0 1 0 1 1 0 0 0 1 1 0 1 
Atribuicoes:
0 4 0 3 46 13 47 7 42 9 41 11 8 2 14 9 13 25 18 8 41 30 22 29 16 5 1 31 20 29 20 28 2 25 34 1 18 39 19 8 28 35 19 14 42 47 46 49 39 47 
Custo Total: 1089431
Total de iterações: 17160
Melhorias: 20
Tempo até a melhor solução: 26.358 segundos
Iterações até a melhor solução: 14998
Soma dos custos: 14232773137
Média dos custos: 829416
Pior valor encontrado: 1079655
Melhor solução encontrada:
Instalacoes:
1 1 0 0 1 0 0 1 1 1 0 0 0 1 0 0 1 0 1 1 1 0 1 1 0 1 0 0 0 0 1 1 0 0 1 0 0 0 0 1 0 0 1 0 0 0 1 1 0 1 
Atribuicoes:
0 9 0 47 46 13 20 7 42 19 22 42 8 23 4 1 13 22 34 8 18 49 0 16 49 25 1 18 30 4 30 31 23 31 34 25 9 39 47 8 9 16 47 31 19 20 46 4 39 20 
Custo Total: 817659
