Instância: Data/raw/50_P20_M1_HUB_7.txt
Tempo limite: 30 segundos
Seed: 2
Tamanho da pertubação: 5
Solução inicial:
Instalacoes:
0 1 0 0 0 0 0 0 1 0 0 0 0 1 0 0 0 0 1 0 1 0 1 0 0 0 0 0 0 0 1 0 0 0 0 0 0 0 0 0 0 0 0 0 0 0 0 1 0 0 
Atribuicoes:
47 47 20 13 8 20 30 13 8 8 1 20 20 30 30 1 1 20 18 47 1 30 22 30 1 13 13 20 20 13 20 20 20 13 30 1 13 20 1 13 8 18 8 47 1 1 8 47 13 20 
Custo Total: 1444203
Solução após busca local:
Instalacoes:
0 1 0 0 1 0 0 0 1 1 0 0 0 1 0 0 0 0 0 0 1 0 1 0 0 0 0 0 0 0 1 0 0 0 0 0 0 0 0 0 0 0 0 0 0 0 0 1 0 1 
Atribuicoes:
4 47 20 13 8 20 47 4 4 8 1 13 20 13 20 4 8 20 1 9 4 4 22 47 47 20 4 22 20 9 20 20 20 47 9 8 13 20 8 9 20 8 8 47 4 9 8 47 20 4 
Custo Total: 308525
Total de iterações: 65203
Melhorias: 3
Tempo até a melhor solução: 0.0591981 segundos
Iterações até a melhor solução: 116
Soma dos custos: 14717136195
Média dos custos: 225713
Pior valor encontrado: 449727
Melhor solução encontrada:
Instalacoes:
0 0 0 0 1 0 0 0 1 1 0 0 0 1 0 0 0 0 0 0 1 0 1 0 0 0 0 0 0 0 0 0 0 0 0 0 0 0 0 0 0 0 0 0 0 0 0 1 0 0 
Atribuicoes:
4 47 20 13 8 20 9 4 4 8 4 13 20 13 20 4 8 20 8 9 4 4 22 9 47 20 4 22 20 9 20 20 20 9 9 47 13 20 8 9 20 8 8 47 4 9 8 47 20 9 
Custo Total: 225681
