Instância: Data/raw/50_P50_M1_Continuo_2.txt
Tempo limite: 30 segundos
Seed: 3
Tamanho da pertubação: 5
Solução inicial:
Instalacoes:
0 1 0 0 0 0 0 0 0 0 0 1 0 1 0 0 0 0 1 0 0 0 1 1 0 0 0 0 0 0 1 1 0 0 0 1 0 0 0 0 0 0 1 0 0 0 1 1 0 0 
Atribuicoes:
30 1 13 23 46 47 30 31 35 42 11 11 11 13 31 42 35 11 18 47 18 31 22 13 18 13 42 31 23 23 30 31 23 23 1 35 23 13 46 13 35 18 42 31 42 18 46 47 13 1 
Custo Total: 1779189
Solução após busca local:
Instalacoes:
0 1 0 0 1 0 0 0 1 1 0 1 0 1 0 0 1 0 1 0 1 0 1 1 0 0 0 0 0 0 1 1 0 0 0 1 0 0 0 0 0 0 1 0 0 0 1 1 0 0 
Atribuicoes:
4 1 13 13 46 1 30 31 42 20 20 11 16 13 31 42 35 11 18 47 18 9 22 8 8 9 42 31 47 13 30 16 47 4 1 35 23 4 8 20 31 18 8 9 1 8 46 47 9 4 
Custo Total: 577236
Total de iterações: 28239
Melhorias: 16
Tempo até a melhor solução: 14.3477 segundos
Iterações até a melhor solução: 14288
Soma dos custos: 10648072561
Média dos custos: 377070
Pior valor encontrado: 664167
Melhor solução encontrada:
Instalacoes:
1 1 0 0 1 0 0 0 1 1 0 0 0 1 0 0 1 0 0 0 1 0 1 0 0 0 0 0 0 0 0 0 0 0 0 0 0 0 0 0 0 0 0 0 0 0 0 1 0 0 
Atribuicoes:
1 16 9 47 1 13 1 4 47 20 13 22 9 13 4 8 16 22 20 0 13 9 0 8 8 47 47 8 0 8 9 4 0 20 1 16 47 4 8 20 4 16 8 9 1 20 9 0 4 4 
Custo Total: 371850
