Instância: Data/raw/50_P70_M1_Continuo_10.txt
Tempo limite: 30 segundos
Seed: 5
Tamanho da pertubação: 5
Solução inicial:
Instalacoes:
0 1 0 1 0 0 0 0 1 0 0 0 0 0 0 1 0 0 1 1 1 0 1 1 0 1 0 0 1 0 0 0 0 0 0 0 0 0 0 1 0 0 1 0 0 0 0 1 0 0 
Atribuicoes:
47 1 23 3 15 25 25 19 15 42 18 20 22 23 47 15 20 22 18 47 18 15 22 23 8 39 47 20 28 19 23 25 28 3 1 20 3 20 8 39 28 18 42 47 42 8 42 47 39 8 
Custo Total: 1992112
Solução após busca local:
Instalacoes:
1 1 0 1 1 0 0 0 1 1 0 0 0 1 0 0 1 0 1 1 1 0 1 1 0 1 0 0 1 0 1 0 0 0 0 0 0 0 0 1 0 0 1 0 0 0 1 1 0 1 
Atribuicoes:
30 1 23 8 30 25 25 19 46 47 18 9 22 13 9 4 20 46 18 4 16 0 22 23 49 19 47 20 28 13 23 25 4 1 1 49 3 30 8 39 16 16 42 47 13 8 20 47 39 8 
Custo Total: 749749
Total de iterações: 21382
Melhorias: 15
Tempo até a melhor solução: 14.6564 segundos
Iterações até a melhor solução: 10369
Soma dos custos: 11925366521
Média dos custos: 557729
Pior valor encontrado: 806911
Melhor solução encontrada:
Instalacoes:
1 1 0 0 1 0 0 0 1 1 0 0 0 1 0 0 1 0 0 1 1 0 1 0 0 1 0 0 0 0 0 1 0 0 0 0 0 0 0 1 0 0 0 0 0 0 1 1 0 1 
Atribuicoes:
4 1 13 8 46 25 13 1 46 46 47 31 9 4 31 19 20 22 0 19 16 47 22 13 49 25 9 20 49 47 13 31 19 47 1 9 39 39 8 4 16 16 0 0 4 8 20 9 49 8 
Custo Total: 552781
