Instância: Data/raw/50_P40_M1_Continuo_6.txt
Tempo limite: 30 segundos
Seed: 10
Tamanho da pertubação: 5
Solução inicial:
Instalacoes:
1 1 1 0 0 0 0 0 0 0 0 0 0 1 0 0 1 0 0 1 1 0 1 1 0 0 0 0 0 0 1 0 0 0 0 0 0 0 0 1 0 0 0 0 0 0 0 0 0 1 
Atribuicoes:
0 1 23 13 0 23 20 22 0 19 16 20 39 23 0 49 16 49 49 19 49 49 22 30 1 30 19 20 1 23 23 30 30 49 1 16 13 39 13 39 16 16 19 0 0 20 20 0 39 1 
Custo Total: 1795624
Solução após busca local:
Instalacoes:
1 1 0 0 1 0 0 0 1 1 0 0 0 1 0 0 1 0 0 0 1 0 1 1 0 1 0 0 0 0 1 0 0 0 0 0 0 0 0 1 0 0 0 0 0 0 0 1 0 1 
Atribuicoes:
9 9 30 9 8 4 8 4 8 20 1 22 39 20 0 9 4 20 20 47 49 8 22 23 1 1 47 4 4 1 13 30 8 8 1 16 13 39 47 39 16 9 9 47 0 20 20 9 4 4 
Custo Total: 519922
Total de iterações: 33588
Melhorias: 20
Tempo até a melhor solução: 29.1324 segundos
Iterações até a melhor solução: 32621
Soma dos custos: 11790954689
Média dos custos: 351047
Pior valor encontrado: 617021
Melhor solução encontrada:
Instalacoes:
1 1 0 0 1 0 0 0 1 1 0 0 0 1 0 0 0 0 0 0 1 0 1 0 0 0 0 0 0 0 0 0 0 0 0 0 0 0 0 0 0 0 0 0 0 0 0 1 0 0 
Atribuicoes:
9 9 47 9 47 4 13 8 4 20 22 8 8 20 0 9 1 20 20 0 22 1 22 47 1 13 47 13 4 4 0 8 4 8 0 1 9 13 8 13 0 4 9 0 47 20 20 47 4 8 
Custo Total: 327045
