Instância: Data/raw/50_P80_M1_Continuo_5.txt
Tempo limite: 30 segundos
Seed: 8
Tamanho da pertubação: 5
Solução inicial:
Instalacoes:
1 0 1 0 1 0 0 1 1 1 0 1 0 1 1 0 0 0 1 0 0 0 1 0 0 1 0 0 1 0 1 0 0 0 0 0 0 0 0 1 0 0 1 0 0 0 0 0 0 0 
Atribuicoes:
0 0 30 25 4 30 2 7 8 9 28 11 7 30 14 9 42 7 18 0 4 14 22 13 42 25 42 11 28 30 30 13 4 18 0 9 25 7 42 39 13 18 8 14 42 4 8 42 39 0 
Custo Total: 2520313
Solução após busca local:
Instalacoes:
1 1 0 0 1 0 0 1 1 1 0 1 0 1 1 0 1 0 1 1 1 0 1 0 0 1 0 0 1 0 1 1 0 0 1 1 0 0 0 1 0 0 1 0 0 0 1 1 0 1 
Atribuicoes:
19 34 30 9 0 30 9 7 8 13 49 11 47 1 14 20 20 18 4 0 46 47 22 13 47 25 42 31 28 1 49 13 4 18 8 9 16 22 30 39 28 18 1 34 8 4 46 19 39 0 
Custo Total: 846620
Total de iterações: 19429
Melhorias: 15
Tempo até a melhor solução: 26.9421 segundos
Iterações até a melhor solução: 17410
Soma dos custos: 12282949940
Média dos custos: 632197
Pior valor encontrado: 876552
Melhor solução encontrada:
Instalacoes:
1 1 0 0 1 0 0 0 1 1 0 0 0 1 0 0 1 0 1 1 1 0 1 0 0 1 0 0 0 0 1 0 0 0 0 1 0 0 0 1 0 0 0 0 0 0 1 1 0 1 
Atribuicoes:
19 49 9 25 0 9 30 4 8 13 18 20 16 47 19 20 4 1 18 0 46 16 22 13 16 25 20 13 9 47 30 35 13 1 8 35 22 4 9 39 49 16 47 1 8 4 46 19 39 49 
Custo Total: 615035
