Instância: Data/raw/50_P5_M0_Continuo_6.txt
Tempo limite: 30 segundos
Seed: 8
Tamanho da pertubação: 5
Solução inicial:
Instalacoes:
0 1 0 0 0 0 0 0 1 0 0 0 0 0 0 0 0 0 0 0 1 0 1 0 0 0 0 0 0 0 0 0 0 0 0 0 0 0 0 0 0 0 0 0 0 0 0 0 0 0 
Atribuicoes:
1 1 1 8 8 1 8 20 8 1 20 20 20 1 1 1 20 20 20 1 20 1 22 8 20 20 8 20 20 8 1 20 1 8 20 20 8 20 8 8 20 20 1 1 8 8 8 1 8 20 
Custo Total: 799032
Solução após busca local:
Instalacoes:
0 1 0 0 1 0 0 0 1 1 0 0 0 0 0 0 0 0 0 0 1 0 1 0 0 0 0 0 0 0 0 0 0 0 0 0 0 0 0 0 0 0 0 0 0 0 0 0 0 0 
Atribuicoes:
9 1 9 20 4 20 9 20 9 4 20 20 9 4 9 4 20 20 20 9 20 9 22 20 9 9 8 20 9 4 9 20 9 4 9 9 9 20 8 9 20 20 8 4 8 8 8 4 20 20 
Custo Total: 188676
Total de iterações: 175266
Melhorias: 6
Tempo até a melhor solução: 8.10045 segundos
Iterações até a melhor solução: 45524
Soma dos custos: 28598863095
Média dos custos: 163174
Pior valor encontrado: 363063
Melhor solução encontrada:
Instalacoes:
0 0 0 0 1 0 0 0 1 1 0 0 0 0 0 0 0 0 0 0 1 0 1 0 0 0 0 0 0 0 0 0 0 0 0 0 0 0 0 0 0 0 0 0 0 0 0 0 0 0 
Atribuicoes:
9 9 9 20 4 20 20 20 9 9 20 20 9 4 9 4 20 20 20 9 20 9 22 4 9 9 8 20 9 4 20 9 9 20 9 9 9 9 8 9 9 20 8 4 8 8 8 4 20 4 
Custo Total: 163063
