Instância: Data/raw/50_P60_M0_Continuo_4.txt
Tempo limite: 30 segundos
Seed: 1
Tamanho da pertubação: 5
Solução inicial:
Instalacoes:
1 0 0 0 1 0 0 1 0 0 0 0 0 1 0 0 1 0 0 1 0 0 1 1 0 1 0 0 0 0 1 0 0 0 0 1 0 0 0 1 0 0 1 0 0 0 1 1 0 0 
Atribuicoes:
0 0 25 39 42 13 13 7 46 42 47 4 7 22 19 47 4 23 35 19 4 4 22 23 35 25 19 4 23 47 30 13 30 22 0 47 4 23 46 39 47 35 42 19 42 46 46 47 39 19 
Custo Total: 1662826
Solução após busca local:
Instalacoes:
1 1 0 0 1 1 0 1 1 1 0 0 0 1 0 0 0 0 0 1 1 0 1 1 0 1 0 0 0 0 1 0 0 0 0 1 0 0 0 1 0 0 1 0 0 0 1 1 0 0 
Atribuicoes:
0 0 25 4 42 5 13 7 46 19 47 4 20 30 0 47 4 47 13 20 4 1 22 23 35 25 9 13 23 8 5 13 30 9 0 47 20 39 1 39 8 35 42 19 8 8 20 9 30 19 
Custo Total: 651260
Total de iterações: 24431
Melhorias: 18
Tempo até a melhor solução: 28.7794 segundos
Iterações até a melhor solução: 23453
Soma dos custos: 11602331485
Média dos custos: 474902
Pior valor encontrado: 720263
Melhor solução encontrada:
Instalacoes:
1 1 0 0 1 0 0 0 1 1 0 0 0 1 0 0 1 0 0 0 1 0 1 0 0 0 0 0 0 0 1 1 0 0 0 0 0 0 0 0 0 0 0 0 0 0 0 1 0 1 
Atribuicoes:
0 0 9 4 49 30 1 47 20 1 22 4 20 8 0 16 4 16 0 20 4 1 31 30 20 22 47 31 13 13 31 31 30 47 9 16 49 9 8 49 16 1 9 47 8 8 20 9 13 47 
Custo Total: 463666
