Instância: Data/raw/50_P100_M1_HUB_8.txt
Tempo limite: 30 segundos
Seed: 3
Tamanho da pertubação: 5
Solução inicial:
Instalacoes:
1 0 1 1 1 1 0 1 0 1 0 1 0 0 1 1 0 0 1 1 0 0 1 0 0 0 0 0 1 1 0 0 0 0 0 0 0 0 0 1 0 1 1 1 0 0 1 0 0 0 
Atribuicoes:
4 4 2 3 15 5 0 7 15 9 46 11 7 2 14 9 46 7 18 4 46 43 22 29 42 5 42 11 28 29 2 28 43 5 4 9 3 7 15 39 28 18 42 19 42 4 46 19 39 4 
Custo Total: 2855468
Solução após busca local:
Instalacoes:
1 1 1 1 1 1 0 1 1 1 0 1 0 1 1 1 1 0 1 1 1 0 1 1 0 1 0 1 1 1 1 1 0 0 1 1 0 0 0 1 0 0 1 1 0 0 1 1 0 1 
Atribuicoes:
34 49 2 3 15 5 0 7 1 16 8 27 20 25 14 9 49 28 18 0 46 43 22 35 1 5 42 11 28 29 23 47 30 16 47 9 13 31 8 39 27 18 42 19 13 4 46 19 35 4 
Custo Total: 1334814
Total de iterações: 13839
Melhorias: 24
Tempo até a melhor solução: 17.4015 segundos
Iterações até a melhor solução: 8058
Soma dos custos: 16898372221
Média dos custos: 1.22107e+06
Pior valor encontrado: 1408360
Melhor solução encontrada:
Instalacoes:
1 1 0 0 1 1 0 0 1 1 0 1 0 1 0 0 1 0 1 1 1 0 1 1 0 1 0 1 1 1 1 1 0 0 1 1 0 0 0 1 0 0 0 0 0 0 1 1 0 1 
Atribuicoes:
0 35 25 4 19 5 39 13 46 49 22 11 20 31 30 9 35 22 9 19 1 0 27 23 31 5 1 25 28 29 23 34 30 49 34 16 8 28 20 13 16 18 4 4 8 47 46 47 39 18 
Custo Total: 1203725
