Instância: Data/raw/50_P60_M1_HUB_2.txt
Tempo limite: 30 segundos
Seed: 5
Tamanho da pertubação: 5
Solução inicial:
Instalacoes:
1 0 1 0 0 0 0 1 0 1 0 0 0 1 0 0 0 0 1 1 1 0 1 1 1 1 0 0 0 0 0 0 0 0 0 0 0 0 0 1 0 0 1 0 0 0 0 0 0 0 
Atribuicoes:
9 9 25 13 20 25 20 7 20 42 18 20 7 23 19 42 24 7 18 9 18 20 22 2 24 25 9 20 23 23 23 25 23 25 9 24 23 13 9 39 18 18 42 19 9 20 20 19 39 0 
Custo Total: 2577013
Solução após busca local:
Instalacoes:
0 1 0 0 1 0 0 1 1 1 0 0 0 1 0 0 1 0 1 1 1 0 1 1 1 1 0 0 0 0 1 0 0 0 0 0 0 0 0 1 0 0 0 0 0 0 1 1 0 1 
Atribuicoes:
9 9 8 9 20 25 30 16 47 13 1 47 39 1 20 19 24 16 49 46 18 20 22 47 24 25 8 20 16 23 23 1 30 13 9 16 4 13 49 9 49 18 9 19 8 20 8 47 39 22 
Custo Total: 688217
Total de iterações: 23883
Melhorias: 16
Tempo até a melhor solução: 5.66381 segundos
Iterações até a melhor solução: 4660
Soma dos custos: 11367503898
Média dos custos: 475966
Pior valor encontrado: 743308
Melhor solução encontrada:
Instalacoes:
1 1 0 0 1 0 0 0 1 1 0 0 0 1 0 0 0 0 0 1 1 0 1 0 0 0 0 0 0 0 0 1 0 0 0 0 0 0 0 1 0 0 0 0 0 0 0 1 0 1 
Atribuicoes:
20 49 20 8 9 19 0 20 47 9 31 47 1 13 20 9 4 22 0 19 1 20 31 47 4 39 8 13 9 8 49 31 0 39 9 0 4 13 1 39 31 20 9 19 8 20 8 47 1 49 
Custo Total: 473314
