Instância: Data/raw/50_P80_M1_Continuo_8.txt
Tempo limite: 30 segundos
Seed: 10
Tamanho da pertubação: 5
Solução inicial:
Instalacoes:
1 0 1 0 0 0 0 1 0 1 0 0 0 1 1 0 1 0 1 1 0 0 1 1 0 0 0 0 0 0 1 1 0 0 0 0 0 0 1 1 0 0 1 0 0 0 1 0 0 0 
Atribuicoes:
0 0 13 46 31 13 2 7 31 9 16 18 39 13 14 9 16 39 18 19 14 19 22 23 42 13 19 30 23 23 30 31 30 22 0 9 39 39 38 13 16 18 42 0 31 38 46 0 23 0 
Custo Total: 2651596
Solução após busca local:
Instalacoes:
1 1 0 0 1 0 0 0 1 1 0 0 0 1 1 0 1 0 1 1 1 0 1 1 0 1 0 0 1 0 1 1 0 0 1 1 0 0 1 1 0 0 1 1 0 0 1 1 0 1 
Atribuicoes:
9 1 2 34 20 13 49 18 31 47 16 28 22 13 19 9 16 22 30 1 35 43 22 23 16 13 19 30 14 47 20 31 30 39 49 9 39 49 46 8 8 18 42 0 47 4 46 4 35 0 
Custo Total: 901638
Total de iterações: 20112
Melhorias: 9
Tempo até a melhor solução: 29.8186 segundos
Iterações até a melhor solução: 19991
Soma dos custos: 13244593535
Média dos custos: 658542
Pior valor encontrado: 900561
Melhor solução encontrada:
Instalacoes:
1 1 0 0 1 0 0 0 1 1 0 0 0 1 0 0 1 0 1 1 1 0 1 0 0 1 0 0 1 0 1 1 0 0 0 0 0 0 0 1 0 0 0 0 0 0 1 1 0 1 
Atribuicoes:
9 1 30 19 46 4 18 22 1 8 16 28 13 25 49 1 16 4 19 47 49 9 13 13 16 25 20 22 28 8 20 25 30 39 8 9 39 20 47 31 31 18 0 0 4 4 46 19 49 47 
Custo Total: 652203
