Instância: Data/raw/50_P40_M1_HUB_5.txt
Tempo limite: 30 segundos
Seed: 3
Tamanho da pertubação: 5
Solução inicial:
Instalacoes:
0 1 0 0 1 0 0 0 1 1 0 0 0 1 0 0 0 0 0 0 1 0 1 0 0 0 0 0 1 0 0 0 0 0 0 0 0 0 0 0 0 0 0 0 0 0 1 1 0 0 
Atribuicoes:
9 9 13 20 4 28 20 22 8 4 8 28 28 13 1 9 9 28 8 9 20 1 22 46 9 13 46 13 1 13 28 1 28 20 9 4 20 28 4 13 9 4 8 1 46 8 8 47 9 9 
Custo Total: 2218542
Solução após busca local:
Instalacoes:
1 1 0 0 1 0 0 0 1 1 0 0 0 1 0 0 1 0 0 1 1 0 1 0 0 0 0 0 1 0 1 0 0 0 0 0 0 0 0 1 0 0 1 0 0 0 1 0 0 1 
Atribuicoes:
8 9 13 20 4 13 20 4 46 49 22 28 19 39 19 9 9 16 8 9 49 8 22 13 4 8 19 22 20 13 19 1 1 20 19 4 20 20 4 4 0 4 8 1 8 8 8 9 30 42 
Custo Total: 534744
Total de iterações: 33163
Melhorias: 21
Tempo até a melhor solução: 25.5275 segundos
Iterações até a melhor solução: 28019
Soma dos custos: 10507397004
Média dos custos: 316841
Pior valor encontrado: 569029
Melhor solução encontrada:
Instalacoes:
0 1 0 0 1 0 0 0 1 1 0 0 0 1 0 0 0 0 0 0 1 0 1 0 0 0 0 0 0 0 0 1 0 0 0 0 0 0 0 0 0 0 0 0 0 0 0 1 0 0 
Atribuicoes:
47 9 20 20 4 13 47 4 1 4 22 31 4 8 1 9 9 22 47 9 47 8 22 13 4 8 47 13 1 20 1 31 20 4 1 4 20 9 9 4 47 9 8 13 8 8 8 9 13 8 
Custo Total: 302045
