Instância: Data/raw/50_P40_M1_HUB_3.txt
Tempo limite: 30 segundos
Seed: 10
Tamanho da pertubação: 5
Solução inicial:
Instalacoes:
0 1 1 0 0 0 0 0 1 0 0 0 0 0 0 0 1 0 0 0 0 0 1 0 0 1 0 1 0 0 1 0 0 0 1 0 0 0 0 1 0 0 1 0 0 0 1 1 0 0 
Atribuicoes:
47 1 2 25 8 1 27 25 8 42 16 8 39 2 34 42 16 25 22 47 42 1 22 47 34 2 47 27 25 2 30 1 1 8 1 34 25 39 46 39 16 16 8 1 47 46 46 47 39 34 
Custo Total: 1387361
Solução após busca local:
Instalacoes:
1 1 0 0 1 0 0 0 1 1 0 0 0 1 0 0 1 0 0 0 1 0 1 0 0 1 0 1 0 0 0 0 0 0 1 0 0 0 0 1 0 0 1 0 0 0 1 1 0 0 
Atribuicoes:
20 4 9 25 4 47 20 20 4 1 16 8 13 47 13 9 16 4 1 4 20 1 22 47 16 13 4 27 4 13 2 1 47 8 9 9 25 8 1 39 20 0 8 4 47 46 46 47 9 34 
Custo Total: 539914
Total de iterações: 31603
Melhorias: 17
Tempo até a melhor solução: 29.2632 segundos
Iterações até a melhor solução: 30818
Soma dos custos: 11033196816
Média dos custos: 349119
Pior valor encontrado: 607040
Melhor solução encontrada:
Instalacoes:
0 1 0 0 1 0 0 0 1 1 0 0 0 1 0 0 0 0 1 0 1 0 1 0 0 0 0 0 0 0 0 1 0 0 0 0 0 0 0 0 0 0 0 0 0 0 0 1 0 0 
Atribuicoes:
47 47 9 8 4 9 20 20 4 20 4 22 4 13 1 8 8 20 18 47 20 47 22 4 4 9 20 31 1 1 22 47 47 8 20 9 13 8 47 18 31 13 8 4 9 8 9 47 9 4 
Custo Total: 339030
