Instância: Data/raw/50_P90_M1_Continuo_1.txt
Tempo limite: 30 segundos
Seed: 10
Tamanho da pertubação: 5
Solução inicial:
Instalacoes:
1 0 1 1 0 1 0 1 0 1 0 1 0 0 1 1 0 0 1 1 0 0 1 0 0 0 0 0 1 1 0 0 0 0 0 0 0 0 1 1 0 1 0 0 0 0 1 0 0 0 
Atribuicoes:
0 0 2 3 15 5 15 7 46 9 41 11 7 2 14 9 15 7 18 19 41 14 22 29 14 5 19 11 28 29 2 28 5 29 0 9 3 7 38 39 28 18 19 14 15 38 46 14 39 0 
Custo Total: 2653171
Solução após busca local:
Instalacoes:
1 1 1 1 1 1 0 1 1 1 0 1 0 1 1 1 1 0 1 1 1 0 1 1 0 1 0 0 1 1 1 1 0 0 0 1 0 0 1 1 0 1 0 0 0 0 1 1 0 1 
Atribuicoes:
8 49 20 3 46 5 16 1 46 15 31 11 7 2 4 13 16 11 35 30 41 14 22 23 18 25 19 14 28 29 9 13 31 39 1 9 47 22 38 13 0 18 19 30 4 20 47 49 39 0 
Custo Total: 1072884
Total de iterações: 15900
Melhorias: 22
Tempo até a melhor solução: 19.1155 segundos
Iterações até a melhor solução: 10134
Soma dos custos: 13081694691
Média dos custos: 822748
Pior valor encontrado: 1079821
Melhor solução encontrada:
Instalacoes:
1 1 0 0 1 0 0 0 1 1 0 0 0 1 0 0 1 0 1 1 1 0 1 1 0 1 0 0 1 0 1 1 0 0 1 1 0 0 0 1 0 0 1 0 0 0 1 1 0 1 
Atribuicoes:
9 30 31 4 42 30 20 31 42 34 28 22 20 25 0 13 1 22 18 19 35 4 18 23 47 35 1 4 25 16 9 13 28 39 16 19 23 20 47 13 49 46 46 34 0 8 9 8 39 49 
Custo Total: 820926
