Instância: Data/raw/50_P80_M0_Continuo_6.txt
Tempo limite: 30 segundos
Seed: 6
Tamanho da pertubação: 5
Solução inicial:
Instalacoes:
1 0 1 1 0 1 0 1 0 1 0 0 0 1 1 1 0 0 0 1 1 0 1 0 0 1 0 0 0 0 1 1 0 0 0 0 0 0 0 1 0 0 0 0 0 0 1 0 0 0 
Atribuicoes:
20 0 30 3 15 13 25 7 15 9 31 30 7 30 14 9 20 7 22 19 20 25 22 2 46 25 19 31 30 25 30 31 31 2 0 9 3 7 46 13 30 20 19 0 46 20 46 30 39 0 
Custo Total: 2934398
Solução após busca local:
Instalacoes:
1 1 1 1 1 0 0 1 1 1 0 0 0 1 0 0 1 0 1 1 1 0 1 1 0 1 0 1 1 1 1 1 0 0 0 0 0 0 0 1 0 0 1 0 0 0 1 1 0 1 
Atribuicoes:
20 19 22 39 16 13 25 7 42 1 31 29 9 30 39 9 20 49 18 19 47 49 22 2 13 25 47 31 30 8 4 31 23 13 28 9 23 0 46 16 27 1 19 4 42 0 46 8 39 0 
Custo Total: 932608
Total de iterações: 19201
Melhorias: 17
Tempo até a melhor solução: 21.5726 segundos
Iterações até a melhor solução: 13869
Soma dos custos: 12320268839
Média dos custos: 641647
Pior valor encontrado: 882791
Melhor solução encontrada:
Instalacoes:
0 1 0 0 1 0 0 0 1 1 0 0 0 1 0 0 1 0 1 1 1 0 1 0 0 1 0 0 0 0 1 1 0 0 0 0 0 0 0 1 0 0 0 0 0 0 1 1 0 1 
Atribuicoes:
20 49 0 39 8 13 31 13 18 8 16 31 9 25 49 9 18 49 4 47 46 1 22 4 47 25 20 16 47 4 30 31 30 47 19 49 20 13 9 8 22 16 1 0 1 46 46 19 39 30 
Custo Total: 632979
