Instância: Data/raw/50_P90_M1_HUB_8.txt
Tempo limite: 30 segundos
Seed: 10
Tamanho da pertubação: 5
Solução inicial:
Instalacoes:
1 0 1 1 1 1 0 1 0 1 0 0 0 0 1 1 0 0 1 1 0 0 1 0 0 0 0 0 1 1 0 0 0 0 0 0 0 0 0 1 0 1 1 0 0 0 1 0 0 0 
Atribuicoes:
4 4 2 3 15 5 0 7 15 9 46 2 7 2 14 9 46 7 18 4 46 14 22 29 42 39 42 18 28 29 2 28 14 5 4 9 3 7 15 39 28 18 42 19 42 4 46 19 39 4 
Custo Total: 2769448
Solução após busca local:
Instalacoes:
1 1 1 1 1 1 0 1 1 1 0 0 0 1 1 1 1 0 1 1 1 0 1 0 0 1 0 0 1 1 1 0 0 0 1 1 0 0 0 1 0 0 1 1 0 0 1 1 0 1 
Atribuicoes:
1 34 2 3 8 5 0 7 15 43 49 13 20 2 14 9 19 8 18 42 46 1 22 30 20 39 0 25 35 29 47 28 43 25 4 9 3 39 13 16 28 18 42 19 16 4 46 0 39 14 
Custo Total: 1134455
Total de iterações: 16345
Melhorias: 25
Tempo até a melhor solução: 27.1541 segundos
Iterações até a melhor solução: 14795
Soma dos custos: 14403238772
Média dos custos: 881202
Pior valor encontrado: 1106864
Melhor solução encontrada:
Instalacoes:
1 1 0 0 1 0 0 0 1 1 0 0 0 1 0 0 1 0 1 1 1 0 1 1 0 1 0 0 0 0 1 1 0 0 0 1 0 0 0 1 0 0 1 0 0 0 1 1 0 1 
Atribuicoes:
49 42 31 9 19 13 9 1 16 1 19 22 20 20 18 46 49 47 18 47 35 20 39 16 1 25 0 25 31 31 30 30 25 13 9 47 8 39 8 23 22 18 4 4 8 46 42 0 39 35 
Custo Total: 873930
