Instância: Data/raw/50_P50_M1_Continuo_5.txt
Tempo limite: 30 segundos
Seed: 5
Tamanho da pertubação: 5
Solução inicial:
Instalacoes:
1 0 0 0 1 0 0 0 1 1 0 1 0 1 0 0 1 0 0 0 1 0 1 0 0 1 0 0 0 0 1 0 0 0 0 0 0 0 0 1 0 0 0 0 0 0 0 0 0 0 
Atribuicoes:
0 0 13 25 4 25 20 25 8 9 16 11 39 13 4 9 9 30 4 0 20 9 22 25 16 25 9 13 4 20 30 30 30 13 0 9 25 39 8 39 16 16 8 0 9 4 8 0 39 0 
Custo Total: 1925493
Solução após busca local:
Instalacoes:
1 1 0 0 1 0 0 0 1 1 0 0 0 1 0 0 1 0 0 1 1 0 1 1 0 1 0 0 0 0 1 1 0 0 0 0 0 0 0 1 0 0 0 0 0 0 1 1 0 1 
Atribuicoes:
19 0 20 8 47 8 20 4 46 1 16 9 4 23 4 9 49 16 4 47 20 1 22 13 16 25 9 13 4 25 30 9 30 13 20 9 20 4 8 13 16 19 8 0 8 46 1 19 39 9 
Custo Total: 569154
Total de iterações: 29785
Melhorias: 12
Tempo até a melhor solução: 2.68967 segundos
Iterações até a melhor solução: 2686
Soma dos custos: 12006027390
Média dos custos: 403090
Pior valor encontrado: 664437
Melhor solução encontrada:
Instalacoes:
1 1 0 0 1 0 0 0 1 1 0 0 0 1 0 0 1 0 1 0 1 0 1 0 0 0 0 0 0 0 1 0 0 0 0 0 0 0 0 0 0 0 0 0 0 0 0 1 0 0 
Atribuicoes:
0 13 20 8 4 8 20 4 1 1 18 9 4 9 4 9 16 47 18 8 20 1 22 13 18 47 9 4 4 47 30 9 30 13 20 16 20 4 8 13 16 1 8 47 8 47 0 0 30 9 
Custo Total: 401544
