Instância: Data/raw/50_P60_M0_Continuo_2.txt
Tempo limite: 30 segundos
Seed: 7
Tamanho da pertubação: 5
Solução inicial:
Instalacoes:
1 0 1 0 1 0 0 0 1 1 0 1 0 0 0 0 0 0 1 1 1 0 1 1 0 0 0 1 0 0 0 0 0 0 0 0 0 0 0 1 0 0 0 0 0 0 1 0 0 0 
Atribuicoes:
0 0 23 18 4 23 18 18 8 9 18 11 39 23 0 9 20 18 46 19 20 19 22 8 9 39 4 27 0 23 23 27 19 4 0 9 18 39 46 39 9 20 8 0 46 46 8 19 39 9 
Custo Total: 2333741
Solução após busca local:
Instalacoes:
1 1 0 0 1 0 0 0 1 1 0 0 0 1 0 0 0 0 1 1 1 0 1 1 0 0 0 1 0 0 1 1 0 0 0 0 0 0 0 1 0 0 0 1 0 0 1 1 0 1 
Atribuicoes:
1 8 23 39 4 30 39 20 8 9 18 4 4 8 9 8 30 4 47 9 20 19 22 30 9 39 4 27 30 23 47 1 49 20 0 18 13 47 1 1 1 20 8 43 0 46 46 19 23 47 
Custo Total: 648877
Total de iterações: 26097
Melhorias: 27
Tempo até a melhor solução: 21.5808 segundos
Iterações até a melhor solução: 18783
Soma dos custos: 11701139777
Média dos custos: 448371
Pior valor encontrado: 699005
Melhor solução encontrada:
Instalacoes:
1 1 0 0 1 0 0 0 1 1 0 0 0 1 0 0 1 0 0 0 1 0 1 0 0 1 0 0 0 0 0 0 0 0 0 0 0 0 0 0 0 0 0 0 0 0 0 1 0 1 
Atribuicoes:
8 8 25 25 4 47 9 20 8 9 0 13 4 8 49 20 16 4 16 9 20 0 22 1 9 49 4 22 25 13 13 9 8 20 49 0 47 16 47 1 16 20 1 8 1 47 4 4 13 16 
Custo Total: 429785
