Instância: Data/raw/50_P50_M1_Continuo_10.txt
Tempo limite: 30 segundos
Seed: 10
Tamanho da pertubação: 5
Solução inicial:
Instalacoes:
1 1 0 0 0 0 0 0 1 1 0 0 0 1 0 0 1 0 0 1 1 0 1 0 0 0 0 0 0 0 0 0 0 0 0 0 0 0 0 1 0 0 0 0 0 0 1 1 0 0 
Atribuicoes:
47 1 13 39 46 13 47 1 46 9 16 20 22 13 19 8 9 22 16 47 20 47 22 13 8 13 47 20 16 1 47 13 47 1 1 9 39 39 8 13 9 20 9 19 47 46 46 19 13 8 
Custo Total: 1998656
Solução após busca local:
Instalacoes:
0 1 0 0 1 0 0 0 1 1 0 0 0 1 0 0 1 0 1 1 1 0 1 0 0 0 0 0 0 0 1 1 0 0 0 0 0 0 0 1 0 0 1 0 0 0 1 1 0 0 
Atribuicoes:
19 1 13 4 47 13 47 13 4 4 16 20 18 1 47 8 9 22 16 47 20 9 22 13 16 13 4 42 30 1 47 31 8 9 1 9 39 39 4 8 30 20 9 19 8 9 46 19 39 20 
Custo Total: 516540
Total de iterações: 28191
Melhorias: 14
Tempo até a melhor solução: 12.5448 segundos
Iterações até a melhor solução: 11868
Soma dos custos: 10828516184
Média dos custos: 384113
Pior valor encontrado: 631295
Melhor solução encontrada:
Instalacoes:
0 1 0 0 1 0 0 0 1 1 0 0 0 1 0 0 1 0 1 0 1 0 1 0 0 0 0 0 0 0 1 0 0 0 0 0 0 0 0 0 0 0 0 0 0 0 0 1 0 0 
Atribuicoes:
47 1 13 4 9 4 8 13 20 4 16 16 47 47 30 8 1 30 16 8 18 9 22 13 20 13 4 30 22 9 30 1 8 9 13 1 20 20 4 47 22 18 9 20 8 4 9 47 20 20 
Custo Total: 377235
