Instância: Data/raw/50_P60_M1_Continuo_1.txt
Tempo limite: 30 segundos
Seed: 4
Tamanho da pertubação: 5
Solução inicial:
Instalacoes:
1 0 1 0 0 0 0 0 0 1 0 1 0 0 0 0 0 0 1 0 0 0 1 1 0 1 0 0 1 0 1 0 0 0 1 0 0 0 0 1 0 0 1 0 0 0 1 1 0 0 
Atribuicoes:
9 9 23 34 0 47 0 2 46 42 18 11 39 23 47 9 34 18 18 9 11 34 22 23 9 25 42 25 28 23 30 25 47 23 9 9 23 39 9 39 28 18 42 34 42 46 46 47 39 9 
Custo Total: 2533086
Solução após busca local:
Instalacoes:
1 1 0 0 1 0 0 0 1 1 0 1 0 1 0 0 0 0 1 1 1 0 1 1 0 1 0 0 1 0 0 1 0 0 1 0 0 0 0 1 0 0 1 0 0 0 1 1 0 0 
Atribuicoes:
9 4 31 20 0 47 0 13 4 42 19 11 8 13 19 9 18 18 20 9 1 19 22 20 9 25 0 31 28 23 23 31 47 23 9 4 13 22 8 39 28 0 42 34 1 46 46 47 39 1 
Custo Total: 694502
Total de iterações: 24267
Melhorias: 25
Tempo até a melhor solução: 19.139 segundos
Iterações até a melhor solução: 15311
Soma dos custos: 12177736768
Média dos custos: 501823
Pior valor encontrado: 755286
Melhor solução encontrada:
Instalacoes:
1 1 0 0 1 0 0 0 1 1 0 0 0 1 0 0 1 0 1 0 1 0 1 0 0 0 0 0 0 0 1 0 0 0 0 0 0 0 0 0 0 0 0 0 0 0 0 1 0 1 
Atribuicoes:
8 4 47 20 4 30 8 39 4 0 22 22 8 30 1 8 18 18 18 9 49 1 13 13 9 49 47 16 4 0 30 4 1 39 8 0 20 8 9 13 20 9 16 13 9 47 20 1 16 49 
Custo Total: 487927
