Instância: Data/raw/50_P70_M0_Continuo_6.txt
Tempo limite: 30 segundos
Seed: 3
Tamanho da pertubação: 5
Solução inicial:
Instalacoes:
1 0 1 1 1 0 0 1 1 1 0 0 0 0 0 1 0 0 1 1 0 0 1 0 0 1 0 1 0 0 0 0 0 0 1 1 0 0 0 1 0 0 0 1 0 0 1 0 0 0 
Atribuicoes:
4 4 2 3 15 2 25 7 15 9 34 8 7 2 34 9 35 7 18 4 46 43 22 46 35 39 8 27 2 25 2 8 43 39 4 9 3 7 4 39 35 18 46 19 8 46 46 19 39 4 
Custo Total: 2415565
Solução após busca local:
Instalacoes:
0 1 1 1 1 0 0 1 1 1 0 0 0 1 0 1 1 0 1 1 1 0 1 0 0 1 0 0 0 0 1 1 0 0 1 1 0 0 0 1 0 0 1 0 0 0 1 1 0 1 
Atribuicoes:
4 42 2 30 15 30 39 1 47 47 34 16 20 39 34 1 16 22 18 49 46 9 22 30 35 13 8 9 13 4 20 25 19 39 49 9 8 7 4 31 35 35 9 18 8 46 42 19 39 20 
Custo Total: 819160
Total de iterações: 21447
Melhorias: 26
Tempo até a melhor solução: 15.1183 segundos
Iterações até a melhor solução: 10916
Soma dos custos: 12365320466
Média dos custos: 576552
Pior valor encontrado: 810884
Melhor solução encontrada:
Instalacoes:
1 1 0 0 1 0 0 0 1 1 0 0 0 1 0 0 1 0 0 1 1 0 1 0 0 1 0 0 0 0 1 1 0 0 0 0 0 0 0 1 0 0 0 0 0 0 1 1 0 0 
Atribuicoes:
4 46 19 30 47 30 8 22 20 1 9 16 16 47 20 47 16 25 47 0 8 9 22 30 1 13 8 22 13 4 20 31 0 9 20 9 31 25 4 39 47 1 0 1 8 46 46 19 13 46 
Custo Total: 563705
