Instância: Data/raw/50_P30_M1_HUB_3.txt
Tempo limite: 30 segundos
Seed: 5
Tamanho da pertubação: 5
Solução inicial:
Instalacoes:
0 1 1 0 0 0 0 0 1 0 0 0 0 1 0 0 0 0 0 1 0 0 1 0 0 1 0 0 0 1 1 0 0 0 0 1 0 0 0 1 0 0 0 0 0 0 0 1 0 0 
Atribuicoes:
47 1 25 13 8 13 25 25 8 1 35 8 39 2 47 19 35 25 1 47 1 19 22 29 35 25 47 8 13 29 30 13 1 25 1 35 13 39 8 39 35 35 8 19 47 8 8 47 39 19 
Custo Total: 1532340
Solução após busca local:
Instalacoes:
1 1 0 0 1 0 0 0 1 1 0 0 0 1 0 0 0 0 0 0 1 0 1 0 0 1 0 0 0 0 0 0 0 0 0 1 0 0 0 1 0 0 0 0 0 0 0 1 0 0 
Atribuicoes:
9 1 4 13 0 13 1 47 9 1 4 8 20 9 4 9 1 8 20 47 47 9 22 30 35 25 1 8 0 30 20 13 47 39 1 20 9 9 4 20 4 35 8 4 47 4 4 47 13 0 
Custo Total: 471993
Total de iterações: 41347
Melhorias: 23
Tempo até a melhor solução: 15.6113 segundos
Iterações até a melhor solução: 20461
Soma dos custos: 11089882166
Média dos custos: 268215
Pior valor encontrado: 511169
Melhor solução encontrada:
Instalacoes:
0 1 0 0 1 0 0 0 1 1 0 0 0 1 0 0 0 0 0 0 1 0 1 0 0 0 0 0 0 0 0 0 0 0 0 0 0 0 0 0 0 0 0 0 0 0 0 1 0 0 
Atribuicoes:
9 4 4 8 9 20 8 4 9 4 4 22 9 9 47 9 4 8 20 47 8 20 22 9 1 13 4 22 1 47 20 20 20 8 20 20 9 9 4 13 1 47 8 1 47 8 4 4 4 9 
Custo Total: 256451
