Instância: Data/raw/50_P70_M0_Continuo_3.txt
Tempo limite: 30 segundos
Seed: 10
Tamanho da pertubação: 5
Solução inicial:
Instalacoes:
1 0 0 0 0 0 0 1 0 0 0 1 0 1 1 1 0 0 0 1 0 0 1 0 0 1 0 0 0 1 0 1 0 0 0 1 0 0 1 0 0 1 1 1 0 0 1 0 0 0 
Atribuicoes:
0 0 13 29 15 25 43 7 46 15 35 11 7 13 19 0 31 35 41 19 41 43 22 11 42 25 15 31 25 29 31 35 43 22 0 35 29 25 38 25 35 35 42 19 46 38 46 19 25 0 
Custo Total: 2477959
Solução após busca local:
Instalacoes:
1 1 0 0 1 0 0 1 1 1 0 0 0 0 0 1 1 0 0 1 1 0 1 0 0 1 0 0 0 1 1 1 0 0 1 1 0 0 1 0 0 1 1 1 0 0 1 1 0 0 
Atribuicoes:
34 0 19 8 1 20 30 7 46 15 35 20 16 29 20 0 31 22 41 19 16 43 22 0 8 30 1 31 4 29 30 35 43 47 0 34 16 25 8 9 11 4 42 47 46 38 46 19 25 9 
Custo Total: 899552
Total de iterações: 22720
Melhorias: 23
Tempo até a melhor solução: 25.7778 segundos
Iterações até a melhor solução: 19470
Soma dos custos: 12782176607
Média dos custos: 562596
Pior valor encontrado: 851523
Melhor solução encontrada:
Instalacoes:
1 1 0 0 1 0 0 0 1 1 0 0 0 1 0 0 1 0 1 0 1 0 1 0 0 1 0 0 0 0 1 0 0 0 0 0 0 0 0 1 0 0 0 0 0 0 1 1 0 0 
Atribuicoes:
4 0 13 20 46 30 39 16 20 16 1 18 13 25 16 9 18 4 4 20 18 47 22 47 49 25 1 22 4 30 47 1 30 39 9 0 9 13 46 9 16 8 0 49 20 8 8 47 8 1 
Custo Total: 544739
