Instância: Data/raw/50_P60_M1_Continuo_6.txt
Tempo limite: 30 segundos
Seed: 6
Tamanho da pertubação: 5
Solução inicial:
Instalacoes:
1 1 1 0 0 1 0 1 1 1 0 0 0 1 0 0 0 0 0 0 1 0 1 0 0 0 0 0 0 1 0 0 0 0 0 1 0 0 0 1 0 0 1 0 0 0 0 1 0 0 
Atribuicoes:
47 1 2 13 42 13 1 7 8 9 35 35 7 2 47 9 20 35 35 47 20 47 22 29 9 13 47 13 35 29 2 13 5 39 1 9 13 7 1 39 9 20 47 0 47 8 42 0 39 9 
Custo Total: 2687448
Solução após busca local:
Instalacoes:
1 1 1 0 1 0 0 1 1 1 0 0 0 1 0 0 1 0 1 1 1 0 1 0 0 0 0 0 0 0 1 1 0 0 0 1 0 0 0 1 0 0 1 0 0 0 0 1 0 1 
Atribuicoes:
47 16 2 13 42 13 20 13 1 9 20 35 22 30 47 4 49 18 18 9 20 4 22 47 1 13 19 31 9 8 20 0 8 39 1 16 4 31 0 39 9 16 4 30 42 8 9 0 39 0 
Custo Total: 675166
Total de iterações: 24436
Melhorias: 13
Tempo até a melhor solução: 27.2996 segundos
Iterações até a melhor solução: 22205
Soma dos custos: 12317416337
Média dos custos: 504068
Pior valor encontrado: 748916
Melhor solução encontrada:
Instalacoes:
1 1 0 0 1 0 0 0 1 1 0 0 0 1 0 0 1 0 0 1 1 0 1 0 0 0 0 0 0 0 0 1 0 0 0 0 0 0 0 1 0 0 0 0 0 0 0 1 0 1 
Atribuicoes:
19 39 9 13 9 13 20 13 49 8 20 1 1 8 47 4 16 31 9 47 20 4 22 47 49 13 9 31 8 1 20 31 4 39 47 16 4 47 1 39 0 16 4 19 9 8 0 8 39 49 
Custo Total: 483163
