Instância: Data/raw/50_P10_M0_Continuo_10.txt
Tempo limite: 30 segundos
Seed: 6
Tamanho da pertubação: 5
Solução inicial:
Instalacoes:
0 1 0 0 0 0 0 0 0 0 0 0 0 1 0 0 0 0 0 0 0 0 1 0 0 0 0 0 0 0 0 0 0 0 0 0 0 0 0 0 0 0 0 0 0 0 1 1 0 0 
Atribuicoes:
47 1 13 13 46 47 13 13 46 1 1 22 13 13 1 47 1 47 1 47 46 47 22 13 1 13 47 13 13 13 1 47 47 13 1 1 13 13 46 13 47 1 47 47 47 46 46 47 13 1 
Custo Total: 732585
Solução após busca local:
Instalacoes:
0 1 0 0 1 0 0 0 0 1 0 0 0 1 0 0 0 0 0 0 0 0 1 0 0 0 0 0 0 0 0 0 0 0 0 0 0 0 0 0 0 0 0 0 0 0 1 1 0 0 
Atribuicoes:
47 1 13 9 4 4 9 9 46 4 9 4 4 13 4 9 47 9 1 9 9 47 22 13 1 13 4 13 47 13 4 9 9 9 4 9 9 9 47 9 4 9 4 47 4 4 9 47 9 4 
Custo Total: 235613
Total de iterações: 88550
Melhorias: 8
Tempo até a melhor solução: 11.6752 segundos
Iterações até a melhor solução: 36267
Soma dos custos: 15704642657
Média dos custos: 177353
Pior valor encontrado: 394205
Melhor solução encontrada:
Instalacoes:
0 0 0 0 1 0 0 0 1 1 0 0 0 0 0 0 0 0 0 0 1 0 1 0 0 0 0 0 0 0 0 0 0 0 0 0 0 0 0 0 0 0 0 0 0 0 0 0 0 0 
Atribuicoes:
4 4 9 9 4 20 20 9 8 9 9 4 4 20 9 9 20 20 20 9 4 20 22 9 20 8 8 20 20 20 4 9 20 20 4 9 20 20 8 9 9 8 8 20 4 4 8 8 20 20 
Custo Total: 167000
