Instância: Data/raw/50_P90_M0_Continuo_8.txt
Tempo limite: 30 segundos
Seed: 9
Tamanho da pertubação: 5
Solução inicial:
Instalacoes:
1 1 1 0 0 0 0 1 1 1 0 1 0 1 1 0 1 0 1 1 0 0 1 1 0 0 0 0 0 0 1 0 0 0 0 0 0 0 0 1 0 0 0 0 0 0 1 1 0 0 
Atribuicoes:
47 1 2 46 1 30 23 7 8 9 16 11 7 13 14 9 16 19 18 47 23 14 22 2 0 13 19 11 16 13 30 22 30 22 1 9 46 23 1 39 16 18 0 14 47 1 46 47 39 8 
Custo Total: 2358321
Solução após busca local:
Instalacoes:
1 1 1 0 1 1 0 1 1 1 0 1 0 1 1 0 1 0 1 1 1 0 1 1 0 1 0 0 1 0 1 1 0 0 1 1 0 0 0 1 0 0 1 0 0 0 1 1 0 1 
Atribuicoes:
4 28 2 16 1 0 23 7 8 9 23 11 7 47 14 9 16 19 18 28 20 34 22 25 0 13 4 31 30 5 30 5 31 16 49 35 20 13 42 5 2 34 42 18 47 1 46 8 39 8 
Custo Total: 1011071
Total de iterações: 18003
Melhorias: 18
Tempo até a melhor solução: 15.3633 segundos
Iterações até a melhor solução: 8998
Soma dos custos: 14386396193
Média dos custos: 799111
Pior valor encontrado: 1071721
Melhor solução encontrada:
Instalacoes:
1 1 0 0 1 0 0 1 1 1 0 0 0 1 0 0 1 0 1 1 1 0 1 1 0 1 0 1 0 0 1 1 0 0 1 0 0 0 0 1 0 0 0 0 0 0 1 1 0 1 
Atribuicoes:
18 19 16 23 4 1 39 7 8 34 31 27 31 47 46 16 49 39 13 9 20 9 22 23 0 27 19 22 30 25 30 25 23 49 34 31 20 7 0 25 16 18 1 13 47 4 46 8 1 8 
Custo Total: 791670
