Instância: Data/raw/50_P100_M0_Continuo_9.txt
Tempo limite: 30 segundos
Seed: 3
Tamanho da pertubação: 5
Solução inicial:
Instalacoes:
1 0 1 1 0 1 0 1 0 1 0 1 0 0 1 1 0 0 1 1 0 0 1 0 0 0 0 0 1 1 0 0 0 0 0 0 0 0 1 1 0 1 1 1 0 0 1 0 0 0 
Atribuicoes:
0 0 2 3 15 5 14 7 15 9 46 11 7 2 14 9 46 7 18 19 46 43 22 29 42 5 42 11 28 29 2 28 43 2 0 9 3 7 38 39 28 18 42 19 42 38 46 19 39 0 
Custo Total: 2894917
Solução após busca local:
Instalacoes:
1 1 1 1 1 1 0 1 1 1 0 1 0 1 1 1 1 0 1 1 1 0 1 1 0 1 0 0 1 1 1 1 0 0 1 1 0 0 1 1 0 0 1 1 0 0 1 1 0 1 
Atribuicoes:
4 0 2 3 15 5 49 7 20 35 5 11 16 23 14 9 34 31 18 8 4 43 22 13 34 13 1 22 28 29 30 47 47 23 0 9 16 46 38 39 28 18 8 19 42 20 46 19 25 1 
Custo Total: 1331548
Total de iterações: 13995
Melhorias: 23
Tempo até a melhor solução: 4.86885 segundos
Iterações até a melhor solução: 2277
Soma dos custos: 16434557637
Média dos custos: 1.17432e+06
Pior valor encontrado: 1377195
Melhor solução encontrada:
Instalacoes:
1 1 1 0 1 1 0 0 1 1 0 0 0 1 0 0 1 0 1 1 1 0 1 1 0 1 0 1 1 0 1 1 0 0 1 1 0 0 0 1 0 0 0 0 0 0 1 1 0 1 
Atribuicoes:
47 20 2 39 8 25 39 22 4 49 13 18 31 23 31 34 16 46 35 9 18 1 27 23 16 2 0 27 28 13 30 5 5 25 28 9 0 22 47 20 30 35 19 19 8 4 46 1 49 34 
Custo Total: 1171558
