Instância: Data/raw/50_P100_M1_HUB_1.txt
Tempo limite: 30 segundos
Seed: 4
Tamanho da pertubação: 5
Solução inicial:
Instalacoes:
1 0 1 1 0 1 0 1 0 1 0 1 0 0 0 1 0 0 1 1 0 0 1 0 0 0 0 0 1 0 0 0 0 0 0 0 0 0 1 1 0 1 1 1 0 0 1 0 0 0 
Atribuicoes:
0 0 2 3 15 5 41 7 15 9 46 11 7 2 19 9 42 7 18 19 46 43 22 43 42 5 42 11 28 43 2 28 5 2 0 9 3 7 38 39 28 18 0 19 42 38 46 19 39 0 
Custo Total: 3027362
Solução após busca local:
Instalacoes:
1 1 1 1 1 1 0 1 1 1 0 1 0 1 0 1 1 0 1 1 1 0 1 1 0 1 0 1 1 0 1 1 0 0 0 1 0 0 1 1 0 0 1 1 0 0 1 1 0 1 
Atribuicoes:
47 1 4 3 15 5 25 7 13 35 8 11 27 2 19 9 8 1 18 19 46 43 22 20 35 27 4 31 28 23 30 47 5 20 49 16 23 39 38 13 18 41 0 43 42 9 46 49 39 0 
Custo Total: 1310985
Total de iterações: 14274
Melhorias: 15
Tempo até a melhor solução: 21.2191 segundos
Iterações até a melhor solução: 10013
Soma dos custos: 16735824558
Média dos custos: 1.17247e+06
Pior valor encontrado: 1357885
Melhor solução encontrada:
Instalacoes:
1 1 0 0 1 1 0 0 1 1 0 0 0 1 0 0 1 0 1 1 1 0 1 1 0 1 0 1 1 0 1 1 0 0 1 1 0 0 0 1 0 0 1 1 0 0 1 1 0 1 
Atribuicoes:
47 0 49 8 20 5 25 22 46 35 27 27 25 31 34 20 34 22 30 19 18 43 23 0 35 13 4 4 28 1 19 31 5 1 18 16 13 39 8 23 30 49 42 43 47 9 46 9 39 16 
Custo Total: 1166350
