Instância: Data/raw/50_P90_M1_Continuo_8.txt
Tempo limite: 30 segundos
Seed: 2
Tamanho da pertubação: 5
Solução inicial:
Instalacoes:
1 0 1 0 0 0 0 1 0 1 0 0 0 1 1 0 1 0 1 1 0 0 1 1 0 0 0 0 0 0 1 0 0 0 1 0 0 0 0 0 0 0 1 0 0 0 1 0 0 0 
Atribuicoes:
0 0 13 2 42 13 34 7 42 9 16 18 7 13 14 9 16 7 18 19 18 14 22 23 42 13 19 30 23 23 30 13 30 13 34 9 2 7 9 13 16 46 19 14 42 42 46 14 23 0 
Custo Total: 3035566
Solução após busca local:
Instalacoes:
1 1 1 0 1 0 0 1 1 1 0 0 0 1 1 0 1 0 1 1 1 0 1 1 0 1 0 0 1 0 1 1 0 0 1 1 0 0 0 1 0 0 1 0 0 0 1 1 0 1 
Atribuicoes:
0 31 2 2 46 13 34 7 1 8 16 18 22 4 14 9 16 22 31 19 18 28 22 23 42 13 19 30 28 23 20 4 30 39 34 9 39 49 13 25 1 35 47 47 49 20 46 0 4 14 
Custo Total: 1000810
Total de iterações: 15736
Melhorias: 16
Tempo até a melhor solução: 10.0549 segundos
Iterações até a melhor solução: 5174
Soma dos custos: 13157300197
Média dos custos: 836127
Pior valor encontrado: 1082399
Melhor solução encontrada:
Instalacoes:
1 1 0 0 1 0 0 0 1 1 0 0 0 1 0 1 1 0 1 1 1 0 1 1 0 1 0 1 0 0 1 1 0 0 1 0 0 0 0 1 0 0 1 0 0 0 1 1 0 1 
Atribuicoes:
34 42 39 9 46 13 25 18 4 0 27 0 22 31 19 15 47 49 9 20 16 34 22 23 49 13 19 30 20 23 47 31 30 39 25 15 39 8 13 1 4 18 42 47 8 1 46 9 27 20 
Custo Total: 824787
