Instância: Data/raw/50_P20_M0_Continuo_6.txt
Tempo limite: 30 segundos
Seed: 8
Tamanho da pertubação: 5
Solução inicial:
Instalacoes:
1 1 0 0 1 0 0 0 0 0 0 0 0 1 0 0 0 0 0 0 1 0 1 0 0 0 0 0 0 0 1 0 0 0 0 0 0 0 0 0 0 0 0 0 0 0 0 0 0 0 
Atribuicoes:
1 1 13 13 4 13 20 0 4 4 20 20 0 13 1 4 20 1 20 1 20 1 22 30 20 13 0 20 1 20 30 13 30 13 1 20 13 13 4 13 20 20 4 1 20 4 4 0 13 4 
Custo Total: 1140903
Solução após busca local:
Instalacoes:
1 1 0 0 1 0 0 0 1 1 0 0 0 1 0 0 0 0 0 0 1 0 1 0 0 0 0 0 0 0 1 0 0 0 0 0 0 0 0 0 0 0 0 0 0 0 0 1 0 0 
Atribuicoes:
9 1 13 13 8 13 20 0 4 4 9 20 0 13 1 4 20 47 20 9 20 47 22 9 20 4 47 20 1 8 8 47 30 9 1 8 13 13 47 47 20 20 4 9 8 4 4 47 47 4 
Custo Total: 319574
Total de iterações: 76393
Melhorias: 11
Tempo até a melhor solução: 4.18078 segundos
Iterações até a melhor solução: 10617
Soma dos custos: 17298486824
Média dos custos: 226441
Pior valor encontrado: 434833
Melhor solução encontrada:
Instalacoes:
0 0 0 0 1 0 0 0 1 1 0 0 0 1 0 0 0 0 0 0 1 0 1 0 0 0 0 0 0 0 0 0 0 0 0 0 0 0 0 0 0 0 0 0 0 0 0 1 0 0 
Atribuicoes:
47 8 13 20 8 20 9 20 9 4 47 20 4 13 9 8 20 9 20 47 20 8 22 9 20 4 4 9 8 8 8 4 13 20 9 9 13 8 4 9 20 20 4 47 4 4 4 9 4 47 
Custo Total: 225174
