Instância: Data/raw/50_P30_M1_Continuo_8.txt
Tempo limite: 30 segundos
Seed: 6
Tamanho da pertubação: 5
Solução inicial:
Instalacoes:
1 1 0 0 0 0 0 0 0 0 0 0 0 0 0 0 1 0 0 1 0 0 1 1 0 1 0 0 0 0 1 0 0 0 0 0 0 0 0 0 0 0 0 0 0 0 1 1 0 0 
Atribuicoes:
0 0 30 47 46 30 30 1 46 0 47 22 47 23 0 0 16 19 16 19 16 30 22 23 1 25 19 22 30 23 30 47 30 47 0 16 47 25 46 23 1 16 0 0 46 46 46 0 23 1 
Custo Total: 1457376
Solução após busca local:
Instalacoes:
1 0 0 0 1 0 0 0 1 1 0 0 0 0 0 0 1 0 0 1 1 0 1 1 0 1 0 0 0 0 1 0 0 0 0 0 0 0 0 0 0 0 0 0 0 0 1 1 0 0 
Atribuicoes:
0 8 4 9 47 20 1 20 20 4 47 22 20 20 9 1 16 1 16 8 47 1 22 4 20 25 9 8 20 9 30 20 20 47 0 47 4 4 9 47 9 8 8 0 8 8 46 47 47 8 
Custo Total: 431885
Total de iterações: 43085
Melhorias: 22
Tempo até a melhor solução: 29.9473 segundos
Iterações até a melhor solução: 43008
Soma dos custos: 11842543537
Média dos custos: 274865
Pior valor encontrado: 526142
Melhor solução encontrada:
Instalacoes:
0 1 0 0 1 0 0 0 1 1 0 0 0 1 0 0 0 0 0 0 1 0 1 0 0 0 0 0 0 0 0 0 0 0 0 0 0 0 0 0 0 0 0 0 0 0 0 1 0 0 
Atribuicoes:
9 1 4 9 4 20 8 20 20 4 47 22 20 20 1 47 1 13 4 47 8 47 22 13 20 9 9 47 20 9 47 9 13 4 4 8 4 9 47 13 20 8 8 9 47 8 4 1 8 8 
Custo Total: 262878
