Instância: Data/raw/50_P20_M1_HUB_9.txt
Tempo limite: 30 segundos
Seed: 8
Tamanho da pertubação: 5
Solução inicial:
Instalacoes:
0 0 0 0 1 0 0 0 1 1 0 0 0 1 0 0 0 0 1 0 0 0 1 1 0 0 0 0 0 0 0 0 0 0 0 0 0 0 0 0 0 0 0 0 0 0 0 1 0 0 
Atribuicoes:
47 9 13 18 4 13 18 18 8 9 4 9 18 13 9 9 9 8 4 47 4 9 22 8 9 13 47 9 23 23 13 13 23 18 8 9 18 18 47 13 9 4 8 47 13 8 8 47 13 4 
Custo Total: 1319380
Solução após busca local:
Instalacoes:
1 1 0 0 1 0 0 0 1 1 0 0 0 1 0 0 0 0 0 0 1 0 1 1 0 0 0 0 0 0 0 0 0 0 0 0 0 0 0 0 0 0 0 0 0 0 0 1 0 0 
Atribuicoes:
47 9 13 4 4 4 8 4 8 9 20 9 4 13 9 9 20 8 4 9 20 9 22 9 9 4 47 9 1 47 13 20 8 4 8 20 13 20 9 8 9 4 1 9 20 8 20 47 1 13 
Custo Total: 334503
Total de iterações: 61063
Melhorias: 8
Tempo até a melhor solução: 15.3035 segundos
Iterações até a melhor solução: 31209
Soma dos custos: 12820269553
Média dos custos: 209952
Pior valor encontrado: 452165
Melhor solução encontrada:
Instalacoes:
0 0 0 0 1 0 0 0 1 1 0 0 0 0 0 0 0 0 0 0 1 0 1 0 0 0 0 0 0 0 0 0 0 0 0 0 0 0 0 0 0 0 0 0 0 0 0 1 0 0 
Atribuicoes:
20 9 20 20 4 4 20 20 8 9 20 9 47 20 9 9 8 20 20 9 20 20 22 9 20 4 47 9 22 8 47 8 8 4 4 20 4 20 4 20 8 4 9 4 9 8 4 47 4 9 
Custo Total: 203547
