Instância: Data/raw/50_P90_M0_Continuo_3.txt
Tempo limite: 30 segundos
Seed: 9
Tamanho da pertubação: 5
Solução inicial:
Instalacoes:
1 1 1 1 1 1 0 1 0 1 0 0 0 0 1 1 0 0 1 0 0 0 1 0 0 0 0 0 1 1 0 0 0 0 0 0 0 0 0 1 0 1 1 1 0 0 0 1 0 0 
Atribuicoes:
47 1 2 3 1 5 29 7 15 42 41 9 7 2 14 42 41 7 18 47 41 43 22 1 14 5 9 9 28 29 2 28 14 5 1 42 3 7 9 39 28 18 42 43 9 4 42 47 39 0 
Custo Total: 2655262
Solução após busca local:
Instalacoes:
0 1 1 1 1 1 0 1 1 1 0 0 0 1 1 0 1 0 1 1 1 0 1 0 0 1 0 1 1 1 1 1 0 0 0 1 0 0 0 1 0 1 1 1 0 0 1 1 0 1 
Atribuicoes:
8 16 2 5 1 5 25 7 8 42 41 22 18 49 14 42 20 30 18 49 18 43 22 30 35 16 9 27 20 29 1 28 31 39 1 19 3 7 9 39 28 31 47 43 19 4 46 47 13 4 
Custo Total: 1071948
Total de iterações: 15821
Melhorias: 17
Tempo até a melhor solução: 25.7768 segundos
Iterações até a melhor solução: 13612
Soma dos custos: 13235082307
Média dos custos: 836552
Pior valor encontrado: 1085130
Melhor solução encontrada:
Instalacoes:
1 1 0 0 1 0 0 0 1 1 0 0 0 1 0 1 1 0 1 1 1 0 1 1 0 1 0 1 0 0 1 1 0 0 0 1 0 0 0 1 0 0 1 0 0 0 1 1 0 1 
Atribuicoes:
42 19 39 8 4 30 18 9 42 15 49 27 0 23 9 15 18 47 25 30 4 19 27 30 23 13 9 22 49 13 4 31 20 20 1 16 39 25 46 20 22 35 16 19 0 47 8 1 31 35 
Custo Total: 829085
