Instância: Data/raw/50_P80_M0_Continuo_5.txt
Tempo limite: 30 segundos
Seed: 3
Tamanho da pertubação: 5
Solução inicial:
Instalacoes:
1 1 1 0 0 0 0 1 0 0 0 0 0 1 1 1 0 0 1 0 0 0 1 1 1 0 0 0 1 0 0 0 0 0 0 0 0 0 1 1 0 0 1 1 0 0 1 1 0 0 
Atribuicoes:
47 1 23 39 1 23 46 7 1 0 46 22 7 13 14 43 42 7 18 47 15 43 22 23 24 39 15 13 28 23 18 28 23 23 1 42 39 7 38 13 28 18 42 43 46 38 46 47 23 14 
Custo Total: 2522969
Solução após busca local:
Instalacoes:
0 1 0 0 1 1 0 1 1 1 0 0 0 1 1 1 1 0 1 1 1 0 1 1 0 0 0 0 1 0 1 0 0 0 1 1 0 0 0 1 0 0 1 1 0 0 1 1 0 1 
Atribuicoes:
19 34 13 39 1 30 16 8 1 15 16 22 7 13 14 49 42 49 18 47 18 49 22 8 14 39 20 13 30 4 5 28 9 23 34 4 20 9 16 5 28 35 42 43 46 9 46 47 23 35 
Custo Total: 953586
Total de iterações: 18369
Melhorias: 22
Tempo até a melhor solução: 27.8804 segundos
Iterações até a melhor solução: 17114
Soma dos custos: 12314897373
Média dos custos: 670417
Pior valor encontrado: 916807
Melhor solução encontrada:
Instalacoes:
1 1 0 0 1 0 0 0 1 1 0 0 0 1 0 0 1 0 0 1 1 0 1 0 0 1 0 0 1 0 1 1 0 0 0 0 0 0 0 1 0 0 0 0 0 0 1 1 0 1 
Atribuicoes:
0 49 13 1 8 31 39 30 46 19 4 22 25 13 20 1 0 1 46 19 8 19 22 30 16 31 1 13 31 4 49 28 9 39 49 16 20 9 9 25 28 25 0 4 47 20 47 8 47 16 
Custo Total: 648084
