Instância: Data/raw/50_P90_M0_Continuo_8.txt
Tempo limite: 30 segundos
Seed: 7
Tamanho da pertubação: 5
Solução inicial:
Instalacoes:
1 1 1 0 0 0 0 1 1 1 0 1 0 1 1 0 1 0 1 1 0 0 1 1 0 0 0 0 0 0 1 0 0 0 0 0 0 0 0 1 0 0 0 0 0 0 1 1 0 0 
Atribuicoes:
47 1 2 46 1 30 23 7 8 9 16 11 7 13 14 9 16 19 18 47 23 14 22 2 0 13 19 11 16 13 30 22 30 22 1 9 46 23 1 39 16 18 0 14 47 1 46 47 39 8 
Custo Total: 2358321
Solução após busca local:
Instalacoes:
1 1 1 0 1 1 0 1 1 1 0 1 0 1 1 0 1 0 1 1 1 0 1 1 0 1 0 0 1 0 1 1 0 0 1 1 0 0 0 1 0 0 1 0 0 0 1 1 0 1 
Atribuicoes:
4 28 2 16 1 0 23 7 8 9 23 11 7 47 14 9 16 19 18 28 20 34 22 25 0 13 4 31 30 5 30 5 31 16 49 35 20 13 42 5 2 34 42 18 47 1 46 8 39 8 
Custo Total: 1011071
Total de iterações: 18105
Melhorias: 22
Tempo até a melhor solução: 16.6835 segundos
Iterações até a melhor solução: 9979
Soma dos custos: 14124348412
Média dos custos: 780135
Pior valor encontrado: 1073794
Melhor solução encontrada:
Instalacoes:
1 1 0 0 1 0 0 0 1 1 0 0 0 1 0 0 1 0 1 1 1 0 1 1 0 1 0 0 1 0 1 1 0 0 1 0 0 0 0 1 0 0 0 0 0 0 1 1 0 1 
Atribuicoes:
0 47 1 30 4 39 23 13 8 49 16 13 13 31 46 1 18 23 20 47 31 34 22 30 34 25 47 22 28 9 28 9 30 18 49 16 20 25 20 9 1 0 42 19 42 4 46 8 39 8 
Custo Total: 777340
