Instância: Data/raw/50_P30_M1_HUB_3.txt
Tempo limite: 30 segundos
Seed: 8
Tamanho da pertubação: 5
Solução inicial:
Instalacoes:
0 1 1 0 0 0 0 0 1 0 0 0 0 1 0 0 0 0 0 1 0 0 1 0 0 1 0 0 0 1 1 0 0 0 0 1 0 0 0 1 0 0 0 0 0 0 0 1 0 0 
Atribuicoes:
47 1 25 13 8 13 25 25 8 1 35 8 39 2 47 19 35 25 1 47 1 19 22 29 35 25 47 8 13 29 30 13 1 25 1 35 13 39 8 39 35 35 8 19 47 8 8 47 39 19 
Custo Total: 1532340
Solução após busca local:
Instalacoes:
1 1 0 0 1 0 0 0 1 1 0 0 0 1 0 0 0 0 0 0 1 0 1 0 0 1 0 0 0 0 0 0 0 0 0 1 0 0 0 1 0 0 0 0 0 0 0 1 0 0 
Atribuicoes:
9 1 4 13 0 13 1 47 9 1 4 8 20 9 4 9 1 8 20 47 47 9 22 30 35 25 1 8 0 30 20 13 47 39 1 20 9 9 4 20 4 35 8 4 47 4 4 47 13 0 
Custo Total: 471993
Total de iterações: 41974
Melhorias: 12
Tempo até a melhor solução: 5.28144 segundos
Iterações até a melhor solução: 7384
Soma dos custos: 10997512659
Média dos custos: 262008
Pior valor encontrado: 506347
Melhor solução encontrada:
Instalacoes:
0 1 0 0 1 0 0 0 1 1 0 0 0 1 0 0 0 0 0 0 1 0 1 0 0 0 0 0 0 0 0 0 0 0 0 0 0 0 0 0 0 0 0 0 0 0 0 1 0 0 
Atribuicoes:
9 1 4 8 9 4 8 4 9 4 4 22 9 13 47 9 9 8 20 47 4 20 22 9 4 1 47 22 47 47 20 20 47 8 1 20 9 9 4 20 13 47 8 4 1 8 20 1 9 9 
Custo Total: 261709
