Instância: Data/raw/50_P90_M1_HUB_7.txt
Tempo limite: 30 segundos
Seed: 7
Tamanho da pertubação: 5
Solução inicial:
Instalacoes:
1 0 1 1 0 1 0 1 0 1 0 1 0 0 1 0 0 0 1 1 0 0 1 0 0 0 0 0 1 1 0 0 0 0 0 0 0 0 0 1 0 1 1 1 0 0 1 0 0 0 
Atribuicoes:
0 0 2 3 42 5 14 7 42 9 41 11 7 2 14 9 41 7 18 19 41 43 22 29 42 5 42 11 28 29 2 28 43 2 0 9 3 7 42 39 28 18 0 19 42 42 46 19 39 0 
Custo Total: 2962220
Solução após busca local:
Instalacoes:
1 1 1 1 1 1 0 1 1 1 0 1 0 1 1 0 1 0 1 1 1 0 1 0 0 1 0 0 1 1 1 1 0 0 1 1 0 0 0 1 0 1 1 1 0 0 1 1 0 1 
Atribuicoes:
16 8 2 3 4 5 49 7 35 34 31 11 25 4 14 9 47 7 18 19 46 19 22 30 8 1 0 35 28 29 31 9 13 47 20 9 16 8 42 39 28 41 0 18 42 20 46 1 39 43 
Custo Total: 1077507
Total de iterações: 15422
Melhorias: 25
Tempo até a melhor solução: 26.7559 segundos
Iterações até a melhor solução: 13749
Soma dos custos: 13556829297
Média dos custos: 879058
Pior valor encontrado: 1118636
Melhor solução encontrada:
Instalacoes:
1 1 1 0 1 0 0 1 1 1 0 0 0 1 0 0 1 0 1 1 1 0 1 1 0 1 0 1 0 1 1 1 0 0 1 0 0 0 0 1 0 0 1 0 0 0 1 1 0 1 
Atribuicoes:
0 19 2 23 4 13 39 7 42 18 4 30 25 4 16 9 16 7 49 20 20 47 22 31 19 25 1 27 47 29 23 9 30 0 13 9 39 39 8 47 22 18 1 49 8 46 20 47 8 34 
Custo Total: 864245
