Instância: Data/raw/50_P70_M1_HUB_6.txt
Tempo limite: 30 segundos
Seed: 3
Tamanho da pertubação: 5
Solução inicial:
Instalacoes:
1 1 0 0 0 0 0 1 0 0 0 0 0 0 0 0 1 0 1 1 0 0 1 1 0 1 0 0 0 0 1 0 0 0 0 0 0 0 0 1 0 0 0 0 0 0 0 1 0 1 
Atribuicoes:
47 1 25 0 0 30 39 7 0 1 16 22 7 23 19 47 16 7 18 47 16 47 22 23 22 25 47 22 23 0 30 25 30 39 1 49 0 7 47 39 16 18 1 19 47 0 18 19 25 49 
Custo Total: 2444580
Solução após busca local:
Instalacoes:
1 1 1 0 1 0 0 1 1 1 0 0 0 1 0 1 1 0 1 1 1 0 1 1 0 1 0 0 1 1 1 0 0 0 0 0 0 0 0 1 0 0 0 0 0 0 1 1 0 1 
Atribuicoes:
47 20 25 18 9 30 39 16 0 1 16 22 7 23 19 13 16 2 19 0 20 47 22 23 0 25 47 28 28 29 30 18 30 39 1 49 4 8 47 39 16 18 47 49 4 46 8 9 9 49 
Custo Total: 754506
Total de iterações: 20688
Melhorias: 23
Tempo até a melhor solução: 20.7968 segundos
Iterações até a melhor solução: 14089
Soma dos custos: 11752947216
Média dos custos: 568105
Pior valor encontrado: 803822
Melhor solução encontrada:
Instalacoes:
1 1 0 0 1 0 0 0 1 1 0 0 0 1 0 0 1 0 0 0 1 0 1 1 0 1 0 0 0 0 1 0 0 0 0 0 0 0 0 1 0 0 0 0 0 0 1 1 0 1 
Atribuicoes:
9 49 47 13 47 1 1 16 9 8 16 4 39 1 20 0 16 13 49 20 20 9 22 47 9 25 9 25 13 23 30 30 23 39 8 4 13 22 4 0 16 1 46 1 4 46 20 47 8 4 
Custo Total: 555637
