Instância: Data/raw/50_P90_M1_Continuo_8.txt
Tempo limite: 30 segundos
Seed: 6
Tamanho da pertubação: 5
Solução inicial:
Instalacoes:
1 0 1 0 0 0 0 1 0 1 0 0 0 1 1 0 1 0 1 1 0 0 1 1 0 0 0 0 0 0 1 0 0 0 1 0 0 0 0 0 0 0 1 0 0 0 1 0 0 0 
Atribuicoes:
0 0 13 2 42 13 34 7 42 9 16 18 7 13 14 9 16 7 18 19 18 14 22 23 42 13 19 30 23 23 30 13 30 13 34 9 2 7 9 13 16 46 19 14 42 42 46 14 23 0 
Custo Total: 3035566
Solução após busca local:
Instalacoes:
1 1 1 0 1 0 0 1 1 1 0 0 0 1 1 0 1 0 1 1 1 0 1 1 0 1 0 0 1 0 1 1 0 0 1 1 0 0 0 1 0 0 1 0 0 0 1 1 0 1 
Atribuicoes:
0 31 2 2 46 13 34 7 1 8 16 18 22 4 14 9 16 22 31 19 18 28 22 23 42 13 19 30 28 23 20 4 30 39 34 9 39 49 13 25 1 35 47 47 49 20 46 0 4 14 
Custo Total: 1000810
Total de iterações: 17071
Melhorias: 17
Tempo até a melhor solução: 7.91173 segundos
Iterações até a melhor solução: 4248
Soma dos custos: 13913373245
Média dos custos: 815030
Pior valor encontrado: 1057890
Melhor solução encontrada:
Instalacoes:
1 1 0 0 1 0 0 0 1 1 0 0 0 1 0 0 1 0 1 1 1 0 1 1 0 1 0 0 0 0 1 1 0 0 1 1 0 0 0 1 0 0 1 0 0 0 1 1 0 1 
Atribuicoes:
19 8 39 4 46 13 4 16 1 42 30 35 22 25 47 35 9 20 18 0 34 49 22 23 20 13 47 18 0 23 9 25 19 39 34 49 39 4 13 31 31 16 8 9 42 20 46 1 30 0 
Custo Total: 812018
