Instância: Data/raw/50_P20_M0_Continuo_5.txt
Tempo limite: 30 segundos
Seed: 4
Tamanho da pertubação: 5
Solução inicial:
Instalacoes:
1 1 0 0 1 0 0 0 1 0 0 0 0 1 0 0 0 0 0 0 0 0 1 0 0 0 0 0 0 0 0 0 0 0 0 0 0 0 0 0 0 0 0 0 0 0 0 1 0 0 
Atribuicoes:
47 1 13 1 4 13 1 4 8 4 47 4 13 13 47 4 47 22 4 47 4 47 22 13 8 13 47 4 47 47 47 47 47 47 1 4 13 0 8 13 1 4 8 47 0 8 8 47 4 1 
Custo Total: 1284079
Solução após busca local:
Instalacoes:
0 1 0 0 1 0 0 0 1 1 0 0 0 1 0 0 0 0 0 1 1 0 1 0 0 0 0 0 0 0 0 0 0 0 0 0 0 0 0 0 0 0 0 0 0 0 0 1 0 0 
Atribuicoes:
19 1 13 1 4 13 20 20 20 4 47 22 4 13 47 9 47 47 20 47 4 9 22 8 20 13 9 20 4 9 47 47 4 9 1 4 9 8 8 13 1 4 8 9 1 8 8 47 9 4 
Custo Total: 287398
Total de iterações: 69205
Melhorias: 13
Tempo até a melhor solução: 28.7341 segundos
Iterações até a melhor solução: 66293
Soma dos custos: 16575065754
Média dos custos: 239507
Pior valor encontrado: 456049
Melhor solução encontrada:
Instalacoes:
0 0 0 0 1 0 0 0 1 1 0 0 0 1 0 0 0 0 0 0 1 0 1 0 0 0 0 0 0 0 0 0 0 0 0 0 0 0 0 0 0 0 0 0 0 0 0 1 0 0 
Atribuicoes:
47 20 9 13 4 20 20 8 20 4 4 4 9 13 47 9 20 13 20 47 4 9 22 8 20 47 9 22 20 9 4 13 4 20 9 8 9 8 8 9 47 47 8 9 9 8 8 9 9 9 
Custo Total: 228036
