Instância: Data/raw/50_P60_M1_HUB_4.txt
Tempo limite: 30 segundos
Seed: 6
Tamanho da pertubação: 5
Solução inicial:
Instalacoes:
0 1 0 1 0 0 0 1 0 1 0 0 0 1 0 1 0 0 1 1 0 0 1 1 0 0 0 0 0 0 1 0 0 0 0 0 0 0 0 0 0 0 1 0 0 0 1 0 0 0 
Atribuicoes:
19 1 23 3 42 13 3 7 46 9 22 13 7 23 1 9 9 7 42 19 18 1 22 23 9 23 42 18 1 23 30 13 30 13 1 9 3 7 18 13 9 1 42 19 42 46 46 19 13 9 
Custo Total: 2827794
Solução após busca local:
Instalacoes:
1 1 0 1 1 0 0 1 1 1 0 0 0 1 0 0 1 0 1 1 1 0 1 1 0 0 0 0 0 0 1 1 0 0 0 0 0 0 0 1 0 0 1 0 0 0 1 1 0 1 
Atribuicoes:
19 1 23 30 1 49 47 7 46 9 9 20 9 1 49 0 9 16 16 19 18 1 22 23 1 20 8 23 8 31 30 20 30 13 9 9 30 39 8 16 47 4 4 47 42 20 46 49 13 49 
Custo Total: 741965
Total de iterações: 24457
Melhorias: 13
Tempo até a melhor solução: 25.3815 segundos
Iterações até a melhor solução: 20914
Soma dos custos: 12590055928
Média dos custos: 514783
Pior valor encontrado: 749814
Melhor solução encontrada:
Instalacoes:
1 1 0 0 1 0 0 0 1 1 0 0 0 1 0 0 1 0 0 1 1 0 1 0 0 0 0 0 0 0 1 0 0 0 0 0 0 0 0 1 0 0 1 0 0 0 0 1 0 0 
Atribuicoes:
0 0 47 16 1 8 8 20 4 9 9 0 9 1 20 42 9 4 8 13 22 4 16 1 1 20 47 22 8 13 30 20 30 4 9 9 30 39 8 30 16 13 42 47 19 8 4 0 39 16 
Custo Total: 513128
