Instância: Data/raw/50_P50_M1_Continuo_9.txt
Tempo limite: 30 segundos
Seed: 5
Tamanho da pertubação: 5
Solução inicial:
Instalacoes:
1 1 1 0 0 0 0 0 1 0 0 0 0 1 0 0 1 0 1 1 0 0 1 0 0 1 0 0 0 0 1 1 0 0 0 0 0 0 0 1 0 0 0 0 0 0 1 1 0 0 
Atribuicoes:
0 0 2 25 8 2 46 25 8 1 47 13 47 2 19 1 16 22 18 19 8 30 22 13 18 25 47 31 2 13 2 31 31 13 0 16 25 30 46 39 1 18 8 19 46 8 8 19 39 18 
Custo Total: 1583268
Solução após busca local:
Instalacoes:
1 1 1 0 1 0 0 0 1 1 0 0 0 1 0 0 1 0 1 1 1 0 1 1 0 1 0 0 0 0 0 1 0 0 0 1 0 0 0 1 0 0 0 0 0 0 1 1 0 1 
Atribuicoes:
0 0 25 4 8 31 39 18 8 1 47 13 47 39 49 1 16 1 4 19 4 46 22 13 18 25 47 31 8 9 9 31 9 47 0 35 9 13 20 8 1 18 8 20 46 9 20 19 39 0 
Custo Total: 638109
Total de iterações: 26459
Melhorias: 13
Tempo até a melhor solução: 9.58091 segundos
Iterações até a melhor solução: 8731
Soma dos custos: 11057840844
Média dos custos: 417924
Pior valor encontrado: 656432
Melhor solução encontrada:
Instalacoes:
0 1 0 0 1 0 0 0 1 1 0 0 0 1 0 0 1 0 0 1 1 0 1 0 0 0 0 0 0 0 1 0 0 0 0 0 0 0 0 0 0 0 0 0 0 0 0 1 0 0 
Atribuicoes:
4 20 13 4 8 22 47 9 8 1 9 13 16 30 1 1 22 1 47 19 4 13 8 19 16 22 47 9 8 47 30 4 16 47 47 9 20 20 20 8 30 16 8 20 4 9 20 19 30 4 
Custo Total: 410397
