Instância: Data/raw/50_P90_M1_Continuo_10.txt
Tempo limite: 30 segundos
Seed: 6
Tamanho da pertubação: 5
Solução inicial:
Instalacoes:
1 0 1 1 0 1 0 1 0 1 0 0 0 0 0 0 0 0 0 1 0 0 1 1 0 0 0 0 1 0 0 0 0 0 1 1 0 0 1 1 0 0 1 1 0 0 0 0 0 0 
Atribuicoes:
0 0 23 3 35 5 5 7 42 9 2 23 7 23 19 9 2 7 34 19 34 43 22 23 42 39 42 39 28 2 23 28 5 3 34 9 3 7 38 39 35 9 34 19 42 38 38 19 39 0 
Custo Total: 2957111
Solução após busca local:
Instalacoes:
1 1 1 1 1 1 0 1 1 1 0 0 0 1 0 0 1 0 0 1 1 0 1 1 0 1 0 1 1 0 1 0 0 0 1 1 0 0 1 1 0 0 1 0 0 0 1 1 0 1 
Atribuicoes:
20 0 25 30 35 16 5 7 42 47 23 2 13 0 19 9 46 16 1 19 34 28 22 23 1 30 42 13 28 8 49 27 5 3 34 22 3 4 42 39 35 9 49 20 8 19 46 47 39 9 
Custo Total: 995890
Total de iterações: 15906
Melhorias: 19
Tempo até a melhor solução: 28.0792 segundos
Iterações até a melhor solução: 14790
Soma dos custos: 13265253991
Média dos custos: 833978
Pior valor encontrado: 1085636
Melhor solução encontrada:
Instalacoes:
1 1 0 0 1 1 0 1 1 1 0 0 0 1 0 0 1 0 1 1 1 0 1 1 0 1 0 0 0 0 0 1 0 0 1 1 0 0 0 1 0 0 0 0 0 0 1 1 0 1 
Atribuicoes:
4 34 25 13 47 5 39 7 47 9 8 18 0 20 19 47 13 31 16 19 18 16 1 23 1 5 0 22 16 20 39 35 1 8 34 35 8 22 0 25 23 49 46 4 4 19 46 9 31 49 
Custo Total: 811616
