Instância: Data/raw/50_P90_M1_HUB_3.txt
Tempo limite: 30 segundos
Seed: 2
Tamanho da pertubação: 5
Solução inicial:
Instalacoes:
1 0 1 0 0 1 0 1 0 1 0 1 0 0 1 0 0 0 1 1 0 0 1 1 0 1 0 0 1 1 0 0 0 0 0 0 0 0 1 1 0 1 1 0 0 1 1 1 0 0 
Atribuicoes:
47 47 2 25 23 5 29 7 45 9 25 11 7 2 14 9 41 23 18 47 41 14 22 23 42 5 19 11 28 29 2 25 5 46 47 9 25 23 38 39 28 18 42 19 47 45 46 19 39 47 
Custo Total: 2369220
Solução após busca local:
Instalacoes:
0 1 1 0 1 1 0 1 1 1 0 1 0 1 1 0 1 0 1 1 1 0 1 1 0 1 0 1 0 1 1 1 0 0 1 1 0 0 0 1 0 1 1 0 0 1 1 1 0 1 
Atribuicoes:
47 47 2 35 23 5 16 31 35 8 25 11 7 4 14 9 41 7 49 1 8 34 22 23 1 20 19 27 9 29 30 25 5 9 34 31 13 1 45 39 2 18 42 20 4 46 46 19 31 22 
Custo Total: 1058128
Total de iterações: 14965
Melhorias: 21
Tempo até a melhor solução: 22.41 segundos
Iterações até a melhor solução: 11149
Soma dos custos: 12873781790
Média dos custos: 860259
Pior valor encontrado: 1079931
Melhor solução encontrada:
Instalacoes:
1 1 0 0 1 0 0 0 1 1 0 1 0 1 0 0 1 0 1 1 1 0 1 1 0 1 0 0 1 1 1 1 0 0 0 1 0 0 0 1 0 0 0 0 0 0 1 1 0 1 
Atribuicoes:
1 0 23 13 20 25 13 31 0 8 22 11 22 30 47 9 25 9 18 1 8 19 16 0 23 49 20 28 9 29 28 47 1 9 47 31 16 20 46 39 30 35 46 19 4 4 4 49 31 16 
Custo Total: 850195
