Instância: Data/raw/50_P20_M0_Continuo_7.txt
Tempo limite: 30 segundos
Seed: 8
Tamanho da pertubação: 5
Solução inicial:
Instalacoes:
1 1 0 0 1 0 0 0 1 1 0 0 0 1 0 0 0 0 0 0 0 0 1 1 0 0 0 0 0 0 1 0 0 0 0 0 0 0 0 0 0 0 0 0 0 0 0 0 0 0 
Atribuicoes:
1 9 23 13 8 8 30 4 8 9 9 9 4 23 1 9 9 4 4 0 8 30 22 23 9 30 4 9 1 23 30 13 30 13 1 9 13 4 8 23 9 4 8 0 4 8 8 0 23 9 
Custo Total: 1336066
Solução após busca local:
Instalacoes:
1 1 0 0 1 0 0 0 1 1 0 0 0 1 0 0 1 0 0 0 1 0 1 1 0 0 0 0 0 0 1 0 0 0 0 0 0 0 0 0 0 0 0 0 0 0 0 1 0 0 
Atribuicoes:
1 9 47 13 9 8 4 4 20 9 4 22 20 13 1 9 9 4 20 9 8 47 22 13 8 4 4 9 1 20 30 13 8 4 1 4 9 1 4 13 20 4 8 8 20 8 8 1 20 9 
Custo Total: 358215
Total de iterações: 62961
Melhorias: 12
Tempo até a melhor solução: 21.319 segundos
Iterações até a melhor solução: 44605
Soma dos custos: 14321708157
Média dos custos: 227470
Pior valor encontrado: 436596
Melhor solução encontrada:
Instalacoes:
0 0 0 0 1 0 0 0 1 1 0 0 0 1 0 0 0 0 0 0 1 0 1 0 0 0 0 0 0 0 0 0 0 0 0 0 0 0 0 0 0 0 0 0 0 0 0 1 0 0 
Atribuicoes:
47 9 47 4 20 8 4 8 20 9 4 22 20 13 20 8 9 4 20 9 8 4 22 4 9 13 47 9 8 9 9 13 8 4 47 4 20 20 4 13 20 4 8 8 20 8 8 47 13 9 
Custo Total: 226298
