Instância: Data/raw/50_P40_M0_Continuo_1.txt
Tempo limite: 30 segundos
Seed: 7
Tamanho da pertubação: 5
Solução inicial:
Instalacoes:
1 0 0 0 1 1 0 0 0 0 0 0 0 1 0 0 1 0 1 0 0 0 1 0 0 0 0 0 0 0 0 0 0 0 1 1 0 0 0 0 0 0 0 0 0 0 1 0 0 0 
Atribuicoes:
0 34 13 18 0 5 46 16 4 18 4 4 22 13 34 34 35 18 35 0 16 34 22 13 35 5 0 4 34 13 5 5 34 18 16 35 18 18 4 13 4 35 0 34 0 46 4 0 13 35 
Custo Total: 2055442
Solução após busca local:
Instalacoes:
1 1 0 0 1 1 0 0 1 1 0 0 0 1 0 0 1 0 1 0 1 0 1 0 0 0 0 0 0 0 0 1 0 0 0 1 0 0 0 0 0 0 0 0 0 0 1 1 0 0 
Atribuicoes:
47 47 13 47 0 4 47 16 8 1 4 20 1 13 9 1 9 16 18 0 20 1 22 8 35 5 20 4 1 9 5 20 31 31 4 16 9 9 4 13 4 8 0 1 0 46 8 20 1 47 
Custo Total: 529615
Total de iterações: 34866
Melhorias: 21
Tempo até a melhor solução: 27.6712 segundos
Iterações até a melhor solução: 32280
Soma dos custos: 12239577575
Média dos custos: 351046
Pior valor encontrado: 606652
Melhor solução encontrada:
Instalacoes:
1 1 0 0 1 0 0 0 1 1 0 0 0 1 0 0 1 0 0 0 1 0 0 0 0 0 0 0 0 0 0 0 0 0 0 0 0 0 0 0 0 0 0 0 0 0 0 1 0 0 
Atribuicoes:
8 1 20 1 8 4 1 16 8 4 4 13 22 9 13 1 16 16 20 47 20 47 22 8 0 9 0 4 47 9 13 9 1 13 4 16 9 20 4 8 8 1 9 47 47 20 8 20 13 9 
Custo Total: 341934
