Instância: Data/raw/50_P30_M1_Continuo_9.txt
Tempo limite: 30 segundos
Seed: 4
Tamanho da pertubação: 5
Solução inicial:
Instalacoes:
1 0 0 0 0 0 0 0 0 1 0 0 0 1 0 0 1 0 0 0 0 0 1 0 0 1 0 0 0 0 1 0 0 0 0 0 0 0 0 0 0 0 1 0 0 0 1 1 0 0 
Atribuicoes:
0 0 13 25 9 13 47 30 46 0 9 9 13 13 42 0 16 16 9 47 42 42 22 16 16 25 42 9 30 47 30 13 30 22 0 16 25 30 46 13 9 16 9 42 42 46 46 47 22 0 
Custo Total: 1354548
Solução após busca local:
Instalacoes:
1 1 0 0 1 0 0 0 1 1 0 0 0 1 0 0 1 0 0 0 1 0 1 0 0 1 0 0 0 0 1 0 0 0 0 0 0 0 0 0 0 0 0 0 0 0 1 1 0 0 
Atribuicoes:
0 8 4 8 9 13 8 20 9 8 9 9 8 13 1 47 20 1 20 47 8 1 22 47 16 25 20 9 4 20 30 20 1 20 0 8 13 47 46 13 4 1 9 8 8 9 46 47 4 20 
Custo Total: 427880
Total de iterações: 46175
Melhorias: 15
Tempo até a melhor solução: 8.65009 segundos
Iterações até a melhor solução: 12607
Soma dos custos: 12430987262
Média dos custos: 269215
Pior valor encontrado: 526979
Melhor solução encontrada:
Instalacoes:
0 1 0 0 1 0 0 0 1 1 0 0 0 1 0 0 0 0 0 0 1 0 1 0 0 0 0 0 0 0 0 0 0 0 0 0 0 0 0 0 0 0 0 0 0 0 0 1 0 0 
Atribuicoes:
20 1 4 4 4 13 8 20 9 8 9 8 8 13 8 47 9 4 47 47 8 1 22 13 13 9 47 8 4 20 47 20 1 9 9 8 20 20 20 1 4 1 20 20 8 9 9 47 4 20 
Custo Total: 264773
