Instância: Data/raw/50_P50_M0_Continuo_4.txt
Tempo limite: 30 segundos
Seed: 4
Tamanho da pertubação: 5
Solução inicial:
Instalacoes:
0 1 0 0 1 0 0 1 0 1 0 0 0 1 0 0 1 0 0 1 0 0 1 1 0 1 0 0 1 0 0 1 0 0 0 0 0 0 0 1 0 0 1 0 0 0 0 0 0 0 
Atribuicoes:
19 1 25 23 16 13 13 7 42 42 31 9 39 23 4 42 9 39 13 19 22 19 22 23 4 31 19 9 28 23 23 13 23 23 4 42 25 39 4 39 16 9 42 19 19 4 16 19 25 4 
Custo Total: 1689181
Solução após busca local:
Instalacoes:
1 0 0 0 1 0 0 0 1 1 0 0 0 1 0 0 1 0 0 1 1 0 1 1 0 1 0 0 0 0 0 0 0 0 0 0 0 0 0 1 0 0 1 0 0 0 0 1 0 1 
Atribuicoes:
8 13 25 23 47 20 13 16 0 42 16 22 4 4 4 0 9 4 13 9 19 47 22 20 47 19 20 9 9 20 23 13 0 4 4 16 39 47 4 39 16 8 42 20 47 8 42 19 25 49 
Custo Total: 534372
Total de iterações: 29767
Melhorias: 17
Tempo até a melhor solução: 18.5509 segundos
Iterações até a melhor solução: 18556
Soma dos custos: 10974983939
Média dos custos: 368696
Pior valor encontrado: 630131
Melhor solução encontrada:
Instalacoes:
1 1 0 0 1 0 0 0 1 1 0 0 0 1 0 0 1 0 0 0 1 0 1 0 0 0 0 0 0 0 0 0 0 0 0 0 0 0 0 0 0 0 0 0 0 0 0 1 0 0 
Atribuicoes:
20 47 13 1 0 20 13 20 16 0 8 22 4 4 4 9 9 4 16 9 13 47 22 20 16 20 9 16 9 20 20 22 9 4 4 20 4 47 8 13 1 8 8 1 47 8 1 13 8 8 
Custo Total: 361264
