Instância: Data/raw/50_P70_M0_Continuo_9.txt
Tempo limite: 30 segundos
Seed: 10
Tamanho da pertubação: 5
Solução inicial:
Instalacoes:
1 0 1 0 1 1 0 1 1 1 0 0 0 1 0 0 1 0 1 0 1 0 1 0 0 0 0 0 0 0 1 0 0 0 0 1 0 0 0 1 0 0 1 0 0 0 0 1 0 0 
Atribuicoes:
47 47 2 13 4 5 18 7 8 9 16 2 7 2 0 9 16 7 4 47 20 20 22 2 35 5 42 13 2 2 30 5 30 22 47 9 13 7 4 39 16 18 8 0 42 4 8 47 39 47 
Custo Total: 2296666
Solução após busca local:
Instalacoes:
1 1 0 0 1 1 0 1 1 1 0 0 0 1 0 0 1 0 1 1 1 0 1 1 0 1 0 1 0 0 1 1 0 0 1 0 0 0 0 1 0 0 1 0 0 0 1 1 0 1 
Atribuicoes:
47 30 1 13 8 5 18 8 8 0 16 27 20 25 31 9 16 9 20 34 20 34 22 23 9 25 42 13 27 23 30 30 20 22 19 49 25 22 4 31 27 18 8 0 4 4 46 47 39 1 
Custo Total: 814494
Total de iterações: 22225
Melhorias: 27
Tempo até a melhor solução: 21.8933 segundos
Iterações até a melhor solução: 16161
Soma dos custos: 11899041841
Média dos custos: 535390
Pior valor encontrado: 809194
Melhor solução encontrada:
Instalacoes:
1 1 0 0 1 0 0 0 1 1 0 0 0 1 0 0 1 0 0 1 1 0 1 0 0 1 0 0 0 0 1 0 0 0 0 0 0 0 0 1 0 0 0 0 0 0 0 1 0 1 
Atribuicoes:
0 47 19 30 8 9 39 8 4 8 16 25 20 47 19 9 22 9 20 20 0 1 22 13 49 25 20 30 1 47 30 22 30 13 16 4 39 13 4 9 1 16 9 0 4 8 47 19 47 13 
Custo Total: 513766
