Instância: Data/raw/50_P60_M1_Continuo_3.txt
Tempo limite: 30 segundos
Seed: 4
Tamanho da pertubação: 5
Solução inicial:
Instalacoes:
1 1 0 0 0 0 0 0 0 1 0 0 0 1 0 0 1 0 1 0 0 0 1 1 0 1 0 0 0 0 0 0 0 0 0 0 0 0 0 1 0 0 1 0 0 0 1 1 0 0 
Atribuicoes:
0 1 23 39 42 13 25 16 46 9 16 13 39 23 47 9 9 1 18 0 18 1 22 23 9 25 47 13 47 25 23 13 1 16 1 9 39 1 42 13 9 18 47 0 47 42 46 0 13 9 
Custo Total: 2389712
Solução após busca local:
Instalacoes:
1 1 0 0 1 1 0 0 1 1 0 0 0 1 0 0 1 0 1 1 1 0 1 1 0 1 0 0 0 0 1 0 0 0 1 0 0 0 0 1 0 0 1 0 0 0 1 1 0 1 
Atribuicoes:
0 34 23 39 42 13 25 16 46 9 16 49 39 23 20 4 13 1 4 0 18 30 22 23 9 25 47 13 9 8 5 5 1 20 1 20 39 25 47 4 49 18 47 19 8 4 46 47 25 9 
Custo Total: 684422
Total de iterações: 25320
Melhorias: 23
Tempo até a melhor solução: 22.0187 segundos
Iterações até a melhor solução: 18631
Soma dos custos: 11576667228
Média dos custos: 457214
Pior valor encontrado: 687806
Melhor solução encontrada:
Instalacoes:
1 1 0 0 1 0 0 0 1 1 0 0 0 1 0 0 1 0 0 1 1 0 1 0 0 0 0 0 0 0 0 0 0 0 0 0 0 0 0 1 0 0 0 0 0 0 0 1 0 0 
Atribuicoes:
0 19 13 20 0 1 39 16 1 0 16 13 22 13 9 4 8 20 4 19 16 4 22 13 9 39 8 1 9 8 30 30 47 4 47 20 0 39 8 9 13 16 1 47 47 4 20 8 39 9 
Custo Total: 445175
