Instância: Data/raw/50_P10_M1_Continuo_10.txt
Tempo limite: 30 segundos
Seed: 1
Tamanho da pertubação: 5
Solução inicial:
Instalacoes:
0 0 0 0 0 0 0 0 1 1 0 0 0 1 0 0 0 0 0 0 1 0 1 0 0 0 0 0 0 0 0 0 0 0 0 0 0 0 0 0 0 0 0 0 0 0 0 1 0 0 
Atribuicoes:
9 8 13 20 9 13 20 20 8 9 20 20 22 13 47 8 9 22 9 9 8 47 22 13 8 13 8 20 8 8 20 9 47 20 8 9 20 20 8 13 9 9 9 47 8 8 8 47 13 8 
Custo Total: 765589
Solução após busca local:
Instalacoes:
0 0 0 0 1 0 0 0 1 1 0 0 0 1 0 0 0 0 0 0 1 0 1 0 0 0 0 0 0 0 1 0 0 0 0 0 0 0 0 0 0 0 0 0 0 0 0 1 0 0 
Atribuicoes:
9 8 9 20 9 47 9 20 8 9 20 20 9 13 20 4 9 20 20 9 4 4 22 20 4 4 8 9 9 8 20 4 4 20 20 9 20 47 8 9 9 4 8 47 8 8 8 47 4 9 
Custo Total: 242736
Total de iterações: 103162
Melhorias: 16
Tempo até a melhor solução: 12.6402 segundos
Iterações até a melhor solução: 45115
Soma dos custos: 17493880704
Média dos custos: 169577
Pior valor encontrado: 398268
Melhor solução encontrada:
Instalacoes:
0 0 0 0 1 0 0 0 1 1 0 0 0 0 0 0 0 0 0 0 1 0 1 0 0 0 0 0 0 0 0 0 0 0 0 0 0 0 0 0 0 0 0 0 0 0 0 0 0 0 
Atribuicoes:
4 9 20 20 4 9 20 20 8 8 20 20 9 9 4 9 8 20 20 9 4 9 22 4 4 9 8 4 8 9 20 9 9 20 9 20 20 4 8 9 20 20 8 4 8 8 8 9 9 4 
Custo Total: 165247
