Instância: Data/raw/50_P100_M0_Continuo_2.txt
Tempo limite: 30 segundos
Seed: 5
Tamanho da pertubação: 5
Solução inicial:
Instalacoes:
1 0 1 1 1 1 0 1 0 1 0 1 0 0 1 1 0 0 1 1 0 0 1 0 0 1 0 0 1 1 0 0 0 0 0 0 0 0 0 1 0 1 1 1 0 0 1 0 0 0 
Atribuicoes:
4 4 2 3 15 5 25 7 15 9 46 11 7 2 14 9 46 7 18 4 46 43 22 29 42 5 0 11 28 29 2 25 43 5 4 9 3 7 25 39 28 18 42 19 0 4 46 19 39 4 
Custo Total: 2888855
Solução após busca local:
Instalacoes:
1 1 1 1 1 1 0 1 1 1 0 1 0 1 1 0 1 0 1 1 1 0 1 1 0 1 0 1 1 1 1 1 0 0 1 1 0 0 0 1 0 0 1 0 0 0 1 1 0 1 
Atribuicoes:
49 47 2 3 18 0 25 1 46 9 27 11 23 34 14 49 46 7 18 8 16 34 22 13 13 5 20 35 28 29 30 25 19 23 1 9 31 31 47 39 27 41 42 14 0 4 8 19 39 4 
Custo Total: 1331807
Total de iterações: 14091
Melhorias: 18
Tempo até a melhor solução: 25.4595 segundos
Iterações até a melhor solução: 11931
Soma dos custos: 17238565604
Média dos custos: 1.22337e+06
Pior valor encontrado: 1431820
Melhor solução encontrada:
Instalacoes:
1 1 1 0 1 0 0 0 1 1 0 0 0 1 0 0 1 0 1 1 1 0 1 1 0 1 0 1 1 0 1 1 0 0 1 1 0 0 0 1 0 0 1 1 0 0 1 1 1 1 
Atribuicoes:
49 9 22 19 1 0 9 25 46 42 35 47 31 2 43 49 46 20 18 30 31 8 22 23 20 27 4 27 28 4 23 2 30 39 16 34 13 13 47 39 25 16 42 43 0 8 1 19 48 35 
Custo Total: 1214136
