Instância: Data/raw/50_P50_M1_HUB_2.txt
Tempo limite: 30 segundos
Seed: 3
Tamanho da pertubação: 5
Solução inicial:
Instalacoes:
1 1 0 0 1 0 0 0 0 0 0 0 0 1 0 0 1 0 1 1 1 0 1 1 0 1 0 0 0 0 0 0 0 0 0 0 0 0 0 0 0 0 0 0 0 0 0 1 0 0 
Atribuicoes:
4 1 20 13 4 25 19 22 4 16 16 20 16 13 16 16 18 18 20 47 20 1 22 23 18 20 47 20 25 23 23 20 19 23 4 18 13 25 47 25 16 20 1 0 47 4 4 0 25 18 
Custo Total: 2035928
Solução após busca local:
Instalacoes:
1 1 0 0 1 0 0 0 1 1 0 0 0 1 0 0 1 0 1 0 1 0 1 1 0 1 0 0 0 0 1 1 0 0 0 0 0 0 0 1 0 0 0 0 0 0 0 1 0 1 
Atribuicoes:
4 1 9 20 8 31 23 39 4 16 16 9 16 23 30 1 18 25 20 47 8 4 22 13 18 31 8 20 13 4 30 20 20 9 49 49 13 9 47 8 4 20 1 30 9 4 9 0 25 1 
Custo Total: 551349
Total de iterações: 26915
Melhorias: 23
Tempo até a melhor solução: 15.257 segundos
Iterações até a melhor solução: 14005
Soma dos custos: 10845582522
Média dos custos: 402957
Pior valor encontrado: 672760
Melhor solução encontrada:
Instalacoes:
1 1 0 0 1 0 0 0 1 1 0 0 0 1 0 0 1 0 0 1 1 0 1 0 0 0 0 0 0 0 0 0 0 0 0 0 0 0 0 0 0 0 0 0 0 0 0 1 0 0 
Atribuicoes:
20 1 9 9 8 19 20 4 20 4 16 9 22 20 8 47 13 22 20 19 20 1 9 47 13 16 8 16 4 1 0 20 9 9 4 47 13 9 47 8 4 4 47 1 9 4 9 0 22 16 
Custo Total: 392995
