Instância: Data/raw/50_P100_M1_HUB_2.txt
Tempo limite: 30 segundos
Seed: 8
Tamanho da pertubação: 5
Solução inicial:
Instalacoes:
1 0 1 1 0 1 0 1 0 1 0 1 0 0 0 1 0 0 1 1 0 0 1 0 0 0 0 0 1 0 0 0 0 0 0 0 0 0 0 1 0 1 1 1 0 0 1 0 0 0 
Atribuicoes:
0 0 2 3 15 5 41 7 15 9 46 11 7 2 19 9 42 7 18 19 46 43 22 43 42 5 15 11 28 43 2 28 5 2 0 9 3 7 9 39 28 18 42 19 42 46 46 19 39 0 
Custo Total: 3256962
Solução após busca local:
Instalacoes:
1 1 1 1 1 1 0 1 1 1 0 1 1 1 0 1 1 0 1 1 1 0 1 1 0 1 0 1 1 1 1 1 0 0 1 1 0 0 0 1 0 0 1 1 0 0 1 1 0 1 
Atribuicoes:
8 4 2 3 4 5 18 7 15 46 41 11 12 20 19 8 42 22 16 19 31 43 22 23 34 49 49 30 28 13 2 27 25 16 0 23 1 9 9 29 34 18 4 47 1 20 46 0 39 35 
Custo Total: 1373138
Total de iterações: 14202
Melhorias: 23
Tempo até a melhor solução: 25.4166 segundos
Iterações até a melhor solução: 12025
Soma dos custos: 16939481639
Média dos custos: 1.19275e+06
Pior valor encontrado: 1391289
Melhor solução encontrada:
Instalacoes:
1 1 0 0 1 1 0 0 1 1 0 0 0 1 0 0 1 0 1 1 1 0 1 1 0 1 0 1 1 1 1 1 0 0 1 1 0 0 0 1 0 0 1 0 0 0 1 1 0 1 
Atribuicoes:
9 0 25 39 20 5 13 16 46 49 22 23 27 27 19 47 18 25 16 19 13 47 22 23 35 49 42 31 28 29 31 30 34 30 1 35 46 39 4 20 42 18 0 4 9 8 8 1 28 34 
Custo Total: 1177359
