Instância: Data/raw/50_P80_M0_Continuo_8.txt
Tempo limite: 30 segundos
Seed: 7
Tamanho da pertubação: 5
Solução inicial:
Instalacoes:
1 0 1 0 1 0 0 1 1 1 0 0 0 1 0 0 1 0 0 1 1 0 1 0 0 1 0 0 0 0 1 0 0 0 0 0 0 0 0 1 0 0 1 0 0 0 0 1 0 0 
Atribuicoes:
47 47 30 39 4 30 47 7 8 9 16 13 7 13 19 9 16 7 20 47 20 20 22 25 25 25 42 39 2 2 30 30 30 25 47 9 39 7 9 13 16 25 8 19 42 4 8 19 39 47 
Custo Total: 2770617
Solução após busca local:
Instalacoes:
0 1 1 0 1 0 0 1 1 1 0 0 0 1 0 0 1 0 1 1 1 0 1 1 0 1 0 1 1 0 1 1 0 0 1 1 0 0 0 1 0 0 1 1 0 0 1 1 0 1 
Atribuicoes:
1 42 2 31 23 30 47 9 13 9 16 27 7 13 19 35 16 28 30 47 20 8 22 25 20 25 42 4 28 39 43 30 1 23 47 9 39 18 46 13 8 49 42 19 20 4 8 4 39 34 
Custo Total: 894659
Total de iterações: 18951
Melhorias: 20
Tempo até a melhor solução: 25.7671 segundos
Iterações até a melhor solução: 16390
Soma dos custos: 12746687295
Média dos custos: 672613
Pior valor encontrado: 918081
Melhor solução encontrada:
Instalacoes:
1 1 0 0 1 0 0 0 1 1 0 0 0 1 0 0 1 0 1 1 1 0 1 1 0 0 0 0 0 0 1 1 0 0 1 0 0 0 0 0 0 0 0 0 0 0 1 1 0 1 
Atribuicoes:
34 49 13 22 46 30 47 9 46 9 16 4 31 34 19 23 16 31 18 19 20 8 22 23 49 23 47 22 31 13 4 30 1 9 19 49 13 47 0 20 8 1 20 30 20 4 8 0 9 18 
Custo Total: 650553
