Instância: Data/raw/50_P70_M0_Continuo_8.txt
Tempo limite: 30 segundos
Seed: 8
Tamanho da pertubação: 5
Solução inicial:
Instalacoes:
1 0 0 0 0 1 0 1 0 1 0 1 0 0 0 1 0 0 1 1 0 0 1 1 1 0 0 0 1 0 0 0 0 0 0 0 0 0 0 1 0 0 1 0 0 0 1 1 0 0 
Atribuicoes:
47 47 23 22 15 5 23 7 15 9 0 11 7 5 47 9 42 7 18 47 18 19 22 5 24 39 42 11 28 5 23 28 19 46 47 9 22 7 42 39 28 18 42 0 42 42 46 47 39 47 
Custo Total: 2403572
Solução após busca local:
Instalacoes:
1 1 0 0 1 1 0 0 1 1 0 1 0 1 0 1 1 0 1 1 1 0 1 1 0 1 0 0 1 0 1 0 0 0 0 0 0 0 0 1 0 0 1 0 0 0 1 1 0 1 
Atribuicoes:
30 49 30 39 46 5 23 13 49 9 0 11 16 8 47 9 49 25 13 16 18 19 22 4 9 20 1 22 25 39 23 1 19 9 8 20 8 25 0 13 28 18 42 0 20 4 46 47 39 47 
Custo Total: 804460
Total de iterações: 21489
Melhorias: 23
Tempo até a melhor solução: 20.7495 segundos
Iterações até a melhor solução: 14752
Soma dos custos: 12965013162
Média dos custos: 603333
Pior valor encontrado: 855712
Melhor solução encontrada:
Instalacoes:
1 1 0 0 1 0 0 0 1 1 0 0 0 1 0 0 0 0 1 1 1 0 1 0 0 1 0 0 0 0 1 1 0 0 0 0 0 0 0 1 0 0 0 0 0 0 1 1 0 1 
Atribuicoes:
0 19 20 13 4 31 39 1 8 9 18 25 8 39 49 9 19 25 0 8 4 49 22 18 9 25 20 22 31 13 30 20 0 9 49 1 8 31 46 1 47 18 19 30 20 4 46 47 13 47 
Custo Total: 584584
