Instância: Data/raw/50_P100_M0_Continuo_9.txt
Tempo limite: 30 segundos
Seed: 7
Tamanho da pertubação: 5
Solução inicial:
Instalacoes:
1 0 1 1 0 1 0 1 0 1 0 1 0 0 1 1 0 0 1 1 0 0 1 0 0 0 0 0 1 1 0 0 0 0 0 0 0 0 1 1 0 1 1 1 0 0 1 0 0 0 
Atribuicoes:
0 0 2 3 15 5 14 7 15 9 46 11 7 2 14 9 46 7 18 19 46 43 22 29 42 5 42 11 28 29 2 28 43 2 0 9 3 7 38 39 28 18 42 19 42 38 46 19 39 0 
Custo Total: 2894917
Solução após busca local:
Instalacoes:
1 1 1 1 1 1 0 1 1 1 0 1 0 1 1 1 1 0 1 1 1 0 1 1 0 1 0 0 1 1 1 1 0 0 1 1 0 0 1 1 0 0 1 1 0 0 1 1 0 1 
Atribuicoes:
4 0 2 3 15 5 49 7 20 35 5 11 16 23 14 9 34 31 18 8 4 43 22 13 34 13 1 22 28 29 30 47 47 23 0 9 16 46 38 39 28 18 8 19 42 20 46 19 25 1 
Custo Total: 1331548
Total de iterações: 15173
Melhorias: 14
Tempo até a melhor solução: 6.06906 segundos
Iterações até a melhor solução: 2926
Soma dos custos: 18037400614
Média dos custos: 1.18878e+06
Pior valor encontrado: 1408108
Melhor solução encontrada:
Instalacoes:
1 1 1 0 1 1 0 0 1 1 0 0 0 1 1 0 1 0 1 1 1 0 1 1 0 1 0 0 1 0 1 1 0 0 1 1 0 0 0 1 0 0 1 1 0 0 1 1 0 1 
Atribuicoes:
0 49 2 30 42 25 30 16 20 46 9 35 0 13 14 19 34 8 18 47 4 19 22 13 34 2 1 22 28 23 5 31 31 25 49 35 47 16 46 39 5 18 4 43 42 9 8 20 23 1 
Custo Total: 1186418
