Instância: Data/raw/50_P90_M0_Continuo_9.txt
Tempo limite: 30 segundos
Seed: 8
Tamanho da pertubação: 5
Solução inicial:
Instalacoes:
1 1 1 1 0 1 0 1 0 0 0 0 0 1 1 0 0 0 1 0 0 0 1 0 0 0 0 0 1 1 0 1 0 0 0 0 0 0 1 1 0 1 0 0 0 0 1 1 0 0 
Atribuicoes:
47 1 2 3 1 5 1 7 38 0 41 22 7 2 14 14 41 7 18 47 41 31 22 13 46 5 1 31 28 29 2 28 5 13 1 41 3 7 38 39 28 18 0 31 1 38 46 47 39 14 
Custo Total: 2662044
Solução após busca local:
Instalacoes:
1 1 1 1 1 1 0 1 1 1 0 0 0 1 1 0 1 0 1 1 1 0 1 1 1 1 0 0 1 0 1 1 0 0 1 1 0 0 1 1 0 1 0 0 0 0 1 1 0 1 
Atribuicoes:
47 20 2 3 9 5 1 7 38 19 41 34 25 39 49 34 4 8 18 47 9 31 22 23 24 23 1 31 28 0 20 28 5 13 35 41 30 30 38 39 35 16 0 19 8 4 46 13 25 14 
Custo Total: 1088208
Total de iterações: 16924
Melhorias: 22
Tempo até a melhor solução: 14.8976 segundos
Iterações até a melhor solução: 8369
Soma dos custos: 13611250881
Média dos custos: 804257
Pior valor encontrado: 1093766
Melhor solução encontrada:
Instalacoes:
1 1 0 0 1 0 0 0 1 1 0 0 0 1 0 0 1 0 1 1 1 0 1 1 0 1 0 0 0 0 1 1 0 0 1 0 0 0 0 1 0 0 1 0 0 0 1 1 0 1 
Atribuicoes:
1 49 18 39 9 30 47 31 9 19 0 49 25 1 4 34 8 4 1 19 16 31 22 23 16 23 42 22 4 20 13 25 30 39 35 47 20 34 9 22 35 18 20 19 0 8 46 13 47 42 
Custo Total: 794032
