Instância: Data/raw/50_P30_M1_HUB_5.txt
Tempo limite: 30 segundos
Seed: 10
Tamanho da pertubação: 5
Solução inicial:
Instalacoes:
1 0 0 0 1 0 0 0 1 0 0 0 0 1 0 0 1 0 0 0 1 0 1 1 0 0 0 0 0 0 0 0 0 0 0 0 0 0 0 0 0 0 0 0 0 0 0 1 0 0 
Atribuicoes:
0 0 13 16 4 23 20 22 8 4 16 13 22 13 0 0 16 22 8 0 20 47 22 23 16 13 47 13 23 20 23 47 47 8 0 4 13 4 4 23 16 4 8 0 47 8 8 0 13 0 
Custo Total: 1420762
Solução após busca local:
Instalacoes:
1 1 0 0 1 0 0 0 1 1 0 0 0 1 0 0 1 0 0 1 1 0 1 1 0 0 0 0 0 0 1 0 0 0 0 0 0 0 0 0 0 0 0 0 0 0 0 1 0 0 
Atribuicoes:
9 0 9 1 4 23 20 9 19 4 1 13 1 13 20 4 16 22 8 8 20 47 22 23 1 13 47 20 8 9 4 47 47 8 4 4 9 20 4 20 16 4 8 20 8 8 8 1 20 20 
Custo Total: 406588
Total de iterações: 44664
Melhorias: 12
Tempo até a melhor solução: 7.99462 segundos
Iterações até a melhor solução: 11288
Soma dos custos: 12085662522
Média dos custos: 270591
Pior valor encontrado: 507689
Melhor solução encontrada:
Instalacoes:
0 1 0 0 1 0 0 0 1 1 0 0 0 1 0 0 0 0 0 0 1 0 1 0 0 0 0 0 0 0 0 0 0 0 0 0 0 0 0 0 0 0 0 0 0 0 0 1 0 0 
Atribuicoes:
8 47 9 20 4 8 20 9 4 4 22 1 4 13 20 47 47 20 8 8 20 13 22 13 1 13 1 20 20 9 4 13 1 9 4 4 9 9 4 9 47 8 8 47 8 8 8 47 20 4 
Custo Total: 262530
