Instância: Data/raw/50_P80_M1_Continuo_10.txt
Tempo limite: 30 segundos
Seed: 6
Tamanho da pertubação: 5
Solução inicial:
Instalacoes:
1 0 0 0 1 1 0 1 1 1 0 1 0 1 0 0 0 0 0 1 1 0 1 1 0 0 0 0 0 1 0 0 0 0 0 1 0 0 0 1 0 0 1 0 0 0 0 1 0 0 
Atribuicoes:
47 47 13 35 4 5 47 7 8 9 35 11 39 13 19 9 20 39 4 47 20 35 22 23 9 13 42 11 5 29 23 13 5 22 47 9 35 39 4 13 9 20 8 19 42 4 8 19 39 9 
Custo Total: 2681819
Solução após busca local:
Instalacoes:
0 1 0 0 1 1 0 0 1 1 0 1 0 1 0 0 1 0 1 1 1 0 1 1 0 0 0 0 0 0 1 1 0 0 1 1 0 0 0 1 0 0 1 0 0 0 1 1 0 1 
Atribuicoes:
1 47 13 20 4 5 18 23 42 34 35 46 31 13 18 30 20 22 1 18 16 35 9 23 9 16 19 11 31 4 8 1 30 39 47 9 39 49 4 13 22 20 8 19 42 46 8 19 9 47 
Custo Total: 794485
Total de iterações: 19244
Melhorias: 23
Tempo até a melhor solução: 22.1626 segundos
Iterações até a melhor solução: 14139
Soma dos custos: 12624540338
Média dos custos: 656025
Pior valor encontrado: 906800
Melhor solução encontrada:
Instalacoes:
1 1 0 0 1 0 0 0 1 1 0 0 0 1 0 0 1 0 1 1 1 0 1 0 0 1 0 0 0 0 1 1 0 0 1 1 0 0 0 1 0 0 0 0 0 0 0 1 0 1 
Atribuicoes:
1 34 13 47 20 31 9 18 4 4 30 13 1 1 9 49 16 22 35 0 0 20 22 30 35 25 4 16 31 20 30 9 49 39 34 19 39 25 47 13 31 18 8 19 1 47 8 19 13 49 
Custo Total: 635016
