Instância: Data/raw/50_P70_M1_HUB_3.txt
Tempo limite: 30 segundos
Seed: 8
Tamanho da pertubação: 5
Solução inicial:
Instalacoes:
1 1 1 0 0 1 0 1 0 0 0 0 0 1 1 1 0 0 1 1 0 0 1 0 0 1 0 0 1 0 0 0 0 0 1 0 0 0 1 1 0 0 0 1 0 0 1 1 0 0 
Atribuicoes:
47 1 2 25 34 5 2 7 1 15 0 22 7 25 14 47 15 34 18 47 43 43 22 25 46 39 47 13 28 13 5 25 43 5 1 15 25 34 38 39 28 18 0 19 47 38 46 19 39 14 
Custo Total: 1694756
Solução após busca local:
Instalacoes:
1 1 0 0 1 1 0 0 1 1 0 0 0 1 1 1 1 0 1 1 1 0 1 0 0 1 0 0 0 0 1 1 1 0 0 0 0 0 0 1 0 0 0 0 0 0 1 1 0 1 
Atribuicoes:
9 1 2 30 39 5 20 13 1 16 16 22 0 25 14 19 15 47 18 47 31 20 22 25 16 31 1 13 19 8 49 25 9 20 1 31 30 47 8 39 13 4 0 49 47 46 46 1 9 14 
Custo Total: 857238
Total de iterações: 21357
Melhorias: 30
Tempo até a melhor solução: 27.5066 segundos
Iterações até a melhor solução: 19622
Soma dos custos: 12297205876
Média dos custos: 575793
Pior valor encontrado: 833858
Melhor solução encontrada:
Instalacoes:
1 1 0 0 1 0 0 0 1 1 0 0 0 1 0 0 1 0 1 1 1 0 1 1 0 0 0 0 0 0 0 1 0 0 0 0 0 0 0 0 0 0 0 0 0 0 1 1 0 1 
Atribuicoes:
8 8 13 20 0 13 20 13 47 47 31 49 9 9 1 13 46 16 18 8 16 20 31 4 16 13 47 22 1 23 19 31 8 1 47 13 4 9 8 0 22 4 49 19 9 46 1 47 4 9 
Custo Total: 553502
