Instância: Data/raw/50_P80_M1_Continuo_8.txt
Tempo limite: 30 segundos
Seed: 6
Tamanho da pertubação: 5
Solução inicial:
Instalacoes:
1 0 1 0 0 0 0 1 0 1 0 0 0 1 1 0 1 0 1 1 0 0 1 1 0 0 0 0 0 0 1 1 0 0 0 0 0 0 1 1 0 0 1 0 0 0 1 0 0 0 
Atribuicoes:
0 0 13 46 31 13 2 7 31 9 16 18 39 13 14 9 16 39 18 19 14 19 22 23 42 13 19 30 23 23 30 31 30 22 0 9 39 39 38 13 16 18 42 0 31 38 46 0 23 0 
Custo Total: 2651596
Solução após busca local:
Instalacoes:
1 1 0 0 1 0 0 0 1 1 0 0 0 1 1 0 1 0 1 1 1 0 1 1 0 1 0 0 1 0 1 1 0 0 1 1 0 0 1 1 0 0 1 1 0 0 1 1 0 1 
Atribuicoes:
9 1 2 34 20 13 49 18 31 47 16 28 22 13 19 9 16 22 30 1 35 43 22 23 16 13 19 30 14 47 20 31 30 39 49 9 39 49 46 8 8 18 42 0 47 4 46 4 35 0 
Custo Total: 901638
Total de iterações: 19462
Melhorias: 18
Tempo até a melhor solução: 25.8085 segundos
Iterações até a melhor solução: 16690
Soma dos custos: 12550062420
Média dos custos: 644850
Pior valor encontrado: 922681
Melhor solução encontrada:
Instalacoes:
1 1 0 0 1 0 0 0 1 1 0 0 0 1 0 0 1 0 1 1 1 0 1 0 0 1 0 0 0 0 1 1 0 0 1 0 0 0 0 1 0 0 0 0 0 0 0 1 0 1 
Atribuicoes:
19 1 20 39 8 13 39 18 1 47 16 34 22 13 9 1 16 4 30 20 0 9 22 0 8 13 19 30 34 47 20 31 30 25 34 9 25 39 20 4 19 18 0 49 47 4 8 16 31 49 
Custo Total: 631886
