Instância: Data/raw/50_P50_M1_HUB_10.txt
Tempo limite: 30 segundos
Seed: 5
Tamanho da pertubação: 5
Solução inicial:
Instalacoes:
1 1 0 0 1 1 0 0 0 1 0 0 0 0 0 0 0 0 1 0 1 0 1 0 0 0 0 0 0 0 0 1 0 0 0 0 0 0 0 1 0 0 0 0 0 0 0 1 0 0 
Atribuicoes:
0 1 5 22 4 5 31 39 4 9 20 20 20 5 0 0 18 18 18 0 20 9 22 5 0 39 9 20 1 47 5 31 5 18 1 4 18 39 9 39 9 4 4 0 0 4 9 0 39 1 
Custo Total: 2210262
Solução após busca local:
Instalacoes:
1 1 0 0 1 1 0 0 1 1 0 0 0 1 0 0 1 0 1 0 1 0 1 0 0 0 0 0 0 0 1 1 0 0 0 0 0 0 0 1 0 0 1 0 0 0 1 0 0 0 
Atribuicoes:
13 8 30 22 4 8 31 39 1 8 20 20 20 1 4 0 18 18 18 0 20 9 22 0 16 39 9 13 4 20 9 31 0 30 1 4 30 39 46 39 9 13 42 1 8 46 9 9 16 46 
Custo Total: 580110
Total de iterações: 28603
Melhorias: 14
Tempo até a melhor solução: 20.1285 segundos
Iterações até a melhor solução: 18842
Soma dos custos: 12149191244
Média dos custos: 424752
Pior valor encontrado: 688228
Melhor solução encontrada:
Instalacoes:
1 1 0 0 1 0 0 0 1 1 0 0 0 1 0 0 1 0 0 0 1 0 1 0 0 0 0 0 0 0 0 0 0 0 0 0 0 0 0 1 0 0 0 0 0 0 0 1 0 1 
Atribuicoes:
16 8 13 47 4 8 47 13 8 1 20 20 20 1 4 4 0 13 13 47 20 9 22 9 1 4 47 16 4 20 9 39 1 8 9 16 39 4 0 39 9 16 8 8 9 0 9 0 1 49 
Custo Total: 419445
