Instância: Data/raw/50_P100_M0_Continuo_2.txt
Tempo limite: 30 segundos
Seed: 3
Tamanho da pertubação: 5
Solução inicial:
Instalacoes:
1 0 1 1 1 1 0 1 0 1 0 1 0 0 1 1 0 0 1 1 0 0 1 0 0 1 0 0 1 1 0 0 0 0 0 0 0 0 0 1 0 1 1 1 0 0 1 0 0 0 
Atribuicoes:
4 4 2 3 15 5 25 7 15 9 46 11 7 2 14 9 46 7 18 4 46 43 22 29 42 5 0 11 28 29 2 25 43 5 4 9 3 7 25 39 28 18 42 19 0 4 46 19 39 4 
Custo Total: 2888855
Solução após busca local:
Instalacoes:
1 1 1 1 1 1 0 1 1 1 0 1 0 1 1 0 1 0 1 1 1 0 1 1 0 1 0 1 1 1 1 1 0 0 1 1 0 0 0 1 0 0 1 0 0 0 1 1 0 1 
Atribuicoes:
49 47 2 3 18 0 25 1 46 9 27 11 23 34 14 49 46 7 18 8 16 34 22 13 13 5 20 35 28 29 30 25 19 23 1 9 31 31 47 39 27 41 42 14 0 4 8 19 39 4 
Custo Total: 1331807
Total de iterações: 13828
Melhorias: 26
Tempo até a melhor solução: 28.9037 segundos
Iterações até a melhor solução: 13316
Soma dos custos: 16832145713
Média dos custos: 1.21725e+06
Pior valor encontrado: 1416676
Melhor solução encontrada:
Instalacoes:
1 1 0 0 1 1 0 0 1 1 0 0 0 1 0 0 1 0 1 1 1 0 1 1 1 1 0 1 1 0 1 1 0 0 0 1 0 0 0 1 0 0 1 1 0 0 1 1 0 1 
Atribuicoes:
19 49 28 13 4 5 18 25 46 42 49 0 16 23 43 19 35 35 18 1 16 9 22 30 24 27 47 27 22 47 30 23 1 20 28 42 31 31 0 39 25 8 20 43 9 8 4 13 39 46 
Custo Total: 1198312
