Instância: Data/raw/50_P5_M1_Continuo_10.txt
Tempo limite: 30 segundos
Seed: 3
Tamanho da pertubação: 5
Solução inicial:
Instalacoes:
0 0 0 0 0 0 0 0 1 1 0 0 0 0 0 0 0 0 0 0 1 0 1 0 0 0 0 0 0 0 0 0 0 0 0 0 0 0 0 0 0 0 0 0 0 0 0 1 0 0 
Atribuicoes:
9 9 20 47 8 20 9 20 8 9 20 20 20 9 9 8 9 20 9 9 20 47 22 47 8 20 8 20 8 20 8 8 47 9 9 9 9 20 8 47 9 9 8 9 8 8 8 47 8 9 
Custo Total: 527093
Solução após busca local:
Instalacoes:
0 1 0 0 1 0 0 0 1 1 0 0 0 0 0 0 0 0 0 0 1 0 1 0 0 0 0 0 0 0 0 0 0 0 0 0 0 0 0 0 0 0 0 0 0 0 0 1 0 0 
Atribuicoes:
9 1 9 4 9 20 9 20 8 9 20 20 20 9 9 8 9 20 9 9 20 9 22 9 9 20 8 20 4 20 4 20 8 9 9 9 4 20 8 9 9 20 8 9 8 8 8 47 8 9 
Custo Total: 213486
Total de iterações: 150115
Melhorias: 8
Tempo até a melhor solução: 8.40545 segundos
Iterações até a melhor solução: 41816
Soma dos custos: 24456272901
Média dos custos: 162917
Pior valor encontrado: 340911
Melhor solução encontrada:
Instalacoes:
0 0 0 0 1 0 0 0 1 1 0 0 0 0 0 0 0 0 0 0 1 0 1 0 0 0 0 0 0 0 0 0 0 0 0 0 0 0 0 0 0 0 0 0 0 0 0 0 0 0 
Atribuicoes:
9 4 9 9 8 20 9 20 8 9 20 20 20 20 9 4 9 20 9 9 20 9 22 9 9 20 8 9 4 4 20 20 4 9 9 9 20 20 8 9 9 20 8 9 4 8 8 9 4 9 
Custo Total: 162762
