Instância: Data/raw/50_P20_M1_Continuo_3.txt
Tempo limite: 30 segundos
Seed: 9
Tamanho da pertubação: 5
Solução inicial:
Instalacoes:
1 1 0 0 0 0 0 0 0 0 0 0 0 1 0 0 1 0 0 0 0 0 1 0 0 0 0 0 0 0 0 0 0 0 0 0 0 0 0 1 0 0 0 0 0 0 1 1 0 0 
Atribuicoes:
0 1 13 39 46 13 16 22 46 0 47 22 39 39 47 47 16 0 1 0 16 47 22 13 1 39 47 13 47 16 13 0 47 16 1 0 39 39 46 39 1 47 47 0 47 46 46 0 39 1 
Custo Total: 941102
Solução após busca local:
Instalacoes:
1 1 0 0 1 0 0 0 0 1 0 0 0 1 0 0 0 0 0 0 1 0 1 0 0 0 0 0 0 0 0 0 0 0 0 0 0 0 0 1 0 0 0 0 0 0 1 1 0 0 
Atribuicoes:
4 9 20 39 4 9 4 47 1 9 20 22 1 9 47 9 9 4 20 9 20 47 22 13 1 4 4 13 9 4 13 20 20 20 1 4 13 4 4 4 1 47 47 9 9 46 46 1 4 9 
Custo Total: 350675
Total de iterações: 69071
Melhorias: 12
Tempo até a melhor solução: 6.18675 segundos
Iterações até a melhor solução: 14109
Soma dos custos: 15491513816
Média dos custos: 224284
Pior valor encontrado: 444874
Melhor solução encontrada:
Instalacoes:
0 1 0 0 1 0 0 0 1 1 0 0 0 0 0 0 0 0 0 0 1 0 1 0 0 0 0 0 0 0 0 0 0 0 0 0 0 0 0 0 0 0 0 0 0 0 0 1 0 0 
Atribuicoes:
47 9 20 8 4 9 4 47 8 8 20 9 47 9 47 9 9 4 20 47 20 8 22 9 1 4 8 8 9 4 9 20 20 20 8 4 9 4 4 4 1 1 8 9 4 8 8 47 4 9 
Custo Total: 223984
