Instância: Data/raw/50_P100_M1_HUB_3.txt
Tempo limite: 30 segundos
Seed: 7
Tamanho da pertubação: 5
Solução inicial:
Instalacoes:
1 0 1 1 0 1 0 1 0 1 0 1 0 0 1 1 0 0 1 1 0 0 1 0 0 0 0 0 1 1 0 0 0 0 0 0 0 0 1 1 0 1 1 1 0 0 1 0 0 0 
Atribuicoes:
0 0 2 3 15 5 41 7 15 9 46 11 7 2 14 9 46 7 18 19 46 43 22 29 42 5 15 11 28 29 2 28 43 2 0 9 3 7 38 39 28 18 42 19 9 38 46 19 39 0 
Custo Total: 3035956
Solução após busca local:
Instalacoes:
1 1 1 1 1 1 0 1 1 1 0 1 0 1 0 1 1 0 1 1 1 0 1 1 0 1 0 0 1 1 1 1 0 0 1 1 0 0 0 1 0 0 1 1 0 1 1 1 0 1 
Atribuicoes:
47 0 23 39 15 5 16 35 49 42 31 11 7 2 5 49 16 19 41 19 9 43 22 34 1 25 47 1 28 29 8 4 30 13 20 20 3 22 46 39 28 18 42 34 9 45 46 4 18 0 
Custo Total: 1329685
Total de iterações: 14051
Melhorias: 25
Tempo até a melhor solução: 21.1192 segundos
Iterações até a melhor solução: 9931
Soma dos custos: 16538500736
Média dos custos: 1.17703e+06
Pior valor encontrado: 1370013
Melhor solução encontrada:
Instalacoes:
1 1 0 0 1 1 0 0 1 1 0 0 0 1 0 0 1 0 1 1 1 0 1 1 0 1 0 0 1 1 1 1 0 0 1 1 0 0 0 1 0 0 1 0 0 0 1 1 0 1 
Atribuicoes:
8 0 16 39 13 5 39 22 9 42 30 31 35 13 4 4 16 19 0 19 18 34 49 25 34 31 1 22 28 29 23 5 47 4 1 35 20 20 46 23 28 18 42 30 9 46 8 47 25 49 
Custo Total: 1167521
