Instância: Data/raw/50_P60_M1_HUB_9.txt
Tempo limite: 30 segundos
Seed: 3
Tamanho da pertubação: 5
Solução inicial:
Instalacoes:
1 1 1 0 0 0 0 1 0 0 0 0 0 1 0 0 1 0 1 1 0 0 1 0 1 0 0 0 0 0 1 1 0 0 0 0 0 0 0 0 0 0 1 0 0 0 1 1 0 0 
Atribuicoes:
47 1 2 13 1 30 18 7 1 19 16 22 7 13 19 19 16 7 24 47 22 1 22 31 24 2 47 31 46 1 30 18 30 13 1 46 13 7 47 13 16 46 42 19 47 46 46 47 31 0 
Custo Total: 2173586
Solução após busca local:
Instalacoes:
0 1 1 0 1 0 0 1 1 1 0 0 0 1 0 0 1 0 1 1 1 0 1 0 0 0 0 0 0 0 1 1 0 0 1 0 0 0 0 1 0 0 1 0 0 0 1 1 0 1 
Atribuicoes:
8 19 30 13 4 30 18 13 1 47 4 22 7 9 19 19 16 4 42 4 18 20 22 20 16 16 9 31 8 1 30 18 34 13 34 19 13 39 4 39 20 16 42 49 47 47 46 47 9 31 
Custo Total: 697698
Total de iterações: 23147
Melhorias: 16
Tempo até a melhor solução: 8.95279 segundos
Iterações até a melhor solução: 7045
Soma dos custos: 11168990994
Média dos custos: 482524
Pior valor encontrado: 731551
Melhor solução encontrada:
Instalacoes:
1 1 0 0 1 0 0 0 1 1 0 0 0 1 0 0 1 0 1 0 1 0 1 1 0 0 0 0 0 0 1 1 0 0 0 0 0 0 0 0 0 0 0 0 0 0 0 1 0 0 
Atribuicoes:
8 0 22 13 47 9 16 47 20 47 16 22 31 9 0 0 16 4 18 47 18 20 22 20 16 4 9 20 8 23 23 31 30 13 1 0 8 13 4 1 20 47 4 9 4 47 1 47 9 13 
Custo Total: 477221
