Instância: Data/raw/50_P60_M1_HUB_3.txt
Tempo limite: 30 segundos
Seed: 9
Tamanho da pertubação: 5
Solução inicial:
Instalacoes:
1 1 0 0 0 1 0 0 0 0 0 0 0 1 0 0 0 0 1 1 0 0 1 0 0 0 0 0 1 0 1 0 0 0 1 0 0 0 0 1 0 0 0 0 0 0 1 1 0 1 
Atribuicoes:
47 1 5 5 1 30 5 46 1 34 18 22 19 39 1 1 49 19 18 47 18 34 22 19 34 39 47 13 28 13 30 28 30 13 1 49 46 19 1 39 28 18 34 19 47 1 46 47 39 49 
Custo Total: 2013560
Solução após busca local:
Instalacoes:
0 1 0 0 1 1 0 0 1 1 0 0 0 1 0 0 1 0 1 0 1 0 1 0 0 1 0 0 1 0 1 1 0 0 1 0 0 0 0 1 0 0 0 0 0 0 1 1 0 1 
Atribuicoes:
47 4 4 13 20 30 19 1 8 46 31 22 16 25 1 1 49 16 18 47 9 19 22 20 31 9 47 16 28 13 30 31 4 13 1 49 8 47 4 39 28 20 34 9 8 4 46 4 20 49 
Custo Total: 653194
Total de iterações: 22170
Melhorias: 21
Tempo até a melhor solução: 12.9592 segundos
Iterações até a melhor solução: 9611
Soma dos custos: 10860339738
Média dos custos: 489866
Pior valor encontrado: 717899
Melhor solução encontrada:
Instalacoes:
1 1 0 0 1 0 0 0 1 1 0 0 0 1 0 0 0 0 1 0 1 0 1 0 0 0 0 0 0 0 1 1 0 0 0 0 0 0 0 1 0 0 1 0 0 0 0 1 0 0 
Atribuicoes:
0 4 4 13 20 9 13 1 20 47 47 22 18 30 1 1 0 8 18 8 9 9 22 20 20 9 47 31 30 13 22 47 30 13 1 9 8 8 4 39 31 20 42 9 8 4 4 4 47 0 
Custo Total: 487107
