Instância: Data/raw/50_P40_M1_Continuo_2.txt
Tempo limite: 30 segundos
Seed: 6
Tamanho da pertubação: 5
Solução inicial:
Instalacoes:
1 1 0 0 0 0 0 0 1 0 0 1 0 1 0 0 0 0 1 0 0 0 1 1 0 0 0 0 0 0 0 1 0 0 0 1 0 0 0 0 0 0 1 0 0 0 1 1 0 0 
Atribuicoes:
0 1 13 23 46 8 46 31 46 0 11 11 11 13 31 0 35 11 18 0 18 31 22 8 35 13 0 8 47 47 8 31 47 23 1 47 23 13 46 8 47 18 42 31 0 8 46 47 8 1 
Custo Total: 1571430
Solução após busca local:
Instalacoes:
1 1 0 0 1 0 0 0 1 1 0 1 0 1 0 0 1 0 1 0 1 0 1 1 0 0 0 0 0 0 1 1 0 0 0 1 0 0 0 0 0 0 0 0 0 0 1 1 0 0 
Atribuicoes:
0 1 13 30 8 20 0 47 4 20 4 11 8 13 30 47 35 20 8 9 18 13 22 9 35 20 4 9 47 20 1 31 47 13 4 16 23 13 46 8 9 18 1 1 0 8 46 47 8 9 
Custo Total: 546522
Total de iterações: 34619
Melhorias: 14
Tempo até a melhor solução: 23.3594 segundos
Iterações até a melhor solução: 26899
Soma dos custos: 12305497154
Média dos custos: 355455
Pior valor encontrado: 620622
Melhor solução encontrada:
Instalacoes:
1 1 0 0 1 0 0 0 1 1 0 0 0 1 0 0 1 0 0 0 1 0 1 0 0 0 0 0 0 0 0 0 0 0 0 0 0 0 0 0 0 0 0 0 0 0 0 1 0 0 
Atribuicoes:
1 20 9 9 8 20 1 22 4 9 4 4 8 13 16 47 16 1 8 0 9 9 22 9 4 20 4 47 0 20 1 8 20 13 4 0 13 13 47 8 16 16 9 1 20 8 47 47 20 0 
Custo Total: 347450
