Instância: Data/raw/50_P60_M1_Continuo_6.txt
Tempo limite: 30 segundos
Seed: 2
Tamanho da pertubação: 5
Solução inicial:
Instalacoes:
1 1 1 0 0 1 0 1 1 1 0 0 0 1 0 0 0 0 0 0 1 0 1 0 0 0 0 0 0 1 0 0 0 0 0 1 0 0 0 1 0 0 1 0 0 0 0 1 0 0 
Atribuicoes:
47 1 2 13 42 13 1 7 8 9 35 35 7 2 47 9 20 35 35 47 20 47 22 29 9 13 47 13 35 29 2 13 5 39 1 9 13 7 1 39 9 20 47 0 47 8 42 0 39 9 
Custo Total: 2687448
Solução após busca local:
Instalacoes:
1 1 1 0 1 0 0 1 1 1 0 0 0 1 0 0 1 0 1 1 1 0 1 0 0 0 0 0 0 0 1 1 0 0 0 1 0 0 0 1 0 0 1 0 0 0 0 1 0 1 
Atribuicoes:
47 16 2 13 42 13 20 13 1 9 20 35 22 30 47 4 49 18 18 9 20 4 22 47 1 13 19 31 9 8 20 0 8 39 1 16 4 31 0 39 9 16 4 30 42 8 9 0 39 0 
Custo Total: 675166
Total de iterações: 25212
Melhorias: 24
Tempo até a melhor solução: 17.9095 segundos
Iterações até a melhor solução: 15161
Soma dos custos: 11619494349
Média dos custos: 460872
Pior valor encontrado: 719872
Melhor solução encontrada:
Instalacoes:
1 1 0 0 1 0 0 0 1 1 0 0 0 1 0 0 1 0 0 0 1 0 1 0 0 0 0 0 0 0 0 1 0 0 0 0 0 0 0 1 0 0 0 0 0 0 1 1 0 0 
Atribuicoes:
47 8 4 13 4 1 47 13 46 9 20 22 31 47 0 0 16 31 4 9 1 1 31 20 16 13 4 13 8 8 9 31 0 47 20 16 13 20 46 39 9 8 0 47 4 20 9 8 39 46 
Custo Total: 447143
