Instância: Data/raw/50_P60_M1_Continuo_7.txt
Tempo limite: 30 segundos
Seed: 1
Tamanho da pertubação: 5
Solução inicial:
Instalacoes:
0 1 1 1 0 0 0 1 1 1 0 0 0 0 0 0 1 0 1 0 0 0 1 1 0 0 0 1 0 0 0 0 0 0 1 0 0 0 0 1 0 0 1 1 0 0 1 1 0 0 
Atribuicoes:
16 9 2 3 8 23 7 7 46 42 47 27 22 2 34 42 16 27 18 9 18 43 22 23 9 39 42 27 34 23 2 27 23 23 9 47 3 22 46 39 47 47 8 43 9 8 46 47 39 9 
Custo Total: 2276095
Solução após busca local:
Instalacoes:
1 0 0 1 1 0 0 1 1 1 0 0 0 1 0 0 0 0 1 0 1 0 1 1 0 0 0 1 0 0 1 0 0 0 1 0 0 0 0 1 0 0 1 0 0 0 1 1 0 1 
Atribuicoes:
8 20 20 4 8 23 30 7 47 42 20 8 22 39 9 13 34 27 18 9 18 34 22 23 8 23 42 4 13 4 30 27 47 20 9 4 47 47 13 39 0 18 0 34 9 8 46 47 39 0 
Custo Total: 678881
Total de iterações: 24209
Melhorias: 18
Tempo até a melhor solução: 11.5582 segundos
Iterações até a melhor solução: 9102
Soma dos custos: 11321782809
Média dos custos: 467668
Pior valor encontrado: 727980
Melhor solução encontrada:
Instalacoes:
1 1 0 0 1 0 0 0 1 1 0 0 0 1 0 0 1 0 1 0 1 0 1 0 0 0 0 0 0 0 1 1 0 0 0 0 0 0 0 0 0 0 0 0 0 0 0 1 0 0 
Atribuicoes:
9 8 8 13 8 31 1 1 47 0 20 4 1 1 13 20 9 16 18 4 18 4 22 13 47 31 0 20 22 0 30 31 47 20 9 4 47 47 20 30 16 18 16 9 9 8 4 47 13 16 
Custo Total: 453858
