Instância: Data/raw/50_P90_M1_HUB_7.txt
Tempo limite: 30 segundos
Seed: 4
Tamanho da pertubação: 5
Solução inicial:
Instalacoes:
1 0 1 1 0 1 0 1 0 1 0 1 0 0 1 0 0 0 1 1 0 0 1 0 0 0 0 0 1 1 0 0 0 0 0 0 0 0 0 1 0 1 1 1 0 0 1 0 0 0 
Atribuicoes:
0 0 2 3 42 5 14 7 42 9 41 11 7 2 14 9 41 7 18 19 41 43 22 29 42 5 42 11 28 29 2 28 43 2 0 9 3 7 42 39 28 18 0 19 42 42 46 19 39 0 
Custo Total: 2962220
Solução após busca local:
Instalacoes:
1 1 1 1 1 1 0 1 1 1 0 1 0 1 1 0 1 0 1 1 1 0 1 0 0 1 0 0 1 1 1 1 0 0 1 1 0 0 0 1 0 1 1 1 0 0 1 1 0 1 
Atribuicoes:
16 8 2 3 4 5 49 7 35 34 31 11 25 4 14 9 47 7 18 19 46 19 22 30 8 1 0 35 28 29 31 9 13 47 20 9 16 8 42 39 28 41 0 18 42 20 46 1 39 43 
Custo Total: 1077507
Total de iterações: 15085
Melhorias: 25
Tempo até a melhor solução: 17.2535 segundos
Iterações até a melhor solução: 8653
Soma dos custos: 12921993685
Média dos custos: 856612
Pior valor encontrado: 1117947
Melhor solução encontrada:
Instalacoes:
1 1 0 0 1 0 0 0 1 1 0 0 0 1 0 0 1 0 1 1 1 0 1 1 0 1 0 0 0 1 1 1 1 0 0 1 0 0 0 1 0 0 1 0 0 0 1 1 0 1 
Atribuicoes:
13 49 9 30 9 19 8 39 42 16 20 16 0 20 47 35 47 25 18 4 4 8 22 23 49 25 19 42 31 29 30 13 32 18 46 35 13 49 1 39 31 20 0 9 1 46 4 0 1 8 
Custo Total: 844782
