Instância: Data/raw/50_P30_M0_Continuo_7.txt
Tempo limite: 30 segundos
Seed: 3
Tamanho da pertubação: 5
Solução inicial:
Instalacoes:
1 1 0 0 1 0 0 0 1 1 0 0 0 0 0 0 0 0 1 1 0 0 1 0 0 0 0 0 0 0 0 1 0 0 0 0 0 0 0 0 0 0 0 0 0 0 0 0 0 0 
Atribuicoes:
1 1 1 31 4 31 8 22 8 9 8 9 4 1 19 9 18 18 18 1 4 19 22 1 18 9 0 9 4 8 0 9 19 0 1 9 1 4 8 1 9 4 9 19 0 8 4 19 9 9 
Custo Total: 1380883
Solução após busca local:
Instalacoes:
1 1 0 0 1 0 0 0 1 1 0 0 0 0 0 0 0 0 1 1 1 0 1 0 0 0 0 0 0 0 0 1 0 0 0 0 0 0 0 1 0 0 0 0 0 0 0 1 0 0 
Atribuicoes:
47 1 1 4 4 31 8 9 8 4 20 20 4 39 20 9 1 20 18 47 20 0 22 1 9 9 0 9 4 47 1 31 20 8 9 20 1 39 8 1 9 4 9 4 0 8 4 19 8 4 
Custo Total: 386930
Total de iterações: 48032
Melhorias: 19
Tempo até a melhor solução: 9.45376 segundos
Iterações até a melhor solução: 13959
Soma dos custos: 13015826522
Média dos custos: 270982
Pior valor encontrado: 520426
Melhor solução encontrada:
Instalacoes:
0 1 0 0 1 0 0 0 1 1 0 0 0 1 0 0 0 0 0 0 1 0 1 0 0 0 0 0 0 0 0 0 0 0 0 0 0 0 0 0 0 0 0 0 0 0 0 1 0 0 
Atribuicoes:
20 9 1 4 9 13 8 13 8 4 20 20 4 13 20 9 47 20 47 1 20 1 22 47 9 4 47 9 4 13 47 4 20 8 9 20 47 9 8 13 9 4 9 4 4 8 4 1 8 1 
Custo Total: 262472
