Instância: Data/raw/50_P40_M1_HUB_9.txt
Tempo limite: 30 segundos
Seed: 3
Tamanho da pertubação: 5
Solução inicial:
Instalacoes:
1 0 1 0 1 0 0 1 1 1 0 0 0 0 0 0 1 0 0 0 0 0 1 0 0 0 0 0 0 0 1 0 0 0 0 0 0 0 0 1 0 0 0 0 0 0 0 1 0 0 
Atribuicoes:
4 4 2 39 4 8 2 7 8 9 16 9 7 39 0 4 9 7 16 47 22 9 22 39 16 39 47 9 0 30 8 8 8 39 4 9 39 7 8 39 16 16 8 0 47 4 8 0 22 4 
Custo Total: 2047009
Solução após busca local:
Instalacoes:
1 1 0 0 1 0 0 1 1 1 0 0 0 1 0 0 1 0 1 0 1 0 1 0 0 0 0 0 0 0 0 0 0 0 0 0 0 0 0 1 0 0 0 0 0 0 0 1 0 1 
Atribuicoes:
20 4 4 39 4 4 18 9 8 9 1 9 47 13 0 4 16 1 18 1 18 9 22 1 16 39 49 9 13 0 4 8 8 39 49 47 20 13 8 13 49 16 8 49 47 1 9 9 47 4 
Custo Total: 529411
Total de iterações: 32577
Melhorias: 16
Tempo até a melhor solução: 9.06042 segundos
Iterações até a melhor solução: 9999
Soma dos custos: 11823321491
Média dos custos: 362935
Pior valor encontrado: 633382
Melhor solução encontrada:
Instalacoes:
0 1 0 0 1 0 0 0 1 1 0 0 0 1 0 0 1 0 0 0 1 0 1 0 0 0 0 0 0 0 0 0 0 0 0 0 0 0 0 0 0 0 0 0 0 0 0 1 0 1 
Atribuicoes:
20 4 4 13 4 4 20 9 8 9 13 9 47 13 9 4 16 1 20 1 9 49 22 1 20 13 47 49 22 1 4 8 16 8 49 47 4 20 8 20 49 16 8 47 13 9 9 9 47 4 
Custo Total: 355362
