Instância: Data/raw/50_P90_M1_HUB_5.txt
Tempo limite: 30 segundos
Seed: 7
Tamanho da pertubação: 5
Solução inicial:
Instalacoes:
1 0 1 1 1 1 0 1 1 1 0 1 0 0 0 0 0 0 1 1 1 0 1 0 0 0 0 0 1 1 0 0 0 0 0 0 0 0 0 1 0 0 1 1 0 0 1 0 0 0 
Atribuicoes:
0 0 2 3 4 5 20 7 8 9 4 11 7 2 19 9 42 7 18 19 20 43 22 29 42 5 4 11 28 29 2 28 43 4 0 9 3 7 46 39 28 18 8 19 4 46 8 19 39 0 
Custo Total: 2444475
Solução após busca local:
Instalacoes:
1 1 1 1 1 1 0 1 1 1 0 1 0 1 0 1 1 0 1 1 1 0 1 1 0 1 0 0 1 1 1 1 0 0 1 1 0 0 0 1 0 0 1 1 0 0 1 1 0 1 
Atribuicoes:
49 0 2 3 4 13 20 49 8 42 16 7 39 13 30 9 35 25 18 19 20 43 22 2 42 5 34 11 31 29 47 28 23 4 31 9 30 1 46 39 23 22 18 31 47 46 8 1 19 9 
Custo Total: 1123851
Total de iterações: 14718
Melhorias: 29
Tempo até a melhor solução: 28.0103 segundos
Iterações até a melhor solução: 13764
Soma dos custos: 12352466118
Média dos custos: 839276
Pior valor encontrado: 1114372
Melhor solução encontrada:
Instalacoes:
1 1 0 0 1 0 0 0 1 1 0 0 0 1 0 0 1 0 1 1 1 0 1 1 0 1 0 0 1 1 1 1 0 0 1 1 0 0 0 1 0 0 0 0 0 0 1 1 0 1 
Atribuicoes:
8 0 19 20 9 8 20 4 46 18 22 22 39 25 34 49 35 30 18 47 1 8 16 13 35 9 46 25 34 29 30 31 28 4 49 9 23 16 4 39 28 16 1 13 20 47 8 19 13 49 
Custo Total: 826260
