Instância: Data/raw/50_P10_M0_Continuo_9.txt
Tempo limite: 30 segundos
Seed: 1
Tamanho da pertubação: 5
Solução inicial:
Instalacoes:
0 1 0 0 1 0 0 0 0 1 0 0 0 1 0 0 0 0 0 0 1 0 1 0 0 0 0 0 0 0 0 0 0 0 0 0 0 0 0 0 0 0 0 0 0 0 0 1 0 0 
Atribuicoes:
47 1 13 9 4 47 9 20 4 9 20 20 20 13 1 4 20 20 20 47 20 1 22 9 9 13 9 20 4 9 1 4 1 9 4 9 9 20 9 13 9 20 4 1 9 9 4 47 9 4 
Custo Total: 617112
Solução após busca local:
Instalacoes:
0 1 0 0 1 0 0 0 1 1 0 0 0 0 0 0 0 0 0 0 1 0 1 0 0 0 0 0 0 0 0 0 0 0 0 0 0 0 0 0 0 0 0 0 0 0 0 1 0 0 
Atribuicoes:
9 1 20 20 8 47 9 20 4 9 9 20 20 9 20 8 20 8 20 47 20 4 22 9 9 4 9 20 4 9 20 4 4 9 4 9 20 20 9 4 9 20 4 4 9 9 8 47 9 20 
Custo Total: 216902
Total de iterações: 114360
Melhorias: 12
Tempo até a melhor solução: 28.4665 segundos
Iterações até a melhor solução: 108561
Soma dos custos: 19167572775
Média dos custos: 167607
Pior valor encontrado: 368085
Melhor solução encontrada:
Instalacoes:
0 0 0 0 1 0 0 0 1 1 0 0 0 0 0 0 0 0 0 0 1 0 1 0 0 0 0 0 0 0 0 0 0 0 0 0 0 0 0 0 0 0 0 0 0 0 0 0 0 0 
Atribuicoes:
9 8 20 20 4 20 9 4 8 9 9 20 20 9 4 4 20 9 20 4 20 9 22 4 9 9 9 20 9 9 20 20 9 20 20 9 20 20 8 9 20 4 4 9 8 8 4 8 9 20 
Custo Total: 164816
