Instância: Data/raw/50_P60_M0_Continuo_2.txt
Tempo limite: 30 segundos
Seed: 4
Tamanho da pertubação: 5
Solução inicial:
Instalacoes:
1 0 1 0 1 0 0 0 1 1 0 1 0 0 0 0 0 0 1 1 1 0 1 1 0 0 0 1 0 0 0 0 0 0 0 0 0 0 0 1 0 0 0 0 0 0 1 0 0 0 
Atribuicoes:
0 0 23 18 4 23 18 18 8 9 18 11 39 23 0 9 20 18 46 19 20 19 22 8 9 39 4 27 0 23 23 27 19 4 0 9 18 39 46 39 9 20 8 0 46 46 8 19 39 9 
Custo Total: 2333741
Solução após busca local:
Instalacoes:
1 1 0 0 1 0 0 0 1 1 0 0 0 1 0 0 0 0 1 1 1 0 1 1 0 0 0 1 0 0 1 1 0 0 0 0 0 0 0 1 0 0 0 1 0 0 1 1 0 1 
Atribuicoes:
1 8 23 39 4 30 39 20 8 9 18 4 4 8 9 8 30 4 47 9 20 19 22 30 9 39 4 27 30 23 47 1 49 20 0 18 13 47 1 1 1 20 8 43 0 46 46 19 23 47 
Custo Total: 648877
Total de iterações: 25375
Melhorias: 15
Tempo até a melhor solução: 1.71519 segundos
Iterações até a melhor solução: 1441
Soma dos custos: 11229258646
Média dos custos: 442532
Pior valor encontrado: 683881
Melhor solução encontrada:
Instalacoes:
1 1 0 0 1 0 0 0 1 1 0 0 0 1 0 0 1 0 0 0 1 0 1 0 0 0 0 0 0 0 1 0 0 0 0 0 0 0 0 0 0 0 0 0 0 0 0 1 0 1 
Atribuicoes:
8 8 30 9 4 16 9 20 8 47 49 13 4 8 47 20 16 4 0 0 20 1 22 49 9 1 4 9 30 13 13 1 8 20 9 49 30 49 16 1 1 20 47 8 47 16 4 4 13 0 
Custo Total: 441130
