Instância: Data/raw/50_P10_M1_HUB_4.txt
Tempo limite: 30 segundos
Seed: 2
Tamanho da pertubação: 5
Solução inicial:
Instalacoes:
0 1 0 0 0 0 0 0 1 1 0 0 0 1 0 0 1 0 0 0 0 0 1 0 0 0 0 0 0 0 0 0 0 0 0 0 0 0 0 0 0 0 0 0 0 0 0 0 0 0 
Atribuicoes:
9 1 13 13 8 13 13 16 8 9 9 9 1 13 16 9 16 1 16 9 8 9 22 13 1 13 13 9 1 13 9 13 9 9 1 16 9 13 8 13 9 16 8 9 1 8 8 9 13 1 
Custo Total: 898758
Solução após busca local:
Instalacoes:
0 1 0 0 1 0 0 0 1 1 0 0 0 1 0 0 1 0 0 0 1 0 1 0 0 0 0 0 0 0 0 0 0 0 0 0 0 0 0 0 0 0 0 0 0 0 0 0 0 0 
Atribuicoes:
9 1 9 20 8 9 9 20 8 9 9 20 20 13 20 4 8 4 9 9 4 9 22 20 20 13 4 20 9 20 9 20 4 9 1 20 20 4 8 9 9 20 8 4 1 8 20 9 20 9 
Custo Total: 245423
Total de iterações: 113291
Melhorias: 12
Tempo até a melhor solução: 16.3286 segundos
Iterações até a melhor solução: 60468
Soma dos custos: 21587499991
Média dos custos: 190549
Pior valor encontrado: 397402
Melhor solução encontrada:
Instalacoes:
0 0 0 0 1 0 0 0 1 1 0 0 0 0 0 0 0 0 0 0 1 0 1 0 0 0 0 0 0 0 0 0 0 0 0 0 0 0 0 0 0 0 0 0 0 0 0 1 0 0 
Atribuicoes:
9 4 9 20 4 9 9 20 8 9 9 20 9 20 20 8 9 20 20 9 4 9 22 20 20 9 47 8 9 20 9 20 4 9 9 20 20 4 8 9 9 20 8 4 47 4 8 47 20 9 
Custo Total: 189799
