Instância: Data/raw/50_P5_M0_Continuo_2.txt
Tempo limite: 30 segundos
Seed: 2
Tamanho da pertubação: 5
Solução inicial:
Instalacoes:
0 1 0 0 1 0 0 0 0 0 0 0 0 1 0 0 0 0 0 0 0 0 1 0 0 0 0 0 0 0 0 0 0 0 0 0 0 0 0 0 0 0 0 0 0 0 0 1 0 0 
Atribuicoes:
47 1 13 13 4 47 13 1 4 4 4 4 1 13 47 4 4 1 4 1 4 47 22 13 4 13 1 4 47 13 1 47 1 1 1 4 13 47 47 13 4 4 1 1 47 47 13 1 13 1 
Custo Total: 502291
Solução após busca local:
Instalacoes:
0 1 0 0 1 0 0 0 0 1 0 0 0 1 0 0 0 0 0 0 0 0 1 0 0 0 0 0 0 0 0 0 0 0 0 0 0 0 0 0 0 0 0 0 0 0 0 1 0 0 
Atribuicoes:
47 9 4 9 4 47 9 9 9 4 9 4 9 13 4 4 4 4 4 1 4 9 22 9 4 13 9 9 4 9 4 47 9 9 1 9 4 9 47 13 4 4 9 9 47 9 4 47 9 9 
Custo Total: 198595
Total de iterações: 174485
Melhorias: 12
Tempo até a melhor solução: 29.2436 segundos
Iterações até a melhor solução: 170089
Soma dos custos: 28344873920
Média dos custos: 162449
Pior valor encontrado: 363901
Melhor solução encontrada:
Instalacoes:
0 0 0 0 1 0 0 0 1 1 0 0 0 0 0 0 0 0 0 0 1 0 1 0 0 0 0 0 0 0 0 0 0 0 0 0 0 0 0 0 0 0 0 0 0 0 0 0 0 0 
Atribuicoes:
9 4 9 20 4 4 9 20 8 9 20 20 20 9 9 9 20 20 20 4 20 9 22 9 20 9 8 20 9 9 20 9 9 9 9 4 9 20 4 20 20 20 8 4 9 8 8 9 4 9 
Custo Total: 162055
