Instância: Data/raw/50_P90_M0_Continuo_7.txt
Tempo limite: 30 segundos
Seed: 10
Tamanho da pertubação: 5
Solução inicial:
Instalacoes:
1 1 1 1 0 0 0 1 0 0 0 0 0 0 0 1 0 0 0 1 0 1 1 1 1 1 0 0 0 0 1 0 0 0 0 0 0 0 1 0 0 0 1 0 0 0 1 1 0 0 
Atribuicoes:
47 1 30 3 1 30 1 7 1 42 46 22 7 23 19 15 42 7 15 47 24 21 22 2 24 25 19 22 30 23 30 25 2 23 1 42 3 7 38 25 30 46 42 47 1 38 46 47 25 19 
Custo Total: 2733891
Solução após busca local:
Instalacoes:
0 1 1 0 1 0 0 1 1 1 0 0 0 1 0 1 1 0 1 1 1 0 1 1 1 1 0 1 1 0 1 1 0 0 1 1 0 0 1 1 0 0 1 1 0 0 1 1 0 1 
Atribuicoes:
47 20 49 31 1 9 1 7 16 42 35 22 4 23 43 15 27 18 35 43 20 30 22 2 24 2 19 27 28 34 30 31 8 23 28 8 39 39 47 9 16 39 42 13 19 18 46 47 25 24 
Custo Total: 1084837
Total de iterações: 16158
Melhorias: 20
Tempo até a melhor solução: 23.5528 segundos
Iterações até a melhor solução: 12422
Soma dos custos: 13221673774
Média dos custos: 818274
Pior valor encontrado: 1066990
Melhor solução encontrada:
Instalacoes:
1 1 0 0 1 0 0 0 1 1 0 0 0 1 0 0 1 0 1 1 1 0 1 1 0 0 0 0 1 0 1 1 0 0 1 1 0 0 0 1 0 0 1 0 0 0 0 1 0 1 
Atribuicoes:
4 20 28 31 35 35 39 25 47 42 31 22 9 23 30 19 8 1 16 30 20 0 22 0 0 1 19 8 49 4 25 31 13 23 49 16 18 18 47 9 28 18 42 13 8 1 9 47 39 34 
Custo Total: 799135
