Instância: Data/raw/50_P90_M0_Continuo_1.txt
Tempo limite: 30 segundos
Seed: 4
Tamanho da pertubação: 5
Solução inicial:
Instalacoes:
1 0 1 1 0 1 0 1 0 1 0 0 0 0 1 1 0 0 1 1 0 0 1 0 0 0 0 0 1 1 0 0 0 0 0 0 0 0 1 1 0 0 1 1 0 0 1 0 0 0 
Atribuicoes:
0 0 2 3 18 5 18 7 18 9 15 2 7 2 14 9 46 7 14 19 14 43 22 29 42 39 18 18 28 29 2 28 43 2 0 9 3 7 38 39 28 15 42 19 18 38 46 19 39 0 
Custo Total: 3015757
Solução após busca local:
Instalacoes:
1 1 1 0 1 0 0 1 1 1 0 1 0 1 1 1 1 0 1 1 1 0 1 1 0 1 0 0 1 1 1 1 0 0 1 0 0 0 1 1 0 0 1 1 0 0 1 1 0 0 
Atribuicoes:
8 0 4 19 20 28 39 31 4 9 15 11 20 2 14 13 34 7 16 47 23 34 22 29 1 2 46 18 13 25 9 11 43 31 8 9 22 25 1 13 28 30 42 23 47 38 46 19 39 0 
Custo Total: 1037343
Total de iterações: 17643
Melhorias: 28
Tempo até a melhor solução: 25.0288 segundos
Iterações até a melhor solução: 14759
Soma dos custos: 13767501001
Média dos custos: 780338
Pior valor encontrado: 1048917
Melhor solução encontrada:
Instalacoes:
1 1 0 0 1 0 0 0 1 1 0 0 0 1 0 0 1 0 1 1 1 0 1 1 0 1 0 0 0 0 1 1 0 0 1 1 0 0 0 1 0 0 0 0 0 0 1 1 0 1 
Atribuicoes:
49 1 34 8 35 19 13 39 4 23 22 31 35 47 34 0 49 8 46 47 18 20 9 23 9 25 47 25 30 13 39 31 22 39 49 4 8 13 9 30 18 16 16 20 20 0 46 19 23 1 
Custo Total: 758128
