Instância: Data/raw/50_P20_M1_HUB_2.txt
Tempo limite: 30 segundos
Seed: 1
Tamanho da pertubação: 5
Solução inicial:
Instalacoes:
1 1 0 0 1 0 0 0 0 1 0 0 0 0 0 0 0 0 0 0 1 0 1 0 0 0 0 0 0 0 1 0 0 0 0 0 0 0 0 0 0 0 0 0 0 0 0 0 0 0 
Atribuicoes:
1 1 9 20 4 30 0 20 4 9 20 20 22 30 1 9 20 22 20 1 20 1 22 30 4 30 0 20 1 0 30 1 30 0 1 9 20 4 0 20 9 20 4 1 0 4 4 9 9 4 
Custo Total: 1210933
Solução após busca local:
Instalacoes:
1 1 0 0 1 0 0 0 1 1 0 0 0 1 0 0 0 0 0 0 1 0 1 0 0 0 0 0 0 0 1 0 0 0 0 0 0 0 0 0 0 0 0 0 0 0 0 1 0 0 
Atribuicoes:
47 1 9 20 4 1 0 20 8 9 20 4 9 8 1 9 20 22 8 1 20 4 22 9 4 1 20 20 47 20 30 4 4 9 1 9 13 4 9 20 9 20 4 8 9 4 0 9 13 4 
Custo Total: 324293
Total de iterações: 58649
Melhorias: 10
Tempo até a melhor solução: 15.4017 segundos
Iterações até a melhor solução: 32433
Soma dos custos: 13090021515
Média dos custos: 223193
Pior valor encontrado: 446950
Melhor solução encontrada:
Instalacoes:
0 1 0 0 1 0 0 0 1 1 0 0 0 0 0 0 0 0 0 0 1 0 1 0 0 0 0 0 0 0 0 0 0 0 0 0 0 0 0 0 0 0 0 0 0 0 0 0 0 0 
Atribuicoes:
9 8 20 20 8 1 9 20 8 8 20 22 20 4 8 4 20 20 9 8 20 9 22 9 4 9 8 8 20 9 1 4 4 9 1 9 22 4 9 9 9 20 4 4 8 4 4 1 1 4 
Custo Total: 214734
