Instância: Data/raw/50_P60_M0_Continuo_1.txt
Tempo limite: 30 segundos
Seed: 5
Tamanho da pertubação: 5
Solução inicial:
Instalacoes:
1 1 1 0 0 0 0 1 0 0 0 0 0 1 0 0 0 0 1 1 0 0 1 0 1 0 0 0 0 0 1 0 0 0 1 0 0 0 0 1 0 0 1 0 0 0 1 1 0 0 
Atribuicoes:
0 0 2 22 42 2 1 7 46 0 47 22 7 2 34 0 42 7 18 19 47 34 22 13 24 39 47 13 2 13 30 39 30 39 34 42 22 7 42 39 1 18 47 34 47 42 46 19 39 0 
Custo Total: 2177619
Solução após busca local:
Instalacoes:
1 1 1 0 1 1 0 1 1 1 0 0 0 1 0 0 1 0 1 1 1 0 1 0 0 0 0 0 0 0 0 0 0 0 1 0 0 0 0 1 0 0 1 0 0 0 1 1 0 1 
Atribuicoes:
1 0 13 39 8 30 1 20 46 9 20 8 22 8 34 0 42 13 18 19 47 47 22 13 30 1 47 20 4 49 20 16 9 8 4 16 13 9 42 8 1 18 4 49 47 9 46 19 39 0 
Custo Total: 675448
Total de iterações: 25958
Melhorias: 15
Tempo até a melhor solução: 25.8195 segundos
Iterações até a melhor solução: 22505
Soma dos custos: 12028752417
Média dos custos: 463393
Pior valor encontrado: 695081
Melhor solução encontrada:
Instalacoes:
1 1 0 0 1 0 0 0 1 1 0 0 0 1 0 0 1 0 1 0 1 0 1 0 0 0 0 0 0 0 0 0 0 0 0 0 0 0 0 0 0 0 0 0 0 0 1 1 0 1 
Atribuicoes:
1 16 13 4 8 9 1 0 20 9 22 8 22 8 47 49 16 4 18 0 47 47 22 4 0 1 4 13 0 20 1 16 9 8 49 49 13 9 46 8 1 18 4 49 47 9 46 20 20 20 
Custo Total: 450671
