Instância: Data/raw/50_P70_M1_Continuo_10.txt
Tempo limite: 30 segundos
Seed: 10
Tamanho da pertubação: 5
Solução inicial:
Instalacoes:
0 1 0 1 0 0 0 0 1 0 0 0 0 0 0 1 0 0 1 1 1 0 1 1 0 1 0 0 1 0 0 0 0 0 0 0 0 0 0 1 0 0 1 0 0 0 0 1 0 0 
Atribuicoes:
47 1 23 3 15 25 25 19 15 42 18 20 22 23 47 15 20 22 18 47 18 15 22 23 8 39 47 20 28 19 23 25 28 3 1 20 3 20 8 39 28 18 42 47 42 8 42 47 39 8 
Custo Total: 1992112
Solução após busca local:
Instalacoes:
1 1 0 1 1 0 0 0 1 1 0 0 0 1 0 0 1 0 1 1 1 0 1 1 0 1 0 0 1 0 1 0 0 0 0 0 0 0 0 1 0 0 1 0 0 0 1 1 0 1 
Atribuicoes:
30 1 23 8 30 25 25 19 46 47 18 9 22 13 9 4 20 46 18 4 16 0 22 23 49 19 47 20 28 13 23 25 4 1 1 49 3 30 8 39 16 16 42 47 13 8 20 47 39 8 
Custo Total: 749749
Total de iterações: 21098
Melhorias: 17
Tempo até a melhor solução: 21.8687 segundos
Iterações até a melhor solução: 15360
Soma dos custos: 12020900781
Média dos custos: 569765
Pior valor encontrado: 804616
Melhor solução encontrada:
Instalacoes:
1 1 0 0 1 0 0 0 1 1 0 0 0 1 0 0 1 0 1 0 1 0 1 0 0 1 0 0 0 0 1 1 0 0 1 0 0 0 0 0 0 0 0 0 0 0 0 1 0 1 
Atribuicoes:
13 34 30 8 9 25 9 18 9 0 1 47 13 13 1 9 20 22 4 4 31 49 22 30 16 31 0 20 25 1 30 47 16 1 34 49 18 31 8 47 16 18 4 0 47 8 20 0 25 8 
Custo Total: 566781
