Instância: Data/raw/50_P40_M1_HUB_7.txt
Tempo limite: 30 segundos
Seed: 3
Tamanho da pertubação: 5
Solução inicial:
Instalacoes:
1 0 0 0 1 0 0 0 0 1 0 1 0 1 0 0 0 0 0 1 1 0 1 1 0 0 0 0 0 0 1 0 0 0 0 0 0 0 0 1 0 0 0 0 0 0 0 0 0 0 
Atribuicoes:
0 0 30 39 4 13 19 9 4 4 20 11 11 13 0 4 20 9 20 19 20 9 22 23 4 13 0 11 13 23 30 13 30 39 0 9 39 39 19 39 4 20 4 0 19 4 9 0 39 4 
Custo Total: 1939988
Solução após busca local:
Instalacoes:
1 1 0 0 1 0 0 0 1 1 0 1 0 1 0 0 0 0 0 1 1 0 1 1 0 1 0 0 0 0 1 0 0 0 0 0 0 0 0 1 0 0 0 0 0 0 0 1 0 0 
Atribuicoes:
47 0 9 13 8 1 9 9 47 1 20 47 47 13 1 4 20 9 20 1 20 4 22 23 4 20 4 11 47 23 30 13 30 20 8 9 13 13 8 8 13 20 1 9 4 8 9 1 13 4 
Custo Total: 455444
Total de iterações: 33089
Melhorias: 13
Tempo até a melhor solução: 22.7025 segundos
Iterações até a melhor solução: 25074
Soma dos custos: 10150586932
Média dos custos: 306766
Pior valor encontrado: 561155
Melhor solução encontrada:
Instalacoes:
0 1 0 0 1 0 0 0 1 1 0 0 0 1 0 0 0 0 0 0 1 0 1 0 0 0 0 0 0 0 1 0 0 0 0 0 0 0 0 0 0 0 0 0 0 0 0 1 0 0 
Atribuicoes:
4 20 9 13 20 1 4 9 1 9 13 4 47 13 47 1 47 9 20 47 20 1 22 30 4 20 4 30 1 8 13 13 8 20 30 9 13 4 8 47 47 20 47 9 4 8 9 47 13 8 
Custo Total: 305231
