Instância: Data/raw/50_P70_M1_Continuo_7.txt
Tempo limite: 30 segundos
Seed: 9
Tamanho da pertubação: 5
Solução inicial:
Instalacoes:
1 1 0 0 0 0 0 1 0 0 0 0 0 1 0 0 1 0 0 1 0 0 1 0 0 1 0 0 1 1 1 0 1 0 1 1 0 0 1 1 0 0 1 0 0 0 1 1 0 0 
Atribuicoes:
30 1 25 25 34 0 7 7 46 28 47 22 7 13 0 34 16 35 35 19 7 42 22 29 1 25 0 22 28 29 25 30 32 13 1 47 25 35 38 39 47 47 42 42 0 38 46 47 39 1 
Custo Total: 1965100
Solução após busca local:
Instalacoes:
1 1 0 0 1 0 0 1 1 1 0 0 0 1 0 0 0 0 1 0 1 0 1 0 0 1 0 0 0 1 1 1 0 0 1 1 0 0 1 1 0 0 1 0 0 0 1 1 0 1 
Atribuicoes:
4 49 20 8 49 0 13 7 46 35 8 13 47 13 0 34 42 22 35 1 18 0 34 31 4 25 8 22 34 29 25 30 8 20 1 47 25 30 38 39 47 31 9 9 9 1 46 4 39 9 
Custo Total: 792976
Total de iterações: 20836
Melhorias: 18
Tempo até a melhor solução: 12.4796 segundos
Iterações até a melhor solução: 8771
Soma dos custos: 11270365901
Média dos custos: 540908
Pior valor encontrado: 797204
Melhor solução encontrada:
Instalacoes:
1 1 0 0 1 0 0 0 1 1 0 0 0 1 0 0 1 0 1 1 1 0 1 0 0 0 0 0 0 0 1 0 0 0 0 0 0 0 0 1 0 0 0 0 0 0 1 1 0 0 
Atribuicoes:
19 47 20 8 47 0 13 13 46 16 8 47 13 13 0 9 46 39 18 47 18 0 22 1 4 1 8 30 22 30 30 4 8 9 19 9 18 4 1 39 20 16 20 19 20 47 46 4 16 20 
Custo Total: 539493
