Instância: Data/raw/50_P30_M0_Continuo_10.txt
Tempo limite: 30 segundos
Seed: 3
Tamanho da pertubação: 5
Solução inicial:
Instalacoes:
1 1 0 0 0 1 0 0 0 0 0 0 0 1 0 0 0 0 0 0 0 0 1 0 0 0 0 0 0 0 1 0 0 0 0 0 0 0 0 1 0 0 0 0 0 0 1 1 0 1 
Atribuicoes:
47 1 30 13 46 30 5 30 46 47 1 22 49 13 47 47 49 0 49 47 0 0 22 13 1 30 0 13 47 30 30 30 1 30 1 49 13 49 13 39 47 0 0 47 0 46 46 47 39 1 
Custo Total: 2056931
Solução após busca local:
Instalacoes:
1 1 0 0 1 0 0 0 1 1 0 0 0 1 0 0 0 0 0 0 1 0 1 0 0 0 0 1 0 0 1 0 0 0 0 1 0 0 0 0 0 0 0 0 0 0 1 1 0 1 
Atribuicoes:
47 4 20 13 8 20 20 8 46 20 47 8 8 13 47 47 20 20 13 9 47 20 22 9 1 8 0 9 13 1 30 30 4 4 1 9 13 39 4 8 49 4 1 47 9 8 8 4 8 1 
Custo Total: 488076
Total de iterações: 44417
Melhorias: 23
Tempo até a melhor solução: 10.6004 segundos
Iterações até a melhor solução: 15456
Soma dos custos: 12322660206
Média dos custos: 277431
Pior valor encontrado: 514290
Melhor solução encontrada:
Instalacoes:
0 1 0 0 1 0 0 0 1 1 0 0 0 1 0 0 0 0 0 0 1 0 1 0 0 0 0 0 0 0 0 0 0 0 0 0 0 0 0 0 0 0 0 0 0 0 0 1 0 0 
Atribuicoes:
20 4 13 20 4 9 20 8 47 20 47 4 8 13 20 1 20 20 4 1 4 20 4 9 8 4 9 22 13 1 20 47 9 4 13 9 13 47 47 9 8 1 8 47 8 4 8 9 9 9 
Custo Total: 271037
