Instância: Data/raw/50_P30_M1_Continuo_2.txt
Tempo limite: 30 segundos
Seed: 4
Tamanho da pertubação: 5
Solução inicial:
Instalacoes:
1 0 0 0 0 0 0 0 0 0 0 0 0 1 0 0 0 0 1 1 0 0 1 1 0 0 0 0 0 0 1 0 0 0 0 1 0 0 0 0 0 0 0 0 0 0 1 0 0 1 
Atribuicoes:
0 0 13 23 46 13 49 22 46 46 30 22 30 13 19 0 35 0 18 19 18 30 22 13 35 13 19 13 23 23 30 13 23 13 49 35 23 30 46 13 35 18 46 19 46 46 46 19 13 49 
Custo Total: 1403326
Solução após busca local:
Instalacoes:
1 0 0 0 1 0 0 0 1 1 0 0 0 1 0 0 0 0 1 1 1 0 1 0 0 0 0 0 0 0 1 0 0 0 0 1 0 0 0 0 0 0 0 0 0 0 1 1 0 0 
Atribuicoes:
0 0 20 8 9 20 4 47 8 4 4 22 22 20 9 0 20 9 18 19 20 47 22 13 4 13 47 20 8 9 20 9 47 20 4 8 8 47 4 13 49 18 8 47 47 4 46 0 13 8 
Custo Total: 454683
Total de iterações: 46373
Melhorias: 13
Tempo até a melhor solução: 17.6971 segundos
Iterações até a melhor solução: 26720
Soma dos custos: 12503493205
Média dos custos: 269629
Pior valor encontrado: 507715
Melhor solução encontrada:
Instalacoes:
0 1 0 0 1 0 0 0 1 1 0 0 0 1 0 0 0 0 0 0 1 0 1 0 0 0 0 0 0 0 0 0 0 0 0 0 0 0 0 0 0 0 0 0 0 0 0 1 0 0 
Atribuicoes:
1 1 20 8 9 20 47 13 8 4 4 4 9 20 1 4 20 13 9 47 20 9 22 13 4 9 47 20 8 9 47 9 13 4 4 8 8 1 20 9 13 1 8 47 4 4 20 47 9 8 
Custo Total: 264476
