Instância: Data/raw/50_P90_M1_HUB_2.txt
Tempo limite: 30 segundos
Seed: 3
Tamanho da pertubação: 5
Solução inicial:
Instalacoes:
1 0 1 0 1 1 0 1 1 1 0 0 0 0 1 0 0 0 1 1 0 0 1 1 0 1 0 0 1 0 0 0 0 0 0 0 0 0 0 1 0 1 1 0 0 0 0 1 0 0 
Atribuicoes:
4 4 2 25 9 5 28 7 9 19 41 9 7 2 14 19 41 23 18 47 41 9 22 23 14 5 19 9 8 14 2 8 5 5 4 41 25 23 8 39 8 18 42 9 19 4 9 47 39 0 
Custo Total: 3204016
Solução após busca local:
Instalacoes:
1 1 1 0 1 1 0 1 1 1 0 0 0 1 1 1 1 0 1 1 1 0 1 1 0 1 0 1 0 1 1 1 0 0 0 1 0 0 0 1 0 1 0 1 0 0 1 1 0 1 
Atribuicoes:
4 20 29 25 9 13 25 7 46 1 1 22 7 20 14 15 16 49 18 0 9 29 22 23 35 5 19 9 14 29 2 46 30 39 4 18 13 23 8 39 8 41 4 43 46 20 19 47 31 5 
Custo Total: 1055214
Total de iterações: 15139
Melhorias: 28
Tempo até a melhor solução: 28.3324 segundos
Iterações até a melhor solução: 14328
Soma dos custos: 13093681645
Média dos custos: 864897
Pior valor encontrado: 1090051
Melhor solução encontrada:
Instalacoes:
1 1 0 0 1 0 0 0 1 1 0 1 0 1 0 0 1 0 1 1 1 0 1 1 0 1 0 0 0 0 1 1 1 0 1 1 0 0 0 1 0 0 0 0 0 0 1 1 0 1 
Atribuicoes:
13 4 23 13 20 39 18 16 8 1 25 11 11 31 16 47 34 22 18 19 46 23 22 47 35 49 13 31 16 23 32 30 30 1 20 35 39 8 1 9 25 47 20 19 8 4 9 0 46 49 
Custo Total: 850342
