Instância: Data/raw/50_P70_M0_Continuo_1.txt
Tempo limite: 30 segundos
Seed: 8
Tamanho da pertubação: 5
Solução inicial:
Instalacoes:
1 0 0 1 1 0 0 0 0 1 0 0 0 0 0 0 1 0 1 1 0 0 1 1 0 0 0 1 0 1 1 0 0 0 1 0 0 0 0 1 0 0 1 0 0 0 1 1 0 0 
Atribuicoes:
4 4 34 3 42 30 34 3 46 9 16 27 39 23 19 9 16 18 18 47 42 9 22 29 16 23 47 27 34 29 30 30 30 23 4 9 3 39 47 39 16 18 42 19 47 4 46 19 39 4 
Custo Total: 2006984
Solução após busca local:
Instalacoes:
0 1 0 1 1 0 0 0 1 1 0 0 0 1 0 0 1 0 1 1 1 0 1 1 0 1 0 0 0 1 1 1 0 0 1 0 0 0 0 1 0 0 1 0 0 0 1 1 0 1 
Atribuicoes:
4 30 34 18 42 30 13 20 46 8 47 4 13 23 49 9 16 31 9 1 49 1 22 29 16 25 20 34 13 29 30 31 8 4 19 9 3 39 47 25 29 18 42 1 47 4 46 19 39 49 
Custo Total: 750872
Total de iterações: 21152
Melhorias: 18
Tempo até a melhor solução: 26.606 segundos
Iterações até a melhor solução: 18683
Soma dos custos: 11881114976
Média dos custos: 561702
Pior valor encontrado: 807524
Melhor solução encontrada:
Instalacoes:
1 1 0 0 1 0 0 0 1 1 0 0 0 1 0 0 1 0 1 1 1 0 1 0 0 0 0 0 0 0 1 0 0 0 0 0 0 0 0 1 0 0 0 0 0 0 1 1 0 1 
Atribuicoes:
4 49 9 8 20 30 13 20 46 16 47 4 9 39 49 0 16 22 8 1 18 30 9 8 16 1 20 22 9 9 30 19 13 4 19 0 20 13 47 39 18 49 13 1 47 4 46 19 16 9 
Custo Total: 555085
