Instância: Data/raw/50_P90_M0_Continuo_5.txt
Tempo limite: 30 segundos
Seed: 7
Tamanho da pertubação: 5
Solução inicial:
Instalacoes:
1 0 1 1 0 1 1 1 0 1 0 1 0 0 1 0 0 0 1 1 0 0 1 0 0 0 0 0 1 1 0 0 0 0 0 0 0 0 1 1 0 1 1 0 0 0 1 1 0 0 
Atribuicoes:
47 47 2 3 46 5 6 7 42 9 41 11 7 2 14 9 41 7 18 47 41 14 22 29 42 5 19 11 28 29 2 28 29 5 47 9 3 7 38 39 28 18 19 14 47 38 46 14 39 47 
Custo Total: 2509647
Solução após busca local:
Instalacoes:
0 1 1 1 1 1 0 1 1 1 0 1 0 1 1 0 1 0 1 1 1 0 1 0 0 1 0 0 1 1 1 1 0 0 1 1 0 0 0 1 0 1 1 0 0 0 1 1 0 1 
Atribuicoes:
0 4 0 3 46 13 47 7 42 9 41 11 8 2 14 9 13 25 18 8 41 30 22 29 16 5 1 31 20 29 20 28 2 25 34 1 18 39 19 8 28 35 19 14 42 47 46 49 39 47 
Custo Total: 1089431
Total de iterações: 17014
Melhorias: 28
Tempo até a melhor solução: 26.7736 segundos
Iterações até a melhor solução: 15110
Soma dos custos: 14060576049
Média dos custos: 826412
Pior valor encontrado: 1112374
Melhor solução encontrada:
Instalacoes:
1 1 0 0 1 0 0 0 1 1 0 0 0 1 0 0 1 0 1 1 1 0 1 1 0 1 0 0 1 0 1 1 0 0 1 1 0 0 0 0 0 0 1 0 0 0 1 1 0 1 
Atribuicoes:
8 1 8 20 46 31 0 47 9 42 22 35 1 30 4 19 31 16 9 9 4 13 8 23 4 25 19 13 28 23 49 28 30 16 34 35 13 22 47 18 16 18 20 4 42 0 46 49 25 0 
Custo Total: 812478
