Instância: Data/raw/50_P60_M1_HUB_4.txt
Tempo limite: 30 segundos
Seed: 3
Tamanho da pertubação: 5
Solução inicial:
Instalacoes:
0 1 0 1 0 0 0 1 0 1 0 0 0 1 0 1 0 0 1 1 0 0 1 1 0 0 0 0 0 0 1 0 0 0 0 0 0 0 0 0 0 0 1 0 0 0 1 0 0 0 
Atribuicoes:
19 1 23 3 42 13 3 7 46 9 22 13 7 23 1 9 9 7 42 19 18 1 22 23 9 23 42 18 1 23 30 13 30 13 1 9 3 7 18 13 9 1 42 19 42 46 46 19 13 9 
Custo Total: 2827794
Solução após busca local:
Instalacoes:
1 1 0 1 1 0 0 1 1 1 0 0 0 1 0 0 1 0 1 1 1 0 1 1 0 0 0 0 0 0 1 1 0 0 0 0 0 0 0 1 0 0 1 0 0 0 1 1 0 1 
Atribuicoes:
19 1 23 30 1 49 47 7 46 9 9 20 9 1 49 0 9 16 16 19 18 1 22 23 1 20 8 23 8 31 30 20 30 13 9 9 30 39 8 16 47 4 4 47 42 20 46 49 13 49 
Custo Total: 741965
Total de iterações: 23824
Melhorias: 13
Tempo até a melhor solução: 9.94306 segundos
Iterações até a melhor solução: 8073
Soma dos custos: 12227025599
Média dos custos: 513223
Pior valor encontrado: 785338
Melhor solução encontrada:
Instalacoes:
1 1 0 0 1 0 0 0 1 1 0 0 0 1 0 0 1 0 0 1 1 0 1 1 0 0 0 0 0 0 1 0 0 0 0 0 0 0 0 0 0 0 0 0 0 0 0 1 0 0 
Atribuicoes:
19 1 23 30 1 30 13 13 8 9 9 20 9 1 20 16 9 47 1 4 16 47 49 23 1 20 0 23 30 13 8 20 30 47 9 9 8 22 8 8 47 4 4 0 49 20 47 19 22 8 
Custo Total: 504864
