Instância: Data/raw/50_P30_M1_Continuo_1.txt
Tempo limite: 30 segundos
Seed: 10
Tamanho da pertubação: 5
Solução inicial:
Instalacoes:
1 0 0 0 0 0 0 0 1 1 0 0 0 0 0 0 0 0 1 1 1 0 1 0 0 0 0 0 0 0 1 0 0 0 0 0 0 0 0 1 0 0 0 0 0 0 0 1 0 0 
Atribuicoes:
9 0 19 39 8 30 22 20 8 0 9 20 20 19 19 0 18 18 18 9 20 9 22 30 0 39 9 20 20 47 30 30 30 39 0 18 39 20 9 19 9 8 8 19 9 8 8 47 18 0 
Custo Total: 1410505
Solução após busca local:
Instalacoes:
1 1 0 0 1 0 0 0 1 1 0 0 0 0 0 0 1 0 1 1 1 0 1 0 0 0 0 0 0 0 1 1 0 0 0 0 0 0 0 0 0 0 0 0 0 0 0 1 0 0 
Atribuicoes:
4 4 47 9 8 1 8 20 8 0 16 20 20 4 1 20 18 9 18 9 16 47 22 4 9 30 9 8 20 4 30 1 1 20 0 16 30 20 9 20 9 16 8 0 8 47 8 47 8 0 
Custo Total: 413120
Total de iterações: 41315
Melhorias: 14
Tempo até a melhor solução: 5.14365 segundos
Iterações até a melhor solução: 7075
Soma dos custos: 11392972279
Média dos custos: 275759
Pior valor encontrado: 544851
Melhor solução encontrada:
Instalacoes:
0 1 0 0 1 0 0 0 1 1 0 0 0 1 0 0 0 0 0 0 1 0 0 0 0 0 0 0 0 0 0 0 0 0 0 0 0 0 0 0 0 0 0 0 0 0 0 1 0 0 
Atribuicoes:
4 1 9 9 8 20 9 9 8 4 4 20 20 13 20 4 1 8 47 47 9 9 22 13 9 13 9 9 20 4 4 1 1 20 4 22 13 13 47 20 8 9 8 47 8 20 8 20 8 1 
Custo Total: 270595
