Instância: Data/raw/50_P80_M0_Continuo_7.txt
Tempo limite: 30 segundos
Seed: 2
Tamanho da pertubação: 5
Solução inicial:
Instalacoes:
1 0 1 1 1 1 0 1 1 0 0 0 0 0 0 0 0 0 1 1 0 0 1 0 0 0 0 0 1 1 0 0 0 0 0 1 0 0 0 1 0 0 1 1 0 0 1 0 0 0 
Atribuicoes:
8 0 2 3 4 5 35 7 8 4 5 22 18 2 19 42 42 18 18 19 4 43 22 29 0 39 43 22 28 29 5 28 5 2 0 4 3 18 46 39 35 4 8 19 46 4 8 19 39 42 
Custo Total: 2491365
Solução após busca local:
Instalacoes:
1 1 1 1 1 1 0 0 1 1 0 0 0 1 0 0 1 0 1 1 1 0 1 1 0 0 0 0 1 1 1 1 0 0 0 1 0 0 0 1 0 0 0 1 0 0 1 1 0 1 
Atribuicoes:
8 0 2 3 8 30 39 22 47 20 5 13 39 23 19 1 31 5 18 4 20 43 1 8 0 9 4 22 28 29 5 16 4 13 49 4 47 18 16 39 35 35 42 30 46 42 8 19 1 9 
Custo Total: 882065
Total de iterações: 18757
Melhorias: 12
Tempo até a melhor solução: 8.91042 segundos
Iterações até a melhor solução: 5678
Soma dos custos: 12357831756
Média dos custos: 658838
Pior valor encontrado: 915950
Melhor solução encontrada:
Instalacoes:
1 1 0 0 1 0 0 0 1 1 0 0 0 1 0 0 1 0 1 0 1 0 1 1 0 0 0 0 0 0 1 1 0 0 1 0 0 0 0 1 0 0 0 0 0 0 1 1 0 1 
Atribuicoes:
8 0 23 49 8 30 39 22 46 0 22 23 39 13 18 1 16 9 18 4 20 16 22 8 0 30 4 31 16 9 46 47 4 13 34 4 20 18 47 39 31 49 9 30 20 1 8 1 1 34 
Custo Total: 653159
