Instância: Data/raw/50_P20_M1_HUB_4.txt
Tempo limite: 30 segundos
Seed: 5
Tamanho da pertubação: 5
Solução inicial:
Instalacoes:
0 1 0 0 0 0 0 0 1 0 0 0 0 1 0 0 1 0 1 0 0 0 1 1 0 0 0 0 0 0 0 0 0 0 0 0 0 0 0 0 0 0 0 0 0 0 0 0 0 1 
Atribuicoes:
18 1 23 13 8 23 18 22 8 49 16 8 22 23 8 49 16 13 18 18 18 49 22 23 8 23 49 8 8 49 23 13 13 13 1 16 13 49 49 23 8 18 8 49 49 8 18 1 13 8 
Custo Total: 1295038
Solução após busca local:
Instalacoes:
0 1 0 0 1 0 0 0 1 1 0 0 0 1 0 0 0 0 0 0 1 0 1 1 0 0 0 0 0 0 0 0 0 0 0 0 0 0 0 1 0 0 0 0 0 0 0 1 0 0 
Atribuicoes:
9 1 13 20 8 20 9 4 8 8 1 20 47 8 9 9 8 20 4 47 9 9 22 13 8 9 4 13 20 4 20 20 1 47 9 49 8 20 4 39 8 20 8 4 4 20 47 1 8 4 
Custo Total: 361740
Total de iterações: 70952
Melhorias: 10
Tempo até a melhor solução: 4.29468 segundos
Iterações até a melhor solução: 10101
Soma dos custos: 16030583304
Média dos custos: 225936
Pior valor encontrado: 446693
Melhor solução encontrada:
Instalacoes:
0 1 0 0 1 0 0 0 1 1 0 0 0 0 0 0 0 0 0 0 1 0 1 0 0 0 0 0 0 0 0 0 0 0 0 0 0 0 0 0 0 0 0 0 0 0 0 1 0 0 
Atribuicoes:
9 9 9 20 9 20 9 4 8 8 20 20 9 8 9 47 20 1 4 1 9 9 22 20 9 9 47 1 47 4 20 20 20 4 9 20 20 8 20 20 8 20 8 4 4 4 8 47 8 20 
Custo Total: 224884
