Instância: Data/raw/50_P80_M1_Continuo_2.txt
Tempo limite: 30 segundos
Seed: 5
Tamanho da pertubação: 5
Solução inicial:
Instalacoes:
1 0 1 1 1 0 0 1 1 0 0 1 0 1 1 0 0 0 1 0 0 0 1 0 1 1 0 0 1 1 0 0 0 0 0 0 0 0 0 1 0 0 0 0 0 0 1 1 0 0 
Atribuicoes:
4 47 2 3 8 2 25 7 8 4 39 11 39 13 14 4 24 39 18 47 8 14 22 29 24 13 4 4 28 29 2 25 29 39 47 46 3 39 46 39 28 18 8 14 4 46 8 47 39 24 
Custo Total: 2786530
Solução após busca local:
Instalacoes:
0 1 0 1 1 0 0 0 1 1 0 0 0 1 1 0 1 0 1 1 1 0 1 1 1 0 0 0 1 1 1 1 0 0 0 0 0 0 0 1 0 0 1 0 0 0 1 1 0 1 
Atribuicoes:
19 19 1 1 8 30 13 22 8 16 39 8 9 13 14 4 24 20 49 47 9 30 22 29 24 30 20 4 31 29 19 2 47 23 42 18 3 39 46 31 28 18 9 20 42 16 1 47 23 49 
Custo Total: 880091
Total de iterações: 18586
Melhorias: 17
Tempo até a melhor solução: 29.4994 segundos
Iterações até a melhor solução: 18273
Soma dos custos: 12149931375
Média dos custos: 653714
Pior valor encontrado: 897350
Melhor solução encontrada:
Instalacoes:
1 1 0 0 1 0 0 0 1 1 0 0 0 1 0 0 1 0 1 1 1 0 1 0 0 1 0 0 0 0 1 1 0 0 0 0 0 0 0 1 0 0 0 0 0 0 1 1 0 1 
Atribuicoes:
19 19 1 1 8 25 13 0 8 13 49 22 31 13 18 0 20 25 8 47 18 9 22 4 20 25 20 20 30 4 19 9 47 39 4 1 30 49 13 31 16 9 46 46 9 46 16 47 39 16 
Custo Total: 649844
