Instância: Data/raw/50_P60_M1_Continuo_5.txt
Tempo limite: 30 segundos
Seed: 1
Tamanho da pertubação: 5
Solução inicial:
Instalacoes:
1 0 0 0 0 0 0 0 1 0 0 0 0 1 1 0 0 0 0 0 0 0 1 1 0 1 0 0 1 0 0 1 0 0 0 1 0 0 0 1 0 0 1 0 0 0 0 1 0 0 
Atribuicoes:
47 47 13 25 8 25 28 47 8 42 35 13 39 13 14 42 35 31 42 47 8 14 22 23 35 25 42 31 28 23 23 13 23 13 47 42 25 39 42 39 35 35 8 14 42 47 8 47 39 0 
Custo Total: 2399754
Solução após busca local:
Instalacoes:
0 1 0 0 1 0 0 0 1 1 0 0 0 1 1 0 1 0 0 1 1 0 1 1 0 1 0 0 1 0 0 1 0 0 0 1 0 0 0 1 0 0 1 0 0 0 1 1 0 0 
Atribuicoes:
47 4 4 25 46 25 28 16 19 9 16 13 39 13 1 20 20 31 9 9 8 19 22 23 35 25 13 31 28 8 23 13 23 4 47 42 20 8 1 9 35 35 8 14 1 47 20 47 39 42 
Custo Total: 681360
Total de iterações: 23501
Melhorias: 18
Tempo até a melhor solução: 6.67152 segundos
Iterações até a melhor solução: 5325
Soma dos custos: 10606456403
Média dos custos: 451319
Pior valor encontrado: 734620
Melhor solução encontrada:
Instalacoes:
1 1 0 0 1 0 0 0 1 1 0 0 0 1 0 0 1 0 1 0 1 0 1 0 0 0 0 0 0 0 1 0 0 0 0 0 0 0 0 0 0 0 0 0 0 0 0 1 0 0 
Atribuicoes:
1 20 4 4 8 4 13 47 4 9 47 22 8 4 1 0 20 16 47 9 18 8 18 9 16 4 0 30 8 8 30 22 30 13 20 0 18 20 1 9 16 16 8 13 1 47 20 1 30 0 
Custo Total: 446622
