Instância: Data/raw/50_P5_M1_HUB_4.txt
Tempo limite: 30 segundos
Seed: 5
Tamanho da pertubação: 5
Solução inicial:
Instalacoes:
0 0 0 0 0 0 0 0 0 1 0 0 0 1 0 0 0 0 0 0 1 0 1 0 0 0 0 0 0 0 0 0 0 0 0 0 0 0 0 0 0 0 0 0 0 0 0 1 0 0 
Atribuicoes:
9 9 13 13 9 47 13 20 20 9 20 20 9 13 9 9 20 20 20 47 20 47 22 13 9 13 47 20 9 13 47 9 47 13 9 9 13 20 9 13 9 20 9 47 47 9 20 47 9 9 
Custo Total: 568303
Solução após busca local:
Instalacoes:
0 0 0 0 1 0 0 0 0 1 0 0 0 1 0 0 0 0 0 0 1 0 1 0 0 0 0 0 0 0 0 0 0 0 0 0 0 0 0 0 0 0 0 0 0 0 0 1 0 0 
Atribuicoes:
9 9 4 9 4 9 9 20 4 9 20 9 9 13 4 9 20 20 20 4 20 9 22 9 9 9 47 20 9 4 9 9 9 47 9 9 20 4 4 9 9 20 9 9 47 9 4 47 20 9 
Custo Total: 188937
Total de iterações: 159144
Melhorias: 7
Tempo até a melhor solução: 7.35314 segundos
Iterações até a melhor solução: 40321
Soma dos custos: 25784464600
Média dos custos: 162020
Pior valor encontrado: 363066
Melhor solução encontrada:
Instalacoes:
0 0 0 0 1 0 0 0 1 1 0 0 0 0 0 0 0 0 0 0 1 0 1 0 0 0 0 0 0 0 0 0 0 0 0 0 0 0 0 0 0 0 0 0 0 0 0 0 0 0 
Atribuicoes:
9 9 4 9 4 9 9 20 4 9 20 9 20 9 4 9 20 9 20 9 20 9 22 9 9 9 8 20 9 4 9 9 9 4 9 20 20 9 8 9 9 20 9 9 8 4 8 4 20 9 
Custo Total: 161844
