Instância: Data/raw/50_P10_M0_Continuo_4.txt
Tempo limite: 30 segundos
Seed: 8
Tamanho da pertubação: 5
Solução inicial:
Instalacoes:
0 1 0 0 1 0 0 0 0 0 0 0 0 0 0 0 0 0 0 0 1 0 1 0 0 0 0 0 0 0 0 0 0 0 0 0 0 0 0 0 0 0 0 0 0 0 0 1 0 0 
Atribuicoes:
4 1 1 1 4 47 1 20 4 4 20 20 20 1 4 4 20 20 20 47 20 47 22 1 20 20 47 20 4 1 47 20 47 1 4 20 1 20 1 1 20 20 4 47 1 4 4 47 1 20 
Custo Total: 853430
Solução após busca local:
Instalacoes:
0 1 0 0 1 0 0 0 1 1 0 0 0 0 0 0 0 0 0 0 1 0 1 0 0 0 0 0 0 0 0 0 0 0 0 0 0 0 0 0 0 0 0 0 0 0 0 1 0 0 
Atribuicoes:
9 9 8 9 4 4 9 9 4 8 20 9 20 4 4 4 20 9 20 47 20 9 22 9 20 20 9 20 4 8 4 20 47 8 4 20 8 20 8 9 9 20 4 47 9 8 8 47 9 20 
Custo Total: 216795
Total de iterações: 97508
Melhorias: 7
Tempo até a melhor solução: 13.5223 segundos
Iterações até a melhor solução: 41496
Soma dos custos: 16485846272
Média dos custos: 169072
Pior valor encontrado: 372247
Melhor solução encontrada:
Instalacoes:
0 0 0 0 1 0 0 0 1 1 0 0 0 0 0 0 0 0 0 0 1 0 1 0 0 0 0 0 0 0 0 0 0 0 0 0 0 0 0 0 0 0 0 0 0 0 0 0 0 0 
Atribuicoes:
9 9 20 20 4 4 9 4 4 8 20 9 9 9 9 4 9 9 20 8 20 9 22 9 9 20 8 20 4 8 9 4 4 4 9 4 4 20 8 9 9 20 9 20 9 8 8 4 9 20 
Custo Total: 165957
