Instância: Data/raw/50_P80_M0_Continuo_8.txt
Tempo limite: 30 segundos
Seed: 1
Tamanho da pertubação: 5
Solução inicial:
Instalacoes:
1 0 1 0 1 0 0 1 1 1 0 0 0 1 0 0 1 0 0 1 1 0 1 0 0 1 0 0 0 0 1 0 0 0 0 0 0 0 0 1 0 0 1 0 0 0 0 1 0 0 
Atribuicoes:
47 47 30 39 4 30 47 7 8 9 16 13 7 13 19 9 16 7 20 47 20 20 22 25 25 25 42 39 2 2 30 30 30 25 47 9 39 7 9 13 16 25 8 19 42 4 8 19 39 47 
Custo Total: 2770617
Solução após busca local:
Instalacoes:
0 1 1 0 1 0 0 1 1 1 0 0 0 1 0 0 1 0 1 1 1 0 1 1 0 1 0 1 1 0 1 1 0 0 1 1 0 0 0 1 0 0 1 1 0 0 1 1 0 1 
Atribuicoes:
1 42 2 31 23 30 47 9 13 9 16 27 7 13 19 35 16 28 30 47 20 8 22 25 20 25 42 4 28 39 43 30 1 23 47 9 39 18 46 13 8 49 42 19 20 4 8 4 39 34 
Custo Total: 894659
Total de iterações: 18632
Melhorias: 20
Tempo até a melhor solução: 27.0883 segundos
Iterações até a melhor solução: 16785
Soma dos custos: 12741670848
Média dos custos: 683860
Pior valor encontrado: 983502
Melhor solução encontrada:
Instalacoes:
1 1 0 0 1 0 0 0 1 1 0 0 0 1 0 0 1 0 1 1 1 0 1 0 0 1 0 0 0 0 1 1 0 0 1 0 0 0 0 1 0 0 0 0 0 0 1 1 0 1 
Atribuicoes:
1 34 13 30 46 47 20 9 46 9 18 25 39 39 19 0 18 30 49 20 47 19 22 0 34 25 16 4 31 13 25 31 1 9 20 30 8 20 8 13 19 16 47 34 0 4 8 4 9 49 
Custo Total: 670950
