Instância: Data/raw/50_P50_M0_Continuo_1.txt
Tempo limite: 30 segundos
Seed: 5
Tamanho da pertubação: 5
Solução inicial:
Instalacoes:
1 0 1 0 0 0 0 0 0 1 0 0 0 1 0 1 1 0 1 1 0 0 1 1 0 0 0 0 0 0 1 1 0 0 0 0 0 0 0 0 0 0 0 0 0 0 1 1 0 0 
Atribuicoes:
9 47 30 13 15 30 18 31 9 15 16 9 46 23 19 47 16 46 18 47 18 23 22 23 31 30 47 9 23 23 30 30 30 31 47 18 13 22 9 23 16 18 15 19 47 9 46 19 23 47 
Custo Total: 2385885
Solução após busca local:
Instalacoes:
0 1 0 0 1 0 0 0 1 1 0 0 0 1 0 0 1 0 1 1 1 0 1 1 0 0 0 0 0 0 1 1 0 0 0 0 0 0 0 0 0 0 1 0 0 0 1 1 0 1 
Atribuicoes:
8 47 20 9 8 31 18 20 9 19 16 9 16 20 19 16 9 1 18 8 49 13 22 23 13 30 47 8 13 1 30 31 30 20 4 18 8 47 1 13 4 9 1 20 20 9 46 4 4 47 
Custo Total: 655562
Total de iterações: 29342
Melhorias: 17
Tempo até a melhor solução: 17.6724 segundos
Iterações até a melhor solução: 17080
Soma dos custos: 11430081899
Média dos custos: 389547
Pior valor encontrado: 622211
Melhor solução encontrada:
Instalacoes:
1 1 0 0 1 0 0 0 1 1 0 0 0 1 0 0 1 0 0 0 1 0 1 0 0 0 0 0 0 0 1 0 0 0 0 0 0 0 0 0 0 0 0 0 0 0 0 1 0 0 
Atribuicoes:
8 0 4 9 8 13 4 20 9 0 9 22 30 16 47 1 9 1 16 8 1 47 22 47 16 13 20 8 47 1 30 1 30 20 4 47 8 4 0 20 4 8 4 20 20 9 47 4 13 1 
Custo Total: 379479
