Instância: Data/raw/50_P40_M1_HUB_4.txt
Tempo limite: 30 segundos
Seed: 8
Tamanho da pertubação: 5
Solução inicial:
Instalacoes:
1 1 0 0 1 0 0 0 0 1 0 0 0 1 0 0 0 0 0 0 0 0 1 1 0 0 0 0 0 0 1 0 0 0 0 1 0 0 0 0 0 0 0 0 0 0 0 0 0 0 
Atribuicoes:
0 1 23 22 35 4 13 1 13 9 0 1 35 23 4 9 9 1 35 0 35 1 22 23 9 23 13 23 4 23 4 4 4 30 4 9 30 35 4 23 9 9 1 0 1 4 13 0 23 9 
Custo Total: 2511635
Solução após busca local:
Instalacoes:
1 1 0 0 1 0 0 0 1 1 0 0 0 1 0 0 1 0 0 0 1 0 1 1 0 0 0 0 0 0 0 1 0 0 0 1 0 0 0 0 0 0 0 0 0 0 0 1 0 1 
Atribuicoes:
20 47 31 13 8 4 13 20 20 9 13 47 13 20 49 9 16 4 16 0 49 4 22 23 20 47 8 31 4 1 4 4 47 22 49 9 13 35 4 23 9 0 1 8 1 4 9 20 8 9 
Custo Total: 503563
Total de iterações: 35812
Melhorias: 17
Tempo até a melhor solução: 29.1338 segundos
Iterações até a melhor solução: 34769
Soma dos custos: 12042691375
Média dos custos: 336275
Pior valor encontrado: 574271
Melhor solução encontrada:
Instalacoes:
1 1 0 0 1 0 0 0 1 1 0 0 0 1 0 0 1 0 0 0 1 0 1 0 0 0 0 0 0 0 0 0 0 0 0 0 0 0 0 0 0 0 0 0 0 0 0 1 0 0 
Atribuicoes:
0 47 8 20 8 4 4 20 20 4 16 9 4 13 9 0 16 20 4 1 0 9 8 13 20 47 8 22 20 8 9 47 47 9 20 20 13 1 4 9 9 16 1 8 47 4 9 0 13 9 
Custo Total: 328787
