Instância: Data/raw/50_P90_M1_HUB_9.txt
Tempo limite: 30 segundos
Seed: 7
Tamanho da pertubação: 5
Solução inicial:
Instalacoes:
1 1 1 1 0 1 0 1 0 0 0 0 0 0 1 1 0 0 1 0 0 0 1 0 1 0 0 0 1 1 0 1 0 0 0 0 0 0 1 1 0 1 1 0 0 0 1 1 0 0 
Atribuicoes:
47 1 2 3 1 5 15 7 1 1 31 22 7 2 14 15 42 7 18 47 41 14 22 29 24 5 1 31 28 29 2 28 31 46 1 42 3 7 38 39 28 18 42 47 46 38 46 47 39 24 
Custo Total: 2525522
Solução após busca local:
Instalacoes:
0 1 1 1 1 1 0 1 1 1 0 0 0 1 1 1 1 0 1 1 1 0 1 0 1 1 0 0 1 1 1 1 0 0 1 1 0 0 1 1 0 0 1 0 0 0 1 1 0 1 
Atribuicoes:
47 49 39 3 1 20 16 30 9 9 31 22 7 31 14 15 9 25 18 4 35 19 22 4 24 46 0 31 28 29 2 5 13 25 1 35 8 30 42 20 28 41 42 49 46 38 46 47 39 24 
Custo Total: 1119121
Total de iterações: 15215
Melhorias: 32
Tempo até a melhor solução: 26.4655 segundos
Iterações até a melhor solução: 13456
Soma dos custos: 12927568698
Média dos custos: 849659
Pior valor encontrado: 1073489
Melhor solução encontrada:
Instalacoes:
1 1 0 0 1 0 0 0 1 1 0 0 0 1 0 0 1 0 1 1 1 0 1 1 0 1 0 0 1 1 1 1 1 0 0 1 0 0 0 1 0 0 1 0 0 0 0 1 0 1 
Atribuicoes:
19 47 13 49 1 39 13 16 9 9 25 47 31 39 0 1 9 22 18 4 35 42 1 4 31 25 0 22 28 29 23 19 32 49 8 35 30 16 47 39 28 20 42 30 8 4 8 20 8 49 
Custo Total: 835614
