Instância: Data/raw/50_P30_M1_HUB_1.txt
Tempo limite: 30 segundos
Seed: 8
Tamanho da pertubação: 5
Solução inicial:
Instalacoes:
1 0 0 0 0 0 0 0 0 0 0 0 0 0 0 0 1 0 0 1 1 0 1 1 0 0 0 0 0 0 1 0 0 0 0 0 0 0 0 1 0 0 1 0 0 0 1 1 0 0 
Atribuicoes:
0 0 30 39 46 30 46 16 46 19 20 20 47 23 19 19 20 47 20 47 20 19 22 23 16 30 19 22 30 23 30 47 30 39 0 20 39 47 46 23 20 20 47 47 47 46 46 47 39 16 
Custo Total: 1192854
Solução após busca local:
Instalacoes:
1 1 0 0 1 0 0 0 1 1 0 0 0 0 0 0 1 0 0 1 1 0 1 1 0 0 0 0 0 0 1 0 0 0 0 0 0 0 0 1 0 0 0 0 0 0 1 1 0 0 
Atribuicoes:
0 1 30 39 8 30 8 4 8 1 8 20 20 23 4 0 20 47 20 47 20 47 22 4 16 1 9 20 47 23 30 8 1 39 9 9 4 9 9 1 9 20 4 47 47 46 46 8 39 4 
Custo Total: 466050
Total de iterações: 44881
Melhorias: 20
Tempo até a melhor solução: 27.5515 segundos
Iterações até a melhor solução: 41095
Soma dos custos: 12074229604
Média dos custos: 269028
Pior valor encontrado: 494899
Melhor solução encontrada:
Instalacoes:
0 1 0 0 1 0 0 0 1 1 0 0 0 1 0 0 0 0 0 0 1 0 1 0 0 0 0 0 0 0 0 0 0 0 0 0 0 0 0 0 0 0 0 0 0 0 0 1 0 0 
Atribuicoes:
8 1 47 8 8 20 13 4 8 9 9 20 20 13 4 9 9 47 20 9 20 9 22 1 13 20 9 20 9 4 9 9 8 13 47 1 4 9 8 4 9 47 4 47 9 4 4 4 4 1 
Custo Total: 258869
