Instância: Data/raw/50_P90_M1_HUB_1.txt
Tempo limite: 30 segundos
Seed: 4
Tamanho da pertubação: 5
Solução inicial:
Instalacoes:
1 0 1 1 0 0 1 1 0 1 0 0 0 0 1 1 0 0 0 0 0 0 1 0 0 0 0 0 1 1 0 0 0 0 1 0 0 0 0 1 0 0 1 1 0 0 1 1 0 0 
Atribuicoes:
47 47 2 3 15 2 6 7 46 9 34 2 7 2 14 9 34 7 0 47 15 43 22 29 42 39 0 39 28 29 2 28 14 2 47 9 3 7 42 39 28 34 42 43 0 42 46 47 39 47 
Custo Total: 2968805
Solução após busca local:
Instalacoes:
1 1 1 1 1 0 0 1 1 1 0 0 0 1 1 1 1 0 1 0 1 0 1 0 0 0 0 0 1 1 1 1 0 0 1 1 0 0 0 1 0 0 1 1 0 0 1 1 0 1 
Atribuicoes:
8 30 16 3 15 2 39 13 46 9 34 2 31 31 14 9 9 7 4 47 13 43 22 29 35 1 0 42 28 1 30 49 49 20 1 34 30 20 4 49 9 16 8 43 0 42 47 47 4 18 
Custo Total: 1015206
Total de iterações: 16690
Melhorias: 17
Tempo até a melhor solução: 15.4295 segundos
Iterações até a melhor solução: 8307
Soma dos custos: 14048535595
Média dos custos: 841734
Pior valor encontrado: 1092425
Melhor solução encontrada:
Instalacoes:
1 1 0 0 1 0 0 0 1 1 0 0 0 1 0 0 1 0 1 1 1 0 1 1 0 1 0 0 0 0 1 1 0 0 1 1 0 0 0 1 0 0 1 0 0 0 1 1 0 1 
Atribuicoes:
47 19 0 39 9 18 13 18 46 20 0 49 31 31 18 20 49 25 4 1 16 1 22 23 9 34 0 42 31 47 30 19 30 23 34 16 39 20 4 30 49 35 47 1 8 42 8 8 4 13 
Custo Total: 832685
