Instância: Data/raw/50_P30_M0_Continuo_6.txt
Tempo limite: 30 segundos
Seed: 4
Tamanho da pertubação: 5
Solução inicial:
Instalacoes:
0 1 0 0 0 0 0 0 1 1 0 0 0 1 0 0 0 0 1 0 0 0 1 1 0 1 0 0 0 0 1 0 0 0 0 0 0 0 0 0 0 0 1 0 0 0 1 1 0 1 
Atribuicoes:
47 1 25 23 42 13 13 18 46 9 47 8 47 23 49 9 9 47 8 13 47 49 22 23 9 25 8 8 13 23 30 8 30 23 1 9 23 47 8 25 9 8 42 49 46 46 46 47 25 9 
Custo Total: 1427266
Solução após busca local:
Instalacoes:
1 1 0 0 1 0 0 0 1 1 0 0 0 1 0 0 0 0 0 0 1 0 1 1 0 1 0 0 0 0 1 0 0 0 0 0 0 0 0 0 0 0 1 0 0 0 1 1 0 1 
Atribuicoes:
47 1 25 47 1 47 13 8 8 4 20 13 47 20 4 9 9 47 4 20 47 9 22 4 9 25 8 8 13 13 30 8 30 1 1 9 4 47 8 9 20 20 42 8 9 46 4 9 25 9 
Custo Total: 463807
Total de iterações: 44081
Melhorias: 18
Tempo até a melhor solução: 12.181 segundos
Iterações até a melhor solução: 17735
Soma dos custos: 12188676507
Média dos custos: 276506
Pior valor encontrado: 522402
Melhor solução encontrada:
Instalacoes:
0 1 0 0 1 0 0 0 1 1 0 0 0 1 0 0 0 0 0 0 1 0 1 0 0 0 0 0 0 0 0 0 0 0 0 0 0 0 0 0 0 0 0 0 0 0 0 1 0 0 
Atribuicoes:
8 1 13 20 20 47 20 8 4 13 20 4 13 20 4 9 9 20 4 20 9 9 22 20 8 13 8 9 47 4 47 47 8 1 1 9 4 8 8 4 20 22 47 47 9 4 4 47 9 9 
Custo Total: 274515
