Instância: Data/raw/50_P90_M1_HUB_3.txt
Tempo limite: 30 segundos
Seed: 9
Tamanho da pertubação: 5
Solução inicial:
Instalacoes:
1 0 1 0 0 1 0 1 0 1 0 1 0 0 1 0 0 0 1 1 0 0 1 1 0 1 0 0 1 1 0 0 0 0 0 0 0 0 1 1 0 1 1 0 0 1 1 1 0 0 
Atribuicoes:
47 47 2 25 23 5 29 7 45 9 25 11 7 2 14 9 41 23 18 47 41 14 22 23 42 5 19 11 28 29 2 25 5 46 47 9 25 23 38 39 28 18 42 19 47 45 46 19 39 47 
Custo Total: 2369220
Solução após busca local:
Instalacoes:
0 1 1 0 1 1 0 1 1 1 0 1 0 1 1 0 1 0 1 1 1 0 1 1 0 1 0 1 0 1 1 1 0 0 1 1 0 0 0 1 0 1 1 0 0 1 1 1 0 1 
Atribuicoes:
47 47 2 35 23 5 16 31 35 8 25 11 7 4 14 9 41 7 49 1 8 34 22 23 1 20 19 27 9 29 30 25 5 9 34 31 13 1 45 39 2 18 42 20 4 46 46 19 31 22 
Custo Total: 1058128
Total de iterações: 14937
Melhorias: 16
Tempo até a melhor solução: 18.2368 segundos
Iterações até a melhor solução: 9074
Soma dos custos: 12932698137
Média dos custos: 865816
Pior valor encontrado: 1120352
Melhor solução encontrada:
Instalacoes:
1 1 0 0 1 0 0 0 1 1 0 1 0 1 0 0 1 0 1 1 1 0 1 1 0 1 0 0 0 0 1 1 0 0 1 1 0 0 0 1 0 0 1 0 0 0 1 1 0 1 
Atribuicoes:
4 0 25 8 20 35 13 30 0 42 22 11 22 31 34 9 35 9 18 4 42 8 1 20 49 49 19 23 9 13 23 34 4 9 34 30 1 49 47 39 31 16 47 20 46 8 46 19 30 1 
Custo Total: 860667
