Instância: Data/raw/50_P40_M0_Continuo_2.txt
Tempo limite: 30 segundos
Seed: 2
Tamanho da pertubação: 5
Solução inicial:
Instalacoes:
0 1 0 0 1 0 0 1 0 1 0 0 0 1 0 0 0 0 1 0 1 0 1 1 0 1 0 0 0 0 1 0 0 0 1 0 0 0 0 0 0 0 0 0 0 0 0 1 0 0 
Atribuicoes:
4 9 30 13 9 30 22 7 4 18 13 20 7 23 4 9 34 34 18 47 18 9 22 23 9 25 1 20 30 23 30 25 30 20 9 34 20 13 9 23 18 18 4 4 9 4 4 47 23 9 
Custo Total: 1491104
Solução após busca local:
Instalacoes:
1 0 0 0 1 0 0 1 1 1 0 0 0 1 0 0 1 0 1 0 1 0 1 1 0 1 0 0 0 0 1 0 0 0 1 0 0 0 0 0 0 0 0 0 0 0 0 1 0 1 
Atribuicoes:
4 0 8 8 9 47 8 13 18 8 13 20 4 23 20 9 47 13 47 47 20 0 22 23 8 25 20 9 30 0 30 25 30 20 9 16 20 13 9 23 4 18 4 49 9 4 4 47 9 0 
Custo Total: 537437
Total de iterações: 35587
Melhorias: 16
Tempo até a melhor solução: 18.3533 segundos
Iterações até a melhor solução: 21403
Soma dos custos: 11683373964
Média dos custos: 328305
Pior valor encontrado: 568257
Melhor solução encontrada:
Instalacoes:
0 1 0 0 1 0 0 0 1 1 0 0 0 1 0 0 1 0 0 0 1 0 1 0 0 0 0 0 0 0 0 1 0 0 0 0 0 0 0 0 0 0 0 0 0 0 0 1 0 0 
Atribuicoes:
47 1 8 8 4 31 20 13 8 8 16 22 4 13 20 9 47 1 47 47 8 1 22 13 47 47 20 9 31 1 9 31 47 20 9 16 20 13 9 1 4 8 4 20 9 4 4 47 9 1 
Custo Total: 323600
