Instância: Data/raw/50_P70_M0_Continuo_2.txt
Tempo limite: 30 segundos
Seed: 10
Tamanho da pertubação: 5
Solução inicial:
Instalacoes:
1 1 0 0 1 0 0 0 1 1 0 0 0 1 0 0 1 0 1 0 0 0 1 1 0 0 0 1 0 1 0 0 0 0 1 0 0 0 0 1 0 0 0 0 0 0 0 1 0 0 
Atribuicoes:
47 1 1 13 4 34 23 1 8 9 16 27 39 1 0 9 16 18 4 47 4 34 22 29 9 23 4 27 13 29 0 27 34 13 1 9 13 39 8 39 16 4 4 47 4 8 8 47 39 9 
Custo Total: 2248033
Solução após busca local:
Instalacoes:
1 1 0 0 1 0 0 0 1 1 0 0 0 1 0 0 1 0 0 1 1 0 1 1 0 0 0 1 0 1 1 0 0 0 1 1 0 0 0 1 0 0 0 0 0 0 1 1 0 1 
Atribuicoes:
0 47 1 30 13 9 23 13 8 4 16 27 35 20 49 35 16 47 4 47 4 0 22 29 9 23 4 27 13 29 0 16 39 13 1 9 8 1 46 39 34 49 19 47 20 8 46 30 39 9 
Custo Total: 693160
Total de iterações: 22554
Melhorias: 17
Tempo até a melhor solução: 24.6313 segundos
Iterações até a melhor solução: 18362
Soma dos custos: 12655457973
Média dos custos: 561118
Pior valor encontrado: 821392
Melhor solução encontrada:
Instalacoes:
1 1 0 0 1 0 0 0 1 1 0 0 0 1 0 0 1 0 0 0 1 0 1 0 0 0 0 0 0 0 1 1 0 0 1 0 0 0 0 1 0 0 0 0 0 0 1 1 0 0 
Atribuicoes:
16 0 34 20 46 13 47 13 8 4 22 9 39 31 30 20 8 0 4 0 4 20 22 1 9 8 4 31 1 1 47 30 31 13 34 16 16 39 46 30 13 1 9 0 8 46 47 20 9 34 
Custo Total: 542415
