Instância: Data/raw/50_P60_M1_Continuo_5.txt
Tempo limite: 30 segundos
Seed: 4
Tamanho da pertubação: 5
Solução inicial:
Instalacoes:
1 0 0 0 0 0 0 0 1 0 0 0 0 1 1 0 0 0 0 0 0 0 1 1 0 1 0 0 1 0 0 1 0 0 0 1 0 0 0 1 0 0 1 0 0 0 0 1 0 0 
Atribuicoes:
47 47 13 25 8 25 28 47 8 42 35 13 39 13 14 42 35 31 42 47 8 14 22 23 35 25 42 31 28 23 23 13 23 13 47 42 25 39 42 39 35 35 8 14 42 47 8 47 39 0 
Custo Total: 2399754
Solução após busca local:
Instalacoes:
0 1 0 0 1 0 0 0 1 1 0 0 0 1 1 0 1 0 0 1 1 0 1 1 0 1 0 0 1 0 0 1 0 0 0 1 0 0 0 1 0 0 1 0 0 0 1 1 0 0 
Atribuicoes:
47 4 4 25 46 25 28 16 19 9 16 13 39 13 1 20 20 31 9 9 8 19 22 23 35 25 13 31 28 8 23 13 23 4 47 42 20 8 1 9 35 35 8 14 1 47 20 47 39 42 
Custo Total: 681360
Total de iterações: 24221
Melhorias: 34
Tempo até a melhor solução: 27.7969 segundos
Iterações até a melhor solução: 22428
Soma dos custos: 11877581977
Média dos custos: 490384
Pior valor encontrado: 761827
Melhor solução encontrada:
Instalacoes:
0 1 0 0 1 0 0 0 1 1 0 0 0 1 0 0 1 0 0 0 1 0 1 0 0 0 0 0 0 0 1 0 0 0 0 0 0 0 0 1 0 0 0 0 0 0 0 1 0 1 
Atribuicoes:
47 1 13 39 8 8 39 4 0 9 4 13 8 1 47 1 9 16 4 9 20 0 22 9 16 13 1 30 8 8 30 49 30 39 20 49 20 4 47 9 16 16 8 49 47 4 20 47 13 1 
Custo Total: 444327
