Instância: Data/raw/50_P80_M1_Continuo_7.txt
Tempo limite: 30 segundos
Seed: 9
Tamanho da pertubação: 5
Solução inicial:
Instalacoes:
0 1 1 0 0 0 0 0 1 1 0 1 0 1 0 0 1 0 0 0 0 0 1 0 0 0 0 0 0 0 0 0 0 0 0 1 0 0 0 1 0 0 1 0 0 0 1 1 0 1 
Atribuicoes:
42 1 2 35 8 49 47 35 46 9 16 11 39 13 47 9 9 39 49 42 16 49 22 2 9 13 42 13 8 2 49 16 49 35 1 9 39 39 46 13 9 16 8 49 42 8 46 42 13 9 
Custo Total: 2952286
Solução após busca local:
Instalacoes:
1 1 1 0 1 0 0 0 1 1 0 0 0 1 0 0 1 0 1 1 1 0 1 0 1 1 0 1 1 0 1 1 0 0 1 1 0 0 0 1 0 0 1 0 0 0 1 1 0 1 
Atribuicoes:
1 8 27 31 8 49 47 0 46 0 4 8 27 25 47 19 35 25 30 34 16 47 22 2 4 9 4 31 19 20 30 28 49 35 1 24 39 9 18 13 9 16 9 13 42 20 46 1 13 9 
Custo Total: 867747
Total de iterações: 19142
Melhorias: 19
Tempo até a melhor solução: 8.37842 segundos
Iterações até a melhor solução: 5343
Soma dos custos: 12503016063
Média dos custos: 653172
Pior valor encontrado: 902042
Melhor solução encontrada:
Instalacoes:
1 1 0 0 1 0 0 0 1 1 0 0 0 1 0 0 1 0 0 1 1 0 1 0 0 1 0 0 0 0 1 1 0 0 0 1 0 0 0 1 0 0 0 0 0 0 1 1 0 1 
Atribuicoes:
47 16 13 25 8 47 8 8 4 46 19 31 25 31 49 0 25 16 16 30 20 49 22 30 4 9 19 35 22 20 1 19 4 13 1 35 39 9 0 13 9 46 9 0 47 20 46 1 30 9 
Custo Total: 647145
