Instância: Data/raw/50_P30_M1_Continuo_9.txt
Tempo limite: 30 segundos
Seed: 1
Tamanho da pertubação: 5
Solução inicial:
Instalacoes:
1 0 0 0 0 0 0 0 0 1 0 0 0 1 0 0 1 0 0 0 0 0 1 0 0 1 0 0 0 0 1 0 0 0 0 0 0 0 0 0 0 0 1 0 0 0 1 1 0 0 
Atribuicoes:
0 0 13 25 9 13 47 30 46 0 9 9 13 13 42 0 16 16 9 47 42 42 22 16 16 25 42 9 30 47 30 13 30 22 0 16 25 30 46 13 9 16 9 42 42 46 46 47 22 0 
Custo Total: 1354548
Solução após busca local:
Instalacoes:
1 1 0 0 1 0 0 0 1 1 0 0 0 1 0 0 1 0 0 0 1 0 1 0 0 1 0 0 0 0 1 0 0 0 0 0 0 0 0 0 0 0 0 0 0 0 1 1 0 0 
Atribuicoes:
0 8 4 8 9 13 8 20 9 8 9 9 8 13 1 47 20 1 20 47 8 1 22 47 16 25 20 9 4 20 30 20 1 20 0 8 13 47 46 13 4 1 9 8 8 9 46 47 4 20 
Custo Total: 427880
Total de iterações: 46195
Melhorias: 11
Tempo até a melhor solução: 14.5971 segundos
Iterações até a melhor solução: 22193
Soma dos custos: 12956029725
Média dos custos: 280464
Pior valor encontrado: 527614
Melhor solução encontrada:
Instalacoes:
0 1 0 0 1 0 0 0 1 1 0 0 0 1 0 0 0 0 0 0 1 0 1 0 0 0 0 0 0 0 0 0 0 0 0 0 0 0 0 0 0 0 0 0 0 0 0 1 0 0 
Atribuicoes:
47 8 4 4 9 9 8 9 9 8 9 20 8 13 1 8 20 4 20 20 8 1 22 47 13 9 20 8 4 20 20 20 1 20 13 4 4 47 47 13 4 1 9 8 8 9 47 9 4 8 
Custo Total: 269763
