Instância: Data/raw/50_P50_M1_HUB_9.txt
Tempo limite: 30 segundos
Seed: 10
Tamanho da pertubação: 5
Solução inicial:
Instalacoes:
1 0 1 0 1 0 0 1 1 1 0 0 0 1 0 0 1 0 0 1 0 0 1 0 1 0 0 0 0 0 1 1 0 0 0 0 0 0 0 0 0 0 1 0 0 0 0 1 0 0 
Atribuicoes:
4 4 2 31 42 30 4 7 8 19 16 9 7 13 19 19 16 7 9 47 9 9 22 13 24 2 47 9 24 4 30 2 30 13 4 24 31 7 9 13 16 24 42 19 9 8 9 47 13 0 
Custo Total: 2000981
Solução após busca local:
Instalacoes:
0 1 1 0 1 0 0 1 1 1 0 0 0 1 0 0 1 0 1 1 1 0 1 0 1 1 0 0 0 0 1 1 0 0 1 0 0 0 0 1 0 0 0 0 0 0 0 1 0 1 
Atribuicoes:
4 19 25 39 47 13 16 47 8 8 16 22 31 20 19 19 16 13 1 47 9 8 22 8 4 30 20 22 34 4 25 31 30 13 49 16 9 4 9 13 1 47 30 20 9 8 9 47 20 8 
Custo Total: 630402
Total de iterações: 27530
Melhorias: 22
Tempo até a melhor solução: 18.4804 segundos
Iterações até a melhor solução: 16982
Soma dos custos: 11374063956
Média dos custos: 413152
Pior valor encontrado: 695384
Melhor solução encontrada:
Instalacoes:
1 1 0 0 1 0 0 0 1 1 0 0 0 1 0 0 0 0 0 1 1 0 1 0 0 0 0 0 0 0 1 1 0 0 0 0 0 0 0 0 0 0 0 0 0 0 0 1 0 0 
Atribuicoes:
19 4 20 13 9 4 4 13 8 8 20 22 31 20 1 4 4 8 1 9 20 1 22 8 20 13 0 8 19 30 22 31 30 13 47 4 9 13 9 47 1 9 47 9 47 20 9 1 20 8 
Custo Total: 407008
