Instância: Data/raw/50_P70_M1_Continuo_8.txt
Tempo limite: 30 segundos
Seed: 3
Tamanho da pertubação: 5
Solução inicial:
Instalacoes:
1 1 1 1 1 0 0 1 0 1 0 0 0 0 0 0 1 0 0 0 0 1 1 0 1 0 0 0 0 1 1 0 0 0 0 0 0 0 0 1 0 0 0 0 0 0 1 1 0 0 
Atribuicoes:
4 1 30 3 0 30 4 7 47 1 16 9 7 30 21 1 16 7 16 47 1 21 22 29 24 30 0 9 2 29 2 30 30 3 4 46 3 7 9 39 16 46 1 21 47 46 46 47 39 24 
Custo Total: 2058192
Solução após busca local:
Instalacoes:
1 1 0 0 1 0 0 1 1 1 0 0 0 1 0 0 1 0 1 1 1 1 1 1 0 1 0 0 0 1 1 0 0 0 1 0 0 0 0 1 0 0 0 0 0 0 1 1 0 1 
Atribuicoes:
4 34 20 9 0 30 8 7 47 1 16 4 22 30 9 34 16 22 13 47 18 21 22 23 16 30 0 13 4 1 0 30 20 25 4 46 23 8 9 25 49 46 1 21 8 47 19 47 39 29 
Custo Total: 805177
Total de iterações: 21542
Melhorias: 18
Tempo até a melhor solução: 16.3918 segundos
Iterações até a melhor solução: 11691
Soma dos custos: 12497020865
Média dos custos: 580124
Pior valor encontrado: 826877
Melhor solução encontrada:
Instalacoes:
1 1 0 0 1 0 0 0 1 1 0 0 0 1 0 0 1 0 1 1 1 0 1 0 0 1 0 0 0 0 1 0 0 0 0 0 0 0 0 1 0 0 0 0 0 0 0 1 0 1 
Atribuicoes:
4 20 30 8 0 47 8 18 1 0 16 39 4 25 49 20 16 19 20 19 9 49 22 9 1 47 13 22 16 4 30 13 13 39 4 18 13 8 47 39 49 18 9 30 1 19 47 19 25 1 
Custo Total: 573748
