Instância: Data/raw/50_P5_M1_HUB_4.txt
Tempo limite: 30 segundos
Seed: 8
Tamanho da pertubação: 5
Solução inicial:
Instalacoes:
0 0 0 0 0 0 0 0 0 1 0 0 0 1 0 0 0 0 0 0 1 0 1 0 0 0 0 0 0 0 0 0 0 0 0 0 0 0 0 0 0 0 0 0 0 0 0 1 0 0 
Atribuicoes:
9 9 13 13 9 47 13 20 20 9 20 20 9 13 9 9 20 20 20 47 20 47 22 13 9 13 47 20 9 13 47 9 47 13 9 9 13 20 9 13 9 20 9 47 47 9 20 47 9 9 
Custo Total: 568303
Solução após busca local:
Instalacoes:
0 0 0 0 1 0 0 0 0 1 0 0 0 1 0 0 0 0 0 0 1 0 1 0 0 0 0 0 0 0 0 0 0 0 0 0 0 0 0 0 0 0 0 0 0 0 0 1 0 0 
Atribuicoes:
9 9 4 9 4 9 9 20 4 9 20 9 9 13 4 9 20 20 20 4 20 9 22 9 9 9 47 20 9 4 9 9 9 47 9 9 20 4 4 9 9 20 9 9 47 9 4 47 20 9 
Custo Total: 188937
Total de iterações: 131756
Melhorias: 5
Tempo até a melhor solução: 11.859 segundos
Iterações até a melhor solução: 56822
Soma dos custos: 19898913948
Média dos custos: 151029
Pior valor encontrado: 341121
Melhor solução encontrada:
Instalacoes:
0 0 0 0 1 0 0 0 1 1 0 0 0 0 0 0 0 0 0 0 0 0 1 0 0 0 0 0 0 0 0 0 0 0 0 0 0 0 0 0 0 0 0 0 0 0 0 0 0 0 
Atribuicoes:
9 9 4 9 4 9 9 8 4 9 9 9 9 9 4 9 8 4 4 4 4 9 22 9 9 9 8 8 9 4 9 9 9 9 9 9 9 22 8 9 9 4 4 9 8 4 8 4 4 9 
Custo Total: 146968
