Instância: Data/raw/50_P50_M0_Continuo_5.txt
Tempo limite: 30 segundos
Seed: 6
Tamanho da pertubação: 5
Solução inicial:
Instalacoes:
1 1 1 0 1 0 0 0 1 1 0 0 0 0 0 0 0 0 0 0 1 0 1 0 0 1 0 0 0 0 0 0 0 0 0 1 0 0 0 1 0 0 0 0 0 0 0 1 0 0 
Atribuicoes:
47 1 2 20 4 2 35 20 8 9 22 25 39 2 47 8 9 22 9 47 20 1 22 2 8 25 0 47 9 1 2 25 25 39 1 47 20 39 47 39 1 20 8 0 0 47 8 0 39 8 
Custo Total: 2107361
Solução após busca local:
Instalacoes:
1 1 1 0 0 0 0 0 1 1 0 0 0 1 0 0 1 0 0 1 1 0 1 0 0 1 0 0 0 0 1 0 0 0 0 0 0 0 0 1 0 0 1 0 0 0 0 1 0 1 
Atribuicoes:
47 0 25 30 8 2 20 20 8 1 22 30 16 13 42 8 16 16 9 42 49 47 22 25 49 9 9 16 20 1 0 25 9 39 1 47 13 39 47 39 1 20 9 19 47 19 8 0 39 8 
Custo Total: 565051
Total de iterações: 27168
Melhorias: 11
Tempo até a melhor solução: 29.7914 segundos
Iterações até a melhor solução: 26977
Soma dos custos: 11584688623
Média dos custos: 426409
Pior valor encontrado: 664702
Melhor solução encontrada:
Instalacoes:
1 1 0 0 1 0 0 0 1 1 0 0 0 1 0 0 1 0 0 0 1 0 1 0 0 0 0 0 0 0 1 0 0 0 0 0 0 0 0 0 0 0 0 0 0 0 0 1 0 1 
Atribuicoes:
49 1 9 30 8 13 20 20 8 4 22 47 13 1 1 8 49 4 47 9 0 47 22 16 16 9 9 30 20 9 30 16 9 16 0 4 13 13 4 47 4 20 4 1 0 47 8 0 13 8 
Custo Total: 423701
