Instância: Data/raw/50_P50_M1_Continuo_8.txt
Tempo limite: 30 segundos
Seed: 7
Tamanho da pertubação: 5
Solução inicial:
Instalacoes:
1 1 1 1 0 0 0 1 0 0 0 0 0 0 0 0 0 0 1 1 0 0 1 1 1 0 0 0 0 0 0 0 0 0 0 0 0 0 0 1 0 0 1 0 0 0 0 1 0 1 
Atribuicoes:
1 19 23 3 1 23 49 7 1 42 47 22 7 23 0 42 24 7 18 47 18 19 22 23 24 39 47 22 2 1 2 23 19 3 49 24 3 7 47 39 1 18 42 0 47 47 42 0 39 24 
Custo Total: 1867948
Solução após busca local:
Instalacoes:
1 1 0 1 1 0 0 1 1 1 0 0 0 1 0 0 1 0 1 1 1 0 1 1 1 0 0 0 0 0 0 0 0 0 0 0 0 0 0 1 0 0 1 0 0 0 0 1 0 1 
Atribuicoes:
1 19 2 13 20 1 49 16 9 42 9 13 1 23 8 9 20 47 18 47 20 19 22 20 24 4 8 22 8 1 8 13 20 0 49 8 20 13 4 16 1 18 47 1 47 47 4 0 39 24 
Custo Total: 667979
Total de iterações: 28565
Melhorias: 13
Tempo até a melhor solução: 15.5335 segundos
Iterações até a melhor solução: 14738
Soma dos custos: 11457644144
Média dos custos: 401108
Pior valor encontrado: 645216
Melhor solução encontrada:
Instalacoes:
1 1 0 0 1 0 0 0 1 1 0 0 0 1 0 0 0 0 0 0 1 0 1 0 0 1 0 0 0 0 0 0 0 0 0 0 0 0 0 1 0 0 0 0 0 0 0 1 0 0 
Atribuicoes:
1 47 39 25 20 4 13 25 9 0 9 13 1 25 4 4 20 13 20 8 47 0 22 20 9 4 8 22 8 1 8 25 20 39 0 8 20 13 4 39 1 0 47 1 9 47 4 13 47 9 
Custo Total: 397921
