Instância: Data/raw/50_P80_M1_HUB_9.txt
Tempo limite: 30 segundos
Seed: 5
Tamanho da pertubação: 5
Solução inicial:
Instalacoes:
1 0 1 1 1 1 0 1 1 1 0 0 0 0 1 0 0 0 1 0 0 0 1 0 0 0 0 0 1 1 0 0 0 0 0 0 0 0 0 1 0 1 1 0 0 0 1 1 0 0 
Atribuicoes:
4 4 2 3 4 5 42 7 4 9 46 9 7 2 14 42 46 7 18 47 46 14 22 29 42 5 9 9 8 29 2 8 5 2 4 46 3 7 46 39 8 18 8 14 46 4 8 47 39 42 
Custo Total: 3320045
Solução após busca local:
Instalacoes:
0 1 1 1 1 1 0 1 1 1 0 0 0 1 1 1 1 0 1 1 1 0 1 1 0 1 0 0 0 1 1 1 1 0 1 0 0 0 0 1 0 0 1 0 0 0 1 1 0 1 
Atribuicoes:
20 47 2 3 4 5 16 7 8 15 4 9 49 39 42 42 39 1 18 4 18 13 22 30 34 19 9 22 47 29 25 31 32 34 8 46 22 7 1 39 23 14 8 30 19 4 20 13 8 34 
Custo Total: 973135
Total de iterações: 18693
Melhorias: 29
Tempo até a melhor solução: 23.2115 segundos
Iterações até a melhor solução: 14407
Soma dos custos: 12720845229
Média dos custos: 680514
Pior valor encontrado: 919549
Melhor solução encontrada:
Instalacoes:
1 1 0 0 1 0 0 0 1 1 0 0 0 1 0 0 1 0 1 0 1 0 0 1 0 1 0 1 0 0 1 1 0 0 1 0 0 0 0 1 0 0 0 0 0 0 0 1 0 1 
Atribuicoes:
1 34 13 25 9 31 13 13 8 9 31 0 22 31 47 49 16 30 18 9 18 49 4 4 1 20 0 27 34 23 23 39 4 25 8 31 1 30 47 39 27 16 8 0 20 9 20 47 8 49 
Custo Total: 658289
