Instância: Data/raw/50_P20_M1_Continuo_2.txt
Tempo limite: 30 segundos
Seed: 9
Tamanho da pertubação: 5
Solução inicial:
Instalacoes:
0 1 0 0 0 0 0 0 0 0 0 0 0 0 0 0 1 0 1 0 0 0 1 1 0 0 0 0 0 0 0 0 0 0 0 0 0 0 0 1 0 0 0 0 0 0 1 1 0 0 
Atribuicoes:
47 1 23 39 46 23 16 18 46 1 18 22 39 23 47 47 16 18 18 47 46 18 22 23 1 39 47 22 47 23 23 16 18 18 1 1 18 18 46 39 1 22 46 47 46 46 46 47 39 1 
Custo Total: 1084146
Solução após busca local:
Instalacoes:
0 1 0 0 1 0 0 0 1 1 0 0 0 0 0 0 1 0 1 0 1 0 1 1 0 0 0 0 0 0 0 0 0 0 0 0 0 0 0 1 0 0 0 0 0 0 1 1 0 0 
Atribuicoes:
9 1 20 47 9 20 4 8 8 4 8 8 20 20 47 8 9 9 4 47 20 20 22 23 1 47 47 20 9 9 20 1 9 20 1 9 8 16 8 39 4 4 8 4 9 8 46 47 47 9 
Custo Total: 360830
Total de iterações: 67424
Melhorias: 16
Tempo até a melhor solução: 14.3219 segundos
Iterações até a melhor solução: 32307
Soma dos custos: 14509852310
Média dos custos: 215203
Pior valor encontrado: 429010
Melhor solução encontrada:
Instalacoes:
0 0 0 0 1 0 0 0 1 1 0 0 0 0 0 0 0 0 0 0 1 0 1 0 0 0 0 0 0 0 0 0 0 0 0 0 0 0 0 0 0 0 0 0 0 0 0 1 0 0 
Atribuicoes:
9 4 20 8 9 20 4 8 8 20 8 8 20 20 4 8 9 9 9 47 20 20 20 47 4 47 8 22 9 9 20 4 47 20 4 9 8 47 47 8 4 20 9 4 9 8 4 4 4 9 
Custo Total: 204123
