Instância: Data/raw/50_P20_M1_Continuo_7.txt
Tempo limite: 30 segundos
Seed: 10
Tamanho da pertubação: 5
Solução inicial:
Instalacoes:
1 0 0 0 0 0 0 0 0 1 0 0 0 1 0 0 0 0 0 1 1 0 1 1 0 0 0 0 0 0 1 0 0 0 0 0 0 0 0 0 0 0 0 0 0 0 1 1 0 0 
Atribuicoes:
9 9 13 23 46 13 30 19 46 0 20 20 22 13 9 0 0 22 9 9 20 19 22 13 0 9 19 20 20 23 23 13 19 23 9 0 23 30 30 13 9 20 9 9 19 46 46 47 13 9 
Custo Total: 1542569
Solução após busca local:
Instalacoes:
1 1 0 0 1 0 0 0 1 1 0 0 0 1 0 0 0 0 0 1 1 0 1 1 0 0 0 0 0 0 0 0 0 0 0 0 0 0 0 0 0 0 0 0 0 0 1 0 0 0 
Atribuicoes:
4 9 20 20 20 4 1 19 8 0 20 22 4 13 1 9 20 22 9 9 20 13 22 13 1 13 20 20 4 20 30 8 30 8 4 0 8 9 8 13 9 20 9 8 4 4 9 30 13 9 
Custo Total: 393533
Total de iterações: 67720
Melhorias: 9
Tempo até a melhor solução: 25.2904 segundos
Iterações até a melhor solução: 56829
Soma dos custos: 15477508492
Média dos custos: 228552
Pior valor encontrado: 435747
Melhor solução encontrada:
Instalacoes:
0 0 0 0 1 0 0 0 1 1 0 0 0 1 0 0 0 0 0 0 1 0 1 0 0 0 0 0 0 0 0 0 0 0 0 0 0 0 0 0 0 0 0 0 0 0 0 1 0 0 
Atribuicoes:
4 9 9 20 8 4 4 13 8 9 4 4 9 13 47 9 8 8 20 9 8 8 22 20 4 20 8 9 13 8 47 4 20 9 9 9 20 20 20 13 9 20 4 47 4 4 9 47 20 47 
Custo Total: 225249
