Instância: Data/raw/50_P5_M0_Continuo_3.txt
Tempo limite: 30 segundos
Seed: 7
Tamanho da pertubação: 5
Solução inicial:
Instalacoes:
0 1 0 0 1 0 0 0 0 0 0 0 0 1 0 0 0 0 0 0 0 0 1 0 0 0 0 0 0 0 0 0 0 0 0 0 0 0 0 0 0 0 0 0 0 0 0 0 0 0 
Atribuicoes:
1 1 13 13 4 13 1 4 4 4 4 13 4 13 1 4 4 4 4 1 4 1 22 13 4 13 4 13 1 1 4 13 13 13 1 4 13 4 4 13 4 4 4 1 4 4 4 1 13 4 
Custo Total: 687659
Solução após busca local:
Instalacoes:
0 1 0 0 1 0 0 0 1 0 0 0 0 1 0 0 0 0 0 0 0 0 1 0 0 0 0 0 0 0 0 0 0 0 0 0 0 0 0 0 0 0 0 0 0 0 0 0 0 0 
Atribuicoes:
8 1 13 4 8 8 8 4 4 4 4 13 4 13 8 4 4 4 4 1 8 4 22 13 4 13 8 4 4 4 4 8 4 8 1 4 8 4 4 13 4 4 8 1 8 8 4 1 8 4 
Custo Total: 180404
Total de iterações: 108467
Melhorias: 3
Tempo até a melhor solução: 2.37356 segundos
Iterações até a melhor solução: 10325
Soma dos custos: 15629216954
Média dos custos: 144092
Pior valor encontrado: 343447
Melhor solução encontrada:
Instalacoes:
0 0 0 0 1 0 0 0 1 1 0 0 0 0 0 0 0 0 0 0 0 0 0 0 0 0 0 0 0 0 0 0 0 0 0 0 0 0 0 0 0 0 0 0 0 0 0 0 0 0 
Atribuicoes:
8 9 8 9 8 9 8 4 4 4 4 9 9 9 8 9 9 4 4 9 8 9 22 4 4 9 8 9 9 9 9 8 9 8 4 4 9 4 4 9 9 4 8 9 8 8 8 9 4 9 
Custo Total: 143275
