Instância: Data/raw/50_P80_M1_HUB_10.txt
Tempo limite: 30 segundos
Seed: 4
Tamanho da pertubação: 5
Solução inicial:
Instalacoes:
1 1 1 0 0 0 0 1 0 0 0 1 0 1 0 1 1 0 0 1 0 0 1 0 0 1 0 0 0 1 1 0 0 0 1 0 0 0 1 0 0 1 0 1 0 0 0 1 0 0 
Atribuicoes:
47 1 2 25 15 2 43 7 43 15 16 11 7 13 19 47 16 7 41 47 41 1 22 30 34 25 47 11 30 29 30 2 30 7 1 34 25 7 38 13 16 16 47 19 47 38 38 19 29 1 
Custo Total: 2553472
Solução após busca local:
Instalacoes:
0 1 1 0 1 1 0 1 1 1 0 1 0 1 0 1 1 0 1 1 1 0 1 1 0 1 0 0 0 1 1 1 0 0 1 0 0 0 1 1 0 1 1 1 0 0 1 1 0 1 
Atribuicoes:
15 42 31 25 42 5 0 47 46 19 16 11 30 23 4 47 16 7 41 47 41 13 22 30 23 25 4 5 8 29 30 2 0 8 13 34 49 9 38 13 20 18 9 19 20 42 8 19 39 1 
Custo Total: 1017209
Total de iterações: 18172
Melhorias: 20
Tempo até a melhor solução: 18.4756 segundos
Iterações até a melhor solução: 11200
Soma dos custos: 12474035075
Média dos custos: 686443
Pior valor encontrado: 945645
Melhor solução encontrada:
Instalacoes:
1 1 0 0 1 0 0 0 1 1 0 0 0 1 0 0 1 0 1 1 1 0 1 0 0 0 0 0 1 0 0 1 0 0 0 0 0 0 0 1 0 0 1 0 0 0 1 1 0 1 
Atribuicoes:
0 47 31 39 47 19 9 8 4 42 47 4 16 16 16 8 1 1 46 8 20 1 31 0 28 39 9 28 28 13 4 22 20 8 16 19 49 9 46 8 20 18 42 20 4 47 1 19 13 49 
Custo Total: 678903
