Instância: Data/raw/50_P90_M1_Continuo_2.txt
Tempo limite: 30 segundos
Seed: 7
Tamanho da pertubação: 5
Solução inicial:
Instalacoes:
1 1 1 0 0 0 0 0 0 0 0 1 0 1 1 1 0 0 1 1 0 0 1 1 1 1 0 0 1 0 0 1 0 0 0 0 0 0 1 0 0 0 0 0 0 0 1 1 0 0 
Atribuicoes:
47 1 23 25 1 23 2 22 1 15 18 11 18 13 14 15 24 18 15 47 18 14 22 31 24 23 19 31 28 23 19 25 31 23 1 46 25 18 38 13 28 22 0 14 47 38 46 47 11 24 
Custo Total: 2255644
Solução após busca local:
Instalacoes:
1 1 0 0 1 0 0 0 1 1 0 0 0 1 1 1 1 0 1 1 1 0 1 1 1 1 0 0 1 0 1 1 0 0 1 0 0 0 1 1 0 0 1 0 0 0 1 1 0 1 
Atribuicoes:
9 9 20 47 1 23 39 22 1 15 4 2 18 13 49 0 24 34 8 47 18 8 22 31 24 23 19 31 30 49 19 39 34 13 4 46 25 46 38 30 28 20 0 14 42 42 9 47 13 16 
Custo Total: 1009453
Total de iterações: 16786
Melhorias: 31
Tempo até a melhor solução: 29.0575 segundos
Iterações até a melhor solução: 16256
Soma dos custos: 13869757933
Média dos custos: 826269
Pior valor encontrado: 1059812
Melhor solução encontrada:
Instalacoes:
1 1 0 0 1 0 0 0 1 1 0 0 0 1 0 0 1 0 1 1 1 0 1 1 0 1 0 0 0 0 1 1 0 0 1 1 0 0 0 1 0 0 0 0 0 0 1 1 0 1 
Atribuicoes:
13 4 20 25 20 31 39 49 1 8 19 22 35 23 30 46 16 9 18 0 35 31 22 18 16 31 47 23 4 30 47 30 9 13 19 25 47 34 8 4 1 20 46 34 9 46 0 0 39 49 
Custo Total: 803339
