Instância: Data/raw/50_P90_M1_HUB_1.txt
Tempo limite: 30 segundos
Seed: 1
Tamanho da pertubação: 5
Solução inicial:
Instalacoes:
1 0 1 1 0 0 1 1 0 1 0 0 0 0 1 1 0 0 0 0 0 0 1 0 0 0 0 0 1 1 0 0 0 0 1 0 0 0 0 1 0 0 1 1 0 0 1 1 0 0 
Atribuicoes:
47 47 2 3 15 2 6 7 46 9 34 2 7 2 14 9 34 7 0 47 15 43 22 29 42 39 0 39 28 29 2 28 14 2 47 9 3 7 42 39 28 34 42 43 0 42 46 47 39 47 
Custo Total: 2968805
Solução após busca local:
Instalacoes:
1 1 1 1 1 0 0 1 1 1 0 0 0 1 1 1 1 0 1 0 1 0 1 0 0 0 0 0 1 1 1 1 0 0 1 1 0 0 0 1 0 0 1 1 0 0 1 1 0 1 
Atribuicoes:
8 30 16 3 15 2 39 13 46 9 34 2 31 31 14 9 9 7 4 47 13 43 22 29 35 1 0 42 28 1 30 49 49 20 1 34 30 20 4 49 9 16 8 43 0 42 47 47 4 18 
Custo Total: 1015206
Total de iterações: 16289
Melhorias: 19
Tempo até a melhor solução: 26.9799 segundos
Iterações até a melhor solução: 14572
Soma dos custos: 13970653588
Média dos custos: 857674
Pior valor encontrado: 1088256
Melhor solução encontrada:
Instalacoes:
1 1 0 0 1 0 0 0 1 1 0 0 0 1 0 0 1 0 1 0 1 0 1 1 0 1 0 1 0 0 1 1 0 0 1 0 0 0 0 1 0 0 1 1 0 0 1 1 0 1 
Atribuicoes:
8 30 16 39 46 31 13 31 8 9 22 13 25 25 31 9 9 34 4 47 18 43 27 23 46 1 0 20 25 8 30 49 49 39 1 42 30 22 4 49 9 16 42 43 0 20 47 47 4 34 
Custo Total: 847150
