Instância: Data/raw/50_P10_M1_HUB_9.txt
Tempo limite: 30 segundos
Seed: 7
Tamanho da pertubação: 5
Solução inicial:
Instalacoes:
0 1 0 0 0 0 0 0 0 1 0 0 0 1 0 0 0 0 1 0 0 0 1 0 0 0 0 0 0 0 0 0 0 0 0 0 0 0 0 0 0 0 0 0 0 0 0 1 0 0 
Atribuicoes:
47 9 18 1 1 47 13 18 1 9 9 9 1 13 47 9 9 1 18 47 18 47 22 1 9 13 47 9 47 13 1 13 1 13 1 9 1 13 1 13 9 9 1 47 47 1 1 47 18 9 
Custo Total: 856326
Solução após busca local:
Instalacoes:
0 1 0 0 1 0 0 0 0 1 0 0 0 1 0 0 0 0 1 0 1 0 1 0 0 0 0 0 0 0 0 0 0 0 0 0 0 0 0 0 0 0 0 0 0 0 0 1 0 0 
Atribuicoes:
47 9 20 20 4 20 4 20 9 9 9 20 4 13 47 9 9 4 9 9 4 4 22 9 9 9 47 9 47 20 20 47 9 20 4 20 20 4 4 20 9 20 4 9 47 4 4 47 4 20 
Custo Total: 243148
Total de iterações: 113870
Melhorias: 15
Tempo até a melhor solução: 29.9162 segundos
Iterações até a melhor solução: 113549
Soma dos custos: 21833180187
Média dos custos: 191738
Pior valor encontrado: 396665
Melhor solução encontrada:
Instalacoes:
0 0 0 0 1 0 0 0 1 1 0 0 0 0 0 0 0 0 0 0 1 0 1 0 0 0 0 0 0 0 0 0 0 0 0 0 0 0 0 0 0 0 0 0 0 0 0 1 0 0 
Atribuicoes:
47 9 9 9 8 9 8 20 4 9 4 9 4 20 9 4 20 20 20 9 20 4 22 9 9 20 8 9 47 9 20 8 9 20 4 9 20 20 8 9 4 4 8 9 8 8 8 47 4 9 
Custo Total: 190173
