Instância: Data/raw/50_P100_M1_Continuo_8.txt
Tempo limite: 30 segundos
Seed: 4
Tamanho da pertubação: 5
Solução inicial:
Instalacoes:
1 0 1 1 0 1 0 1 0 1 0 1 0 0 1 1 0 0 1 1 0 0 1 0 0 0 0 0 1 1 0 0 0 0 0 0 0 0 0 1 0 1 1 1 0 1 1 0 0 0 
Atribuicoes:
0 0 2 3 15 5 14 7 15 9 46 11 7 2 14 9 46 7 18 19 46 43 22 29 42 5 42 11 28 29 2 28 43 2 0 9 3 7 9 39 28 18 42 19 42 45 46 19 39 0 
Custo Total: 2809489
Solução após busca local:
Instalacoes:
1 1 1 1 1 1 0 1 1 1 0 1 0 1 1 1 1 0 1 1 1 0 1 1 0 0 0 1 1 1 1 1 0 0 1 0 0 0 0 1 0 0 1 1 0 0 1 1 0 1 
Atribuicoes:
4 0 2 3 15 5 30 7 16 9 46 11 7 23 14 9 18 22 18 4 46 43 22 23 20 49 8 27 13 29 5 2 31 47 49 1 34 13 8 39 28 19 42 34 42 0 4 19 28 20 
Custo Total: 1329335
Total de iterações: 13906
Melhorias: 19
Tempo até a melhor solução: 15.959 segundos
Iterações até a melhor solução: 7482
Soma dos custos: 16296423418
Média dos custos: 1.1719e+06
Pior valor encontrado: 1382488
Melhor solução encontrada:
Instalacoes:
1 1 1 0 1 1 0 0 1 1 0 0 0 1 0 1 1 0 1 1 1 0 1 1 0 1 0 0 0 0 1 1 0 0 1 1 0 0 0 1 0 0 1 0 0 0 1 1 0 1 
Atribuicoes:
19 0 2 19 42 5 13 22 4 16 5 46 20 23 30 15 18 16 18 20 8 13 22 23 35 13 9 49 31 0 30 2 34 39 49 42 1 31 8 39 25 35 47 1 47 4 46 9 25 34 
Custo Total: 1163188
