Instância: Data/raw/50_P50_M1_HUB_2.txt
Tempo limite: 30 segundos
Seed: 5
Tamanho da pertubação: 5
Solução inicial:
Instalacoes:
1 1 0 0 1 0 0 0 0 0 0 0 0 1 0 0 1 0 1 1 1 0 1 1 0 1 0 0 0 0 0 0 0 0 0 0 0 0 0 0 0 0 0 0 0 0 0 1 0 0 
Atribuicoes:
4 1 20 13 4 25 19 22 4 16 16 20 16 13 16 16 18 18 20 47 20 1 22 23 18 20 47 20 25 23 23 20 19 23 4 18 13 25 47 25 16 20 1 0 47 4 4 0 25 18 
Custo Total: 2035928
Solução após busca local:
Instalacoes:
1 1 0 0 1 0 0 0 1 1 0 0 0 1 0 0 1 0 1 0 1 0 1 1 0 1 0 0 0 0 1 1 0 0 0 0 0 0 0 1 0 0 0 0 0 0 0 1 0 1 
Atribuicoes:
4 1 9 20 8 31 23 39 4 16 16 9 16 23 30 1 18 25 20 47 8 4 22 13 18 31 8 20 13 4 30 20 20 9 49 49 13 9 47 8 4 20 1 30 9 4 9 0 25 1 
Custo Total: 551349
Total de iterações: 28127
Melhorias: 19
Tempo até a melhor solução: 27.5602 segundos
Iterações até a melhor solução: 25746
Soma dos custos: 11712313297
Média dos custos: 416408
Pior valor encontrado: 667651
Melhor solução encontrada:
Instalacoes:
1 1 0 0 1 0 0 0 1 1 0 0 0 1 0 0 0 0 0 1 1 0 1 0 0 0 0 0 0 0 0 0 0 0 0 0 0 0 0 1 0 0 0 0 0 0 0 1 0 1 
Atribuicoes:
8 1 9 9 47 49 47 47 4 47 22 9 4 8 47 20 13 39 20 19 8 4 22 4 13 8 1 22 20 4 0 1 9 9 20 20 13 9 8 4 20 20 0 1 9 8 9 0 39 49 
Custo Total: 400658
