Instância: Data/raw/50_P60_M0_Continuo_9.txt
Tempo limite: 30 segundos
Seed: 8
Tamanho da pertubação: 5
Solução inicial:
Instalacoes:
1 0 0 0 1 1 0 1 1 0 0 0 0 0 0 0 1 0 1 1 0 0 1 1 0 1 0 0 0 1 0 0 0 0 0 0 0 0 0 0 0 0 0 0 0 0 1 1 0 0 
Atribuicoes:
0 0 23 22 4 5 29 7 8 4 16 47 7 23 5 0 16 7 18 19 4 19 22 23 46 4 47 4 5 23 5 47 5 25 0 46 22 7 4 23 16 18 8 19 4 46 8 19 23 0 
Custo Total: 2110276
Solução após busca local:
Instalacoes:
1 1 0 0 1 1 0 1 1 1 0 0 0 1 0 0 1 0 1 1 1 0 1 1 0 0 0 0 0 0 1 1 0 0 1 0 0 0 0 0 0 0 0 0 0 0 1 1 0 0 
Atribuicoes:
19 20 23 25 20 30 13 8 20 30 16 20 31 23 5 8 16 8 18 9 4 19 22 23 16 31 47 4 5 29 9 47 25 9 0 46 13 31 9 30 16 18 8 47 4 46 8 1 1 0 
Custo Total: 695892
Total de iterações: 25993
Melhorias: 16
Tempo até a melhor solução: 9.72632 segundos
Iterações até a melhor solução: 8668
Soma dos custos: 11218118889
Média dos custos: 431582
Pior valor encontrado: 726377
Melhor solução encontrada:
Instalacoes:
1 1 0 0 1 0 0 0 1 1 0 0 0 1 0 0 1 0 1 0 1 0 1 0 0 0 0 0 0 0 1 0 0 0 0 0 0 0 0 0 0 0 0 0 0 0 0 1 0 0 
Atribuicoes:
1 20 4 9 20 30 1 8 20 0 16 20 4 4 0 8 16 8 18 9 18 1 22 9 20 13 0 22 13 30 9 16 30 1 47 0 9 13 9 13 16 18 8 16 4 47 8 47 47 22 
Custo Total: 424005
