Instância: Data/raw/50_P70_M0_Continuo_3.txt
Tempo limite: 30 segundos
Seed: 5
Tamanho da pertubação: 5
Solução inicial:
Instalacoes:
1 0 0 0 0 0 0 1 0 0 0 1 0 1 1 1 0 0 0 1 0 0 1 0 0 1 0 0 0 1 0 1 0 0 0 1 0 0 1 0 0 1 1 1 0 0 1 0 0 0 
Atribuicoes:
0 0 13 29 15 25 43 7 46 15 35 11 7 13 19 0 31 35 41 19 41 43 22 11 42 25 15 31 25 29 31 35 43 22 0 35 29 25 38 25 35 35 42 19 46 38 46 19 25 0 
Custo Total: 2477959
Solução após busca local:
Instalacoes:
1 1 0 0 1 0 0 1 1 1 0 0 0 0 0 1 1 0 0 1 1 0 1 0 0 1 0 0 0 1 1 1 0 0 1 1 0 0 1 0 0 1 1 1 0 0 1 1 0 0 
Atribuicoes:
34 0 19 8 1 20 30 7 46 15 35 20 16 29 20 0 31 22 41 19 16 43 22 0 8 30 1 31 4 29 30 35 43 47 0 34 16 25 8 9 11 4 42 47 46 38 46 19 25 9 
Custo Total: 899552
Total de iterações: 21749
Melhorias: 13
Tempo até a melhor solução: 2.82723 segundos
Iterações até a melhor solução: 2047
Soma dos custos: 12075596256
Média dos custos: 555225
Pior valor encontrado: 819700
Melhor solução encontrada:
Instalacoes:
1 1 0 0 1 0 0 0 1 1 0 0 0 1 0 0 1 0 1 1 1 0 1 1 0 0 0 0 0 0 1 0 0 0 0 0 0 0 0 0 0 0 0 0 0 0 1 1 0 0 
Atribuicoes:
18 47 30 8 46 20 4 8 0 20 1 20 16 23 20 47 30 18 18 0 8 4 22 46 8 30 1 22 4 23 30 1 4 19 47 16 13 22 46 13 16 9 47 19 0 9 9 19 9 1 
Custo Total: 552398
