Instância: Data/raw/50_P90_M1_Continuo_4.txt
Tempo limite: 30 segundos
Seed: 7
Tamanho da pertubação: 5
Solução inicial:
Instalacoes:
1 0 1 1 0 1 0 1 0 1 0 1 0 0 1 0 0 0 1 1 0 0 1 0 0 1 0 0 1 1 0 0 0 0 1 0 0 0 0 1 0 1 0 1 0 0 1 0 0 0 
Atribuicoes:
0 0 2 3 34 5 25 7 46 9 41 11 7 2 14 9 41 7 18 19 41 43 22 29 46 5 19 11 28 29 2 25 43 5 34 9 3 7 18 39 28 18 34 19 18 25 46 19 39 0 
Custo Total: 2487868
Solução após busca local:
Instalacoes:
1 1 1 1 1 1 0 1 1 1 0 1 0 1 0 0 1 0 1 1 1 0 1 0 0 1 0 1 1 1 1 1 0 0 1 0 0 0 0 1 0 1 1 1 0 0 1 1 0 0 
Atribuicoes:
0 20 0 3 47 5 25 13 46 20 5 11 39 2 34 9 31 7 18 4 4 43 22 8 46 34 19 27 28 29 1 25 30 31 43 9 13 7 9 39 16 18 47 19 1 47 42 8 13 30 
Custo Total: 1031919
Total de iterações: 17472
Melhorias: 21
Tempo até a melhor solução: 21.7382 segundos
Iterações até a melhor solução: 12551
Soma dos custos: 14375806834
Média dos custos: 822791
Pior valor encontrado: 1095393
Melhor solução encontrada:
Instalacoes:
1 1 0 0 1 0 0 0 1 1 0 0 0 1 0 0 1 0 1 1 1 0 1 0 0 1 0 1 0 0 1 1 0 0 1 1 0 0 0 1 0 0 1 0 0 0 1 1 0 1 
Atribuicoes:
1 34 13 8 8 22 18 13 46 35 22 34 16 30 47 19 0 39 18 4 4 49 31 47 46 27 1 27 31 20 16 9 30 25 49 9 13 9 9 39 25 35 42 19 0 8 16 47 1 20 
Custo Total: 813326
