Instância: Data/raw/50_P70_M1_Continuo_3.txt
Tempo limite: 30 segundos
Seed: 8
Tamanho da pertubação: 5
Solução inicial:
Instalacoes:
0 1 0 1 0 1 0 0 1 1 0 1 0 0 0 0 0 0 0 1 1 0 1 0 0 1 0 0 0 1 0 0 0 0 1 1 0 0 0 1 0 0 1 0 0 0 1 1 0 0 
Atribuicoes:
19 1 5 3 42 5 42 11 46 9 35 11 35 5 47 9 20 39 35 19 20 34 22 29 9 25 47 47 8 29 1 25 34 46 1 9 3 35 46 39 9 20 42 19 47 8 46 19 39 9 
Custo Total: 2230409
Solução após busca local:
Instalacoes:
1 1 0 0 1 1 0 0 1 1 0 0 0 1 0 0 1 0 1 1 1 0 1 1 0 1 0 0 0 1 1 0 0 0 1 1 0 0 0 1 0 0 1 1 0 0 1 1 0 1 
Atribuicoes:
8 20 5 19 42 49 16 47 49 9 20 8 39 23 4 16 35 0 35 8 20 30 22 23 9 25 47 49 9 29 1 16 34 20 1 4 39 4 46 39 18 18 49 43 47 8 46 19 25 9 
Custo Total: 797347
Total de iterações: 21708
Melhorias: 20
Tempo até a melhor solução: 23.731 segundos
Iterações até a melhor solução: 17219
Soma dos custos: 11906421718
Média dos custos: 548481
Pior valor encontrado: 798594
Melhor solução encontrada:
Instalacoes:
1 1 0 0 1 0 0 0 1 1 0 0 0 1 0 0 1 0 1 0 1 0 1 0 0 0 0 0 0 0 1 0 0 0 0 0 0 0 0 1 0 0 0 0 0 0 1 1 0 1 
Atribuicoes:
8 18 1 13 47 30 39 47 1 9 4 8 13 8 49 0 4 22 20 8 18 20 13 8 39 39 47 22 49 4 9 0 30 20 49 4 13 4 46 39 16 16 1 30 0 20 46 13 9 9 
Custo Total: 538400
