Instância: Data/raw/50_P80_M0_Continuo_2.txt
Tempo limite: 30 segundos
Seed: 7
Tamanho da pertubação: 5
Solução inicial:
Instalacoes:
1 0 0 1 1 0 0 1 0 1 0 0 0 1 1 0 1 0 1 1 0 0 1 0 0 0 0 0 1 0 1 0 1 0 0 0 0 0 0 0 0 0 1 0 0 0 1 1 0 0 
Atribuicoes:
9 47 32 3 46 13 22 7 46 19 16 9 7 9 14 19 16 7 18 47 4 14 22 32 14 13 19 9 28 19 30 13 30 13 47 4 3 7 4 9 16 18 42 14 46 4 46 47 3 0 
Custo Total: 2156775
Solução após busca local:
Instalacoes:
0 1 0 1 1 0 0 1 1 1 0 0 0 1 1 0 1 0 1 1 1 0 1 0 0 0 0 0 0 0 1 1 1 0 1 1 0 0 0 1 0 0 0 0 0 0 1 1 0 1 
Atribuicoes:
20 34 32 18 46 30 22 7 46 19 16 20 22 9 19 49 35 8 4 47 20 14 22 1 14 13 49 9 18 30 31 13 30 49 31 35 39 8 4 9 16 18 19 13 1 4 46 47 39 47 
Custo Total: 820600
Total de iterações: 19800
Melhorias: 23
Tempo até a melhor solução: 17.2481 segundos
Iterações até a melhor solução: 11244
Soma dos custos: 12682971923
Média dos custos: 640554
Pior valor encontrado: 892775
Melhor solução encontrada:
Instalacoes:
1 1 0 0 1 0 0 0 1 1 0 0 0 1 0 0 1 0 0 1 1 0 1 1 0 1 0 0 0 0 1 1 0 0 1 0 0 0 0 0 0 0 0 0 0 0 1 1 0 1 
Atribuicoes:
0 13 9 31 46 1 47 4 46 19 16 22 16 1 19 0 16 47 20 1 4 13 22 23 8 25 4 8 31 20 23 25 30 13 34 34 4 1 20 8 49 31 19 0 9 47 46 49 30 23 
Custo Total: 634910
