Instância: Data/raw/50_P100_M0_Continuo_5.txt
Tempo limite: 30 segundos
Seed: 6
Tamanho da pertubação: 5
Solução inicial:
Instalacoes:
1 0 1 1 0 1 0 1 0 1 0 1 0 0 0 1 0 0 1 1 0 0 1 0 0 0 0 0 1 0 0 0 0 0 0 0 0 0 0 1 0 1 1 1 0 0 1 0 0 0 
Atribuicoes:
0 0 2 3 15 5 41 7 15 9 46 11 7 2 19 9 42 7 18 19 46 43 22 43 42 5 15 11 28 43 2 28 5 2 0 9 3 7 9 39 28 18 42 19 42 46 46 19 39 0 
Custo Total: 3108572
Solução após busca local:
Instalacoes:
1 1 1 1 1 1 0 1 1 1 0 1 0 1 0 1 1 0 1 1 1 0 1 1 1 1 0 1 1 0 1 1 0 0 1 1 0 0 0 1 0 0 1 1 0 0 1 1 0 1 
Atribuicoes:
0 0 2 3 9 25 30 20 1 4 18 11 5 25 34 15 41 27 18 47 35 43 22 23 24 2 13 11 28 13 31 27 19 16 16 49 3 7 9 39 31 49 8 47 42 8 46 19 39 34 
Custo Total: 1332370
Total de iterações: 13762
Melhorias: 18
Tempo até a melhor solução: 25.8665 segundos
Iterações até a melhor solução: 11846
Soma dos custos: 16525753211
Média dos custos: 1.20082e+06
Pior valor encontrado: 1387521
Melhor solução encontrada:
Instalacoes:
1 1 1 0 1 0 0 0 1 1 0 1 0 1 0 0 1 0 1 1 1 0 1 1 0 1 0 1 0 1 1 1 0 0 1 1 0 0 0 1 0 0 1 0 0 0 1 1 0 1 
Atribuicoes:
0 13 2 39 9 23 47 4 42 4 18 25 19 31 34 42 16 27 18 49 16 30 11 23 31 2 19 30 1 29 9 27 13 25 20 35 39 22 46 0 22 35 8 49 1 8 46 47 20 34 
Custo Total: 1194840
