Instância: Data/raw/50_P80_M1_Continuo_3.txt
Tempo limite: 30 segundos
Seed: 10
Tamanho da pertubação: 5
Solução inicial:
Instalacoes:
0 1 1 0 0 0 0 1 1 1 0 1 0 1 0 1 0 0 0 0 1 0 1 0 0 0 0 0 0 0 0 1 0 0 0 0 0 0 0 0 0 0 1 1 0 0 1 1 0 0 
Atribuicoes:
15 1 31 46 42 31 2 7 46 9 31 11 7 13 47 9 20 7 15 15 20 43 22 13 9 13 1 11 8 13 31 31 31 46 1 9 31 7 46 13 9 20 42 43 46 8 46 47 13 9 
Custo Total: 3093801
Solução após busca local:
Instalacoes:
1 1 0 0 1 0 0 1 1 1 0 1 0 1 0 1 1 0 1 1 1 0 1 0 0 1 0 0 0 1 1 1 0 0 1 1 0 0 0 1 0 0 1 1 0 0 1 1 0 1 
Atribuicoes:
46 49 25 4 35 30 39 1 18 42 31 11 8 2 47 15 13 47 35 30 20 20 22 13 9 2 1 16 47 29 8 31 49 20 1 4 39 0 46 18 34 20 42 43 19 8 46 47 0 9 
Custo Total: 927042
Total de iterações: 18682
Melhorias: 20
Tempo até a melhor solução: 27.7469 segundos
Iterações até a melhor solução: 17323
Soma dos custos: 12309458607
Média dos custos: 658894
Pior valor encontrado: 896243
Melhor solução encontrada:
Instalacoes:
1 1 0 0 1 0 0 0 1 1 0 0 0 1 0 0 1 0 1 1 1 0 1 1 0 1 0 0 0 0 1 0 0 0 1 0 0 0 0 1 0 0 0 0 0 0 0 1 0 1 
Atribuicoes:
1 0 9 4 1 20 39 1 9 16 23 8 22 23 34 20 47 49 16 4 0 13 22 30 9 25 47 47 49 23 8 20 19 13 34 4 30 39 47 39 18 18 49 30 20 8 13 49 25 19 
Custo Total: 647231
