Instância: Data/raw/50_P90_M1_Continuo_2.txt
Tempo limite: 30 segundos
Seed: 8
Tamanho da pertubação: 5
Solução inicial:
Instalacoes:
1 1 1 0 0 0 0 0 0 0 0 1 0 1 1 1 0 0 1 1 0 0 1 1 1 1 0 0 1 0 0 1 0 0 0 0 0 0 1 0 0 0 0 0 0 0 1 1 0 0 
Atribuicoes:
47 1 23 25 1 23 2 22 1 15 18 11 18 13 14 15 24 18 15 47 18 14 22 31 24 23 19 31 28 23 19 25 31 23 1 46 25 18 38 13 28 22 0 14 47 38 46 47 11 24 
Custo Total: 2255644
Solução após busca local:
Instalacoes:
1 1 0 0 1 0 0 0 1 1 0 0 0 1 1 1 1 0 1 1 1 0 1 1 1 1 0 0 1 0 1 1 0 0 1 0 0 0 1 1 0 0 1 0 0 0 1 1 0 1 
Atribuicoes:
9 9 20 47 1 23 39 22 1 15 4 2 18 13 49 0 24 34 8 47 18 8 22 31 24 23 19 31 30 49 19 39 34 13 4 46 25 46 38 30 28 20 0 14 42 42 9 47 13 16 
Custo Total: 1009453
Total de iterações: 16955
Melhorias: 24
Tempo até a melhor solução: 29.36 segundos
Iterações até a melhor solução: 16589
Soma dos custos: 13462951654
Média dos custos: 794040
Pior valor encontrado: 1032820
Melhor solução encontrada:
Instalacoes:
1 1 0 0 1 0 0 0 1 1 0 0 0 1 0 0 1 0 1 1 1 0 1 1 0 1 0 0 0 0 1 1 0 0 0 1 0 0 0 1 0 0 1 0 0 0 1 1 0 1 
Atribuicoes:
9 49 20 31 20 47 8 39 0 47 35 22 18 23 30 42 39 4 16 19 18 16 22 16 8 25 1 9 13 30 1 30 4 13 35 31 1 25 8 49 0 20 42 25 4 46 9 19 13 46 
Custo Total: 786638
