Instância: Data/raw/50_P50_M0_Continuo_8.txt
Tempo limite: 30 segundos
Seed: 6
Tamanho da pertubação: 5
Solução inicial:
Instalacoes:
1 1 1 0 0 0 0 1 1 1 0 0 0 0 0 0 1 0 0 0 1 0 1 0 0 0 0 0 0 0 1 0 0 0 0 0 0 0 0 1 0 0 0 0 0 0 0 1 0 1 
Atribuicoes:
0 0 2 1 8 30 16 7 8 16 9 20 7 39 47 16 22 7 20 0 20 49 22 2 49 39 9 20 16 30 30 30 30 30 0 22 1 7 9 39 9 20 8 0 9 8 8 47 39 49 
Custo Total: 2084884
Solução após busca local:
Instalacoes:
1 0 1 0 1 0 0 1 1 1 0 0 0 1 0 0 1 0 0 1 1 0 1 0 0 0 0 0 0 0 1 1 0 0 0 1 0 0 0 1 0 0 0 0 0 0 1 1 0 1 
Atribuicoes:
19 9 2 20 8 30 16 47 0 4 22 22 49 39 47 8 0 16 20 0 20 49 22 4 49 39 47 20 16 30 4 31 30 30 35 8 20 49 4 13 9 19 46 9 9 8 8 47 39 47 
Custo Total: 601411
Total de iterações: 28324
Melhorias: 16
Tempo até a melhor solução: 25.4188 segundos
Iterações até a melhor solução: 23988
Soma dos custos: 11696823126
Média dos custos: 412965
Pior valor encontrado: 660940
Melhor solução encontrada:
Instalacoes:
1 1 0 0 1 0 0 0 1 1 0 0 0 1 0 0 1 0 0 0 1 0 1 0 0 0 0 0 0 0 1 0 0 0 0 0 0 0 0 0 0 0 0 0 0 0 0 1 0 0 
Atribuicoes:
1 0 9 20 8 13 4 47 1 4 16 22 16 30 47 8 9 4 20 0 20 0 22 13 0 9 47 20 1 30 16 1 30 13 13 8 16 9 4 1 47 47 4 47 9 8 8 16 20 0 
Custo Total: 396210
