Instância: Data/raw/50_P80_M1_HUB_8.txt
Tempo limite: 30 segundos
Seed: 3
Tamanho da pertubação: 5
Solução inicial:
Instalacoes:
1 1 0 0 1 1 0 1 1 0 0 0 0 1 1 1 0 0 1 0 0 0 1 0 0 1 0 0 1 0 0 0 0 0 1 0 0 0 0 1 0 0 1 0 0 0 1 1 0 0 
Atribuicoes:
47 1 4 25 15 5 1 7 8 42 46 39 7 13 14 0 34 34 18 47 15 14 22 15 0 4 4 4 28 13 5 28 5 7 1 34 25 34 8 39 28 18 42 14 4 8 46 47 39 0 
Custo Total: 2169749
Solução após busca local:
Instalacoes:
1 1 0 0 1 1 0 1 1 1 0 0 1 1 1 1 1 0 1 1 1 0 1 0 0 1 0 0 1 1 1 1 0 0 1 1 0 0 0 1 0 0 1 0 0 0 1 1 0 1 
Atribuicoes:
9 19 13 25 1 30 4 7 8 34 47 39 31 13 14 0 16 25 18 47 15 1 22 29 0 31 4 4 49 13 5 28 34 20 1 18 25 16 18 9 35 18 42 0 19 8 46 20 39 35 
Custo Total: 999846
Total de iterações: 18249
Melhorias: 24
Tempo até a melhor solução: 26.2708 segundos
Iterações até a melhor solução: 15871
Soma dos custos: 12619088373
Média dos custos: 691495
Pior valor encontrado: 964579
Melhor solução encontrada:
Instalacoes:
1 1 0 0 1 0 0 0 1 1 0 0 0 1 0 0 1 0 1 1 1 0 1 1 0 1 0 0 0 0 1 1 0 0 0 0 0 0 0 1 0 0 0 0 0 0 1 1 0 1 
Atribuicoes:
20 0 25 25 1 23 4 22 46 47 18 30 47 20 9 20 16 16 9 19 49 1 22 46 47 25 4 4 25 23 31 31 47 13 1 9 16 18 8 39 20 9 19 19 8 8 0 13 30 49 
Custo Total: 682306
