Instância: Data/raw/50_P20_M1_Continuo_1.txt
Tempo limite: 30 segundos
Seed: 5
Tamanho da pertubação: 5
Solução inicial:
Instalacoes:
0 1 0 0 0 0 0 0 1 0 0 0 0 1 0 0 1 0 0 0 0 0 1 1 0 0 0 0 0 0 0 0 0 0 0 0 0 0 0 1 0 0 1 0 0 0 0 1 0 0 
Atribuicoes:
42 1 13 39 8 13 23 39 8 42 16 8 39 13 47 47 16 22 16 47 8 23 22 13 1 13 42 8 47 23 13 13 23 39 1 16 39 13 42 13 1 16 8 23 42 47 8 47 13 1 
Custo Total: 1046724
Solução após busca local:
Instalacoes:
0 1 0 0 1 0 0 0 1 1 0 0 0 1 0 0 1 0 0 0 1 0 1 0 0 0 0 0 0 0 0 0 0 0 0 0 0 0 0 1 0 0 1 0 0 0 0 1 0 0 
Atribuicoes:
4 1 9 20 8 13 9 47 8 16 16 9 9 13 20 4 9 9 4 9 9 20 22 20 20 4 9 8 8 20 47 20 20 47 4 1 47 4 20 13 20 20 8 4 4 9 8 47 8 4 
Custo Total: 361765
Total de iterações: 60760
Melhorias: 21
Tempo até a melhor solução: 10.7745 segundos
Iterações até a melhor solução: 22250
Soma dos custos: 13459806940
Média dos custos: 221524
Pior valor encontrado: 434468
Melhor solução encontrada:
Instalacoes:
0 0 0 0 1 0 0 0 1 1 0 0 0 0 0 0 0 0 0 0 1 0 1 0 0 0 0 0 0 0 0 0 0 0 0 0 0 0 0 0 0 0 0 0 0 0 0 1 0 0 
Atribuicoes:
4 9 9 20 8 47 9 9 8 47 4 22 9 47 47 4 9 8 20 9 9 20 22 20 9 4 20 20 8 47 4 20 20 8 4 22 4 4 20 47 8 20 8 47 4 9 4 9 8 9 
Custo Total: 217245
