Instância: Data/raw/50_P80_M1_HUB_4.txt
Tempo limite: 30 segundos
Seed: 2
Tamanho da pertubação: 5
Solução inicial:
Instalacoes:
1 0 1 1 0 0 0 1 0 1 0 1 0 0 1 1 1 0 0 0 0 0 1 0 0 0 0 0 0 1 1 0 0 0 0 0 0 0 0 1 0 0 0 1 0 0 1 1 0 1 
Atribuicoes:
47 47 2 3 15 30 49 7 46 9 16 11 7 11 14 9 16 7 15 47 43 43 22 29 49 2 43 22 14 29 30 30 30 11 47 9 3 7 9 39 16 16 15 0 0 46 46 47 39 47 
Custo Total: 2632296
Solução após busca local:
Instalacoes:
1 1 1 0 1 0 0 1 1 1 0 1 0 1 1 0 1 0 1 1 1 0 1 1 0 1 0 0 0 1 1 1 0 0 0 1 0 0 0 1 0 0 1 1 0 0 1 1 0 1 
Atribuicoes:
19 47 20 20 46 2 49 7 46 16 16 11 39 23 14 42 35 35 18 9 1 30 22 19 49 49 8 31 8 29 30 25 30 13 0 25 39 4 9 39 20 16 42 43 0 20 1 47 3 13 
Custo Total: 1000264
Total de iterações: 17953
Melhorias: 23
Tempo até a melhor solução: 25.8365 segundos
Iterações até a melhor solução: 15527
Soma dos custos: 12110874025
Média dos custos: 674588
Pior valor encontrado: 912911
Melhor solução encontrada:
Instalacoes:
1 1 0 0 1 0 0 0 1 1 0 0 0 1 0 0 1 0 0 1 1 0 1 1 0 1 0 0 0 0 1 1 0 0 0 0 0 0 0 1 0 0 1 0 0 0 0 1 0 0 
Atribuicoes:
20 0 31 20 4 25 25 47 4 16 13 4 39 31 19 42 16 16 20 9 22 30 0 47 47 25 1 22 1 23 8 4 30 13 16 8 8 23 9 39 20 19 42 30 0 20 8 19 13 9 
Custo Total: 667339
