Instância: Data/raw/50_P80_M1_Continuo_5.txt
Tempo limite: 30 segundos
Seed: 9
Tamanho da pertubação: 5
Solução inicial:
Instalacoes:
1 0 1 0 1 0 0 1 1 1 0 1 0 1 1 0 0 0 1 0 0 0 1 0 0 1 0 0 1 0 1 0 0 0 0 0 0 0 0 1 0 0 1 0 0 0 0 0 0 0 
Atribuicoes:
0 0 30 25 4 30 2 7 8 9 28 11 7 30 14 9 42 7 18 0 4 14 22 13 42 25 42 11 28 30 30 13 4 18 0 9 25 7 42 39 13 18 8 14 42 4 8 42 39 0 
Custo Total: 2520313
Solução após busca local:
Instalacoes:
1 1 0 0 1 0 0 1 1 1 0 1 0 1 1 0 1 0 1 1 1 0 1 0 0 1 0 0 1 0 1 1 0 0 1 1 0 0 0 1 0 0 1 0 0 0 1 1 0 1 
Atribuicoes:
19 34 30 9 0 30 9 7 8 13 49 11 47 1 14 20 20 18 4 0 46 47 22 13 47 25 42 31 28 1 49 13 4 18 8 9 16 22 30 39 28 18 1 34 8 4 46 19 39 0 
Custo Total: 846620
Total de iterações: 18505
Melhorias: 14
Tempo até a melhor solução: 28.0876 segundos
Iterações até a melhor solução: 17374
Soma dos custos: 11793874996
Média dos custos: 637335
Pior valor encontrado: 887478
Melhor solução encontrada:
Instalacoes:
1 1 0 0 1 0 0 0 1 1 0 0 0 1 0 0 1 0 1 1 1 0 1 0 0 1 0 1 0 0 0 0 0 0 1 0 0 0 0 1 0 0 0 0 0 0 0 1 0 1 
Atribuicoes:
19 9 47 16 0 25 18 18 8 20 13 22 25 1 19 9 20 13 4 0 47 34 27 20 34 25 9 39 49 1 13 22 4 16 8 16 47 20 19 39 49 34 1 49 8 4 20 19 39 0 
Custo Total: 625264
