Instância: Data/raw/50_P80_M1_Continuo_10.txt
Tempo limite: 30 segundos
Seed: 9
Tamanho da pertubação: 5
Solução inicial:
Instalacoes:
1 0 0 0 1 1 0 1 1 1 0 1 0 1 0 0 0 0 0 1 1 0 1 1 0 0 0 0 0 1 0 0 0 0 0 1 0 0 0 1 0 0 1 0 0 0 0 1 0 0 
Atribuicoes:
47 47 13 35 4 5 47 7 8 9 35 11 39 13 19 9 20 39 4 47 20 35 22 23 9 13 42 11 5 29 23 13 5 22 47 9 35 39 4 13 9 20 8 19 42 4 8 19 39 9 
Custo Total: 2681819
Solução após busca local:
Instalacoes:
0 1 0 0 1 1 0 0 1 1 0 1 0 1 0 0 1 0 1 1 1 0 1 1 0 0 0 0 0 0 1 1 0 0 1 1 0 0 0 1 0 0 1 0 0 0 1 1 0 1 
Atribuicoes:
1 47 13 20 4 5 18 23 42 34 35 46 31 13 18 30 20 22 1 18 16 35 9 23 9 16 19 11 31 4 8 1 30 39 47 9 39 49 4 13 22 20 8 19 42 46 8 19 9 47 
Custo Total: 794485
Total de iterações: 19459
Melhorias: 19
Tempo até a melhor solução: 25.4669 segundos
Iterações até a melhor solução: 16648
Soma dos custos: 13037391474
Média dos custos: 669993
Pior valor encontrado: 904566
Melhor solução encontrada:
Instalacoes:
1 1 0 0 1 0 0 0 1 1 0 0 0 1 0 0 1 0 1 1 1 0 1 1 0 0 0 0 0 0 1 0 0 0 0 0 0 0 0 1 0 0 1 0 0 0 1 1 0 1 
Atribuicoes:
18 0 13 20 4 30 1 23 42 19 22 1 22 13 1 42 20 30 18 49 16 4 9 23 9 8 19 47 4 4 49 18 47 16 0 9 39 39 46 13 16 20 49 47 8 46 8 19 9 0 
Custo Total: 654979
