Instância: Data/raw/50_P10_M1_Continuo_5.txt
Tempo limite: 30 segundos
Seed: 4
Tamanho da pertubação: 5
Solução inicial:
Instalacoes:
0 1 0 0 1 0 0 0 0 1 0 0 0 1 0 0 0 0 0 0 0 0 1 0 0 0 0 0 0 0 0 0 0 0 0 0 0 0 0 0 0 0 0 0 0 0 0 1 0 0 
Atribuicoes:
4 9 13 13 4 47 1 1 4 9 9 9 4 13 4 9 9 4 4 1 4 1 22 13 9 13 1 9 4 13 47 4 1 47 4 9 13 4 9 13 9 4 4 1 47 47 4 1 13 9 
Custo Total: 559103
Solução após busca local:
Instalacoes:
0 1 0 0 1 0 0 0 1 1 0 0 0 1 0 0 0 0 0 0 1 0 1 0 0 0 0 0 0 0 0 0 0 0 0 0 0 0 0 0 0 0 0 0 0 0 0 1 0 0 
Atribuicoes:
4 9 9 20 4 20 8 8 8 9 4 9 4 13 9 9 20 9 4 8 4 9 22 20 9 13 9 20 9 9 4 9 9 20 4 9 20 20 8 20 9 4 8 4 9 47 4 47 20 8 
Custo Total: 242703
Total de iterações: 105566
Melhorias: 15
Tempo até a melhor solução: 28.1383 segundos
Iterações até a melhor solução: 99448
Soma dos custos: 17894990687
Média dos custos: 169515
Pior valor encontrado: 369965
Melhor solução encontrada:
Instalacoes:
0 0 0 0 1 0 0 0 1 1 0 0 0 0 0 0 0 0 0 0 1 0 1 0 0 0 0 0 0 0 0 0 0 0 0 0 0 0 0 0 0 0 0 0 0 0 0 0 0 0 
Atribuicoes:
9 4 9 9 4 4 4 9 8 9 20 20 20 9 9 8 20 20 4 4 20 9 22 9 9 20 8 9 9 9 4 9 9 20 4 4 8 20 8 20 9 20 8 4 9 9 4 4 20 8 
Custo Total: 165624
