Instância: Data/raw/50_P90_M0_Continuo_8.txt
Tempo limite: 30 segundos
Seed: 8
Tamanho da pertubação: 5
Solução inicial:
Instalacoes:
1 1 1 0 0 0 0 1 1 1 0 1 0 1 1 0 1 0 1 1 0 0 1 1 0 0 0 0 0 0 1 0 0 0 0 0 0 0 0 1 0 0 0 0 0 0 1 1 0 0 
Atribuicoes:
47 1 2 46 1 30 23 7 8 9 16 11 7 13 14 9 16 19 18 47 23 14 22 2 0 13 19 11 16 13 30 22 30 22 1 9 46 23 1 39 16 18 0 14 47 1 46 47 39 8 
Custo Total: 2358321
Solução após busca local:
Instalacoes:
1 1 1 0 1 1 0 1 1 1 0 1 0 1 1 0 1 0 1 1 1 0 1 1 0 1 0 0 1 0 1 1 0 0 1 1 0 0 0 1 0 0 1 0 0 0 1 1 0 1 
Atribuicoes:
4 28 2 16 1 0 23 7 8 9 23 11 7 47 14 9 16 19 18 28 20 34 22 25 0 13 4 31 30 5 30 5 31 16 49 35 20 13 42 5 2 34 42 18 47 1 46 8 39 8 
Custo Total: 1011071
Total de iterações: 17711
Melhorias: 24
Tempo até a melhor solução: 19.5413 segundos
Iterações até a melhor solução: 11308
Soma dos custos: 13955035384
Média dos custos: 787930
Pior valor encontrado: 1042955
Melhor solução encontrada:
Instalacoes:
1 1 0 0 1 0 0 0 1 1 0 0 0 1 0 0 1 0 1 1 1 0 1 1 0 1 0 1 0 0 1 1 0 0 1 1 0 0 0 1 0 0 0 0 0 0 1 1 0 1 
Atribuicoes:
19 47 9 30 20 1 13 22 8 0 35 22 22 4 46 9 34 13 18 47 16 49 27 30 49 25 47 27 31 23 31 23 30 39 0 35 16 25 18 23 9 19 1 34 4 20 46 8 1 8 
Custo Total: 769365
