Instância: Data/raw/50_P100_M0_Continuo_3.txt
Tempo limite: 30 segundos
Seed: 10
Tamanho da pertubação: 5
Solução inicial:
Instalacoes:
1 0 1 1 0 1 0 1 0 1 0 0 0 0 0 1 0 0 1 1 0 0 1 0 0 0 0 0 1 1 0 0 0 0 0 0 0 0 1 1 0 1 1 1 0 0 1 0 0 0 
Atribuicoes:
0 0 2 3 15 5 41 7 15 9 46 22 7 2 19 9 42 7 18 19 46 43 22 29 42 5 43 22 28 29 2 28 5 2 0 9 3 7 38 39 28 18 42 19 42 38 46 19 39 0 
Custo Total: 2806243
Solução após busca local:
Instalacoes:
1 1 1 1 1 1 0 1 1 1 0 0 0 1 0 1 1 0 1 1 1 0 1 1 0 1 0 1 1 1 1 1 0 0 1 0 0 0 1 1 0 0 1 1 0 0 1 1 0 1 
Atribuicoes:
0 8 2 3 15 5 13 7 8 9 13 30 31 2 19 9 42 27 18 19 41 34 22 23 47 5 43 27 25 29 23 49 16 20 0 34 1 16 47 39 28 1 42 4 46 38 46 30 18 49 
Custo Total: 1352698
Total de iterações: 14181
Melhorias: 15
Tempo até a melhor solução: 6.5338 segundos
Iterações até a melhor solução: 3033
Soma dos custos: 16844108234
Média dos custos: 1.18779e+06
Pior valor encontrado: 1378052
Melhor solução encontrada:
Instalacoes:
1 1 1 0 1 0 0 0 1 1 0 0 0 1 0 1 1 0 1 1 1 0 1 1 0 1 0 1 0 0 1 1 0 0 1 1 0 0 0 1 0 0 1 1 0 0 1 1 0 1 
Atribuicoes:
0 49 2 8 8 13 49 13 42 15 27 22 22 2 19 15 16 31 18 19 4 0 23 20 35 39 4 31 9 23 30 34 30 25 47 9 1 27 20 39 25 1 16 43 9 46 46 47 18 34 
Custo Total: 1185951
