Instância: Data/raw/50_P30_M0_Continuo_4.txt
Tempo limite: 30 segundos
Seed: 6
Tamanho da pertubação: 5
Solução inicial:
Instalacoes:
1 0 0 0 0 0 0 0 0 0 0 0 0 1 0 0 1 0 0 0 0 0 1 1 0 0 0 0 0 0 1 0 0 0 0 0 0 0 0 0 0 0 0 0 0 0 1 1 0 1 
Atribuicoes:
47 47 13 23 46 30 23 30 46 0 16 22 22 13 47 47 16 49 49 47 46 49 22 13 49 23 0 13 0 23 30 30 30 23 47 0 23 49 46 13 16 16 0 47 0 46 46 47 13 47 
Custo Total: 1199171
Solução após busca local:
Instalacoes:
1 0 0 0 1 0 0 0 1 1 0 0 0 1 0 0 1 0 0 0 1 0 1 0 0 0 0 0 0 0 1 0 0 0 0 0 0 0 0 0 0 0 0 0 0 0 1 1 0 1 
Atribuicoes:
4 9 13 20 8 13 20 0 9 47 16 22 8 9 47 47 16 9 4 8 13 0 22 8 20 4 8 13 9 20 30 30 8 20 9 8 4 9 4 13 9 8 8 47 20 8 46 47 4 20 
Custo Total: 403492
Total de iterações: 44313
Melhorias: 19
Tempo até a melhor solução: 28.6839 segundos
Iterações até a melhor solução: 42306
Soma dos custos: 12282186503
Média dos custos: 277169
Pior valor encontrado: 500188
Melhor solução encontrada:
Instalacoes:
0 1 0 0 1 0 0 0 1 1 0 0 0 1 0 0 0 0 0 0 1 0 1 0 0 0 0 0 0 0 0 0 0 0 0 0 0 0 0 0 0 0 0 0 0 0 0 1 0 0 
Atribuicoes:
4 9 9 8 4 13 8 1 9 20 13 22 20 13 1 47 47 9 4 9 20 1 22 8 1 9 8 13 9 20 20 1 47 20 9 47 4 20 4 8 9 8 8 47 9 8 1 4 20 20 
Custo Total: 264691
