Instância: Data/raw/50_P100_M0_Continuo_7.txt
Tempo limite: 30 segundos
Seed: 4
Tamanho da pertubação: 5
Solução inicial:
Instalacoes:
1 0 1 1 0 1 0 1 0 1 0 1 0 0 1 0 0 0 1 1 0 0 1 0 0 0 0 0 1 1 0 0 0 0 1 0 0 0 1 1 0 1 0 1 0 0 1 0 0 0 
Atribuicoes:
0 0 2 3 34 5 34 7 34 9 41 11 7 2 14 9 41 7 18 19 41 43 22 29 46 5 34 11 28 29 2 28 43 2 34 9 3 7 38 39 28 18 0 19 34 38 46 19 39 0 
Custo Total: 2851197
Solução após busca local:
Instalacoes:
1 1 1 1 1 1 0 1 1 1 0 1 0 1 1 0 1 0 1 1 1 0 1 1 0 1 0 0 1 1 1 1 0 0 1 0 0 0 1 1 0 1 1 1 0 0 1 1 0 1 
Atribuicoes:
4 0 2 3 34 5 31 7 8 9 41 11 30 18 14 9 13 16 18 19 42 49 22 30 49 23 4 11 39 29 34 28 43 13 1 16 47 25 38 23 28 1 20 19 47 38 46 0 39 5 
Custo Total: 1357031
Total de iterações: 14282
Melhorias: 24
Tempo até a melhor solução: 24.6662 segundos
Iterações até a melhor solução: 11761
Soma dos custos: 17077059272
Média dos custos: 1.19571e+06
Pior valor encontrado: 1381555
Melhor solução encontrada:
Instalacoes:
1 1 0 0 1 0 0 0 1 1 0 1 0 1 0 1 1 0 1 1 1 0 1 1 0 1 0 1 1 0 1 1 1 0 1 1 0 0 0 1 0 0 1 0 0 0 1 1 0 1 
Atribuicoes:
0 34 31 39 42 34 1 22 4 42 4 11 46 25 31 15 35 27 18 9 20 23 22 23 13 13 0 27 8 1 32 28 30 25 16 20 47 30 9 18 28 16 49 19 47 46 8 19 39 49 
Custo Total: 1185986
