Instância: Data/raw/50_P60_M1_HUB_3.txt
Tempo limite: 30 segundos
Seed: 5
Tamanho da pertubação: 5
Solução inicial:
Instalacoes:
1 1 0 0 0 1 0 0 0 0 0 0 0 1 0 0 0 0 1 1 0 0 1 0 0 0 0 0 1 0 1 0 0 0 1 0 0 0 0 1 0 0 0 0 0 0 1 1 0 1 
Atribuicoes:
47 1 5 5 1 30 5 46 1 34 18 22 19 39 1 1 49 19 18 47 18 34 22 19 34 39 47 13 28 13 30 28 30 13 1 49 46 19 1 39 28 18 34 19 47 1 46 47 39 49 
Custo Total: 2013560
Solução após busca local:
Instalacoes:
0 1 0 0 1 1 0 0 1 1 0 0 0 1 0 0 1 0 1 0 1 0 1 0 0 1 0 0 1 0 1 1 0 0 1 0 0 0 0 1 0 0 0 0 0 0 1 1 0 1 
Atribuicoes:
47 4 4 13 20 30 19 1 8 46 31 22 16 25 1 1 49 16 18 47 9 19 22 20 31 9 47 16 28 13 30 31 4 13 1 49 8 47 4 39 28 20 34 9 8 4 46 4 20 49 
Custo Total: 653194
Total de iterações: 23253
Melhorias: 17
Tempo até a melhor solução: 12.0077 segundos
Iterações até a melhor solução: 8835
Soma dos custos: 11004075798
Média dos custos: 473233
Pior valor encontrado: 701468
Melhor solução encontrada:
Instalacoes:
0 1 0 0 1 0 0 0 1 1 0 0 0 1 0 0 1 0 1 0 1 0 1 1 0 0 0 0 0 0 0 1 0 0 0 0 0 0 0 1 0 0 0 0 0 0 0 1 0 1 
Atribuicoes:
4 4 9 13 8 9 13 8 20 16 47 22 47 16 49 1 49 8 18 8 4 13 22 20 16 9 8 31 49 23 22 1 4 13 8 9 20 8 4 39 31 20 1 9 47 4 47 4 20 9 
Custo Total: 468008
