Instância: Data/raw/50_P90_M0_Continuo_10.txt
Tempo limite: 30 segundos
Seed: 2
Tamanho da pertubação: 5
Solução inicial:
Instalacoes:
1 1 1 1 0 1 0 1 0 1 0 0 0 1 0 0 0 0 1 1 0 0 1 0 0 1 0 0 1 0 0 1 0 0 0 0 0 0 1 1 0 1 1 0 0 0 1 1 0 0 
Atribuicoes:
47 1 2 3 1 5 25 7 1 0 46 9 7 2 19 25 42 7 18 47 46 31 22 13 41 5 9 9 28 13 2 25 5 13 1 42 3 7 38 39 28 18 42 19 46 38 46 47 39 19 
Custo Total: 2474687
Solução após busca local:
Instalacoes:
1 1 1 0 1 1 0 1 1 1 0 1 0 1 0 0 1 0 1 1 1 0 1 0 0 1 0 1 1 0 1 1 1 0 1 1 0 0 1 1 0 0 1 1 0 0 1 1 0 1 
Atribuicoes:
4 42 2 39 1 20 34 7 1 0 9 22 11 30 19 9 34 0 18 19 20 31 22 13 47 5 9 8 32 8 34 25 32 13 43 35 31 25 38 2 28 27 42 43 46 4 46 47 39 16 
Custo Total: 1020843
Total de iterações: 17453
Melhorias: 20
Tempo até a melhor solução: 27.2707 segundos
Iterações até a melhor solução: 16014
Soma dos custos: 13771908794
Média dos custos: 789085
Pior valor encontrado: 1037740
Melhor solução encontrada:
Instalacoes:
1 1 0 0 1 1 0 0 1 1 0 0 0 1 0 0 1 0 1 1 1 0 1 0 0 1 0 1 0 0 1 1 0 0 1 1 0 0 0 1 0 0 1 0 0 0 1 1 0 1 
Atribuicoes:
4 42 13 39 46 5 16 22 46 20 9 49 1 4 19 49 16 22 18 19 34 1 49 13 47 4 9 31 47 25 16 27 30 25 0 20 18 27 20 8 31 35 42 0 8 47 8 9 39 34 
Custo Total: 778405
