Instância: Data/raw/50_P90_M1_Continuo_3.txt
Tempo limite: 30 segundos
Seed: 2
Tamanho da pertubação: 5
Solução inicial:
Instalacoes:
1 0 1 1 0 1 0 1 0 1 0 1 0 0 0 1 0 0 1 1 0 1 1 0 0 1 0 0 1 1 0 0 0 0 1 0 0 0 0 1 0 1 0 0 0 0 1 0 0 0 
Atribuicoes:
0 0 2 3 15 5 29 7 15 9 46 11 7 2 46 9 46 7 18 19 46 21 22 25 46 5 19 11 28 29 2 25 21 25 34 9 3 7 9 39 28 18 34 21 19 46 46 34 39 0 
Custo Total: 2732854
Solução após busca local:
Instalacoes:
1 1 1 1 1 1 0 1 1 1 0 1 0 1 0 1 1 0 1 1 1 1 1 0 0 1 0 1 1 1 1 1 0 0 1 1 0 0 0 1 0 0 0 0 0 0 1 1 0 1 
Atribuicoes:
46 30 2 3 18 0 1 7 15 47 5 8 4 2 4 9 13 20 18 0 28 21 22 25 49 5 19 11 28 29 31 25 21 16 1 16 22 9 13 30 27 20 34 47 19 8 46 34 39 49 
Custo Total: 1095866
Total de iterações: 17459
Melhorias: 18
Tempo até a melhor solução: 27.889 segundos
Iterações até a melhor solução: 16187
Soma dos custos: 13769832282
Média dos custos: 788695
Pior valor encontrado: 1044028
Melhor solução encontrada:
Instalacoes:
1 1 0 0 1 0 0 0 1 1 0 0 0 1 0 0 1 0 1 1 1 0 1 1 0 1 0 0 0 0 1 1 0 0 1 1 0 0 0 1 0 0 1 0 0 0 1 1 0 1 
Atribuicoes:
46 19 23 8 18 31 23 20 42 0 25 8 4 25 16 49 1 9 18 8 19 9 4 47 35 25 20 22 34 1 18 31 30 16 34 16 47 39 20 13 49 35 0 47 9 13 46 1 39 4 
Custo Total: 769503
