Instância: Data/raw/50_P90_M1_HUB_10.txt
Tempo limite: 30 segundos
Seed: 1
Tamanho da pertubação: 5
Solução inicial:
Instalacoes:
1 0 1 1 1 1 0 1 1 1 0 1 0 0 1 0 0 0 1 1 0 0 1 0 0 0 0 0 1 0 0 0 0 0 1 0 0 0 0 1 0 0 1 1 0 0 1 0 0 0 
Atribuicoes:
0 0 34 3 4 2 2 7 8 9 18 11 7 14 19 9 18 7 18 19 4 43 22 43 18 5 42 11 28 5 2 28 43 14 34 9 3 7 42 39 28 4 8 19 46 46 8 0 39 0 
Custo Total: 2371540
Solução após busca local:
Instalacoes:
1 1 1 1 1 1 0 1 1 1 0 1 0 1 1 0 1 0 1 1 1 0 1 1 0 1 0 0 1 0 1 1 0 0 1 1 0 0 0 1 0 0 1 1 0 0 1 1 0 1 
Atribuicoes:
20 49 34 3 25 2 2 25 8 9 1 11 47 14 19 9 18 16 18 19 8 16 22 39 47 5 42 7 31 23 30 28 43 39 34 35 13 7 1 39 14 4 8 43 30 46 4 42 23 0 
Custo Total: 1097593
Total de iterações: 15186
Melhorias: 19
Tempo até a melhor solução: 20.9011 segundos
Iterações até a melhor solução: 10554
Soma dos custos: 13184001490
Média dos custos: 868168
Pior valor encontrado: 1089942
Melhor solução encontrada:
Instalacoes:
1 1 0 0 1 0 0 0 1 1 0 0 0 1 0 0 1 0 1 1 1 0 1 1 0 1 0 1 0 0 1 1 0 0 1 1 0 0 0 1 0 0 1 0 0 0 1 1 0 1 
Atribuicoes:
19 1 25 25 46 13 13 4 20 13 1 47 47 49 49 4 35 16 35 4 8 16 22 8 34 31 42 27 34 23 20 31 8 39 34 9 0 27 9 39 30 18 47 30 1 20 46 42 23 0 
Custo Total: 862143
