Instância: Data/raw/50_P80_M0_Continuo_8.txt
Tempo limite: 30 segundos
Seed: 6
Tamanho da pertubação: 5
Solução inicial:
Instalacoes:
1 0 1 0 1 0 0 1 1 1 0 0 0 1 0 0 1 0 0 1 1 0 1 0 0 1 0 0 0 0 1 0 0 0 0 0 0 0 0 1 0 0 1 0 0 0 0 1 0 0 
Atribuicoes:
47 47 30 39 4 30 47 7 8 9 16 13 7 13 19 9 16 7 20 47 20 20 22 25 25 25 42 39 2 2 30 30 30 25 47 9 39 7 9 13 16 25 8 19 42 4 8 19 39 47 
Custo Total: 2770617
Solução após busca local:
Instalacoes:
0 1 1 0 1 0 0 1 1 1 0 0 0 1 0 0 1 0 1 1 1 0 1 1 0 1 0 1 1 0 1 1 0 0 1 1 0 0 0 1 0 0 1 1 0 0 1 1 0 1 
Atribuicoes:
1 42 2 31 23 30 47 9 13 9 16 27 7 13 19 35 16 28 30 47 20 8 22 25 20 25 42 4 28 39 43 30 1 23 47 9 39 18 46 13 8 49 42 19 20 4 8 4 39 34 
Custo Total: 894659
Total de iterações: 18782
Melhorias: 17
Tempo até a melhor solução: 28.9675 segundos
Iterações até a melhor solução: 18126
Soma dos custos: 12747953707
Média dos custos: 678732
Pior valor encontrado: 920108
Melhor solução encontrada:
Instalacoes:
1 1 0 0 1 0 0 0 1 1 0 0 0 1 0 0 1 0 1 1 1 0 1 0 0 1 0 0 0 0 1 1 0 0 1 0 0 0 0 0 0 0 1 0 0 0 1 1 0 1 
Atribuicoes:
49 1 20 22 16 49 4 9 16 9 30 25 18 13 8 0 13 18 19 4 20 8 22 0 16 25 42 22 31 1 25 31 30 9 34 1 13 4 46 20 8 34 42 49 0 47 46 47 9 19 
Custo Total: 675552
