Instância: Data/raw/50_P90_M0_Continuo_3.txt
Tempo limite: 30 segundos
Seed: 4
Tamanho da pertubação: 5
Solução inicial:
Instalacoes:
1 1 1 1 1 1 0 1 0 1 0 0 0 0 1 1 0 0 1 0 0 0 1 0 0 0 0 0 1 1 0 0 0 0 0 0 0 0 0 1 0 1 1 1 0 0 0 1 0 0 
Atribuicoes:
47 1 2 3 1 5 29 7 15 42 41 9 7 2 14 42 41 7 18 47 41 43 22 1 14 5 9 9 28 29 2 28 14 5 1 42 3 7 9 39 28 18 42 43 9 4 42 47 39 0 
Custo Total: 2655262
Solução após busca local:
Instalacoes:
0 1 1 1 1 1 0 1 1 1 0 0 0 1 1 0 1 0 1 1 1 0 1 0 0 1 0 1 1 1 1 1 0 0 0 1 0 0 0 1 0 1 1 1 0 0 1 1 0 1 
Atribuicoes:
8 16 2 5 1 5 25 7 8 42 41 22 18 49 14 42 20 30 18 49 18 43 22 30 35 16 9 27 20 29 1 28 31 39 1 19 3 7 9 39 28 31 47 43 19 4 46 47 13 4 
Custo Total: 1071948
Total de iterações: 17052
Melhorias: 26
Tempo até a melhor solução: 18.1883 segundos
Iterações até a melhor solução: 10221
Soma dos custos: 14157849273
Média dos custos: 830275
Pior valor encontrado: 1071997
Melhor solução encontrada:
Instalacoes:
1 1 0 0 1 0 0 0 1 1 0 0 0 1 0 0 1 0 1 1 1 0 1 1 0 1 0 1 0 0 1 1 0 0 1 0 0 0 0 1 0 0 1 0 0 0 1 1 0 1 
Atribuicoes:
4 16 49 8 8 13 9 1 4 19 9 22 0 25 49 19 20 30 18 13 47 16 22 30 25 23 9 27 20 23 47 31 31 20 1 42 13 18 46 31 27 34 42 16 0 47 8 1 39 34 
Custo Total: 815713
