Instância: Data/raw/50_P60_M1_Continuo_8.txt
Tempo limite: 30 segundos
Seed: 5
Tamanho da pertubação: 5
Solução inicial:
Instalacoes:
1 1 1 1 0 0 0 0 0 1 0 0 0 1 0 1 1 0 0 0 0 0 1 0 0 0 0 0 0 0 0 0 0 0 1 1 0 0 0 1 0 0 1 0 0 0 1 1 0 0 
Atribuicoes:
0 1 2 3 15 0 2 13 15 42 47 9 35 39 34 42 16 35 16 47 46 34 22 2 1 39 9 9 34 13 34 0 35 3 1 16 3 22 9 39 47 16 42 34 9 46 46 47 39 1 
Custo Total: 1735825
Solução após busca local:
Instalacoes:
1 1 1 1 1 0 0 0 1 1 0 0 0 1 0 1 1 0 0 1 1 0 1 0 0 0 0 0 0 0 1 0 0 0 1 1 0 0 0 1 0 0 1 0 0 0 1 1 0 1 
Atribuicoes:
0 4 2 4 1 0 20 13 47 42 49 22 8 13 13 4 8 22 16 47 46 34 22 8 1 49 42 9 34 20 34 9 8 0 0 16 9 4 46 30 9 16 42 19 9 47 46 47 39 1 
Custo Total: 699336
Total de iterações: 24977
Melhorias: 18
Tempo até a melhor solução: 29.441 segundos
Iterações até a melhor solução: 24502
Soma dos custos: 11558254097
Média dos custos: 462756
Pior valor encontrado: 729779
Melhor solução encontrada:
Instalacoes:
1 1 0 0 1 0 0 0 1 1 0 0 0 1 0 0 0 0 0 0 1 0 1 0 0 0 0 0 0 0 1 1 0 0 0 0 0 0 0 1 0 0 0 0 0 0 0 1 0 1 
Atribuicoes:
9 4 30 4 9 1 20 31 47 0 31 22 39 13 13 4 8 22 4 47 8 49 22 8 49 1 9 31 30 0 30 31 8 39 49 20 20 20 1 39 9 1 4 30 20 47 8 47 13 1 
Custo Total: 446517
