Instância: Data/raw/50_P70_M0_Continuo_3.txt
Tempo limite: 30 segundos
Seed: 7
Tamanho da pertubação: 5
Solução inicial:
Instalacoes:
1 0 0 0 0 0 0 1 0 0 0 1 0 1 1 1 0 0 0 1 0 0 1 0 0 1 0 0 0 1 0 1 0 0 0 1 0 0 1 0 0 1 1 1 0 0 1 0 0 0 
Atribuicoes:
0 0 13 29 15 25 43 7 46 15 35 11 7 13 19 0 31 35 41 19 41 43 22 11 42 25 15 31 25 29 31 35 43 22 0 35 29 25 38 25 35 35 42 19 46 38 46 19 25 0 
Custo Total: 2477959
Solução após busca local:
Instalacoes:
1 1 0 0 1 0 0 1 1 1 0 0 0 0 0 1 1 0 0 1 1 0 1 0 0 1 0 0 0 1 1 1 0 0 1 1 0 0 1 0 0 1 1 1 0 0 1 1 0 0 
Atribuicoes:
34 0 19 8 1 20 30 7 46 15 35 20 16 29 20 0 31 22 41 19 16 43 22 0 8 30 1 31 4 29 30 35 43 47 0 34 16 25 8 9 11 4 42 47 46 38 46 19 25 9 
Custo Total: 899552
Total de iterações: 21987
Melhorias: 16
Tempo até a melhor solução: 25.3535 segundos
Iterações até a melhor solução: 18575
Soma dos custos: 12607413890
Média dos custos: 573403
Pior valor encontrado: 826425
Melhor solução encontrada:
Instalacoes:
1 1 0 0 1 0 0 0 1 1 0 0 0 1 0 0 1 0 0 1 1 0 1 0 0 1 0 0 0 0 1 0 0 0 0 0 0 0 0 1 0 0 0 0 0 0 1 1 0 1 
Atribuicoes:
19 0 25 1 49 20 47 20 46 16 13 13 16 25 20 20 1 13 8 20 4 47 22 1 8 25 4 22 30 49 25 13 30 47 1 0 4 39 8 39 16 9 0 19 46 9 9 47 9 49 
Custo Total: 565468
