Instância: Data/raw/50_P60_M0_Continuo_8.txt
Tempo limite: 30 segundos
Seed: 3
Tamanho da pertubação: 5
Solução inicial:
Instalacoes:
1 0 0 0 1 1 0 1 1 1 0 0 0 1 0 0 0 0 1 1 1 0 1 0 0 0 0 0 0 1 0 0 0 0 1 0 0 0 0 0 0 0 0 0 0 0 0 0 0 0 
Atribuicoes:
0 0 13 20 4 5 34 7 8 9 18 18 7 13 19 9 20 7 18 19 20 8 22 29 18 13 8 8 5 29 5 13 5 22 34 9 20 7 8 13 18 4 9 19 8 4 4 19 18 0 
Custo Total: 2388147
Solução após busca local:
Instalacoes:
1 1 1 0 1 1 0 1 1 1 0 0 0 1 0 0 1 0 1 1 1 0 0 0 0 0 0 0 1 1 1 0 0 0 0 0 0 0 0 0 0 0 0 0 0 0 1 1 0 0 
Atribuicoes:
0 19 13 16 4 5 0 13 1 9 18 13 20 28 19 9 16 7 18 47 20 8 22 29 47 20 8 8 47 29 5 0 30 30 0 16 20 47 46 13 22 4 1 9 8 4 46 19 1 8 
Custo Total: 643894
Total de iterações: 24413
Melhorias: 12
Tempo até a melhor solução: 19.723 segundos
Iterações até a melhor solução: 16371
Soma dos custos: 12191205983
Média dos custos: 499374
Pior valor encontrado: 743929
Melhor solução encontrada:
Instalacoes:
1 1 0 0 1 0 0 0 1 1 0 0 0 1 0 0 0 0 1 1 1 0 1 0 0 0 0 0 0 0 1 0 0 0 0 0 0 0 0 1 0 0 0 0 0 0 1 1 0 0 
Atribuicoes:
0 19 9 39 47 0 1 13 1 1 18 9 20 4 19 9 22 13 18 47 20 8 22 30 47 20 8 8 47 4 30 30 1 1 0 9 20 47 9 13 22 4 4 13 8 46 46 19 39 8 
Custo Total: 493412
