Instância: Data/raw/50_P40_M0_Continuo_1.txt
Tempo limite: 30 segundos
Seed: 3
Tamanho da pertubação: 5
Solução inicial:
Instalacoes:
1 0 0 0 1 1 0 0 0 0 0 0 0 1 0 0 1 0 1 0 0 0 1 0 0 0 0 0 0 0 0 0 0 0 1 1 0 0 0 0 0 0 0 0 0 0 1 0 0 0 
Atribuicoes:
0 34 13 18 0 5 46 16 4 18 4 4 22 13 34 34 35 18 35 0 16 34 22 13 35 5 0 4 34 13 5 5 34 18 16 35 18 18 4 13 4 35 0 34 0 46 4 0 13 35 
Custo Total: 2055442
Solução após busca local:
Instalacoes:
1 1 0 0 1 1 0 0 1 1 0 0 0 1 0 0 1 0 1 0 1 0 1 0 0 0 0 0 0 0 0 1 0 0 0 1 0 0 0 0 0 0 0 0 0 0 1 1 0 0 
Atribuicoes:
47 47 13 47 0 4 47 16 8 1 4 20 1 13 9 1 9 16 18 0 20 1 22 8 35 5 20 4 1 9 5 20 31 31 4 16 9 9 4 13 4 8 0 1 0 46 8 20 1 47 
Custo Total: 529615
Total de iterações: 35326
Melhorias: 21
Tempo até a melhor solução: 19.1429 segundos
Iterações até a melhor solução: 22327
Soma dos custos: 12645171053
Média dos custos: 357956
Pior valor encontrado: 600821
Melhor solução encontrada:
Instalacoes:
1 1 0 0 1 0 0 0 1 1 0 0 0 1 0 0 0 0 0 0 1 0 1 0 0 0 0 0 0 0 1 0 0 0 0 0 0 0 0 0 0 0 0 0 0 0 0 1 0 0 
Atribuicoes:
8 1 13 47 8 4 47 1 8 4 22 20 4 4 0 47 9 9 1 1 1 30 22 8 4 30 20 9 20 9 30 20 47 13 13 9 9 0 9 8 8 4 20 0 1 47 8 20 13 0 
Custo Total: 351039
