Instância: Data/raw/50_P5_M1_HUB_3.txt
Tempo limite: 30 segundos
Seed: 4
Tamanho da pertubação: 5
Solução inicial:
Instalacoes:
0 0 0 0 0 0 0 0 1 1 0 0 0 1 0 0 0 0 0 0 1 0 1 0 0 0 0 0 0 0 0 0 0 0 0 0 0 0 0 0 0 0 0 0 0 0 0 1 0 0 
Atribuicoes:
47 9 13 20 8 47 20 20 8 9 20 20 9 13 47 9 20 8 8 47 8 47 22 13 9 13 47 20 47 20 47 47 47 20 9 9 20 8 8 13 9 20 8 47 20 8 8 47 13 9 
Custo Total: 444830
Solução após busca local:
Instalacoes:
0 0 0 0 1 0 0 0 1 1 0 0 0 1 0 0 0 0 0 0 1 0 1 0 0 0 0 0 0 0 0 0 0 0 0 0 0 0 0 0 0 0 0 0 0 0 0 1 0 0 
Atribuicoes:
47 9 9 20 4 9 20 20 4 9 4 20 9 13 9 9 20 9 8 9 4 9 22 9 9 9 8 20 9 20 8 4 9 20 9 9 20 20 8 4 4 20 8 9 8 4 8 47 20 9 
Custo Total: 212690
Total de iterações: 158533
Melhorias: 8
Tempo até a melhor solução: 4.05799 segundos
Iterações até a melhor solução: 21470
Soma dos custos: 25763777633
Média dos custos: 162514
Pior valor encontrado: 362690
Melhor solução encontrada:
Instalacoes:
0 0 0 0 1 0 0 0 1 1 0 0 0 0 0 0 0 0 0 0 1 0 1 0 0 0 0 0 0 0 0 0 0 0 0 0 0 0 0 0 0 0 0 0 0 0 0 0 0 0 
Atribuicoes:
9 9 9 20 4 9 20 9 4 9 9 9 9 9 9 9 20 20 20 9 20 9 22 9 9 9 8 4 9 9 8 4 9 20 4 9 20 9 8 20 20 20 8 9 8 8 8 9 20 9 
Custo Total: 162015
