Instância: Data/raw/50_P60_M1_HUB_5.txt
Tempo limite: 30 segundos
Seed: 1
Tamanho da pertubação: 5
Solução inicial:
Instalacoes:
1 0 0 0 1 0 0 0 1 0 0 0 0 1 0 0 0 0 0 0 1 0 1 0 0 0 0 0 1 0 1 0 0 0 0 0 0 0 0 1 0 0 1 0 0 0 0 1 0 0 
Atribuicoes:
47 47 13 39 4 30 20 39 8 4 22 30 39 13 0 0 42 39 8 47 20 30 22 30 4 13 42 13 47 20 28 47 28 39 47 4 39 39 42 13 47 4 8 42 42 8 8 47 13 0 
Custo Total: 2677101
Solução após busca local:
Instalacoes:
1 1 0 0 1 1 0 0 1 1 0 0 0 1 0 0 1 0 0 1 1 0 1 0 0 0 0 0 1 1 1 1 0 0 0 0 0 0 0 1 0 0 1 0 0 0 1 1 0 1 
Atribuicoes:
9 47 13 39 4 13 20 4 46 4 22 1 39 5 31 0 16 31 8 19 20 30 22 30 4 8 9 13 20 29 31 5 28 39 47 4 1 20 0 13 9 4 8 47 20 8 8 42 13 0 
Custo Total: 656690
Total de iterações: 24800
Melhorias: 15
Tempo até a melhor solução: 21.0982 segundos
Iterações até a melhor solução: 17372
Soma dos custos: 11691932129
Média dos custos: 471449
Pior valor encontrado: 696486
Melhor solução encontrada:
Instalacoes:
1 1 0 0 1 0 0 0 1 1 0 0 0 1 0 0 1 0 1 0 1 0 1 1 0 0 0 0 0 0 1 1 0 0 0 0 0 0 0 0 0 0 0 0 0 0 0 1 0 0 
Atribuicoes:
20 47 13 23 4 8 9 18 9 4 22 0 16 8 20 1 16 18 20 9 20 13 22 13 4 30 4 20 30 23 1 31 30 4 1 18 0 20 20 9 31 8 8 47 47 8 8 1 13 0 
Custo Total: 465976
