Instância: Data/raw/50_P80_M0_Continuo_8.txt
Tempo limite: 30 segundos
Seed: 4
Tamanho da pertubação: 5
Solução inicial:
Instalacoes:
1 0 1 0 1 0 0 1 1 1 0 0 0 1 0 0 1 0 0 1 1 0 1 0 0 1 0 0 0 0 1 0 0 0 0 0 0 0 0 1 0 0 1 0 0 0 0 1 0 0 
Atribuicoes:
47 47 30 39 4 30 47 7 8 9 16 13 7 13 19 9 16 7 20 47 20 20 22 25 25 25 42 39 2 2 30 30 30 25 47 9 39 7 9 13 16 25 8 19 42 4 8 19 39 47 
Custo Total: 2770617
Solução após busca local:
Instalacoes:
0 1 1 0 1 0 0 1 1 1 0 0 0 1 0 0 1 0 1 1 1 0 1 1 0 1 0 1 1 0 1 1 0 0 1 1 0 0 0 1 0 0 1 1 0 0 1 1 0 1 
Atribuicoes:
1 42 2 31 23 30 47 9 13 9 16 27 7 13 19 35 16 28 30 47 20 8 22 25 20 25 42 4 28 39 43 30 1 23 47 9 39 18 46 13 8 49 42 19 20 4 8 4 39 34 
Custo Total: 894659
Total de iterações: 18910
Melhorias: 27
Tempo até a melhor solução: 20.7775 segundos
Iterações até a melhor solução: 13056
Soma dos custos: 12724970118
Média dos custos: 672923
Pior valor encontrado: 941124
Melhor solução encontrada:
Instalacoes:
1 1 0 0 1 0 0 0 1 1 0 0 0 1 0 0 1 0 1 1 1 0 1 0 0 1 0 0 0 0 1 0 0 0 1 1 0 0 0 1 0 0 0 0 0 0 1 1 0 1 
Atribuicoes:
19 1 13 22 4 30 39 9 47 9 18 20 25 47 49 0 8 25 18 34 18 49 22 0 35 0 1 4 47 13 20 30 19 9 16 35 8 39 46 13 49 16 1 30 8 20 46 4 9 34 
Custo Total: 663575
