Instância: Data/raw/50_P100_M1_Continuo_7.txt
Tempo limite: 30 segundos
Seed: 9
Tamanho da pertubação: 5
Solução inicial:
Instalacoes:
1 0 1 1 0 1 0 1 0 1 0 1 0 0 1 0 0 0 1 1 0 0 1 0 0 0 0 0 1 1 0 0 0 0 1 0 0 0 1 1 0 1 1 1 0 0 1 0 0 0 
Atribuicoes:
0 0 2 3 34 5 34 7 42 9 41 11 7 2 14 9 41 7 18 19 41 43 22 29 42 5 42 11 28 29 2 28 43 2 34 9 3 7 38 39 28 18 0 19 42 38 46 19 39 0 
Custo Total: 2535585
Solução após busca local:
Instalacoes:
1 1 1 1 1 1 0 1 1 1 0 1 0 1 0 0 1 0 1 1 1 0 1 1 0 0 0 0 1 1 1 1 0 0 1 1 0 0 1 1 0 1 1 1 0 0 1 1 0 1 
Atribuicoes:
49 0 30 3 46 5 47 7 4 49 35 11 1 2 19 9 41 18 18 20 34 43 22 23 35 31 42 47 22 29 13 31 20 4 34 9 23 11 38 39 28 16 16 19 8 38 46 1 39 0 
Custo Total: 1304682
Total de iterações: 14119
Melhorias: 22
Tempo até a melhor solução: 27.7971 segundos
Iterações até a melhor solução: 13077
Soma dos custos: 16865827972
Média dos custos: 1.19455e+06
Pior valor encontrado: 1392319
Melhor solução encontrada:
Instalacoes:
1 1 1 1 1 0 0 0 1 1 0 0 0 1 0 0 1 0 1 1 1 0 1 1 0 1 0 1 0 1 1 1 0 0 1 1 0 0 0 1 0 0 1 0 0 0 1 1 0 1 
Atribuicoes:
19 49 2 3 34 30 13 9 42 46 25 22 0 31 47 9 35 18 18 1 35 30 27 23 20 25 4 31 13 29 19 2 1 39 34 9 23 22 8 20 49 16 42 47 8 46 4 0 39 16 
Custo Total: 1165438
