Instância: Data/raw/50_P90_M1_HUB_2.txt
Tempo limite: 30 segundos
Seed: 2
Tamanho da pertubação: 5
Solução inicial:
Instalacoes:
1 0 1 0 1 1 0 1 1 1 0 0 0 0 1 0 0 0 1 1 0 0 1 1 0 1 0 0 1 0 0 0 0 0 0 0 0 0 0 1 0 1 1 0 0 0 0 1 0 0 
Atribuicoes:
4 4 2 25 9 5 28 7 9 19 41 9 7 2 14 19 41 23 18 47 41 9 22 23 14 5 19 9 8 14 2 8 5 5 4 41 25 23 8 39 8 18 42 9 19 4 9 47 39 0 
Custo Total: 3204016
Solução após busca local:
Instalacoes:
1 1 1 0 1 1 0 1 1 1 0 0 0 1 1 1 1 0 1 1 1 0 1 1 0 1 0 1 0 1 1 1 0 0 0 1 0 0 0 1 0 1 0 1 0 0 1 1 0 1 
Atribuicoes:
4 20 29 25 9 13 25 7 46 1 1 22 7 20 14 15 16 49 18 0 9 29 22 23 35 5 19 9 14 29 2 46 30 39 4 18 13 23 8 39 8 41 4 43 46 20 19 47 31 5 
Custo Total: 1055214
Total de iterações: 14750
Melhorias: 27
Tempo até a melhor solução: 20.4889 segundos
Iterações até a melhor solução: 10030
Soma dos custos: 12876008944
Média dos custos: 872950
Pior valor encontrado: 1129318
Melhor solução encontrada:
Instalacoes:
1 1 0 0 1 0 0 1 1 1 0 0 0 1 0 0 1 0 1 1 1 0 1 1 0 1 0 1 0 0 1 1 0 0 1 1 0 0 0 1 0 0 0 0 0 0 1 1 0 1 
Atribuicoes:
9 4 23 9 16 39 20 7 46 1 22 46 7 4 16 18 35 31 20 19 13 23 22 18 49 34 9 27 16 23 25 30 30 8 1 8 39 27 8 47 49 18 1 19 46 4 47 0 13 34 
Custo Total: 855507
