Instância: Data/raw/50_P60_M0_Continuo_5.txt
Tempo limite: 30 segundos
Seed: 9
Tamanho da pertubação: 5
Solução inicial:
Instalacoes:
1 1 0 0 1 1 0 0 1 1 0 0 0 1 0 0 1 0 0 1 0 0 1 0 0 0 0 0 0 0 1 0 0 0 0 1 0 0 0 0 0 0 1 0 0 0 0 1 0 0 
Atribuicoes:
1 1 5 30 9 4 4 1 8 42 16 9 22 13 19 47 16 22 35 1 35 47 22 13 16 5 42 9 5 30 9 4 4 9 1 16 30 22 8 13 16 16 9 19 42 8 8 47 13 19 
Custo Total: 2060002
Solução após busca local:
Instalacoes:
0 1 0 0 1 1 0 0 1 1 0 0 0 1 0 0 1 0 0 1 1 0 1 0 0 1 0 0 0 0 1 1 0 0 1 1 0 0 0 1 0 0 1 0 0 0 1 1 0 1 
Atribuicoes:
47 1 5 8 9 5 4 39 20 16 16 25 4 25 1 47 4 22 35 19 35 47 22 20 16 30 42 20 1 30 13 4 9 9 1 16 30 39 8 13 8 49 9 19 42 8 46 47 13 34 
Custo Total: 672511
Total de iterações: 24352
Melhorias: 21
Tempo até a melhor solução: 25.5026 segundos
Iterações até a melhor solução: 20709
Soma dos custos: 12250994123
Média dos custos: 503080
Pior valor encontrado: 736525
Melhor solução encontrada:
Instalacoes:
1 1 0 0 1 0 0 0 1 1 0 0 0 1 0 0 1 0 1 1 1 0 1 0 0 1 0 0 0 0 1 0 0 0 0 0 0 0 0 0 0 0 0 0 0 0 0 1 0 0 
Atribuicoes:
0 8 13 4 9 13 0 16 1 8 20 22 4 25 1 0 4 4 18 19 18 20 22 13 30 20 47 25 1 16 47 1 30 9 1 8 30 25 9 47 20 19 9 30 4 8 47 19 13 16 
Custo Total: 491362
