Instância: Data/raw/50_P100_M0_Continuo_6.txt
Tempo limite: 30 segundos
Seed: 3
Tamanho da pertubação: 5
Solução inicial:
Instalacoes:
1 0 1 1 0 1 0 1 0 1 0 1 0 0 1 1 0 0 1 1 0 0 1 0 0 0 0 0 1 1 0 0 0 0 0 0 0 0 0 1 0 1 1 1 0 0 1 0 0 0 
Atribuicoes:
0 0 2 3 15 5 41 7 15 9 46 11 7 2 14 9 46 7 18 19 46 43 22 29 42 5 42 11 28 29 2 28 43 2 0 9 3 7 9 39 28 18 42 19 42 46 46 19 39 0 
Custo Total: 3106636
Solução após busca local:
Instalacoes:
1 1 1 1 1 1 0 1 1 1 0 1 0 1 0 1 1 0 1 1 1 0 1 1 0 1 0 1 1 1 1 1 0 0 0 1 0 0 0 1 0 0 1 1 0 0 1 1 0 1 
Atribuicoes:
0 1 8 3 16 5 39 4 15 9 20 11 7 2 18 20 41 27 47 0 35 43 22 30 4 25 8 27 28 29 23 49 13 16 31 47 13 23 9 30 31 18 42 19 42 46 46 19 39 35 
Custo Total: 1336583
Total de iterações: 14744
Melhorias: 18
Tempo até a melhor solução: 23.3178 segundos
Iterações até a melhor solução: 11457
Soma dos custos: 17679137457
Média dos custos: 1.19907e+06
Pior valor encontrado: 1394868
Melhor solução encontrada:
Instalacoes:
1 1 1 0 1 0 0 0 1 1 0 1 0 1 1 0 1 0 1 1 1 0 1 1 0 1 0 1 0 0 1 1 0 0 1 1 0 0 0 1 0 0 1 0 0 0 1 1 0 1 
Atribuicoes:
0 14 2 16 46 22 39 13 9 19 31 11 12 13 14 42 16 27 35 0 4 47 22 25 4 25 8 27 49 8 23 19 30 47 31 35 30 23 1 20 18 18 42 49 20 46 9 1 39 34 
Custo Total: 1195322
