Instância: Data/raw/50_P50_M1_Continuo_1.txt
Tempo limite: 30 segundos
Seed: 4
Tamanho da pertubação: 5
Solução inicial:
Instalacoes:
1 0 0 0 0 1 0 0 0 0 0 1 0 1 0 0 0 0 1 0 0 0 1 1 0 0 0 0 0 0 1 1 0 0 1 0 0 0 0 1 0 0 1 0 0 0 1 0 0 0 
Atribuicoes:
0 0 23 5 46 13 13 46 46 42 39 11 39 23 34 0 34 39 18 0 42 13 22 23 0 31 42 13 31 23 30 31 30 23 34 34 23 39 13 39 31 18 42 13 42 46 46 39 39 0 
Custo Total: 2269174
Solução após busca local:
Instalacoes:
1 1 0 0 1 0 0 0 1 1 0 0 0 1 0 0 0 0 1 1 1 0 1 1 0 0 0 0 0 0 1 1 0 0 1 0 0 0 0 1 0 0 1 0 0 0 0 1 0 0 
Atribuicoes:
0 9 47 0 9 30 13 47 9 42 20 31 47 23 34 8 4 4 18 0 47 19 22 23 20 9 47 22 9 1 30 31 20 1 34 1 13 1 20 39 8 8 42 13 8 4 4 19 39 8 
Custo Total: 572327
Total de iterações: 28541
Melhorias: 12
Tempo até a melhor solução: 25.4564 segundos
Iterações até a melhor solução: 24169
Soma dos custos: 11529217047
Média dos custos: 403953
Pior valor encontrado: 635818
Melhor solução encontrada:
Instalacoes:
1 1 0 0 1 0 0 0 1 1 0 0 0 1 0 0 1 0 0 1 1 0 1 0 0 0 0 0 0 0 0 1 0 0 0 0 0 0 0 0 0 0 0 0 0 0 0 1 0 0 
Atribuicoes:
0 9 1 9 9 31 4 47 9 8 20 31 47 13 19 8 4 4 16 1 47 47 22 13 8 9 47 22 9 20 20 31 20 47 20 16 9 16 8 13 8 1 1 0 8 4 4 19 13 20 
Custo Total: 400696
