Instância: Data/raw/50_P10_M0_Continuo_8.txt
Tempo limite: 30 segundos
Seed: 3
Tamanho da pertubação: 5
Solução inicial:
Instalacoes:
0 1 0 0 0 0 0 0 1 0 0 0 0 1 0 0 0 0 0 0 0 0 1 0 0 0 0 0 0 0 0 0 0 0 0 0 0 0 0 0 0 0 0 0 0 0 0 1 0 0 
Atribuicoes:
1 1 13 13 8 47 13 1 8 8 8 8 47 13 1 1 1 47 1 47 8 1 22 13 1 13 47 8 47 13 47 47 47 13 1 8 13 47 1 13 1 8 8 47 1 47 8 47 13 1 
Custo Total: 711840
Solução após busca local:
Instalacoes:
0 1 0 0 1 0 0 0 1 1 0 0 0 1 0 0 0 0 0 0 0 0 1 0 0 0 0 0 0 0 0 0 0 0 0 0 0 0 0 0 0 0 0 0 0 0 0 1 0 0 
Atribuicoes:
4 4 9 13 8 8 4 8 8 4 9 4 9 13 9 9 9 9 8 47 8 4 22 4 4 9 47 9 47 4 4 9 9 4 1 9 4 9 9 13 4 9 8 47 9 9 8 47 9 1 
Custo Total: 221630
Total de iterações: 112037
Melhorias: 12
Tempo até a melhor solução: 29.896 segundos
Iterações até a melhor solução: 111650
Soma dos custos: 18646946945
Média dos custos: 166436
Pior valor encontrado: 368349
Melhor solução encontrada:
Instalacoes:
0 0 0 0 1 0 0 0 1 1 0 0 0 0 0 0 0 0 0 0 1 0 1 0 0 0 0 0 0 0 0 0 0 0 0 0 0 0 0 0 0 0 0 0 0 0 0 0 0 0 
Atribuicoes:
4 9 9 9 9 4 9 9 4 9 9 4 20 4 4 9 20 20 20 8 20 9 22 9 9 9 8 20 20 9 9 9 9 9 4 8 4 8 8 20 4 20 8 9 9 4 8 4 20 20 
Custo Total: 165777
