Instância: Data/raw/50_P70_M1_HUB_2.txt
Tempo limite: 30 segundos
Seed: 7
Tamanho da pertubação: 5
Solução inicial:
Instalacoes:
1 1 1 1 1 0 0 1 0 0 0 0 0 1 0 1 1 0 1 0 1 0 1 0 0 0 0 0 1 1 0 1 0 0 0 0 0 0 1 1 0 0 1 1 0 0 1 1 0 0 
Atribuicoes:
4 1 2 3 4 31 31 7 4 46 16 20 7 13 1 15 15 7 18 47 20 43 22 29 15 2 1 20 4 29 43 31 39 39 4 46 3 7 38 39 1 18 42 1 46 38 46 47 39 42 
Custo Total: 2199411
Solução após busca local:
Instalacoes:
0 1 1 1 1 0 0 1 1 1 0 0 0 0 0 1 0 0 1 1 1 0 1 1 0 1 0 0 0 1 1 1 0 0 1 1 0 0 0 1 0 0 1 1 0 0 1 1 0 1 
Atribuicoes:
49 34 2 3 4 31 8 4 8 9 22 47 39 20 30 9 35 35 18 19 20 49 22 1 15 2 1 22 4 29 43 8 30 39 4 18 23 7 20 39 8 49 42 1 46 20 46 47 25 34 
Custo Total: 858311
Total de iterações: 21047
Melhorias: 15
Tempo até a melhor solução: 20.5385 segundos
Iterações até a melhor solução: 14340
Soma dos custos: 12070082474
Média dos custos: 573482
Pior valor encontrado: 816410
Melhor solução encontrada:
Instalacoes:
1 1 0 0 1 0 0 0 1 1 0 0 0 1 0 0 1 0 1 1 1 0 1 0 0 1 0 0 0 0 1 1 0 0 0 0 0 0 0 1 0 0 0 0 0 0 0 1 0 1 
Atribuicoes:
1 49 31 47 9 0 8 1 8 9 22 13 49 20 13 9 18 18 4 0 20 1 22 13 16 31 47 22 4 47 30 8 4 9 1 4 39 31 20 16 8 1 9 30 8 20 47 19 25 49 
Custo Total: 554910
