Instância: Data/raw/50_P50_M1_Continuo_9.txt
Tempo limite: 30 segundos
Seed: 3
Tamanho da pertubação: 5
Solução inicial:
Instalacoes:
1 1 1 0 0 0 0 0 1 0 0 0 0 1 0 0 1 0 1 1 0 0 1 0 0 1 0 0 0 0 1 1 0 0 0 0 0 0 0 1 0 0 0 0 0 0 1 1 0 0 
Atribuicoes:
0 0 2 25 8 2 46 25 8 1 47 13 47 2 19 1 16 22 18 19 8 30 22 13 18 25 47 31 2 13 2 31 31 13 0 16 25 30 46 39 1 18 8 19 46 8 8 19 39 18 
Custo Total: 1583268
Solução após busca local:
Instalacoes:
1 1 1 0 1 0 0 0 1 1 0 0 0 1 0 0 1 0 1 1 1 0 1 1 0 1 0 0 0 0 0 1 0 0 0 1 0 0 0 1 0 0 0 0 0 0 1 1 0 1 
Atribuicoes:
0 0 25 4 8 31 39 18 8 1 47 13 47 39 49 1 16 1 4 19 4 46 22 13 18 25 47 31 8 9 9 31 9 47 0 35 9 13 20 8 1 18 8 20 46 9 20 19 39 0 
Custo Total: 638109
Total de iterações: 28437
Melhorias: 21
Tempo até a melhor solução: 11.6035 segundos
Iterações até a melhor solução: 11423
Soma dos custos: 11539426147
Média dos custos: 405789
Pior valor encontrado: 675326
Melhor solução encontrada:
Instalacoes:
1 1 0 0 1 0 0 0 1 1 0 0 0 1 0 0 1 0 0 1 1 0 1 0 0 0 0 0 0 0 0 0 0 0 0 0 0 0 0 0 0 0 0 0 0 0 0 1 0 0 
Atribuicoes:
0 1 13 13 4 16 20 16 9 19 22 8 1 20 20 9 22 22 47 8 4 19 4 8 1 13 47 13 4 47 9 16 9 47 47 16 20 8 8 4 16 20 4 1 1 9 20 0 1 0 
Custo Total: 394048
