Instância: Data/raw/50_P100_M1_Continuo_2.txt
Tempo limite: 30 segundos
Seed: 6
Tamanho da pertubação: 5
Solução inicial:
Instalacoes:
1 0 1 1 0 1 0 1 0 1 0 1 0 0 1 1 0 0 1 1 0 0 1 0 0 0 0 0 1 1 0 0 0 0 0 0 0 0 0 1 0 1 1 1 0 0 1 0 0 0 
Atribuicoes:
0 0 2 3 15 5 41 7 15 9 46 11 7 2 14 9 46 7 18 19 46 43 22 29 42 5 42 11 28 29 2 28 43 2 0 9 3 7 9 39 28 18 42 19 42 46 46 19 39 0 
Custo Total: 3066515
Solução após busca local:
Instalacoes:
1 1 1 1 1 1 0 1 1 1 0 1 0 1 0 1 1 0 0 1 1 0 1 1 0 1 0 1 1 1 1 1 0 0 1 1 0 0 0 1 0 0 1 1 0 0 1 1 0 1 
Atribuicoes:
20 0 13 3 15 5 1 22 47 9 8 11 7 2 19 35 4 8 39 13 20 43 22 30 35 25 42 27 34 29 28 28 5 4 16 49 31 31 9 39 1 41 42 34 16 46 46 19 23 0 
Custo Total: 1315972
Total de iterações: 14036
Melhorias: 23
Tempo até a melhor solução: 28.4151 segundos
Iterações até a melhor solução: 13316
Soma dos custos: 16672575375
Média dos custos: 1.18784e+06
Pior valor encontrado: 1383190
Melhor solução encontrada:
Instalacoes:
1 1 0 0 1 1 0 0 1 1 0 1 0 1 0 0 1 0 1 1 1 0 1 1 0 1 0 1 1 0 1 1 0 0 1 1 0 0 0 1 0 0 0 1 0 0 1 1 0 1 
Atribuicoes:
9 0 20 25 4 5 1 39 47 0 22 11 25 30 4 35 13 22 18 20 9 34 27 28 35 49 8 27 28 23 30 31 5 13 19 49 1 31 20 23 16 18 46 43 19 8 46 47 39 34 
Custo Total: 1169821
