Instância: Data/raw/50_P70_M1_Continuo_7.txt
Tempo limite: 30 segundos
Seed: 3
Tamanho da pertubação: 5
Solução inicial:
Instalacoes:
1 1 0 0 0 0 0 1 0 0 0 0 0 1 0 0 1 0 0 1 0 0 1 0 0 1 0 0 1 1 1 0 1 0 1 1 0 0 1 1 0 0 1 0 0 0 1 1 0 0 
Atribuicoes:
30 1 25 25 34 0 7 7 46 28 47 22 7 13 0 34 16 35 35 19 7 42 22 29 1 25 0 22 28 29 25 30 32 13 1 47 25 35 38 39 47 47 42 42 0 38 46 47 39 1 
Custo Total: 1965100
Solução após busca local:
Instalacoes:
1 1 0 0 1 0 0 1 1 1 0 0 0 1 0 0 0 0 1 0 1 0 1 0 0 1 0 0 0 1 1 1 0 0 1 1 0 0 1 1 0 0 1 0 0 0 1 1 0 1 
Atribuicoes:
4 49 20 8 49 0 13 7 46 35 8 13 47 13 0 34 42 22 35 1 18 0 34 31 4 25 8 22 34 29 25 30 8 20 1 47 25 30 38 39 47 31 9 9 9 1 46 4 39 9 
Custo Total: 792976
Total de iterações: 21466
Melhorias: 24
Tempo até a melhor solução: 19.2927 segundos
Iterações até a melhor solução: 13772
Soma dos custos: 11143150390
Média dos custos: 519107
Pior valor encontrado: 785286
Melhor solução encontrada:
Instalacoes:
1 1 0 0 1 0 0 0 1 1 0 0 0 1 0 0 1 0 1 1 1 0 1 0 0 0 0 0 0 0 1 0 0 0 0 0 0 0 0 1 0 0 0 0 0 0 0 1 0 0 
Atribuicoes:
19 1 9 16 1 30 13 13 47 8 20 1 13 13 20 18 16 18 18 1 4 30 22 47 0 39 0 16 22 4 4 0 47 20 19 30 39 39 47 20 9 8 9 19 9 4 8 19 8 9 
Custo Total: 499177
