Instância: Data/raw/50_P40_M1_HUB_4.txt
Tempo limite: 30 segundos
Seed: 1
Tamanho da pertubação: 5
Solução inicial:
Instalacoes:
1 1 0 0 1 0 0 0 0 1 0 0 0 1 0 0 0 0 0 0 0 0 1 1 0 0 0 0 0 0 1 0 0 0 0 1 0 0 0 0 0 0 0 0 0 0 0 0 0 0 
Atribuicoes:
0 1 23 22 35 4 13 1 13 9 0 1 35 23 4 9 9 1 35 0 35 1 22 23 9 23 13 23 4 23 4 4 4 30 4 9 30 35 4 23 9 9 1 0 1 4 13 0 23 9 
Custo Total: 2511635
Solução após busca local:
Instalacoes:
1 1 0 0 1 0 0 0 1 1 0 0 0 1 0 0 1 0 0 0 1 0 1 1 0 0 0 0 0 0 0 1 0 0 0 1 0 0 0 0 0 0 0 0 0 0 0 1 0 1 
Atribuicoes:
20 47 31 13 8 4 13 20 20 9 13 47 13 20 49 9 16 4 16 0 49 4 22 23 20 47 8 31 4 1 4 4 47 22 49 9 13 35 4 23 9 0 1 8 1 4 9 20 8 9 
Custo Total: 503563
Total de iterações: 35132
Melhorias: 23
Tempo até a melhor solução: 13.4293 segundos
Iterações até a melhor solução: 15633
Soma dos custos: 12545869117
Média dos custos: 357107
Pior valor encontrado: 600734
Melhor solução encontrada:
Instalacoes:
1 1 0 0 1 0 0 0 1 1 0 0 0 1 0 0 0 0 1 0 1 0 1 0 0 0 0 0 0 0 0 0 0 0 0 0 0 0 0 0 0 0 0 0 0 0 0 1 0 0 
Atribuicoes:
0 1 20 20 8 4 4 13 8 9 1 1 4 20 13 9 1 22 4 0 18 4 22 20 20 13 47 0 4 47 13 13 1 1 1 9 47 8 4 1 9 47 8 20 13 4 9 47 8 9 
Custo Total: 348528
