Instância: Data/raw/50_P10_M1_HUB_5.txt
Tempo limite: 30 segundos
Seed: 2
Tamanho da pertubação: 5
Solução inicial:
Instalacoes:
0 1 0 0 0 0 0 0 1 1 0 0 0 1 0 0 0 0 0 0 0 0 1 0 0 0 0 0 0 0 0 0 0 0 0 0 0 0 0 0 0 0 0 0 0 0 0 1 0 0 
Atribuicoes:
8 1 13 9 8 47 13 8 8 9 8 9 1 13 1 9 9 1 8 47 8 1 22 13 9 13 47 9 1 13 47 47 47 8 1 9 9 47 8 13 9 8 8 47 47 8 8 47 13 9 
Custo Total: 875601
Solução após busca local:
Instalacoes:
0 1 0 0 1 0 0 0 1 1 0 0 0 1 0 0 0 0 0 0 1 0 1 0 0 0 0 0 0 0 0 0 0 0 0 0 0 0 0 0 0 0 0 0 0 0 0 1 0 0 
Atribuicoes:
9 1 4 9 4 47 20 20 8 4 9 20 4 13 9 9 9 8 8 47 8 9 22 4 9 9 4 20 20 20 4 47 4 20 1 9 20 20 8 9 9 20 8 4 8 8 8 9 20 9 
Custo Total: 241810
Total de iterações: 94878
Melhorias: 8
Tempo até a melhor solução: 7.12133 segundos
Iterações até a melhor solução: 22482
Soma dos custos: 16006254519
Média dos custos: 168704
Pior valor encontrado: 397176
Melhor solução encontrada:
Instalacoes:
0 0 0 0 1 0 0 0 1 1 0 0 0 0 0 0 0 0 0 0 1 0 1 0 0 0 0 0 0 0 0 0 0 0 0 0 0 0 0 0 0 0 0 0 0 0 0 0 0 0 
Atribuicoes:
9 20 20 9 8 20 20 20 8 4 9 4 20 4 9 9 9 8 4 4 20 9 22 20 4 9 4 8 20 20 4 4 4 20 20 9 20 9 8 9 9 20 8 9 8 8 8 9 20 9 
Custo Total: 166440
