Instância: Data/raw/50_P70_M1_HUB_1.txt
Tempo limite: 30 segundos
Seed: 7
Tamanho da pertubação: 5
Solução inicial:
Instalacoes:
1 0 1 0 1 0 0 0 1 1 0 1 0 1 0 0 1 0 0 1 0 0 1 0 0 0 0 0 0 0 0 0 0 0 0 0 0 0 0 1 0 0 0 1 0 0 1 1 0 0 
Atribuicoes:
47 47 2 46 4 2 0 16 8 9 47 11 11 19 43 9 9 11 19 47 4 43 22 13 9 39 19 13 43 13 43 39 43 16 47 9 46 11 46 39 9 47 8 43 47 8 4 0 39 9 
Custo Total: 2094796
Solução após busca local:
Instalacoes:
1 1 1 0 1 0 0 0 1 1 0 1 0 1 0 0 1 0 1 1 1 0 1 0 0 1 0 0 1 0 1 1 0 0 0 0 0 0 0 1 0 0 1 1 0 0 1 1 0 1 
Atribuicoes:
47 20 30 46 49 13 30 1 8 9 18 11 0 30 4 9 9 42 46 19 4 47 22 20 43 13 19 25 28 13 16 39 39 16 25 8 13 11 0 39 9 31 42 19 47 8 0 0 39 1 
Custo Total: 812787
Total de iterações: 20695
Melhorias: 21
Tempo até a melhor solução: 29.6393 segundos
Iterações até a melhor solução: 20453
Soma dos custos: 11694278017
Média dos custos: 565077
Pior valor encontrado: 848354
Melhor solução encontrada:
Instalacoes:
1 1 0 0 1 0 0 0 1 1 0 0 0 1 0 0 1 0 1 0 1 0 1 1 0 0 0 0 0 0 0 1 0 0 0 1 0 0 0 1 0 0 0 0 0 0 1 1 0 0 
Atribuicoes:
47 0 8 13 46 47 39 47 4 4 22 31 13 39 18 4 35 20 20 4 18 0 35 23 16 13 0 22 8 47 8 31 9 23 9 8 47 31 46 9 9 16 0 8 8 20 4 1 9 1 
Custo Total: 560028
