Instância: Data/raw/50_P40_M1_Continuo_3.txt
Tempo limite: 30 segundos
Seed: 2
Tamanho da pertubação: 5
Solução inicial:
Instalacoes:
1 1 0 0 0 0 0 0 0 1 0 0 0 1 0 0 1 0 1 0 0 0 1 1 0 0 0 0 0 0 1 0 0 0 0 0 0 0 0 1 0 0 1 0 0 0 0 0 0 0 
Atribuicoes:
0 0 13 39 42 30 39 16 42 9 1 13 1 13 1 9 9 16 18 0 18 1 22 23 9 13 42 13 1 23 30 13 30 23 0 9 16 39 1 39 9 18 1 1 1 9 42 0 39 9 
Custo Total: 1803673
Solução após busca local:
Instalacoes:
1 1 0 0 1 0 0 0 1 1 0 0 0 1 0 0 1 0 1 0 1 0 1 1 0 0 0 0 0 0 1 0 0 0 1 1 0 0 0 1 0 0 0 0 0 0 0 1 0 0 
Atribuicoes:
8 1 13 9 8 30 20 16 47 9 20 13 47 13 20 8 8 16 47 0 18 1 22 8 9 4 4 4 20 1 30 13 1 47 0 35 8 20 4 39 20 18 4 8 1 9 47 4 39 9 
Custo Total: 542044
Total de iterações: 33197
Melhorias: 18
Tempo até a melhor solução: 23.1844 segundos
Iterações até a melhor solução: 25910
Soma dos custos: 11291706151
Média dos custos: 340142
Pior valor encontrado: 581312
Melhor solução encontrada:
Instalacoes:
1 1 0 0 1 0 0 0 1 1 0 0 0 1 0 0 0 0 0 0 1 0 1 0 0 0 0 0 0 0 0 0 0 0 0 0 0 0 0 0 0 0 0 0 0 0 0 1 0 0 
Atribuicoes:
8 1 20 9 8 9 8 22 9 0 4 20 9 13 47 8 4 47 4 20 1 1 13 4 47 13 4 4 20 9 8 8 1 9 47 4 13 8 4 1 20 20 20 0 0 9 4 47 0 0 
Custo Total: 329898
