Instância: Data/raw/50_P90_M1_HUB_5.txt
Tempo limite: 30 segundos
Seed: 8
Tamanho da pertubação: 5
Solução inicial:
Instalacoes:
1 0 1 1 1 1 0 1 1 1 0 1 0 0 0 0 0 0 1 1 1 0 1 0 0 0 0 0 1 1 0 0 0 0 0 0 0 0 0 1 0 0 1 1 0 0 1 0 0 0 
Atribuicoes:
0 0 2 3 4 5 20 7 8 9 4 11 7 2 19 9 42 7 18 19 20 43 22 29 42 5 4 11 28 29 2 28 43 4 0 9 3 7 46 39 28 18 8 19 4 46 8 19 39 0 
Custo Total: 2444475
Solução após busca local:
Instalacoes:
1 1 1 1 1 1 0 1 1 1 0 1 0 1 0 1 1 0 1 1 1 0 1 1 0 1 0 0 1 1 1 1 0 0 1 1 0 0 0 1 0 0 1 1 0 0 1 1 0 1 
Atribuicoes:
49 0 2 3 4 13 20 49 8 42 16 7 39 13 30 9 35 25 18 19 20 43 22 2 42 5 34 11 31 29 47 28 23 4 31 9 30 1 46 39 23 22 18 31 47 46 8 1 19 9 
Custo Total: 1123851
Total de iterações: 14593
Melhorias: 23
Tempo até a melhor solução: 26.3427 segundos
Iterações até a melhor solução: 12829
Soma dos custos: 12867762675
Média dos custos: 881776
Pior valor encontrado: 1115164
Melhor solução encontrada:
Instalacoes:
1 1 0 0 1 0 0 0 1 1 0 0 0 1 0 0 1 0 1 1 1 0 1 1 0 1 0 1 1 0 1 1 0 0 1 1 0 0 0 1 0 0 1 0 0 0 0 1 0 1 
Atribuicoes:
4 19 0 13 47 4 20 16 8 35 34 22 39 27 18 9 16 31 18 1 42 30 0 30 35 13 8 27 49 23 31 28 23 47 49 9 25 20 1 39 22 20 42 49 13 1 4 0 30 9 
Custo Total: 859496
