Instância: Data/raw/50_P10_M1_HUB_6.txt
Tempo limite: 30 segundos
Seed: 2
Tamanho da pertubação: 5
Solução inicial:
Instalacoes:
1 1 0 0 0 0 0 0 1 0 0 0 0 1 0 0 1 0 0 0 0 0 1 0 0 0 0 0 0 0 1 0 0 0 0 0 0 0 0 0 0 0 0 0 0 0 0 0 0 0 
Atribuicoes:
0 1 13 13 8 30 13 0 8 8 8 8 16 13 1 0 16 16 16 0 8 0 22 30 1 13 0 8 1 0 30 13 30 0 1 16 13 16 8 30 1 8 8 0 8 8 8 1 30 1 
Custo Total: 917044
Solução após busca local:
Instalacoes:
1 1 0 0 0 0 0 0 1 1 0 0 0 1 0 0 1 0 0 0 1 0 1 0 0 0 0 0 0 0 1 0 0 0 0 0 0 0 0 0 0 0 0 0 0 0 0 0 0 0 
Atribuicoes:
0 1 9 8 9 13 9 20 9 8 20 8 1 13 8 0 20 8 20 1 8 20 22 13 20 13 8 9 20 9 30 8 9 9 20 8 20 20 8 20 1 20 8 20 8 9 8 9 9 8 
Custo Total: 280976
Total de iterações: 84671
Melhorias: 11
Tempo até a melhor solução: 12.4263 segundos
Iterações até a melhor solução: 42569
Soma dos custos: 14289342018
Média dos custos: 168763
Pior valor encontrado: 393413
Melhor solução encontrada:
Instalacoes:
0 0 0 0 1 0 0 0 1 1 0 0 0 0 0 0 0 0 0 0 1 0 0 0 0 0 0 0 0 0 0 0 0 0 0 0 0 0 0 0 0 0 0 0 0 0 0 0 0 0 
Atribuicoes:
8 9 20 20 9 9 20 4 9 8 9 4 9 4 9 4 4 20 20 9 20 9 22 9 9 8 8 9 9 8 4 20 9 4 9 9 20 20 8 4 9 20 8 9 8 9 8 4 20 20 
Custo Total: 167173
