Instância: Data/raw/50_P90_M1_HUB_10.txt
Tempo limite: 30 segundos
Seed: 2
Tamanho da pertubação: 5
Solução inicial:
Instalacoes:
1 0 1 1 1 1 0 1 1 1 0 1 0 0 1 0 0 0 1 1 0 0 1 0 0 0 0 0 1 0 0 0 0 0 1 0 0 0 0 1 0 0 1 1 0 0 1 0 0 0 
Atribuicoes:
0 0 34 3 4 2 2 7 8 9 18 11 7 14 19 9 18 7 18 19 4 43 22 43 18 5 42 11 28 5 2 28 43 14 34 9 3 7 42 39 28 4 8 19 46 46 8 0 39 0 
Custo Total: 2371540
Solução após busca local:
Instalacoes:
1 1 1 1 1 1 0 1 1 1 0 1 0 1 1 0 1 0 1 1 1 0 1 1 0 1 0 0 1 0 1 1 0 0 1 1 0 0 0 1 0 0 1 1 0 0 1 1 0 1 
Atribuicoes:
20 49 34 3 25 2 2 25 8 9 1 11 47 14 19 9 18 16 18 19 8 16 22 39 47 5 42 7 31 23 30 28 43 39 34 35 13 7 1 39 14 4 8 43 30 46 4 42 23 0 
Custo Total: 1097593
Total de iterações: 16858
Melhorias: 22
Tempo até a melhor solução: 7.28486 segundos
Iterações até a melhor solução: 3918
Soma dos custos: 14158557020
Média dos custos: 839872
Pior valor encontrado: 1084169
Melhor solução encontrada:
Instalacoes:
1 1 0 0 1 0 0 0 1 1 0 0 0 1 0 1 1 0 1 1 1 0 1 0 0 1 0 1 1 0 1 1 0 0 1 0 0 0 0 1 0 0 0 0 0 0 1 1 0 1 
Atribuicoes:
49 1 13 13 47 31 20 27 8 15 1 22 22 34 34 15 9 19 9 20 8 19 27 39 28 30 4 31 28 49 30 25 20 39 30 46 16 4 46 39 0 18 8 0 1 9 19 4 47 16 
Custo Total: 836602
