Instância: Data/raw/50_P100_M1_HUB_9.txt
Tempo limite: 30 segundos
Seed: 4
Tamanho da pertubação: 5
Solução inicial:
Instalacoes:
1 0 1 1 0 1 0 1 0 1 0 1 0 0 1 0 0 0 1 1 0 0 1 0 0 0 0 0 1 1 0 0 0 0 0 1 0 0 1 1 0 1 1 1 0 0 1 0 0 0 
Atribuicoes:
0 0 2 3 35 5 35 7 42 9 41 11 7 2 14 9 41 7 18 19 41 43 22 29 42 5 35 11 28 29 2 28 43 2 0 9 3 7 38 39 35 18 0 19 35 38 46 19 39 0 
Custo Total: 2885368
Solução após busca local:
Instalacoes:
1 1 1 1 1 1 0 1 1 1 0 1 0 1 1 1 1 0 1 1 1 0 1 0 0 1 0 1 1 1 1 1 0 0 1 1 0 0 1 1 0 1 1 1 0 0 1 1 0 1 
Atribuicoes:
0 0 47 3 4 5 16 7 42 9 27 1 13 2 14 15 16 34 18 8 41 43 22 1 42 25 20 11 28 29 2 27 30 39 31 20 25 4 38 9 35 31 8 19 13 49 46 19 47 34 
Custo Total: 1330782
Total de iterações: 14382
Melhorias: 14
Tempo até a melhor solução: 15.873 segundos
Iterações até a melhor solução: 7599
Soma dos custos: 17023717847
Média dos custos: 1.18368e+06
Pior valor encontrado: 1377141
Melhor solução encontrada:
Instalacoes:
1 1 0 0 1 0 0 0 1 1 0 1 0 1 1 0 1 0 1 1 1 0 1 1 0 1 0 1 0 1 1 1 0 0 1 1 0 0 0 1 0 0 1 0 0 0 1 1 0 1 
Atribuicoes:
8 42 23 13 4 39 20 18 16 9 0 11 16 30 14 49 35 34 18 0 20 49 27 13 35 25 1 22 31 29 30 27 47 39 13 1 25 4 8 9 31 22 42 19 47 46 46 19 23 34 
Custo Total: 1179301
