Instância: Data/raw/50_P50_M1_HUB_7.txt
Tempo limite: 30 segundos
Seed: 1
Tamanho da pertubação: 5
Solução inicial:
Instalacoes:
1 1 0 0 1 0 0 1 1 1 0 1 0 0 0 0 0 0 0 1 1 0 1 0 0 0 0 0 1 1 1 0 0 0 0 0 0 0 0 1 0 0 0 0 0 0 1 0 0 0 
Atribuicoes:
8 1 9 39 4 30 1 7 8 4 20 11 39 9 19 4 20 7 20 1 20 19 22 29 4 19 8 11 28 29 30 28 30 8 1 9 39 39 4 39 28 20 9 19 8 46 46 19 39 1 
Custo Total: 1235705
Solução após busca local:
Instalacoes:
0 1 0 0 1 0 0 1 1 1 0 1 0 1 0 0 1 0 0 1 1 0 1 0 0 0 0 0 1 1 1 0 0 0 0 0 0 0 0 1 0 0 0 0 0 0 0 1 0 1 
Atribuicoes:
1 4 9 39 4 47 9 13 49 4 20 13 1 9 13 47 20 8 20 1 20 1 22 29 16 20 47 11 28 29 30 28 30 8 49 9 13 9 4 39 9 20 9 4 8 19 20 1 8 16 
Custo Total: 547349
Total de iterações: 28021
Melhorias: 19
Tempo até a melhor solução: 9.09379 segundos
Iterações até a melhor solução: 8858
Soma dos custos: 11420837201
Média dos custos: 407581
Pior valor encontrado: 654447
Melhor solução encontrada:
Instalacoes:
1 1 0 0 1 0 0 0 1 1 0 0 0 1 0 0 0 0 0 1 1 0 1 0 0 0 0 0 0 0 1 0 0 0 0 0 0 0 0 0 0 0 0 0 0 0 0 1 0 0 
Atribuicoes:
20 47 30 9 20 4 9 8 0 4 20 13 20 9 19 1 20 8 47 19 20 4 22 47 4 20 1 47 30 1 20 22 30 13 0 9 9 9 8 4 9 1 9 4 8 13 20 4 8 19 
Custo Total: 404098
