Instância: Data/raw/50_P40_M1_HUB_3.txt
Tempo limite: 30 segundos
Seed: 1
Tamanho da pertubação: 5
Solução inicial:
Instalacoes:
0 1 1 0 0 0 0 0 1 0 0 0 0 0 0 0 1 0 0 0 0 0 1 0 0 1 0 1 0 0 1 0 0 0 1 0 0 0 0 1 0 0 1 0 0 0 1 1 0 0 
Atribuicoes:
47 1 2 25 8 1 27 25 8 42 16 8 39 2 34 42 16 25 22 47 42 1 22 47 34 2 47 27 25 2 30 1 1 8 1 34 25 39 46 39 16 16 8 1 47 46 46 47 39 34 
Custo Total: 1387361
Solução após busca local:
Instalacoes:
1 1 0 0 1 0 0 0 1 1 0 0 0 1 0 0 1 0 0 0 1 0 1 0 0 1 0 1 0 0 0 0 0 0 1 0 0 0 0 1 0 0 1 0 0 0 1 1 0 0 
Atribuicoes:
20 4 9 25 4 47 20 20 4 1 16 8 13 47 13 9 16 4 1 4 20 1 22 47 16 13 4 27 4 13 2 1 47 8 9 9 25 8 1 39 20 0 8 4 47 46 46 47 9 34 
Custo Total: 539914
Total de iterações: 33379
Melhorias: 21
Tempo até a melhor solução: 10.4817 segundos
Iterações até a melhor solução: 11210
Soma dos custos: 11564760254
Média dos custos: 346468
Pior valor encontrado: 583711
Melhor solução encontrada:
Instalacoes:
0 1 0 0 1 0 0 0 1 1 0 0 0 1 0 0 0 0 0 0 1 0 1 0 0 0 0 0 0 0 0 0 0 0 0 0 0 0 0 0 0 0 0 0 0 0 1 1 0 0 
Atribuicoes:
20 47 4 20 9 9 20 20 4 8 4 22 4 1 4 9 9 47 8 47 20 20 22 9 4 13 9 31 1 13 22 8 9 20 9 1 47 8 47 8 31 1 46 4 47 46 8 9 9 4 
Custo Total: 343146
