Instância: Data/raw/50_P30_M1_HUB_2.txt
Tempo limite: 30 segundos
Seed: 3
Tamanho da pertubação: 5
Solução inicial:
Instalacoes:
1 1 0 0 1 0 0 0 0 0 0 0 0 0 0 0 0 0 0 0 1 0 1 1 0 0 0 0 0 0 1 0 0 0 0 0 0 0 0 0 0 0 0 0 0 0 0 1 0 0 
Atribuicoes:
0 0 23 47 4 30 1 22 4 4 20 20 47 23 1 4 4 22 20 0 20 1 22 23 4 23 47 20 30 23 30 47 30 20 0 4 47 22 47 23 20 20 4 1 47 4 0 0 23 4 
Custo Total: 2035684
Solução após busca local:
Instalacoes:
1 1 0 0 1 0 0 0 1 1 0 0 0 1 0 0 0 0 0 1 1 0 1 1 0 0 0 0 0 0 1 0 0 0 0 0 0 0 0 0 0 0 0 0 0 0 1 1 0 0 
Atribuicoes:
9 47 8 20 1 30 1 47 20 4 8 9 20 13 1 4 8 8 20 0 20 1 22 13 4 47 1 13 19 20 30 9 9 20 47 47 9 20 4 47 20 20 4 13 47 4 46 0 9 1 
Custo Total: 411085
Total de iterações: 45794
Melhorias: 15
Tempo até a melhor solução: 21.0386 segundos
Iterações até a melhor solução: 33084
Soma dos custos: 13398776860
Média dos custos: 292588
Pior valor encontrado: 529976
Melhor solução encontrada:
Instalacoes:
0 1 0 0 1 0 0 0 1 1 0 0 0 1 0 0 0 0 0 0 1 0 1 0 0 0 0 0 0 0 0 0 0 0 0 0 0 0 0 0 0 0 0 0 0 0 0 1 0 0 
Atribuicoes:
9 13 20 4 20 47 9 8 20 20 4 9 9 13 20 1 8 8 1 47 4 9 13 20 4 13 9 13 8 20 47 9 4 20 47 8 1 20 4 13 9 1 4 22 9 4 4 47 9 1 
Custo Total: 289432
