Instância: Data/raw/50_P80_M1_HUB_1.txt
Tempo limite: 30 segundos
Seed: 7
Tamanho da pertubação: 5
Solução inicial:
Instalacoes:
1 0 1 1 0 0 0 1 0 0 0 0 0 0 0 1 1 0 1 1 0 0 1 0 0 0 0 0 0 0 0 0 1 0 0 0 0 0 0 1 0 0 0 1 0 0 1 1 0 0 
Atribuicoes:
0 0 2 3 15 2 18 7 18 46 47 19 7 2 43 15 16 7 19 19 15 43 22 2 46 39 19 2 32 2 32 18 32 22 0 47 3 7 0 39 47 16 47 43 47 18 46 0 39 46 
Custo Total: 2684813
Solução após busca local:
Instalacoes:
1 1 1 1 1 0 0 1 1 1 0 0 0 1 0 1 1 0 1 1 1 0 1 0 1 0 0 0 0 0 1 1 1 0 1 0 0 0 0 1 0 0 0 1 0 0 1 1 0 1 
Atribuicoes:
20 9 31 3 15 2 9 20 18 49 47 19 0 31 43 34 34 7 19 47 1 20 22 4 24 13 0 2 31 20 32 18 32 30 49 47 3 18 0 39 34 16 20 47 8 8 46 0 39 46 
Custo Total: 954747
Total de iterações: 18724
Melhorias: 19
Tempo até a melhor solução: 16.3798 segundos
Iterações até a melhor solução: 10167
Soma dos custos: 12993260118
Média dos custos: 693936
Pior valor encontrado: 934909
Melhor solução encontrada:
Instalacoes:
1 1 0 0 1 0 0 0 1 1 0 0 0 1 0 0 1 0 1 1 1 0 1 1 0 1 0 0 0 0 1 1 0 0 1 1 0 0 0 1 0 0 0 0 0 0 0 1 0 1 
Atribuicoes:
4 30 25 31 9 0 19 4 9 1 47 31 30 49 8 1 1 18 18 47 16 4 22 23 49 13 0 34 25 13 30 39 30 23 34 47 13 25 9 39 20 35 4 47 8 8 20 0 39 20 
Custo Total: 685372
