Instância: Data/raw/50_P10_M1_HUB_2.txt
Tempo limite: 30 segundos
Seed: 5
Tamanho da pertubação: 5
Solução inicial:
Instalacoes:
0 1 0 0 1 0 0 0 1 0 0 0 0 0 0 0 0 0 0 0 0 0 1 0 0 0 0 0 0 0 1 0 0 0 0 0 0 0 0 0 0 0 0 0 0 0 0 1 0 0 
Atribuicoes:
1 1 30 4 4 30 47 4 8 4 4 4 8 30 47 8 8 47 4 1 4 30 22 30 8 30 47 4 8 47 30 8 30 47 1 4 4 30 8 30 8 4 8 30 47 8 8 1 1 8 
Custo Total: 846482
Solução após busca local:
Instalacoes:
0 1 0 0 1 0 0 0 1 1 0 0 0 0 0 0 0 0 0 0 1 0 1 0 0 0 0 0 0 0 1 0 0 0 0 0 0 0 0 0 0 0 0 0 0 0 0 1 0 0 
Atribuicoes:
4 1 20 4 4 1 4 4 9 4 20 20 4 4 9 8 8 9 4 47 20 9 22 9 8 20 47 20 4 9 9 9 8 9 1 4 20 20 8 20 9 4 8 9 8 8 20 8 47 9 
Custo Total: 246599
Total de iterações: 110853
Melhorias: 9
Tempo até a melhor solução: 17.5115 segundos
Iterações até a melhor solução: 63282
Soma dos custos: 21199760772
Média dos custos: 191242
Pior valor encontrado: 394176
Melhor solução encontrada:
Instalacoes:
0 0 0 0 1 0 0 0 1 1 0 0 0 0 0 0 0 0 0 0 1 0 1 0 0 0 0 0 0 0 0 0 0 0 0 0 0 0 0 0 0 0 0 0 0 0 0 1 0 0 
Atribuicoes:
4 4 20 20 4 47 4 20 9 9 20 9 9 9 9 9 20 9 9 47 20 9 22 9 8 4 4 20 20 4 4 9 9 9 20 20 20 20 8 20 9 20 8 9 8 8 8 47 4 4 
Custo Total: 190279
