Instância: Data/raw/50_P30_M0_Continuo_10.txt
Tempo limite: 30 segundos
Seed: 6
Tamanho da pertubação: 5
Solução inicial:
Instalacoes:
1 1 0 0 0 1 0 0 0 0 0 0 0 1 0 0 0 0 0 0 0 0 1 0 0 0 0 0 0 0 1 0 0 0 0 0 0 0 0 1 0 0 0 0 0 0 1 1 0 1 
Atribuicoes:
47 1 30 13 46 30 5 30 46 47 1 22 49 13 47 47 49 0 49 47 0 0 22 13 1 30 0 13 47 30 30 30 1 30 1 49 13 49 13 39 47 0 0 47 0 46 46 47 39 1 
Custo Total: 2056931
Solução após busca local:
Instalacoes:
1 1 0 0 1 0 0 0 1 1 0 0 0 1 0 0 0 0 0 0 1 0 1 0 0 0 0 1 0 0 1 0 0 0 0 1 0 0 0 0 0 0 0 0 0 0 1 1 0 1 
Atribuicoes:
47 4 20 13 8 20 20 8 46 20 47 8 8 13 47 47 20 20 13 9 47 20 22 9 1 8 0 9 13 1 30 30 4 4 1 9 13 39 4 8 49 4 1 47 9 8 8 4 8 1 
Custo Total: 488076
Total de iterações: 43520
Melhorias: 16
Tempo até a melhor solução: 13.7028 segundos
Iterações até a melhor solução: 19151
Soma dos custos: 11960788125
Média dos custos: 274834
Pior valor encontrado: 503356
Melhor solução encontrada:
Instalacoes:
0 1 0 0 1 0 0 0 1 1 0 0 0 1 0 0 0 0 0 0 1 0 1 0 0 0 0 0 0 0 0 0 0 0 0 0 0 0 0 0 0 0 0 0 0 0 0 1 0 0 
Atribuicoes:
47 4 20 13 8 20 20 8 20 20 20 9 8 9 8 47 47 47 4 9 20 47 22 13 9 8 20 13 1 4 8 13 9 9 1 47 1 13 4 8 1 4 1 1 47 8 9 4 8 9 
Custo Total: 269370
