Instância: Data/raw/50_P100_M1_Continuo_10.txt
Tempo limite: 30 segundos
Seed: 2
Tamanho da pertubação: 5
Solução inicial:
Instalacoes:
1 0 1 1 0 1 0 1 0 1 0 1 0 0 1 1 0 0 1 1 0 0 1 0 0 0 0 0 1 1 0 0 0 0 0 0 0 0 1 1 0 1 1 1 0 0 1 0 0 0 
Atribuicoes:
0 0 2 3 15 5 41 7 15 9 46 11 7 2 14 9 46 7 18 19 46 43 22 29 42 5 15 11 28 29 2 28 43 2 0 9 3 7 38 39 28 18 42 19 9 38 46 19 39 0 
Custo Total: 2845534
Solução após busca local:
Instalacoes:
1 1 1 1 1 1 0 1 1 1 0 1 0 1 0 1 1 0 1 1 1 0 1 0 0 1 0 1 1 1 1 1 0 0 0 1 0 0 0 1 0 0 1 1 0 1 1 1 0 1 
Atribuicoes:
0 0 2 3 16 31 25 7 15 9 27 11 39 30 43 1 41 1 18 19 20 43 22 47 30 5 4 27 28 29 2 31 49 13 20 35 25 47 9 39 35 18 42 13 8 45 46 19 16 8 
Custo Total: 1306280
Total de iterações: 13494
Melhorias: 11
Tempo até a melhor solução: 23.3998 segundos
Iterações até a melhor solução: 10497
Soma dos custos: 16100290923
Média dos custos: 1.19314e+06
Pior valor encontrado: 1384257
Melhor solução encontrada:
Instalacoes:
1 1 1 0 1 1 0 0 1 1 0 0 0 1 0 0 1 0 1 1 1 0 1 1 0 1 0 1 0 0 1 1 0 0 1 1 0 0 0 1 0 0 1 1 0 0 1 1 0 1 
Atribuicoes:
0 49 5 49 20 31 25 0 8 9 27 30 39 2 43 13 16 18 18 8 34 43 22 13 30 22 4 27 19 16 5 31 23 9 20 35 1 25 9 39 4 35 42 47 47 46 1 19 23 34 
Custo Total: 1191752
