Instância: Data/raw/50_P90_M1_Continuo_9.txt
Tempo limite: 30 segundos
Seed: 7
Tamanho da pertubação: 5
Solução inicial:
Instalacoes:
1 0 1 0 0 1 0 1 0 1 0 0 0 0 0 0 0 0 1 1 0 0 1 1 0 1 0 0 1 0 0 0 0 0 0 0 0 0 0 1 0 1 1 1 0 0 0 0 0 0 
Atribuicoes:
0 0 23 25 18 5 2 7 18 9 25 23 7 23 19 9 41 7 41 19 41 43 22 23 42 39 42 18 28 23 23 25 5 23 0 9 25 7 23 39 28 9 18 19 42 25 18 43 39 0 
Custo Total: 3307304
Solução após busca local:
Instalacoes:
1 1 1 0 1 1 0 1 1 1 0 1 0 1 0 0 1 0 1 1 1 0 1 1 0 1 0 0 1 0 1 1 0 0 0 0 0 0 0 1 0 1 1 1 0 0 1 1 0 1 
Atribuicoes:
0 20 47 25 18 5 2 7 0 16 25 2 31 22 19 1 4 11 41 19 16 43 22 8 42 39 30 18 28 23 23 31 1 30 8 9 20 7 20 39 13 9 49 49 42 4 46 13 11 0 
Custo Total: 1083223
Total de iterações: 16215
Melhorias: 20
Tempo até a melhor solução: 22.8419 segundos
Iterações até a melhor solução: 12616
Soma dos custos: 13563206140
Média dos custos: 836460
Pior valor encontrado: 1067921
Melhor solução encontrada:
Instalacoes:
1 1 0 0 1 0 0 0 1 1 0 0 0 1 0 0 1 0 1 1 1 0 1 1 0 1 0 0 0 0 1 1 1 0 1 1 0 0 0 1 0 0 1 0 0 0 1 1 0 1 
Atribuicoes:
31 34 9 31 46 34 4 25 20 16 13 1 22 31 13 35 20 18 35 19 16 19 22 23 47 9 0 23 16 30 32 30 1 0 0 13 39 25 46 1 18 9 42 8 47 20 8 4 39 49 
Custo Total: 828481
