Instância: Data/raw/50_P80_M1_HUB_3.txt
Tempo limite: 30 segundos
Seed: 2
Tamanho da pertubação: 5
Solução inicial:
Instalacoes:
1 0 1 0 1 1 1 1 0 1 0 1 0 0 1 0 0 0 1 1 0 0 1 0 0 1 0 0 1 0 0 0 0 0 1 0 0 0 1 1 0 0 1 0 0 0 1 1 0 0 
Atribuicoes:
4 4 2 25 34 5 6 7 4 9 25 11 7 2 14 9 46 34 18 47 14 14 22 2 42 39 47 11 28 2 5 25 14 46 4 9 25 34 38 39 28 18 42 19 47 38 46 19 39 4 
Custo Total: 2129736
Solução após busca local:
Instalacoes:
0 1 1 0 1 1 0 0 1 1 0 1 0 1 1 0 1 0 1 1 1 0 1 0 0 1 0 0 1 0 1 1 0 0 1 1 0 0 1 1 0 0 1 1 0 0 1 1 0 1 
Atribuicoes:
20 4 35 9 47 20 30 28 4 13 22 11 22 2 49 9 20 16 1 47 16 34 22 2 35 35 47 31 49 8 5 25 14 46 34 9 13 47 8 39 28 18 42 43 19 38 46 19 30 4 
Custo Total: 956295
Total de iterações: 18846
Melhorias: 28
Tempo até a melhor solução: 29.9738 segundos
Iterações até a melhor solução: 18828
Soma dos custos: 13534325685
Média dos custos: 718154
Pior valor encontrado: 958128
Melhor solução encontrada:
Instalacoes:
1 1 0 0 1 0 0 0 1 1 0 1 0 1 0 0 1 0 1 0 1 0 1 0 0 1 0 1 0 0 1 1 0 0 0 0 0 0 0 1 0 0 1 0 0 0 1 1 0 1 
Atribuicoes:
20 4 25 4 47 20 30 9 4 8 4 11 9 1 31 9 20 16 18 16 49 49 22 47 16 25 8 27 31 13 0 31 20 16 0 9 22 9 13 39 27 49 42 47 1 46 46 8 30 1 
Custo Total: 694353
