Instância: Data/raw/50_P40_M1_HUB_2.txt
Tempo limite: 30 segundos
Seed: 5
Tamanho da pertubação: 5
Solução inicial:
Instalacoes:
0 0 0 0 1 0 0 0 1 1 0 0 0 1 0 0 1 0 0 1 1 0 1 0 0 0 0 0 0 0 1 0 0 0 0 1 0 0 0 0 0 0 0 0 0 0 0 0 0 0 
Atribuicoes:
19 8 13 16 4 30 35 16 8 9 9 20 9 13 19 9 4 16 20 19 20 20 22 13 4 13 9 20 16 35 30 8 30 20 16 9 22 16 8 13 9 20 8 19 9 8 8 19 13 4 
Custo Total: 1710492
Solução após busca local:
Instalacoes:
1 1 0 0 1 0 0 0 1 1 0 0 0 1 0 0 1 0 0 1 1 0 1 0 0 0 0 0 0 0 1 1 0 0 0 1 0 0 0 0 0 0 0 0 0 0 0 1 0 1 
Atribuicoes:
9 8 13 4 4 30 47 4 47 49 9 31 9 13 49 8 4 16 20 19 20 20 8 13 1 13 9 20 16 9 30 8 1 47 16 9 22 13 1 20 9 20 8 49 9 8 8 19 16 0 
Custo Total: 492808
Total de iterações: 35129
Melhorias: 24
Tempo até a melhor solução: 24.713 segundos
Iterações até a melhor solução: 29320
Soma dos custos: 12142222526
Média dos custos: 345647
Pior valor encontrado: 588992
Melhor solução encontrada:
Instalacoes:
1 1 0 0 1 0 0 0 1 1 0 0 0 1 0 0 1 0 0 0 1 0 0 0 0 0 0 0 0 0 0 0 0 0 0 0 0 0 0 0 0 0 0 0 0 0 0 1 0 0 
Atribuicoes:
9 47 4 4 4 8 9 20 9 9 8 9 9 20 20 47 13 1 16 0 4 47 22 13 16 13 47 20 4 8 0 20 4 9 1 9 13 20 1 13 9 20 8 47 9 8 47 0 1 20 
Custo Total: 330861
