Instância: Data/raw/50_P70_M1_HUB_4.txt
Tempo limite: 30 segundos
Seed: 2
Tamanho da pertubação: 5
Solução inicial:
Instalacoes:
1 0 1 1 0 0 0 1 0 0 0 0 0 0 0 1 1 0 1 1 0 1 1 0 0 0 0 0 0 1 1 0 0 0 1 0 0 0 0 1 0 1 0 0 0 0 1 1 0 1 
Atribuicoes:
0 0 2 3 18 30 18 7 46 49 47 22 7 49 34 15 16 7 41 19 41 21 22 21 16 2 19 22 29 29 30 30 30 29 49 47 3 7 18 39 47 18 49 21 19 46 46 47 39 34 
Custo Total: 1992015
Solução após busca local:
Instalacoes:
1 1 0 1 1 1 0 0 1 1 0 0 0 1 0 0 1 0 1 1 1 1 1 0 0 1 0 0 0 0 1 1 0 0 1 0 0 0 0 1 0 1 1 0 0 0 1 1 0 1 
Atribuicoes:
0 0 2 3 0 30 47 1 42 49 47 25 13 49 34 20 16 1 46 19 8 0 22 2 16 25 8 5 31 29 30 25 30 30 49 47 13 20 46 39 22 18 19 21 9 46 1 4 13 34 
Custo Total: 928460
Total de iterações: 20560
Melhorias: 24
Tempo até a melhor solução: 27.8193 segundos
Iterações até a melhor solução: 19080
Soma dos custos: 12222690915
Média dos custos: 594489
Pior valor encontrado: 816094
Melhor solução encontrada:
Instalacoes:
1 1 0 0 1 0 0 0 1 1 0 0 0 1 0 0 1 0 1 1 1 0 1 1 0 0 0 0 0 0 1 0 0 0 0 0 0 0 0 0 0 0 1 0 0 0 1 1 0 0 
Atribuicoes:
0 0 8 20 0 30 47 20 4 16 16 4 20 9 9 42 16 1 9 19 18 0 22 23 47 23 8 18 20 47 4 22 30 1 9 20 13 19 4 13 1 4 42 8 46 9 1 13 23 13 
Custo Total: 578224
