Instância: Data/raw/50_P80_M1_Continuo_6.txt
Tempo limite: 30 segundos
Seed: 2
Tamanho da pertubação: 5
Solução inicial:
Instalacoes:
1 0 1 1 0 1 0 1 0 1 0 1 0 0 0 0 0 0 1 1 0 0 1 1 0 0 0 0 1 1 0 0 0 0 0 0 0 0 1 1 0 1 1 1 0 0 1 0 0 0 
Atribuicoes:
0 0 2 3 38 5 5 7 42 9 46 11 7 2 19 9 41 23 18 19 41 43 22 23 42 5 43 11 28 29 2 28 43 39 0 9 3 23 38 39 28 18 0 19 42 38 46 19 39 0 
Custo Total: 2290602
Solução após busca local:
Instalacoes:
1 1 1 0 1 1 0 1 1 1 0 1 0 1 0 0 1 0 1 1 1 0 1 1 0 1 0 1 1 0 0 1 0 0 0 0 0 0 1 1 0 1 1 1 0 0 1 1 0 1 
Atribuicoes:
0 20 2 25 47 4 39 7 42 16 49 11 31 20 19 8 41 31 18 19 16 43 22 23 46 5 47 8 28 0 2 8 47 39 49 9 25 22 0 39 13 31 1 13 9 4 46 1 25 42 
Custo Total: 969277
Total de iterações: 19569
Melhorias: 25
Tempo até a melhor solução: 29.3593 segundos
Iterações até a melhor solução: 19135
Soma dos custos: 12921397187
Média dos custos: 660299
Pior valor encontrado: 951782
Melhor solução encontrada:
Instalacoes:
1 1 0 0 1 0 0 0 1 1 0 0 0 1 0 0 1 0 0 1 1 0 1 0 0 1 0 0 0 0 1 1 0 0 0 0 0 0 0 1 0 0 1 0 0 0 1 1 0 1 
Atribuicoes:
46 49 1 25 9 4 39 13 8 19 31 31 16 13 0 20 8 16 0 0 19 19 22 4 47 30 47 25 9 9 1 47 20 39 30 49 25 22 46 39 22 16 42 13 20 4 1 9 8 42 
Custo Total: 642799
