Instância: Data/raw/50_P80_M0_Continuo_10.txt
Tempo limite: 30 segundos
Seed: 8
Tamanho da pertubação: 5
Solução inicial:
Instalacoes:
1 0 0 0 1 1 0 0 1 1 0 1 0 1 1 0 1 0 0 0 0 0 1 1 0 0 0 0 0 0 1 0 0 0 0 1 0 0 0 1 0 0 0 0 0 0 1 1 0 0 
Atribuicoes:
4 4 13 35 4 30 30 4 46 9 16 11 16 13 14 9 9 16 35 47 35 14 22 23 9 13 0 8 5 14 23 30 5 35 4 9 22 39 8 39 9 16 0 14 0 4 46 47 39 9 
Custo Total: 2680387
Solução após busca local:
Instalacoes:
1 1 0 0 1 1 0 0 1 1 0 0 0 1 1 0 1 0 1 1 1 0 1 1 0 1 0 1 0 0 1 1 0 0 1 1 0 0 0 1 0 0 1 0 0 0 1 1 0 1 
Atribuicoes:
19 4 39 23 34 0 30 31 46 9 35 47 31 13 49 9 9 1 18 4 35 42 27 23 19 25 34 13 5 31 23 30 25 34 1 8 22 39 8 8 16 16 0 14 20 4 46 47 39 20 
Custo Total: 882342
Total de iterações: 18558
Melhorias: 14
Tempo até a melhor solução: 4.82062 segundos
Iterações até a melhor solução: 3069
Soma dos custos: 11451676223
Média dos custos: 617075
Pior valor encontrado: 887133
Melhor solução encontrada:
Instalacoes:
1 1 0 0 1 0 0 0 1 1 0 0 0 1 0 0 1 0 1 1 1 0 1 1 0 1 0 0 0 0 1 0 0 0 0 0 0 0 0 0 0 0 0 0 0 0 0 1 0 1 
Atribuicoes:
19 4 1 23 16 49 1 1 47 9 47 47 16 13 19 13 9 22 9 4 18 30 18 23 16 25 20 13 47 20 23 30 49 8 22 8 30 19 9 8 30 18 4 49 0 4 1 0 25 20 
Custo Total: 613902
