Instância: Data/raw/50_P70_M1_Continuo_10.txt
Tempo limite: 30 segundos
Seed: 9
Tamanho da pertubação: 5
Solução inicial:
Instalacoes:
0 1 0 1 0 0 0 0 1 0 0 0 0 0 0 1 0 0 1 1 1 0 1 1 0 1 0 0 1 0 0 0 0 0 0 0 0 0 0 1 0 0 1 0 0 0 0 1 0 0 
Atribuicoes:
47 1 23 3 15 25 25 19 15 42 18 20 22 23 47 15 20 22 18 47 18 15 22 23 8 39 47 20 28 19 23 25 28 3 1 20 3 20 8 39 28 18 42 47 42 8 42 47 39 8 
Custo Total: 1992112
Solução após busca local:
Instalacoes:
1 1 0 1 1 0 0 0 1 1 0 0 0 1 0 0 1 0 1 1 1 0 1 1 0 1 0 0 1 0 1 0 0 0 0 0 0 0 0 1 0 0 1 0 0 0 1 1 0 1 
Atribuicoes:
30 1 23 8 30 25 25 19 46 47 18 9 22 13 9 4 20 46 18 4 16 0 22 23 49 19 47 20 28 13 23 25 4 1 1 49 3 30 8 39 16 16 42 47 13 8 20 47 39 8 
Custo Total: 749749
Total de iterações: 22172
Melhorias: 14
Tempo até a melhor solução: 13.7203 segundos
Iterações até a melhor solução: 10086
Soma dos custos: 12609305851
Média dos custos: 568704
Pior valor encontrado: 830409
Melhor solução encontrada:
Instalacoes:
1 1 0 0 1 0 0 0 1 1 0 0 0 1 0 0 1 0 1 1 1 0 1 1 0 0 0 0 0 0 1 1 0 0 0 0 0 0 0 0 0 0 0 0 0 0 1 1 0 0 
Atribuicoes:
0 8 31 20 46 31 9 31 46 47 13 9 13 0 9 16 20 22 19 19 18 20 22 23 1 31 47 30 1 8 23 9 30 13 4 16 4 18 46 30 13 8 19 47 0 4 20 47 1 8 
Custo Total: 565350
