Instância: Data/raw/50_P10_M0_Continuo_6.txt
Tempo limite: 30 segundos
Seed: 1
Tamanho da pertubação: 5
Solução inicial:
Instalacoes:
0 1 0 0 0 0 0 0 1 0 0 0 0 1 0 0 0 0 0 0 1 0 1 0 0 0 0 0 0 0 0 0 0 0 0 0 0 0 0 0 0 0 0 0 0 0 0 1 0 0 
Atribuicoes:
8 1 13 20 8 13 1 8 8 8 22 20 22 13 47 47 47 20 20 1 8 1 22 13 1 13 47 20 47 13 13 13 20 20 1 20 13 20 8 13 1 20 8 47 8 8 8 47 13 1 
Custo Total: 737804
Solução após busca local:
Instalacoes:
0 1 0 0 1 0 0 0 1 1 0 0 0 1 0 0 0 0 0 0 1 0 1 0 0 0 0 0 0 0 0 0 0 0 0 0 0 0 0 0 0 0 0 0 0 0 0 1 0 0 
Atribuicoes:
4 9 13 20 4 8 4 20 8 9 4 20 4 13 9 9 9 20 20 9 20 9 22 20 20 9 47 20 20 4 4 8 20 20 20 9 9 9 9 9 20 20 8 47 8 8 8 47 20 20 
Custo Total: 239613
Total de iterações: 110113
Melhorias: 15
Tempo até a melhor solução: 16.1399 segundos
Iterações até a melhor solução: 58869
Soma dos custos: 18796042912
Média dos custos: 170698
Pior valor encontrado: 392304
Melhor solução encontrada:
Instalacoes:
0 0 0 0 1 0 0 0 1 1 0 0 0 0 0 0 0 0 0 0 1 0 1 0 0 0 0 0 0 0 0 0 0 0 0 0 0 0 0 0 0 0 0 0 0 0 0 0 0 0 
Atribuicoes:
9 9 4 4 8 4 4 20 8 9 20 4 4 4 9 9 9 20 20 9 20 9 22 20 9 20 9 20 20 9 20 8 4 20 9 9 9 8 4 20 20 20 8 9 8 8 8 8 20 9 
Custo Total: 164301
