Instância: Data/raw/50_P100_M0_Continuo_8.txt
Tempo limite: 30 segundos
Seed: 3
Tamanho da pertubação: 5
Solução inicial:
Instalacoes:
1 0 1 1 0 1 0 1 0 1 0 0 0 0 1 1 0 0 1 1 0 0 1 0 0 0 0 0 1 1 0 0 0 0 0 0 0 0 1 1 0 1 1 1 0 0 1 0 0 0 
Atribuicoes:
0 0 2 3 15 5 41 7 15 9 46 22 7 2 14 9 46 7 18 19 46 43 22 29 42 5 15 22 28 29 2 28 43 2 0 9 3 7 38 39 28 18 42 19 42 38 46 19 39 0 
Custo Total: 2896617
Solução após busca local:
Instalacoes:
1 1 1 1 1 0 0 1 1 1 0 0 0 1 0 1 1 0 1 1 1 0 1 1 0 1 0 1 1 1 1 1 1 0 1 1 0 0 1 1 0 0 1 1 0 0 1 1 0 1 
Atribuicoes:
0 1 25 3 15 43 30 30 46 9 16 27 7 2 19 34 41 16 18 47 18 43 23 13 42 39 1 22 20 29 31 31 32 4 47 9 20 7 8 39 28 35 42 49 4 38 8 19 25 0 
Custo Total: 1384366
Total de iterações: 14787
Melhorias: 11
Tempo até a melhor solução: 6.98166 segundos
Iterações até a melhor solução: 3432
Soma dos custos: 17440687791
Média dos custos: 1.17946e+06
Pior valor encontrado: 1382857
Melhor solução encontrada:
Instalacoes:
1 1 0 0 1 0 0 1 1 1 0 1 0 1 0 0 1 0 1 1 1 0 1 1 0 1 0 1 1 0 1 1 0 0 1 1 0 0 0 1 0 0 1 1 0 0 1 1 0 1 
Atribuicoes:
19 1 28 39 0 20 39 7 46 49 16 22 22 25 9 4 34 35 18 47 18 34 11 23 30 23 1 27 28 49 31 31 30 20 47 25 13 13 46 0 16 19 42 43 4 42 8 8 9 35 
Custo Total: 1177833
