Instância: Data/raw/50_P5_M0_Continuo_6.txt
Tempo limite: 30 segundos
Seed: 5
Tamanho da pertubação: 5
Solução inicial:
Instalacoes:
0 1 0 0 0 0 0 0 1 0 0 0 0 0 0 0 0 0 0 0 1 0 1 0 0 0 0 0 0 0 0 0 0 0 0 0 0 0 0 0 0 0 0 0 0 0 0 0 0 0 
Atribuicoes:
1 1 1 8 8 1 8 20 8 1 20 20 20 1 1 1 20 20 20 1 20 1 22 8 20 20 8 20 20 8 1 20 1 8 20 20 8 20 8 8 20 20 1 1 8 8 8 1 8 20 
Custo Total: 799032
Solução após busca local:
Instalacoes:
0 1 0 0 1 0 0 0 1 1 0 0 0 0 0 0 0 0 0 0 1 0 1 0 0 0 0 0 0 0 0 0 0 0 0 0 0 0 0 0 0 0 0 0 0 0 0 0 0 0 
Atribuicoes:
9 1 9 20 4 20 9 20 9 4 20 20 9 4 9 4 20 20 20 9 20 9 22 20 9 9 8 20 9 4 9 20 9 4 9 9 9 20 8 9 20 20 8 4 8 8 8 4 20 20 
Custo Total: 188676
Total de iterações: 176312
Melhorias: 5
Tempo até a melhor solução: 6.34171 segundos
Iterações até a melhor solução: 36066
Soma dos custos: 28790711957
Média dos custos: 163294
Pior valor encontrado: 341242
Melhor solução encontrada:
Instalacoes:
0 0 0 0 1 0 0 0 1 1 0 0 0 0 0 0 0 0 0 0 1 0 1 0 0 0 0 0 0 0 0 0 0 0 0 0 0 0 0 0 0 0 0 0 0 0 0 0 0 0 
Atribuicoes:
9 9 9 20 4 20 20 20 9 4 20 20 9 4 9 4 20 20 20 9 20 9 22 9 9 9 8 20 9 4 20 9 9 20 9 9 9 9 8 9 9 20 8 4 8 8 8 4 20 4 
Custo Total: 163263
