Instância: Data/raw/50_P60_M1_HUB_5.txt
Tempo limite: 30 segundos
Seed: 3
Tamanho da pertubação: 5
Solução inicial:
Instalacoes:
1 0 0 0 1 0 0 0 1 0 0 0 0 1 0 0 0 0 0 0 1 0 1 0 0 0 0 0 1 0 1 0 0 0 0 0 0 0 0 1 0 0 1 0 0 0 0 1 0 0 
Atribuicoes:
47 47 13 39 4 30 20 39 8 4 22 30 39 13 0 0 42 39 8 47 20 30 22 30 4 13 42 13 47 20 28 47 28 39 47 4 39 39 42 13 47 4 8 42 42 8 8 47 13 0 
Custo Total: 2677101
Solução após busca local:
Instalacoes:
1 1 0 0 1 1 0 0 1 1 0 0 0 1 0 0 1 0 0 1 1 0 1 0 0 0 0 0 1 1 1 1 0 0 0 0 0 0 0 1 0 0 1 0 0 0 1 1 0 1 
Atribuicoes:
9 47 13 39 4 13 20 4 46 4 22 1 39 5 31 0 16 31 8 19 20 30 22 30 4 8 9 13 20 29 31 5 28 39 47 4 1 20 0 13 9 4 8 47 20 8 8 42 13 0 
Custo Total: 656690
Total de iterações: 24470
Melhorias: 25
Tempo até a melhor solução: 27.747 segundos
Iterações até a melhor solução: 22756
Soma dos custos: 11221754310
Média dos custos: 458592
Pior valor encontrado: 710242
Melhor solução encontrada:
Instalacoes:
1 1 0 0 1 0 0 0 1 1 0 0 0 1 0 0 1 0 0 0 1 0 1 1 0 1 0 0 0 0 0 1 0 0 0 0 0 0 0 0 0 0 0 0 0 0 0 1 0 0 
Atribuicoes:
4 0 13 13 4 8 20 4 20 47 22 31 13 25 9 47 16 9 8 8 9 16 22 47 13 25 9 9 20 23 20 23 25 13 0 1 1 47 4 4 31 4 8 20 20 8 8 47 9 1 
Custo Total: 443031
