Instância: Data/raw/50_P30_M1_HUB_3.txt
Tempo limite: 30 segundos
Seed: 3
Tamanho da pertubação: 5
Solução inicial:
Instalacoes:
0 1 1 0 0 0 0 0 1 0 0 0 0 1 0 0 0 0 0 1 0 0 1 0 0 1 0 0 0 1 1 0 0 0 0 1 0 0 0 1 0 0 0 0 0 0 0 1 0 0 
Atribuicoes:
47 1 25 13 8 13 25 25 8 1 35 8 39 2 47 19 35 25 1 47 1 19 22 29 35 25 47 8 13 29 30 13 1 25 1 35 13 39 8 39 35 35 8 19 47 8 8 47 39 19 
Custo Total: 1532340
Solução após busca local:
Instalacoes:
1 1 0 0 1 0 0 0 1 1 0 0 0 1 0 0 0 0 0 0 1 0 1 0 0 1 0 0 0 0 0 0 0 0 0 1 0 0 0 1 0 0 0 0 0 0 0 1 0 0 
Atribuicoes:
9 1 4 13 0 13 1 47 9 1 4 8 20 9 4 9 1 8 20 47 47 9 22 30 35 25 1 8 0 30 20 13 47 39 1 20 9 9 4 20 4 35 8 4 47 4 4 47 13 0 
Custo Total: 471993
Total de iterações: 41747
Melhorias: 22
Tempo até a melhor solução: 26.1256 segundos
Iterações até a melhor solução: 36219
Soma dos custos: 11077417437
Média dos custos: 265346
Pior valor encontrado: 530657
Melhor solução encontrada:
Instalacoes:
0 1 0 0 1 0 0 0 1 1 0 0 0 1 0 0 0 0 0 0 1 0 1 0 0 0 0 0 0 0 0 0 0 0 0 0 0 0 0 0 0 0 0 0 0 0 0 1 0 0 
Atribuicoes:
9 4 4 8 9 20 8 4 9 4 4 22 9 9 47 9 20 8 1 47 8 47 22 9 20 13 4 22 1 20 13 47 9 8 47 20 9 20 4 13 1 20 8 4 47 8 4 47 20 9 
Custo Total: 255875
