Instância: Data/raw/50_P100_M1_Continuo_4.txt
Tempo limite: 30 segundos
Seed: 6
Tamanho da pertubação: 5
Solução inicial:
Instalacoes:
1 0 1 1 0 1 0 1 0 1 0 1 0 0 0 1 0 0 1 1 0 0 1 0 0 0 0 0 1 0 0 0 0 0 0 0 0 0 1 1 0 1 1 1 0 0 1 0 0 0 
Atribuicoes:
0 0 2 3 15 5 41 7 15 9 46 11 7 2 19 9 42 7 18 19 46 43 22 43 42 5 15 11 28 43 2 28 5 2 0 9 3 7 38 39 28 18 42 19 42 38 46 19 39 0 
Custo Total: 3047879
Solução após busca local:
Instalacoes:
1 1 1 1 1 1 0 1 1 1 0 0 1 1 0 1 1 0 1 1 1 0 1 1 0 1 0 0 1 0 1 1 0 0 1 1 0 0 1 1 0 0 1 1 0 0 1 1 0 1 
Atribuicoes:
0 16 2 20 35 5 23 31 15 34 46 39 12 13 34 9 35 20 18 42 8 43 22 47 22 30 8 18 28 1 4 28 30 13 4 41 3 7 38 39 31 49 42 19 0 9 1 19 25 25 
Custo Total: 1345874
Total de iterações: 13999
Melhorias: 21
Tempo até a melhor solução: 19.6507 segundos
Iterações até a melhor solução: 9202
Soma dos custos: 16771984635
Média dos custos: 1.19808e+06
Pior valor encontrado: 1401260
Melhor solução encontrada:
Instalacoes:
1 1 0 0 1 1 0 0 1 1 0 0 0 1 0 1 1 0 1 1 1 0 1 1 0 1 0 1 1 0 1 1 0 0 1 1 0 0 0 1 0 0 1 0 0 0 1 1 0 1 
Atribuicoes:
0 49 18 25 8 5 46 31 16 34 22 49 39 13 34 15 8 25 18 42 1 30 5 23 16 23 1 22 28 4 19 0 30 13 19 20 28 27 46 39 31 35 42 47 20 8 4 47 9 9 
Custo Total: 1184398
