Instância: Data/raw/50_P80_M1_HUB_2.txt
Tempo limite: 30 segundos
Seed: 1
Tamanho da pertubação: 5
Solução inicial:
Instalacoes:
1 0 1 0 1 1 0 1 1 0 0 0 0 0 0 0 1 0 1 0 0 0 1 0 1 1 0 0 1 0 0 1 0 0 0 0 0 0 0 1 0 0 1 1 0 0 1 1 0 0 
Atribuicoes:
47 8 2 25 16 5 16 7 4 42 31 4 7 2 43 42 24 7 18 47 16 43 22 43 24 5 8 4 28 2 2 25 31 2 8 46 25 7 46 39 16 18 42 43 46 4 4 47 39 0 
Custo Total: 2065238
Solução após busca local:
Instalacoes:
1 1 1 0 1 1 0 1 1 1 0 0 0 1 0 0 1 0 1 1 1 0 1 0 1 1 0 1 0 0 1 1 0 0 1 0 0 0 0 1 0 0 1 1 0 0 1 1 0 1 
Atribuicoes:
8 8 4 9 20 5 16 7 1 19 22 9 9 13 43 42 24 30 18 34 16 43 22 31 24 1 49 13 31 2 2 27 20 20 8 18 25 7 46 8 27 19 42 43 0 4 4 47 39 0 
Custo Total: 903021
Total de iterações: 18726
Melhorias: 16
Tempo até a melhor solução: 23.0768 segundos
Iterações até a melhor solução: 14487
Soma dos custos: 13081422600
Média dos custos: 698570
Pior valor encontrado: 940168
Melhor solução encontrada:
Instalacoes:
1 1 0 0 1 0 0 0 1 1 0 0 0 1 0 0 1 0 0 1 1 0 1 1 0 1 0 0 0 0 1 1 0 0 1 1 0 0 0 1 0 0 0 0 0 0 0 1 0 1 
Atribuicoes:
8 8 4 9 20 34 16 0 1 13 22 31 9 47 0 20 35 31 16 34 47 30 22 13 35 49 9 22 0 23 23 16 25 20 8 0 25 1 47 8 16 13 20 30 1 4 4 19 39 49 
Custo Total: 684581
