Instância: Data/raw/50_P40_M1_HUB_2.txt
Tempo limite: 30 segundos
Seed: 8
Tamanho da pertubação: 5
Solução inicial:
Instalacoes:
0 0 0 0 1 0 0 0 1 1 0 0 0 1 0 0 1 0 0 1 1 0 1 0 0 0 0 0 0 0 1 0 0 0 0 1 0 0 0 0 0 0 0 0 0 0 0 0 0 0 
Atribuicoes:
19 8 13 16 4 30 35 16 8 9 9 20 9 13 19 9 4 16 20 19 20 20 22 13 4 13 9 20 16 35 30 8 30 20 16 9 22 16 8 13 9 20 8 19 9 8 8 19 13 4 
Custo Total: 1710492
Solução após busca local:
Instalacoes:
1 1 0 0 1 0 0 0 1 1 0 0 0 1 0 0 1 0 0 1 1 0 1 0 0 0 0 0 0 0 1 1 0 0 0 1 0 0 0 0 0 0 0 0 0 0 0 1 0 1 
Atribuicoes:
9 8 13 4 4 30 47 4 47 49 9 31 9 13 49 8 4 16 20 19 20 20 8 13 1 13 9 20 16 9 30 8 1 47 16 9 22 13 1 20 9 20 8 49 9 8 8 19 16 0 
Custo Total: 492808
Total de iterações: 35622
Melhorias: 20
Tempo até a melhor solução: 11.1599 segundos
Iterações até a melhor solução: 12648
Soma dos custos: 11884918716
Média dos custos: 333640
Pior valor encontrado: 573995
Melhor solução encontrada:
Instalacoes:
1 1 0 0 1 0 0 0 1 1 0 0 0 1 0 0 1 0 0 0 1 0 1 0 0 0 0 0 0 0 0 0 0 0 0 0 0 0 0 0 0 0 0 0 0 0 0 1 0 0 
Atribuicoes:
9 8 9 8 4 47 4 9 8 9 13 22 20 13 4 4 16 1 20 0 20 20 22 13 16 13 8 8 9 9 47 8 4 4 1 9 16 4 1 20 9 20 47 47 9 8 20 0 1 8 
Custo Total: 325676
