Instância: Data/raw/50_P90_M0_Continuo_1.txt
Tempo limite: 30 segundos
Seed: 5
Tamanho da pertubação: 5
Solução inicial:
Instalacoes:
1 0 1 1 0 1 0 1 0 1 0 0 0 0 1 1 0 0 1 1 0 0 1 0 0 0 0 0 1 1 0 0 0 0 0 0 0 0 1 1 0 0 1 1 0 0 1 0 0 0 
Atribuicoes:
0 0 2 3 18 5 18 7 18 9 15 2 7 2 14 9 46 7 14 19 14 43 22 29 42 39 18 18 28 29 2 28 43 2 0 9 3 7 38 39 28 15 42 19 18 38 46 19 39 0 
Custo Total: 3015757
Solução após busca local:
Instalacoes:
1 1 1 0 1 0 0 1 1 1 0 1 0 1 1 1 1 0 1 1 1 0 1 1 0 1 0 0 1 1 1 1 0 0 1 0 0 0 1 1 0 0 1 1 0 0 1 1 0 0 
Atribuicoes:
8 0 4 19 20 28 39 31 4 9 15 11 20 2 14 13 34 7 16 47 23 34 22 29 1 2 46 18 13 25 9 11 43 31 8 9 22 25 1 13 28 30 42 23 47 38 46 19 39 0 
Custo Total: 1037343
Total de iterações: 18009
Melhorias: 18
Tempo até a melhor solução: 27.6909 segundos
Iterações até a melhor solução: 16610
Soma dos custos: 14105218691
Média dos custos: 783232
Pior valor encontrado: 1025820
Melhor solução encontrada:
Instalacoes:
1 1 0 0 1 0 0 0 1 1 0 0 0 1 0 0 1 0 1 1 1 0 1 1 0 1 0 0 0 0 1 1 0 0 1 1 0 0 0 1 0 0 1 0 0 0 1 1 0 1 
Atribuicoes:
8 49 4 19 35 34 47 39 4 9 30 31 35 13 34 46 8 22 18 0 16 20 1 23 1 25 0 25 13 47 9 31 30 39 8 9 22 47 1 13 16 42 42 20 20 46 18 19 23 49 
Custo Total: 767524
