Instância: Data/raw/50_P90_M1_HUB_4.txt
Tempo limite: 30 segundos
Seed: 8
Tamanho da pertubação: 5
Solução inicial:
Instalacoes:
1 0 1 1 0 0 0 1 0 1 0 0 0 0 1 0 1 0 1 1 0 0 1 0 1 0 0 0 0 1 1 0 0 0 0 0 0 0 1 1 0 0 1 0 0 0 1 1 0 1 
Atribuicoes:
47 47 30 3 18 30 49 7 19 9 16 46 7 29 14 9 16 7 46 47 46 42 22 24 49 30 19 19 14 29 30 30 30 22 47 9 3 7 38 39 16 18 42 0 19 38 46 47 39 47 
Custo Total: 3210332
Solução após busca local:
Instalacoes:
0 1 0 1 1 1 0 1 1 1 0 0 0 1 1 0 1 0 1 1 1 0 1 1 0 1 0 1 0 1 1 1 0 0 1 1 0 0 1 1 0 0 1 0 0 0 1 1 0 1 
Atribuicoes:
1 8 5 3 18 24 49 7 19 16 16 4 39 13 14 9 16 23 31 47 46 14 22 23 49 30 1 27 34 29 13 30 25 25 13 20 39 20 38 39 35 18 42 19 8 38 9 4 25 47 
Custo Total: 1089500
Total de iterações: 15448
Melhorias: 22
Tempo até a melhor solução: 29.1454 segundos
Iterações até a melhor solução: 15006
Soma dos custos: 13455060401
Média dos custos: 870990
Pior valor encontrado: 1099699
Melhor solução encontrada:
Instalacoes:
1 1 0 0 1 0 0 0 1 1 0 0 0 1 0 1 1 0 1 1 1 0 1 1 0 1 0 0 1 0 1 1 0 0 1 1 0 0 0 1 0 0 1 0 0 0 1 1 0 1 
Atribuicoes:
0 1 13 13 18 9 9 16 47 9 35 4 39 49 34 15 4 13 16 19 20 34 22 0 16 31 20 30 28 23 8 31 25 25 49 35 39 23 46 39 22 18 42 30 1 4 8 47 25 46 
Custo Total: 836677
