Instância: Data/raw/50_P20_M1_HUB_9.txt
Tempo limite: 30 segundos
Seed: 4
Tamanho da pertubação: 5
Solução inicial:
Instalacoes:
0 0 0 0 1 0 0 0 1 1 0 0 0 1 0 0 0 0 1 0 0 0 1 1 0 0 0 0 0 0 0 0 0 0 0 0 0 0 0 0 0 0 0 0 0 0 0 1 0 0 
Atribuicoes:
47 9 13 18 4 13 18 18 8 9 4 9 18 13 9 9 9 8 4 47 4 9 22 8 9 13 47 9 23 23 13 13 23 18 8 9 18 18 47 13 9 4 8 47 13 8 8 47 13 4 
Custo Total: 1319380
Solução após busca local:
Instalacoes:
1 1 0 0 1 0 0 0 1 1 0 0 0 1 0 0 0 0 0 0 1 0 1 1 0 0 0 0 0 0 0 0 0 0 0 0 0 0 0 0 0 0 0 0 0 0 0 1 0 0 
Atribuicoes:
47 9 13 4 4 4 8 4 8 9 20 9 4 13 9 9 20 8 4 9 20 9 22 9 9 4 47 9 1 47 13 20 8 4 8 20 13 20 9 8 9 4 1 9 20 8 20 47 1 13 
Custo Total: 334503
Total de iterações: 59527
Melhorias: 16
Tempo até a melhor solução: 25.9277 segundos
Iterações até a melhor solução: 51349
Soma dos custos: 13964712537
Média dos custos: 234595
Pior valor encontrado: 454131
Melhor solução encontrada:
Instalacoes:
0 1 0 0 1 0 0 0 1 1 0 0 0 0 0 0 0 0 0 0 1 0 1 0 0 0 0 0 0 0 0 0 0 0 0 0 0 0 0 0 0 0 0 0 0 0 0 1 0 0 
Atribuicoes:
20 1 20 20 4 4 20 20 8 9 20 9 4 20 9 9 9 20 20 9 20 20 22 8 9 4 47 9 22 8 1 47 8 4 1 20 4 20 4 20 9 4 8 9 47 9 9 47 4 8 
Custo Total: 229966
