Instância: Data/raw/50_P5_M0_Continuo_4.txt
Tempo limite: 30 segundos
Seed: 3
Tamanho da pertubação: 5
Solução inicial:
Instalacoes:
0 0 0 0 1 0 0 0 0 1 0 0 0 1 0 0 0 0 0 0 1 0 1 0 0 0 0 0 0 0 0 0 0 0 0 0 0 0 0 0 0 0 0 0 0 0 0 1 0 0 
Atribuicoes:
47 47 13 13 4 9 20 13 4 9 20 20 9 13 47 9 4 9 20 9 20 20 22 13 47 13 47 20 47 20 13 9 13 13 47 9 13 9 20 13 47 20 9 47 20 4 4 47 13 47 
Custo Total: 282531
Solução após busca local:
Instalacoes:
0 0 0 0 1 0 0 0 1 1 0 0 0 1 0 0 0 0 0 0 1 0 1 0 0 0 0 0 0 0 0 0 0 0 0 0 0 0 0 0 0 0 0 0 0 0 0 1 0 0 
Atribuicoes:
9 9 9 20 4 9 9 9 4 9 20 20 20 13 9 9 4 20 20 9 20 4 22 20 4 4 9 20 9 20 20 9 9 20 9 20 8 9 4 20 9 20 9 47 9 8 4 47 20 20 
Custo Total: 212589
Total de iterações: 151062
Melhorias: 8
Tempo até a melhor solução: 25.9437 segundos
Iterações até a melhor solução: 129743
Soma dos custos: 24556184987
Média dos custos: 162557
Pior valor encontrado: 361192
Melhor solução encontrada:
Instalacoes:
0 0 0 0 1 0 0 0 1 1 0 0 0 0 0 0 0 0 0 0 1 0 1 0 0 0 0 0 0 0 0 0 0 0 0 0 0 0 0 0 0 0 0 0 0 0 0 0 0 0 
Atribuicoes:
9 9 9 9 4 9 20 4 4 9 20 20 20 4 9 9 9 20 20 9 20 4 22 4 4 20 9 20 9 20 9 9 9 20 9 20 9 20 8 4 9 20 8 9 8 8 8 9 20 9 
Custo Total: 161879
