Instância: Data/raw/50_P10_M1_HUB_4.txt
Tempo limite: 30 segundos
Seed: 6
Tamanho da pertubação: 5
Solução inicial:
Instalacoes:
0 1 0 0 0 0 0 0 1 1 0 0 0 1 0 0 1 0 0 0 0 0 1 0 0 0 0 0 0 0 0 0 0 0 0 0 0 0 0 0 0 0 0 0 0 0 0 0 0 0 
Atribuicoes:
9 1 13 13 8 13 13 16 8 9 9 9 1 13 16 9 16 1 16 9 8 9 22 13 1 13 13 9 1 13 9 13 9 9 1 16 9 13 8 13 9 16 8 9 1 8 8 9 13 1 
Custo Total: 898758
Solução após busca local:
Instalacoes:
0 1 0 0 1 0 0 0 1 1 0 0 0 1 0 0 1 0 0 0 1 0 1 0 0 0 0 0 0 0 0 0 0 0 0 0 0 0 0 0 0 0 0 0 0 0 0 0 0 0 
Atribuicoes:
9 1 9 20 8 9 9 20 8 9 9 20 20 13 20 4 8 4 9 9 4 9 22 20 20 13 4 20 9 20 9 20 4 9 1 20 20 4 8 9 9 20 8 4 1 8 20 9 20 9 
Custo Total: 245423
Total de iterações: 103434
Melhorias: 12
Tempo até a melhor solução: 11.2105 segundos
Iterações até a melhor solução: 33022
Soma dos custos: 17895360605
Média dos custos: 173012
Pior valor encontrado: 414777
Melhor solução encontrada:
Instalacoes:
0 0 0 0 1 0 0 0 1 1 0 0 0 0 0 0 0 0 0 0 0 0 1 0 0 0 0 0 0 0 0 0 0 0 0 0 0 0 0 0 0 0 0 0 0 0 0 1 0 0 
Atribuicoes:
9 47 4 9 4 9 9 8 8 9 9 9 9 4 8 4 9 4 9 9 4 4 22 9 8 4 47 8 9 4 9 9 47 9 4 8 9 4 8 9 4 9 8 47 47 4 8 47 8 9 
Custo Total: 170069
