Instância: Data/raw/50_P5_M1_Continuo_1.txt
Tempo limite: 30 segundos
Seed: 4
Tamanho da pertubação: 5
Solução inicial:
Instalacoes:
0 1 0 0 1 0 0 0 0 1 0 0 0 1 0 0 0 0 0 0 1 0 1 0 0 0 0 0 0 0 0 0 0 0 0 0 0 0 0 0 0 0 0 0 0 0 0 0 0 0 
Atribuicoes:
4 9 4 13 9 13 20 4 4 9 20 20 9 13 9 4 4 9 9 9 9 1 22 13 9 4 1 20 4 20 20 4 20 20 9 4 20 4 4 13 4 9 9 1 9 4 4 20 13 9 
Custo Total: 480699
Solução após busca local:
Instalacoes:
0 1 0 0 1 0 0 0 1 1 0 0 0 1 0 0 0 0 0 0 1 0 1 0 0 0 0 0 0 0 0 0 0 0 0 0 0 0 0 0 0 0 0 0 0 0 0 0 0 0 
Atribuicoes:
9 9 20 9 8 9 9 20 4 9 20 20 4 13 9 4 4 9 20 9 20 9 22 9 9 20 8 20 9 9 8 20 20 20 9 4 20 20 4 20 9 20 9 4 8 4 8 4 9 9 
Custo Total: 213067
Total de iterações: 140026
Melhorias: 7
Tempo até a melhor solução: 28.4667 segundos
Iterações até a melhor solução: 132114
Soma dos custos: 22793011285
Média dos custos: 162777
Pior valor encontrado: 340850
Melhor solução encontrada:
Instalacoes:
0 0 0 0 1 0 0 0 1 1 0 0 0 0 0 0 0 0 0 0 1 0 1 0 0 0 0 0 0 0 0 0 0 0 0 0 0 0 0 0 0 0 0 0 0 0 0 0 0 0 
Atribuicoes:
9 4 9 9 4 9 9 20 8 9 20 20 20 9 4 9 20 20 20 9 20 9 22 9 9 9 8 9 9 9 20 20 8 20 9 20 4 20 8 20 20 20 8 4 8 8 8 4 20 9 
Custo Total: 162588
