Instância: Data/raw/50_P50_M1_HUB_4.txt
Tempo limite: 30 segundos
Seed: 6
Tamanho da pertubação: 5
Solução inicial:
Instalacoes:
1 1 0 0 1 0 0 0 0 1 0 0 0 0 0 0 0 0 0 0 1 0 1 1 0 0 0 0 0 0 1 0 0 0 0 1 0 0 0 0 0 0 1 0 0 0 0 0 0 0 
Atribuicoes:
0 1 23 20 42 4 30 4 42 9 0 1 35 23 4 9 20 1 35 0 35 1 22 23 9 23 1 23 20 23 20 4 4 20 4 9 20 35 4 23 9 1 42 0 30 4 42 0 23 9 
Custo Total: 2627005
Solução após busca local:
Instalacoes:
1 1 0 0 1 0 0 0 1 1 0 0 0 1 0 0 0 0 1 0 1 0 1 1 0 1 0 0 1 0 1 0 0 0 0 1 0 0 0 0 0 0 1 0 0 0 0 1 0 1 
Atribuicoes:
0 8 47 9 47 47 25 13 1 9 18 9 8 13 13 49 35 4 13 0 35 4 22 23 8 25 47 30 20 23 20 4 4 20 4 9 20 49 1 1 9 47 42 8 42 4 20 1 25 9 
Custo Total: 570873
Total de iterações: 28969
Melhorias: 18
Tempo até a melhor solução: 27.6295 segundos
Iterações até a melhor solução: 26781
Soma dos custos: 12963597103
Média dos custos: 447499
Pior valor encontrado: 701009
Melhor solução encontrada:
Instalacoes:
1 1 0 0 1 0 0 0 1 1 0 0 0 1 0 0 1 0 0 1 1 0 1 0 0 0 0 0 0 0 1 0 0 0 0 0 0 0 0 0 0 0 0 0 0 0 0 1 0 0 
Atribuicoes:
9 8 30 9 4 20 1 47 20 9 1 9 8 8 4 13 16 20 1 19 30 4 30 13 8 13 47 22 13 47 20 4 30 16 4 20 1 19 1 4 9 47 0 8 0 9 20 9 16 9 
Custo Total: 433331
