Instância: Data/raw/50_P80_M1_HUB_1.txt
Tempo limite: 30 segundos
Seed: 2
Tamanho da pertubação: 5
Solução inicial:
Instalacoes:
1 0 1 1 0 0 0 1 0 0 0 0 0 0 0 1 1 0 1 1 0 0 1 0 0 0 0 0 0 0 0 0 1 0 0 0 0 0 0 1 0 0 0 1 0 0 1 1 0 0 
Atribuicoes:
0 0 2 3 15 2 18 7 18 46 47 19 7 2 43 15 16 7 19 19 15 43 22 2 46 39 19 2 32 2 32 18 32 22 0 47 3 7 0 39 47 16 47 43 47 18 46 0 39 46 
Custo Total: 2684813
Solução após busca local:
Instalacoes:
1 1 1 1 1 0 0 1 1 1 0 0 0 1 0 1 1 0 1 1 1 0 1 0 1 0 0 0 0 0 1 1 1 0 1 0 0 0 0 1 0 0 0 1 0 0 1 1 0 1 
Atribuicoes:
20 9 31 3 15 2 9 20 18 49 47 19 0 31 43 34 34 7 19 47 1 20 22 4 24 13 0 2 31 20 32 18 32 30 49 47 3 18 0 39 34 16 20 47 8 8 46 0 39 46 
Custo Total: 954747
Total de iterações: 18596
Melhorias: 18
Tempo até a melhor solução: 22.89 segundos
Iterações até a melhor solução: 14152
Soma dos custos: 13087764434
Média dos custos: 703795
Pior valor encontrado: 923959
Melhor solução encontrada:
Instalacoes:
1 1 0 0 1 0 0 0 1 1 0 0 0 1 0 0 1 0 1 0 1 0 1 1 0 1 0 0 1 0 1 1 0 0 0 1 0 0 0 0 0 0 0 0 0 0 1 1 0 1 
Atribuicoes:
20 4 30 4 46 0 49 20 9 1 47 35 25 25 28 16 35 31 31 47 1 8 22 23 16 13 0 9 25 20 30 28 28 23 13 47 4 30 46 13 35 18 20 47 8 9 8 0 18 49 
Custo Total: 697318
