Instância: Data/raw/50_P20_M1_Continuo_5.txt
Tempo limite: 30 segundos
Seed: 4
Tamanho da pertubação: 5
Solução inicial:
Instalacoes:
1 1 0 0 0 0 0 0 0 1 0 0 0 1 0 0 0 0 0 0 0 0 1 0 0 0 0 0 0 0 0 0 0 0 0 0 0 0 0 0 0 0 0 0 0 0 0 1 0 0 
Atribuicoes:
0 0 13 13 0 47 0 22 47 9 0 9 22 13 0 9 9 22 1 0 1 1 22 13 9 13 47 9 47 1 1 47 1 13 0 9 13 47 47 13 9 9 0 0 47 47 9 0 13 9 
Custo Total: 1299832
Solução após busca local:
Instalacoes:
1 1 0 0 1 0 0 0 1 1 0 0 0 1 0 0 0 0 0 0 1 0 1 0 0 0 0 0 0 0 0 0 0 0 0 0 0 0 0 0 0 0 0 0 0 0 0 1 0 0 
Atribuicoes:
4 4 13 13 47 47 1 8 20 9 0 9 8 13 4 8 20 4 1 47 1 1 22 13 4 13 47 9 9 8 9 4 47 4 20 9 13 20 8 9 9 20 20 1 47 8 9 20 4 9 
Custo Total: 294298
Total de iterações: 68559
Melhorias: 14
Tempo até a melhor solução: 29.5442 segundos
Iterações até a melhor solução: 67524
Soma dos custos: 15356930295
Média dos custos: 223996
Pior valor encontrado: 439433
Melhor solução encontrada:
Instalacoes:
0 0 0 0 1 0 0 0 1 1 0 0 0 1 0 0 0 0 0 0 1 0 1 0 0 0 0 0 0 0 0 0 0 0 0 0 0 0 0 0 0 0 0 0 0 0 0 1 0 0 
Atribuicoes:
4 47 13 9 4 13 9 20 8 9 9 22 20 13 9 8 20 4 9 9 4 47 22 13 4 13 8 4 9 8 4 13 9 4 20 4 4 20 8 4 47 20 9 47 8 8 4 47 20 9 
Custo Total: 222247
