Instância: Data/raw/50_P10_M1_HUB_6.txt
Tempo limite: 30 segundos
Seed: 8
Tamanho da pertubação: 5
Solução inicial:
Instalacoes:
1 1 0 0 0 0 0 0 1 0 0 0 0 1 0 0 1 0 0 0 0 0 1 0 0 0 0 0 0 0 1 0 0 0 0 0 0 0 0 0 0 0 0 0 0 0 0 0 0 0 
Atribuicoes:
0 1 13 13 8 30 13 0 8 8 8 8 16 13 1 0 16 16 16 0 8 0 22 30 1 13 0 8 1 0 30 13 30 0 1 16 13 16 8 30 1 8 8 0 8 8 8 1 30 1 
Custo Total: 917044
Solução após busca local:
Instalacoes:
1 1 0 0 0 0 0 0 1 1 0 0 0 1 0 0 1 0 0 0 1 0 1 0 0 0 0 0 0 0 1 0 0 0 0 0 0 0 0 0 0 0 0 0 0 0 0 0 0 0 
Atribuicoes:
0 1 9 8 9 13 9 20 9 8 20 8 1 13 8 0 20 8 20 1 8 20 22 13 20 13 8 9 20 9 30 8 9 9 20 8 20 20 8 20 1 20 8 20 8 9 8 9 9 8 
Custo Total: 280976
Total de iterações: 101864
Melhorias: 11
Tempo até a melhor solução: 23.396 segundos
Iterações até a melhor solução: 81379
Soma dos custos: 18192771642
Média dos custos: 178599
Pior valor encontrado: 396224
Melhor solução encontrada:
Instalacoes:
0 0 0 0 1 0 0 0 1 1 0 0 0 0 0 0 0 0 0 0 1 0 1 0 0 0 0 0 0 0 0 0 0 0 0 0 0 0 0 0 0 0 0 0 0 0 0 0 0 0 
Atribuicoes:
4 9 9 4 4 9 9 20 4 9 4 20 8 9 4 4 20 8 20 9 4 4 22 4 20 4 8 9 20 9 20 4 9 20 9 9 8 20 8 20 4 20 8 4 8 9 8 9 4 8 
Custo Total: 167417
