Instância: Data/raw/50_P100_M1_Continuo_6.txt
Tempo limite: 30 segundos
Seed: 7
Tamanho da pertubação: 5
Solução inicial:
Instalacoes:
1 0 1 1 0 1 0 1 0 1 0 1 0 0 0 1 0 0 1 1 0 0 1 0 0 0 0 0 1 1 0 0 0 0 0 0 0 0 1 1 0 1 1 0 0 0 1 0 0 0 
Atribuicoes:
0 0 2 3 15 5 41 7 15 9 46 11 7 2 19 9 42 7 18 19 46 15 22 29 42 5 42 11 28 29 2 28 5 2 0 9 3 7 38 39 28 18 42 19 42 38 46 19 39 0 
Custo Total: 3024043
Solução após busca local:
Instalacoes:
1 1 1 1 1 1 0 1 1 1 0 1 0 1 0 1 1 0 1 1 1 0 1 1 0 1 0 1 1 1 1 1 0 0 1 1 0 0 1 1 0 0 1 0 0 0 1 1 0 1 
Atribuicoes:
8 0 2 25 20 5 39 7 18 9 16 11 31 25 19 9 22 27 18 1 20 34 22 13 15 30 47 49 4 29 34 28 5 47 4 35 3 31 38 39 35 41 16 8 42 49 46 19 23 0 
Custo Total: 1323875
Total de iterações: 13834
Melhorias: 21
Tempo até a melhor solução: 9.40569 segundos
Iterações até a melhor solução: 4254
Soma dos custos: 16470979919
Média dos custos: 1.19062e+06
Pior valor encontrado: 1404641
Melhor solução encontrada:
Instalacoes:
1 1 0 0 1 0 0 1 1 1 0 1 0 1 0 0 1 0 1 1 1 0 1 1 0 1 0 1 0 0 1 1 0 0 1 1 0 0 0 1 0 0 1 0 0 0 1 1 0 1 
Atribuicoes:
9 0 13 46 9 34 30 7 4 16 25 11 18 25 8 19 18 22 13 0 9 4 22 23 49 30 47 27 31 1 23 42 16 20 34 35 39 7 1 39 49 27 42 19 8 20 46 47 35 31 
Custo Total: 1185490
