Instância: Data/raw/50_P50_M1_HUB_3.txt
Tempo limite: 30 segundos
Seed: 10
Tamanho da pertubação: 5
Solução inicial:
Instalacoes:
1 1 0 0 1 1 0 0 0 0 0 0 0 1 0 0 0 0 1 1 0 0 1 0 0 0 0 0 0 0 1 1 0 0 1 0 0 0 0 1 0 0 0 0 0 0 0 1 0 0 
Atribuicoes:
0 0 13 1 19 47 22 19 47 1 18 4 31 13 34 47 34 18 18 19 18 34 22 5 1 13 47 4 13 5 4 47 47 19 34 34 1 31 4 39 13 0 0 34 47 4 4 47 39 1 
Custo Total: 1727274
Solução após busca local:
Instalacoes:
1 1 0 0 1 0 0 0 1 1 0 0 0 1 0 0 1 0 1 1 1 0 1 0 0 0 0 1 0 0 0 0 0 0 1 1 0 0 0 1 0 0 0 0 0 0 0 1 0 1 
Atribuicoes:
19 1 8 1 47 9 22 0 8 1 4 35 4 13 8 47 34 9 18 19 49 9 22 47 49 13 47 27 49 0 9 47 47 39 47 35 1 13 4 39 27 16 20 49 8 4 4 47 8 1 
Custo Total: 566840
Total de iterações: 26700
Melhorias: 20
Tempo até a melhor solução: 24.1005 segundos
Iterações até a melhor solução: 21412
Soma dos custos: 11415535682
Média dos custos: 427548
Pior valor encontrado: 680275
Melhor solução encontrada:
Instalacoes:
0 1 0 0 1 0 0 0 1 1 0 0 0 1 0 0 0 0 1 0 1 0 1 0 0 0 0 0 0 0 1 1 0 0 0 0 0 0 0 1 0 0 0 0 0 0 0 1 0 0 
Atribuicoes:
1 1 47 39 1 9 39 1 8 47 4 22 4 13 30 20 20 22 18 1 1 9 22 8 13 30 47 31 20 30 9 13 47 39 47 9 8 13 4 18 31 8 20 9 8 4 4 47 8 13 
Custo Total: 416432
