Instância: Data/raw/50_P70_M1_Continuo_2.txt
Tempo limite: 30 segundos
Seed: 9
Tamanho da pertubação: 5
Solução inicial:
Instalacoes:
1 0 1 0 1 0 0 0 0 1 0 0 0 1 0 0 0 0 1 0 1 0 1 1 0 0 0 0 1 0 0 0 0 0 1 0 0 0 0 0 0 0 1 0 0 0 0 1 0 0 
Atribuicoes:
9 9 23 2 4 23 2 42 4 42 18 20 34 23 34 42 20 34 18 9 18 34 22 13 20 23 9 20 28 23 23 28 23 13 9 20 23 22 9 13 28 18 42 34 9 42 4 47 13 20 
Custo Total: 3140215
Solução após busca local:
Instalacoes:
0 1 0 0 1 1 0 0 1 1 0 0 0 1 0 0 0 0 1 1 1 0 1 1 0 0 0 0 1 0 1 1 0 0 1 1 0 0 0 1 0 0 1 0 0 0 1 1 0 1 
Atribuicoes:
19 19 13 39 4 28 39 8 4 34 42 20 22 23 34 4 35 34 18 47 22 30 22 30 20 23 47 20 31 23 5 9 30 13 9 35 31 1 46 8 35 9 42 49 9 9 46 47 13 1 
Custo Total: 730803
Total de iterações: 21034
Melhorias: 21
Tempo até a melhor solução: 14.0563 segundos
Iterações até a melhor solução: 9549
Soma dos custos: 11482393206
Média dos custos: 545897
Pior valor encontrado: 816428
Melhor solução encontrada:
Instalacoes:
1 1 0 0 1 0 0 0 1 1 0 0 0 1 0 0 1 0 0 1 1 0 1 0 0 1 0 0 0 0 1 1 0 0 0 0 0 0 0 0 0 0 0 0 0 0 0 1 0 1 
Atribuicoes:
0 19 31 47 4 25 1 8 4 1 31 22 22 1 0 8 16 25 4 47 0 30 22 30 16 25 20 25 13 30 19 9 30 13 9 47 20 49 1 8 16 9 47 20 9 9 16 19 13 49 
Custo Total: 528627
