Instância: Data/raw/50_P70_M0_Continuo_8.txt
Tempo limite: 30 segundos
Seed: 6
Tamanho da pertubação: 5
Solução inicial:
Instalacoes:
1 0 0 0 0 1 0 1 0 1 0 1 0 0 0 1 0 0 1 1 0 0 1 1 1 0 0 0 1 0 0 0 0 0 0 0 0 0 0 1 0 0 1 0 0 0 1 1 0 0 
Atribuicoes:
47 47 23 22 15 5 23 7 15 9 0 11 7 5 47 9 42 7 18 47 18 19 22 5 24 39 42 11 28 5 23 28 19 46 47 9 22 7 42 39 28 18 42 0 42 42 46 47 39 47 
Custo Total: 2403572
Solução após busca local:
Instalacoes:
1 1 0 0 1 1 0 0 1 1 0 1 0 1 0 1 1 0 1 1 1 0 1 1 0 1 0 0 1 0 1 0 0 0 0 0 0 0 0 1 0 0 1 0 0 0 1 1 0 1 
Atribuicoes:
30 49 30 39 46 5 23 13 49 9 0 11 16 8 47 9 49 25 13 16 18 19 22 4 9 20 1 22 25 39 23 1 19 9 8 20 8 25 0 13 28 18 42 0 20 4 46 47 39 47 
Custo Total: 804460
Total de iterações: 21644
Melhorias: 11
Tempo até a melhor solução: 7.67268 segundos
Iterações até a melhor solução: 5542
Soma dos custos: 12171210000
Média dos custos: 562336
Pior valor encontrado: 818562
Melhor solução encontrada:
Instalacoes:
1 1 0 0 1 0 0 0 1 1 0 0 0 1 0 0 0 0 1 1 1 0 1 0 0 0 0 0 0 0 1 1 0 0 0 0 0 0 0 1 0 0 0 0 0 0 1 1 0 0 
Atribuicoes:
13 20 13 39 46 4 39 20 4 9 1 31 13 8 0 19 16 47 13 9 18 0 22 19 16 20 8 22 47 4 31 30 30 9 0 20 1 19 47 9 1 18 47 18 8 4 46 19 39 20 
Custo Total: 558458
