Instância: Data/raw/50_P90_M0_Continuo_9.txt
Tempo limite: 30 segundos
Seed: 9
Tamanho da pertubação: 5
Solução inicial:
Instalacoes:
1 1 1 1 0 1 0 1 0 0 0 0 0 1 1 0 0 0 1 0 0 0 1 0 0 0 0 0 1 1 0 1 0 0 0 0 0 0 1 1 0 1 0 0 0 0 1 1 0 0 
Atribuicoes:
47 1 2 3 1 5 1 7 38 0 41 22 7 2 14 14 41 7 18 47 41 31 22 13 46 5 1 31 28 29 2 28 5 13 1 41 3 7 38 39 28 18 0 31 1 38 46 47 39 14 
Custo Total: 2662044
Solução após busca local:
Instalacoes:
1 1 1 1 1 1 0 1 1 1 0 0 0 1 1 0 1 0 1 1 1 0 1 1 1 1 0 0 1 0 1 1 0 0 1 1 0 0 1 1 0 1 0 0 0 0 1 1 0 1 
Atribuicoes:
47 20 2 3 9 5 1 7 38 19 41 34 25 39 49 34 4 8 18 47 9 31 22 23 24 23 1 31 28 0 20 28 5 13 35 41 30 30 38 39 35 16 0 19 8 4 46 13 25 14 
Custo Total: 1088208
Total de iterações: 17512
Melhorias: 19
Tempo até a melhor solução: 22.5974 segundos
Iterações até a melhor solução: 13054
Soma dos custos: 13729321610
Média dos custos: 783995
Pior valor encontrado: 1043831
Melhor solução encontrada:
Instalacoes:
1 1 0 0 1 0 0 0 1 1 0 0 0 1 0 0 1 0 1 1 1 0 1 1 0 1 0 1 0 0 1 1 0 0 0 1 0 0 0 1 0 0 0 0 0 0 1 1 0 1 
Atribuicoes:
4 19 25 39 9 13 13 31 9 0 8 18 27 4 34 18 46 8 4 0 20 19 22 23 13 23 1 27 34 47 30 31 30 39 35 16 49 22 9 47 35 25 49 0 8 46 47 20 16 1 
Custo Total: 775269
