Instância: Data/raw/50_P90_M1_Continuo_6.txt
Tempo limite: 30 segundos
Seed: 5
Tamanho da pertubação: 5
Solução inicial:
Instalacoes:
1 1 1 1 0 1 0 1 0 0 0 0 0 1 1 1 0 0 1 0 0 0 1 0 1 0 0 0 1 0 0 0 1 0 0 0 0 0 1 1 0 0 1 0 0 0 1 1 0 0 
Atribuicoes:
47 1 2 3 15 5 13 7 1 15 46 22 7 2 14 0 42 7 18 47 15 14 22 2 24 5 15 13 28 2 32 28 32 5 1 42 3 7 38 39 28 18 42 14 47 38 46 47 39 0 
Custo Total: 2445276
Solução após busca local:
Instalacoes:
0 1 1 0 1 1 0 1 1 1 0 0 0 0 1 1 1 0 1 1 1 0 1 1 0 1 0 0 1 0 1 1 0 0 0 1 0 0 1 1 0 0 1 0 0 0 1 1 0 1 
Atribuicoes:
9 49 2 18 30 23 39 8 1 15 31 22 7 8 14 42 28 7 18 20 9 23 25 20 46 5 19 14 4 30 31 28 32 39 1 49 32 4 16 39 35 19 42 8 47 38 46 47 25 22 
Custo Total: 1060410
Total de iterações: 16795
Melhorias: 27
Tempo até a melhor solução: 21.2236 segundos
Iterações até a melhor solução: 11836
Soma dos custos: 13427020933
Média dos custos: 799465
Pior valor encontrado: 1081289
Melhor solução encontrada:
Instalacoes:
1 1 0 0 1 0 0 0 1 1 0 0 0 1 0 0 1 0 1 1 1 0 1 1 0 1 0 0 0 0 1 1 0 0 1 1 0 0 0 1 0 0 0 0 0 0 1 1 0 1 
Atribuicoes:
49 18 25 4 1 31 39 13 19 9 23 31 1 13 34 34 49 16 4 9 16 20 22 23 25 39 1 34 35 30 9 49 47 20 30 18 47 0 20 39 47 35 46 13 0 8 46 8 22 19 
Custo Total: 783821
