Instância: Data/raw/50_P70_M1_Continuo_1.txt
Tempo limite: 30 segundos
Seed: 10
Tamanho da pertubação: 5
Solução inicial:
Instalacoes:
1 1 0 0 1 1 0 0 0 1 0 1 0 0 0 0 0 0 1 0 0 0 1 1 0 1 0 0 1 0 1 0 0 0 0 0 0 0 0 1 0 0 1 0 0 0 1 0 0 0 
Atribuicoes:
9 9 23 5 0 4 4 5 46 42 18 11 39 23 1 9 46 18 18 9 11 1 22 23 42 25 42 25 28 23 4 25 4 23 9 9 23 39 4 39 28 18 42 1 4 46 46 0 39 9 
Custo Total: 2539368
Solução após busca local:
Instalacoes:
1 1 0 0 1 0 0 0 1 1 0 1 0 1 0 0 1 0 1 1 1 0 1 1 0 1 0 0 1 0 0 1 0 0 0 0 0 0 0 1 0 0 1 1 0 0 1 1 0 1 
Atribuicoes:
9 0 18 49 0 5 4 47 46 42 1 11 39 23 1 9 16 11 16 9 19 1 22 31 1 25 42 13 28 20 20 25 31 49 9 20 23 39 4 47 28 18 42 43 4 8 46 0 13 8 
Custo Total: 766375
Total de iterações: 20374
Melhorias: 12
Tempo até a melhor solução: 5.38181 segundos
Iterações até a melhor solução: 3802
Soma dos custos: 11437243289
Média dos custos: 561365
Pior valor encontrado: 798838
Melhor solução encontrada:
Instalacoes:
1 1 0 0 1 0 0 0 1 1 0 0 0 1 0 0 1 0 1 1 1 0 1 0 0 1 0 0 0 0 0 1 0 0 0 0 0 0 0 1 0 0 0 0 0 0 0 1 0 0 
Atribuicoes:
9 0 22 31 47 0 9 16 1 19 1 1 25 39 1 9 18 47 18 4 13 8 22 19 4 13 47 31 25 8 9 25 8 16 9 20 16 31 4 39 47 20 47 19 4 8 0 8 13 20 
Custo Total: 557325
