Instância: Data/raw/50_P50_M0_Continuo_9.txt
Tempo limite: 30 segundos
Seed: 7
Tamanho da pertubação: 5
Solução inicial:
Instalacoes:
0 1 0 0 1 0 0 0 1 0 0 0 0 0 0 0 0 0 0 0 0 0 1 1 0 1 0 1 1 1 0 0 0 0 1 0 0 0 0 1 0 0 1 0 0 0 1 1 0 0 
Atribuicoes:
42 1 25 46 4 23 23 23 8 4 27 27 39 25 34 25 34 39 22 25 4 34 22 29 1 39 42 27 47 29 29 47 23 23 1 4 42 39 46 39 47 4 8 34 46 46 8 47 39 1 
Custo Total: 1562785
Solução após busca local:
Instalacoes:
1 1 0 0 1 0 0 0 1 1 0 0 0 1 0 0 0 0 0 0 1 0 1 1 0 1 0 1 0 1 1 0 0 0 1 0 0 0 0 1 0 0 0 0 0 0 1 1 0 0 
Atribuicoes:
9 1 25 9 42 23 39 4 8 4 22 20 13 8 34 0 34 13 25 20 8 47 22 23 13 1 0 27 8 13 8 47 20 4 1 20 13 30 46 39 1 4 8 34 0 46 9 47 9 1 
Custo Total: 626702
Total de iterações: 30182
Melhorias: 20
Tempo até a melhor solução: 25.3945 segundos
Iterações até a melhor solução: 25435
Soma dos custos: 11565279864
Média dos custos: 383185
Pior valor encontrado: 625402
Melhor solução encontrada:
Instalacoes:
1 1 0 0 1 0 0 0 1 1 0 0 0 1 0 0 1 0 0 0 1 0 1 0 0 0 0 0 0 0 0 0 0 0 0 0 0 0 0 1 0 0 0 0 0 0 0 1 0 0 
Atribuicoes:
9 1 20 9 0 4 47 47 8 1 22 1 39 9 16 47 8 13 16 0 1 4 22 13 9 13 47 13 8 9 8 20 20 20 1 0 39 47 20 13 4 4 8 9 8 8 20 4 9 1 
Custo Total: 369874
