Instância: Data/raw/50_P100_M1_Continuo_8.txt
Tempo limite: 30 segundos
Seed: 3
Tamanho da pertubação: 5
Solução inicial:
Instalacoes:
1 0 1 1 0 1 0 1 0 1 0 1 0 0 1 1 0 0 1 1 0 0 1 0 0 0 0 0 1 1 0 0 0 0 0 0 0 0 0 1 0 1 1 1 0 1 1 0 0 0 
Atribuicoes:
0 0 2 3 15 5 14 7 15 9 46 11 7 2 14 9 46 7 18 19 46 43 22 29 42 5 42 11 28 29 2 28 43 2 0 9 3 7 9 39 28 18 42 19 42 45 46 19 39 0 
Custo Total: 2809489
Solução após busca local:
Instalacoes:
1 1 1 1 1 1 0 1 1 1 0 1 0 1 1 1 1 0 1 1 1 0 1 1 0 0 0 1 1 1 1 1 0 0 1 0 0 0 0 1 0 0 1 1 0 0 1 1 0 1 
Atribuicoes:
4 0 2 3 15 5 30 7 16 9 46 11 7 23 14 9 18 22 18 4 46 43 22 23 20 49 8 27 13 29 5 2 31 47 49 1 34 13 8 39 28 19 42 34 42 0 4 19 28 20 
Custo Total: 1329335
Total de iterações: 14241
Melhorias: 14
Tempo até a melhor solução: 28.5921 segundos
Iterações até a melhor solução: 13583
Soma dos custos: 16869488824
Média dos custos: 1.18457e+06
Pior valor encontrado: 1363268
Melhor solução encontrada:
Instalacoes:
1 1 1 0 1 1 0 1 1 1 0 0 0 1 0 0 1 0 1 1 1 0 1 1 0 1 0 1 0 0 1 1 0 0 1 1 0 0 0 1 0 0 1 0 0 0 1 1 0 1 
Atribuicoes:
0 1 2 47 16 5 0 7 46 9 5 27 7 23 49 47 18 22 18 4 19 30 22 23 35 30 9 31 25 1 49 2 34 39 31 16 8 25 4 39 13 35 20 8 20 46 42 19 13 34 
Custo Total: 1175841
