Instância: Data/raw/50_P90_M0_Continuo_3.txt
Tempo limite: 30 segundos
Seed: 10
Tamanho da pertubação: 5
Solução inicial:
Instalacoes:
1 1 1 1 1 1 0 1 0 1 0 0 0 0 1 1 0 0 1 0 0 0 1 0 0 0 0 0 1 1 0 0 0 0 0 0 0 0 0 1 0 1 1 1 0 0 0 1 0 0 
Atribuicoes:
47 1 2 3 1 5 29 7 15 42 41 9 7 2 14 42 41 7 18 47 41 43 22 1 14 5 9 9 28 29 2 28 14 5 1 42 3 7 9 39 28 18 42 43 9 4 42 47 39 0 
Custo Total: 2655262
Solução após busca local:
Instalacoes:
0 1 1 1 1 1 0 1 1 1 0 0 0 1 1 0 1 0 1 1 1 0 1 0 0 1 0 1 1 1 1 1 0 0 0 1 0 0 0 1 0 1 1 1 0 0 1 1 0 1 
Atribuicoes:
8 16 2 5 1 5 25 7 8 42 41 22 18 49 14 42 20 30 18 49 18 43 22 30 35 16 9 27 20 29 1 28 31 39 1 19 3 7 9 39 28 31 47 43 19 4 46 47 13 4 
Custo Total: 1071948
Total de iterações: 16968
Melhorias: 17
Tempo até a melhor solução: 23.5332 segundos
Iterações até a melhor solução: 13259
Soma dos custos: 13901842104
Média dos custos: 819298
Pior valor encontrado: 1074256
Melhor solução encontrada:
Instalacoes:
1 1 0 0 1 0 0 0 1 1 0 0 0 1 0 1 1 0 1 1 1 0 1 1 0 1 0 0 0 0 1 1 0 0 1 0 0 0 0 1 0 0 1 0 0 0 1 1 0 1 
Atribuicoes:
19 34 30 9 1 0 8 47 19 15 8 22 18 13 47 15 49 25 18 0 1 34 22 25 9 23 47 31 49 23 1 20 20 49 18 16 0 13 46 20 31 42 42 34 16 4 9 30 39 4 
Custo Total: 814105
