Instância: Data/raw/50_P90_M1_Continuo_9.txt
Tempo limite: 30 segundos
Seed: 8
Tamanho da pertubação: 5
Solução inicial:
Instalacoes:
1 0 1 0 0 1 0 1 0 1 0 0 0 0 0 0 0 0 1 1 0 0 1 1 0 1 0 0 1 0 0 0 0 0 0 0 0 0 0 1 0 1 1 1 0 0 0 0 0 0 
Atribuicoes:
0 0 23 25 18 5 2 7 18 9 25 23 7 23 19 9 41 7 41 19 41 43 22 23 42 39 42 18 28 23 23 25 5 23 0 9 25 7 23 39 28 9 18 19 42 25 18 43 39 0 
Custo Total: 3307304
Solução após busca local:
Instalacoes:
1 1 1 0 1 1 0 1 1 1 0 1 0 1 0 0 1 0 1 1 1 0 1 1 0 1 0 0 1 0 1 1 0 0 0 0 0 0 0 1 0 1 1 1 0 0 1 1 0 1 
Atribuicoes:
0 20 47 25 18 5 2 7 0 16 25 2 31 22 19 1 4 11 41 19 16 43 22 8 42 39 30 18 28 23 23 31 1 30 8 9 20 7 20 39 13 9 49 49 42 4 46 13 11 0 
Custo Total: 1083223
Total de iterações: 16254
Melhorias: 24
Tempo até a melhor solução: 27.5658 segundos
Iterações até a melhor solução: 14905
Soma dos custos: 13391354132
Média dos custos: 823881
Pior valor encontrado: 1065044
Melhor solução encontrada:
Instalacoes:
1 1 0 0 1 0 0 0 1 1 0 0 0 1 0 0 1 0 1 1 1 0 1 0 0 1 0 0 0 0 1 1 0 0 1 1 0 0 0 1 0 0 1 0 0 0 1 1 0 1 
Atribuicoes:
0 31 25 0 8 42 1 20 4 16 34 39 22 0 4 18 35 13 18 19 16 19 22 49 42 25 9 49 16 20 30 31 39 9 9 49 31 30 8 39 13 20 47 47 42 4 46 1 13 34 
Custo Total: 794482
