Instância: Data/raw/50_P40_M0_Continuo_9.txt
Tempo limite: 30 segundos
Seed: 2
Tamanho da pertubação: 5
Solução inicial:
Instalacoes:
1 1 0 0 1 0 0 0 1 1 0 0 0 0 0 0 0 0 1 1 0 0 1 1 0 1 0 0 0 0 0 0 0 0 0 0 0 0 0 0 0 0 0 0 0 0 0 1 0 0 
Atribuicoes:
4 1 25 1 4 25 0 1 8 9 47 25 22 23 47 9 9 4 18 47 4 19 22 23 9 25 19 25 47 23 23 25 23 1 1 9 1 4 8 25 9 9 8 47 47 4 8 47 25 9 
Custo Total: 1860242
Solução após busca local:
Instalacoes:
0 1 0 0 1 0 0 0 1 1 0 0 0 1 0 0 1 0 1 0 1 0 1 1 0 1 0 0 0 0 0 1 0 0 0 0 0 0 0 0 0 0 0 0 0 0 0 1 0 0 
Atribuicoes:
1 20 9 1 4 25 18 47 16 9 22 16 4 13 13 9 4 4 18 47 4 23 22 8 9 25 1 25 47 9 9 25 47 4 1 20 9 13 8 1 31 20 8 20 47 4 8 47 25 20 
Custo Total: 439261
Total de iterações: 33893
Melhorias: 17
Tempo até a melhor solução: 13.1246 segundos
Iterações até a melhor solução: 14915
Soma dos custos: 11023496634
Média dos custos: 325244
Pior valor encontrado: 583332
Melhor solução encontrada:
Instalacoes:
1 1 0 0 1 0 0 0 1 1 0 0 0 1 0 0 0 0 0 0 1 0 1 0 0 0 0 0 0 0 0 0 0 0 0 0 0 0 0 0 0 0 0 0 0 0 0 1 0 0 
Atribuicoes:
1 0 47 20 4 20 1 22 4 9 20 22 4 13 1 9 4 4 47 8 4 47 47 8 9 22 20 8 0 9 9 13 9 4 9 20 8 20 8 1 47 9 1 0 1 47 8 8 13 20 
Custo Total: 319477
