Instância: Data/raw/50_P10_M1_HUB_4.txt
Tempo limite: 30 segundos
Seed: 10
Tamanho da pertubação: 5
Solução inicial:
Instalacoes:
0 1 0 0 0 0 0 0 1 1 0 0 0 1 0 0 1 0 0 0 0 0 1 0 0 0 0 0 0 0 0 0 0 0 0 0 0 0 0 0 0 0 0 0 0 0 0 0 0 0 
Atribuicoes:
9 1 13 13 8 13 13 16 8 9 9 9 1 13 16 9 16 1 16 9 8 9 22 13 1 13 13 9 1 13 9 13 9 9 1 16 9 13 8 13 9 16 8 9 1 8 8 9 13 1 
Custo Total: 898758
Solução após busca local:
Instalacoes:
0 1 0 0 1 0 0 0 1 1 0 0 0 1 0 0 1 0 0 0 1 0 1 0 0 0 0 0 0 0 0 0 0 0 0 0 0 0 0 0 0 0 0 0 0 0 0 0 0 0 
Atribuicoes:
9 1 9 20 8 9 9 20 8 9 9 20 20 13 20 4 8 4 9 9 4 9 22 20 20 13 4 20 9 20 9 20 4 9 1 20 20 4 8 9 9 20 8 4 1 8 20 9 20 9 
Custo Total: 245423
Total de iterações: 104231
Melhorias: 9
Tempo até a melhor solução: 13.1445 segundos
Iterações até a melhor solução: 48255
Soma dos custos: 18162653025
Média dos custos: 174254
Pior valor encontrado: 392171
Melhor solução encontrada:
Instalacoes:
0 0 0 0 1 0 0 0 1 1 0 0 0 0 0 0 0 0 0 0 1 0 1 0 0 0 0 0 0 0 0 0 0 0 0 0 0 0 0 0 0 0 0 0 0 0 0 0 0 0 
Atribuicoes:
9 9 9 20 4 9 9 20 9 8 9 20 9 4 20 4 9 20 8 9 4 9 22 20 20 9 4 20 9 20 9 20 4 9 9 20 20 4 8 9 9 20 8 4 8 9 8 8 20 9 
Custo Total: 166478
