Instância: Data/raw/50_P90_M1_Continuo_5.txt
Tempo limite: 30 segundos
Seed: 9
Tamanho da pertubação: 5
Solução inicial:
Instalacoes:
1 0 1 1 0 0 0 1 0 1 0 0 0 0 1 0 0 0 1 1 0 0 1 1 0 0 0 0 1 1 0 0 0 0 1 0 0 0 0 1 0 1 1 1 0 0 1 0 0 0 
Atribuicoes:
0 0 23 3 34 23 2 7 34 9 46 23 7 23 14 9 46 7 18 19 46 43 22 29 42 39 14 18 28 29 23 28 43 23 34 9 3 7 46 39 28 18 42 19 46 18 46 19 39 0 
Custo Total: 2793503
Solução após busca local:
Instalacoes:
1 1 0 0 1 1 0 1 1 1 0 0 0 1 1 0 1 0 1 1 1 0 1 1 0 1 0 0 1 1 1 1 1 0 1 1 0 0 0 1 0 0 1 1 0 0 1 1 0 1 
Atribuicoes:
0 46 23 16 34 8 3 7 47 49 31 30 9 23 0 9 47 25 18 19 13 43 22 49 4 25 1 49 4 29 5 18 20 16 34 35 13 31 8 39 28 43 42 14 47 20 46 19 39 35 
Custo Total: 1046898
Total de iterações: 17770
Melhorias: 29
Tempo até a melhor solução: 28.6642 segundos
Iterações até a melhor solução: 17002
Soma dos custos: 14425868687
Média dos custos: 811810
Pior valor encontrado: 1054754
Melhor solução encontrada:
Instalacoes:
1 1 0 0 1 0 0 0 1 1 0 0 0 1 0 0 1 0 1 1 1 0 1 1 0 1 0 0 0 0 1 1 0 0 1 1 0 0 0 1 0 0 1 0 0 0 0 1 0 1 
Atribuicoes:
19 34 23 39 18 0 49 8 42 9 22 31 18 39 19 31 16 1 16 0 20 9 25 20 49 39 4 1 1 30 13 34 30 23 42 35 25 16 19 13 22 47 9 34 42 8 20 47 13 35 
Custo Total: 786939
