Instância: Data/raw/50_P30_M1_HUB_9.txt
Tempo limite: 30 segundos
Seed: 5
Tamanho da pertubação: 5
Solução inicial:
Instalacoes:
1 0 0 0 1 0 0 0 0 1 0 0 0 0 0 0 1 0 0 0 0 0 1 0 0 0 0 0 0 0 1 0 0 0 0 0 0 0 0 1 0 0 0 0 0 0 0 1 0 0 
Atribuicoes:
0 9 0 16 4 30 16 39 4 9 4 9 47 39 0 9 9 47 4 0 4 16 22 30 4 30 0 9 47 16 30 47 30 39 47 9 39 47 47 39 9 4 4 30 0 47 47 47 39 4 
Custo Total: 2409251
Solução após busca local:
Instalacoes:
1 1 0 0 1 0 0 0 1 1 0 0 0 1 0 0 1 0 0 1 1 0 1 0 0 0 0 0 0 0 1 0 0 0 0 0 0 0 0 1 0 0 0 0 0 0 0 1 0 0 
Atribuicoes:
0 9 0 4 4 47 4 20 8 4 9 9 47 4 0 9 9 47 4 47 4 16 22 8 4 30 13 9 39 8 8 1 30 13 20 9 13 4 47 20 1 20 1 0 9 19 20 20 13 8 
Custo Total: 444092
Total de iterações: 41012
Melhorias: 16
Tempo até a melhor solução: 18.8405 segundos
Iterações até a melhor solução: 25796
Soma dos custos: 11659007375
Média dos custos: 284283
Pior valor encontrado: 503951
Melhor solução encontrada:
Instalacoes:
0 1 0 0 1 0 0 0 1 1 0 0 0 1 0 0 0 0 0 0 1 0 1 0 0 0 0 0 0 0 0 0 0 0 0 0 0 0 0 0 0 0 0 0 0 0 0 1 0 0 
Atribuicoes:
1 9 13 20 4 20 4 4 8 9 9 9 47 13 1 9 9 13 47 9 13 4 4 8 9 20 1 9 22 8 47 22 8 20 4 20 20 4 20 4 1 20 4 20 9 8 4 47 13 8 
Custo Total: 277284
