Instância: Data/raw/50_P100_M1_HUB_8.txt
Tempo limite: 30 segundos
Seed: 6
Tamanho da pertubação: 5
Solução inicial:
Instalacoes:
1 0 1 1 1 1 0 1 0 1 0 1 0 0 1 1 0 0 1 1 0 0 1 0 0 0 0 0 1 1 0 0 0 0 0 0 0 0 0 1 0 1 1 1 0 0 1 0 0 0 
Atribuicoes:
4 4 2 3 15 5 0 7 15 9 46 11 7 2 14 9 46 7 18 4 46 43 22 29 42 5 42 11 28 29 2 28 43 5 4 9 3 7 15 39 28 18 42 19 42 4 46 19 39 4 
Custo Total: 2855468
Solução após busca local:
Instalacoes:
1 1 1 1 1 1 0 1 1 1 0 1 0 1 1 1 1 0 1 1 1 0 1 1 0 1 0 1 1 1 1 1 0 0 1 1 0 0 0 1 0 0 1 1 0 0 1 1 0 1 
Atribuicoes:
34 49 2 3 15 5 0 7 1 16 8 27 20 25 14 9 49 28 18 0 46 43 22 35 1 5 42 11 28 29 23 47 30 16 47 9 13 31 8 39 27 18 42 19 13 4 46 19 35 4 
Custo Total: 1334814
Total de iterações: 13724
Melhorias: 17
Tempo até a melhor solução: 21.6242 segundos
Iterações até a melhor solução: 9732
Soma dos custos: 16577667608
Média dos custos: 1.20793e+06
Pior valor encontrado: 1402527
Melhor solução encontrada:
Instalacoes:
1 1 0 0 1 1 0 0 1 1 0 0 1 1 0 0 1 0 1 1 1 0 1 1 0 1 0 1 1 0 1 1 0 0 1 1 0 0 0 1 0 0 1 0 0 0 1 1 0 1 
Atribuicoes:
34 49 25 4 0 5 47 13 42 16 22 46 12 39 30 9 30 22 9 1 20 18 27 23 42 5 47 25 28 20 23 39 0 16 34 35 31 28 8 13 35 18 4 19 1 8 46 19 31 49 
Custo Total: 1202632
