Instância: Data/raw/50_P10_M1_HUB_3.txt
Tempo limite: 30 segundos
Seed: 10
Tamanho da pertubação: 5
Solução inicial:
Instalacoes:
0 1 0 0 0 0 0 0 1 0 0 0 0 1 0 0 0 0 0 0 0 0 1 1 0 0 0 0 0 0 0 0 0 0 0 0 0 0 0 0 0 0 0 0 0 0 0 1 0 0 
Atribuicoes:
47 1 23 13 8 1 13 13 8 1 8 8 22 23 47 1 1 22 8 47 8 1 22 23 1 23 47 8 1 23 47 1 1 13 1 1 13 8 8 23 13 1 8 47 1 8 8 47 23 1 
Custo Total: 724397
Solução após busca local:
Instalacoes:
0 1 0 0 1 0 0 0 1 1 0 0 0 1 0 0 0 0 0 0 1 0 1 0 0 0 0 0 0 0 0 0 0 0 0 0 0 0 0 0 0 0 0 0 0 0 0 1 0 0 
Atribuicoes:
4 1 4 8 4 20 20 20 4 20 20 9 20 13 9 8 20 4 20 47 4 9 22 20 20 9 8 4 9 9 9 8 4 4 1 9 4 20 8 9 4 9 8 9 8 8 8 47 20 20 
Custo Total: 266497
Total de iterações: 97400
Melhorias: 9
Tempo até a melhor solução: 6.23994 segundos
Iterações até a melhor solução: 25795
Soma dos custos: 17781511980
Média dos custos: 182562
Pior valor encontrado: 391155
Melhor solução encontrada:
Instalacoes:
0 0 0 0 1 0 0 0 1 1 0 0 0 0 0 0 0 0 0 0 1 0 1 0 0 0 0 0 0 0 0 0 0 0 0 0 0 0 0 0 0 0 0 0 0 0 0 0 0 0 
Atribuicoes:
20 4 9 4 4 20 20 20 4 4 20 9 20 9 9 8 20 4 22 9 4 9 22 9 20 9 8 20 9 9 8 4 4 20 4 9 20 20 8 9 4 9 8 9 8 8 8 4 20 9 
Custo Total: 179337
