Instância: Data/raw/50_P70_M0_Continuo_7.txt
Tempo limite: 30 segundos
Seed: 9
Tamanho da pertubação: 5
Solução inicial:
Instalacoes:
1 0 1 0 1 0 0 1 0 1 0 0 0 1 0 0 0 0 1 1 0 0 1 0 0 1 0 1 0 1 1 0 0 0 1 0 0 0 0 0 0 0 1 1 0 0 1 1 0 0 
Atribuicoes:
4 4 2 13 34 2 7 7 46 9 18 13 25 2 43 9 22 25 18 47 18 34 22 30 29 2 47 27 2 29 2 13 30 13 4 9 13 25 46 25 30 18 42 43 46 4 46 19 25 4 
Custo Total: 2205229
Solução após busca local:
Instalacoes:
0 1 1 0 1 0 0 0 1 1 0 0 0 1 0 0 1 0 1 0 1 0 1 0 0 1 0 0 1 1 1 1 0 0 1 1 0 0 0 0 0 0 0 0 0 0 1 1 0 1 
Atribuicoes:
4 49 28 49 35 31 0 0 16 9 18 8 25 31 47 8 35 13 18 20 35 34 22 30 18 2 47 4 20 29 1 16 30 13 47 9 13 25 46 16 30 8 34 4 1 4 46 0 9 28 
Custo Total: 767133
Total de iterações: 23197
Melhorias: 10
Tempo até a melhor solução: 6.31167 segundos
Iterações até a melhor solução: 4873
Soma dos custos: 13165932208
Média dos custos: 567570
Pior valor encontrado: 815189
Melhor solução encontrada:
Instalacoes:
1 1 0 0 1 0 0 0 1 1 0 0 0 1 0 0 1 0 1 0 1 0 1 1 0 0 0 0 0 0 1 1 0 0 0 0 0 0 0 0 0 0 0 0 0 0 1 1 0 1 
Atribuicoes:
4 20 9 20 16 8 20 1 0 49 18 22 16 8 23 47 16 13 18 47 4 1 18 23 8 31 9 4 47 30 1 31 30 13 30 49 13 8 46 23 22 1 20 4 1 47 46 0 9 31 
Custo Total: 566551
