Instância: Data/raw/50_P60_M0_Continuo_7.txt
Tempo limite: 30 segundos
Seed: 2
Tamanho da pertubação: 5
Solução inicial:
Instalacoes:
1 0 0 0 1 1 0 1 1 1 0 0 0 1 0 0 0 0 1 1 1 0 1 0 0 0 0 0 0 0 0 1 0 0 0 0 0 0 0 0 0 0 0 0 0 0 0 1 0 0 
Atribuicoes:
47 47 13 31 4 5 9 7 8 9 18 18 7 13 19 9 9 7 18 47 20 4 22 0 20 4 47 31 5 9 5 13 5 4 47 9 31 7 4 13 18 4 8 19 0 8 8 19 20 47 
Custo Total: 1985921
Solução após busca local:
Instalacoes:
1 1 0 0 1 1 0 1 1 1 0 0 0 1 0 0 1 0 1 1 1 0 1 1 0 1 0 0 0 0 1 1 0 0 1 0 0 0 0 0 0 0 0 0 0 0 1 1 0 0 
Atribuicoes:
46 20 30 31 46 5 9 7 1 16 16 18 47 13 13 9 1 31 18 47 8 4 22 23 20 16 47 1 5 23 47 4 23 0 8 9 20 4 4 13 18 4 8 8 0 8 0 19 20 9 
Custo Total: 664586
Total de iterações: 24596
Melhorias: 11
Tempo até a melhor solução: 28.4337 segundos
Iterações até a melhor solução: 23311
Soma dos custos: 12270404469
Média dos custos: 498878
Pior valor encontrado: 755789
Melhor solução encontrada:
Instalacoes:
1 1 0 0 1 0 0 0 1 1 0 0 0 1 0 0 1 0 0 1 1 0 1 0 0 0 0 0 0 0 1 0 0 0 0 0 0 0 0 0 0 0 0 0 0 0 1 1 0 1 
Atribuicoes:
49 20 22 8 9 19 9 1 1 16 16 49 47 13 13 9 1 1 0 47 8 4 22 30 20 8 47 47 16 47 0 4 30 9 8 49 20 4 4 13 1 4 8 8 0 46 46 19 20 9 
Custo Total: 493291
