Instância: Data/raw/50_P90_M1_Continuo_10.txt
Tempo limite: 30 segundos
Seed: 9
Tamanho da pertubação: 5
Solução inicial:
Instalacoes:
1 0 1 1 0 1 0 1 0 1 0 0 0 0 0 0 0 0 0 1 0 0 1 1 0 0 0 0 1 0 0 0 0 0 1 1 0 0 1 1 0 0 1 1 0 0 0 0 0 0 
Atribuicoes:
0 0 23 3 35 5 5 7 42 9 2 23 7 23 19 9 2 7 34 19 34 43 22 23 42 39 42 39 28 2 23 28 5 3 34 9 3 7 38 39 35 9 34 19 42 38 38 19 39 0 
Custo Total: 2957111
Solução após busca local:
Instalacoes:
1 1 1 1 1 1 0 1 1 1 0 0 0 1 0 0 1 0 0 1 1 0 1 1 0 1 0 1 1 0 1 0 0 0 1 1 0 0 1 1 0 0 1 0 0 0 1 1 0 1 
Atribuicoes:
20 0 25 30 35 16 5 7 42 47 23 2 13 0 19 9 46 16 1 19 34 28 22 23 1 30 42 13 28 8 49 27 5 3 34 22 3 4 42 39 35 9 49 20 8 19 46 47 39 9 
Custo Total: 995890
Total de iterações: 16610
Melhorias: 21
Tempo até a melhor solução: 21.6465 segundos
Iterações até a melhor solução: 11958
Soma dos custos: 13382759220
Média dos custos: 805705
Pior valor encontrado: 1027807
Melhor solução encontrada:
Instalacoes:
1 1 0 0 1 0 0 0 1 1 0 0 0 1 0 0 1 0 1 1 1 0 1 1 0 1 0 1 0 0 1 1 0 0 1 1 0 0 0 1 0 0 0 0 0 0 0 1 0 1 
Atribuicoes:
1 0 39 13 8 31 25 49 47 9 27 27 1 1 19 34 13 23 35 19 18 8 18 23 35 34 47 22 8 4 25 31 30 39 0 31 16 22 47 39 49 16 20 30 4 19 20 9 20 0 
Custo Total: 793489
