Instância: Data/raw/50_P100_M1_HUB_6.txt
Tempo limite: 30 segundos
Seed: 2
Tamanho da pertubação: 5
Solução inicial:
Instalacoes:
1 0 1 1 0 1 0 1 0 1 0 1 0 0 0 1 0 0 1 1 0 0 1 0 0 0 0 0 1 1 0 0 0 0 0 0 0 0 1 1 0 1 1 1 0 0 1 0 0 0 
Atribuicoes:
0 0 2 3 15 5 41 7 15 9 46 11 7 2 19 9 42 7 18 19 46 43 22 29 42 5 43 11 28 29 2 28 5 2 0 9 3 7 38 39 28 18 42 19 42 38 46 19 39 0 
Custo Total: 3090616
Solução após busca local:
Instalacoes:
1 1 1 1 1 1 0 1 1 1 0 0 0 1 1 1 1 0 1 1 1 0 1 1 0 1 0 1 1 1 1 1 0 0 1 1 0 0 1 1 0 0 1 1 0 0 1 1 0 1 
Atribuicoes:
4 49 30 25 15 5 16 47 8 42 14 28 22 2 34 9 20 27 18 9 46 43 22 13 35 1 1 18 28 29 23 31 30 13 0 47 3 7 38 39 27 41 42 20 4 8 46 19 39 0 
Custo Total: 1338077
Total de iterações: 14003
Melhorias: 17
Tempo até a melhor solução: 23.2431 segundos
Iterações até a melhor solução: 10766
Soma dos custos: 16776614710
Média dos custos: 1.19807e+06
Pior valor encontrado: 1382986
Melhor solução encontrada:
Instalacoes:
1 1 1 0 1 0 0 0 1 1 0 0 0 1 0 0 1 0 1 1 1 0 1 1 0 1 0 1 1 0 1 1 0 0 1 1 0 0 0 1 0 0 1 1 0 0 1 1 0 1 
Atribuicoes:
4 49 25 39 20 19 16 34 8 19 49 22 39 2 42 9 28 18 31 0 46 23 27 13 35 1 42 31 28 23 30 27 30 13 0 47 18 4 46 16 22 35 20 43 9 47 8 1 25 34 
Custo Total: 1185534
