Instância: Data/raw/50_P100_M1_Continuo_1.txt
Tempo limite: 30 segundos
Seed: 2
Tamanho da pertubação: 5
Solução inicial:
Instalacoes:
1 0 1 1 0 1 1 1 0 1 0 1 0 0 1 0 0 0 1 1 0 0 1 0 0 0 0 0 1 1 0 0 0 0 0 0 0 0 1 1 0 1 1 1 0 0 1 0 0 0 
Atribuicoes:
0 0 2 3 42 5 6 7 42 9 41 11 7 2 14 9 41 7 18 19 41 43 22 29 42 5 42 11 28 29 2 28 43 2 0 9 3 7 38 39 28 18 0 19 42 38 46 19 39 0 
Custo Total: 2780319
Solução após busca local:
Instalacoes:
1 1 1 1 1 1 0 1 1 1 0 1 0 1 0 0 1 0 1 1 1 0 1 0 0 1 0 1 1 1 1 1 0 0 1 1 0 0 1 1 0 1 1 1 0 0 1 1 0 1 
Atribuicoes:
8 4 13 3 13 5 39 16 42 34 41 11 8 2 9 9 35 27 18 1 41 43 22 20 34 4 42 5 28 29 2 28 30 1 49 18 3 7 47 39 31 20 0 19 46 38 46 19 25 0 
Custo Total: 1345491
Total de iterações: 14034
Melhorias: 22
Tempo até a melhor solução: 7.49261 segundos
Iterações até a melhor solução: 3497
Soma dos custos: 16538724501
Média dos custos: 1.17848e+06
Pior valor encontrado: 1377534
Melhor solução encontrada:
Instalacoes:
1 1 0 0 1 0 0 1 1 1 0 0 0 1 0 0 1 0 1 1 1 0 1 1 0 1 0 1 1 0 1 1 0 0 1 1 0 0 0 1 0 0 1 1 0 0 1 1 0 1 
Atribuicoes:
19 42 30 19 0 4 1 7 20 42 35 1 22 13 30 34 16 31 18 4 35 47 27 23 28 31 20 22 28 47 23 25 13 39 49 18 16 25 4 39 49 0 46 43 8 46 8 9 9 34 
Custo Total: 1173655
