Instância: Data/raw/50_P40_M1_HUB_10.txt
Tempo limite: 30 segundos
Seed: 8
Tamanho da pertubação: 5
Solução inicial:
Instalacoes:
1 1 1 0 0 0 0 0 1 0 0 0 0 0 0 0 0 0 1 1 1 0 1 0 0 0 0 0 0 0 0 0 0 0 0 0 0 0 0 1 0 0 0 0 0 0 1 1 0 0 
Atribuicoes:
1 1 2 39 46 2 20 22 46 0 20 20 20 2 1 1 18 18 18 47 8 19 22 1 0 39 19 20 1 2 19 0 19 8 1 0 39 22 8 39 20 18 8 47 47 46 46 47 18 1 
Custo Total: 1426984
Solução após busca local:
Instalacoes:
1 1 1 0 1 0 0 0 1 1 0 0 0 1 0 0 0 0 1 1 1 0 1 0 0 0 0 0 0 0 1 0 0 0 0 0 0 0 0 1 0 0 0 0 0 0 1 1 0 0 
Atribuicoes:
0 9 47 39 46 4 20 8 46 9 13 20 20 47 1 1 18 20 4 4 20 30 22 30 9 1 19 20 1 13 30 13 1 4 47 0 4 8 8 4 20 18 8 47 47 46 47 47 9 1 
Custo Total: 482439
Total de iterações: 32105
Melhorias: 17
Tempo até a melhor solução: 9.59813 segundos
Iterações até a melhor solução: 10112
Soma dos custos: 11126791748
Média dos custos: 346575
Pior valor encontrado: 597083
Melhor solução encontrada:
Instalacoes:
1 1 0 0 1 0 0 0 1 1 0 0 0 1 0 0 0 0 0 0 1 0 1 0 0 0 0 0 0 0 0 0 0 0 0 0 0 0 0 1 0 0 0 0 0 0 0 1 0 0 
Atribuicoes:
1 47 9 39 47 4 20 9 47 9 47 13 20 47 4 4 8 9 4 9 8 4 4 13 0 13 20 20 9 47 1 22 20 4 13 1 39 20 8 9 20 1 0 9 4 8 9 8 0 4 
Custo Total: 342964
