Instância: Data/raw/50_P60_M1_HUB_4.txt
Tempo limite: 30 segundos
Seed: 9
Tamanho da pertubação: 5
Solução inicial:
Instalacoes:
0 1 0 1 0 0 0 1 0 1 0 0 0 1 0 1 0 0 1 1 0 0 1 1 0 0 0 0 0 0 1 0 0 0 0 0 0 0 0 0 0 0 1 0 0 0 1 0 0 0 
Atribuicoes:
19 1 23 3 42 13 3 7 46 9 22 13 7 23 1 9 9 7 42 19 18 1 22 23 9 23 42 18 1 23 30 13 30 13 1 9 3 7 18 13 9 1 42 19 42 46 46 19 13 9 
Custo Total: 2827794
Solução após busca local:
Instalacoes:
1 1 0 1 1 0 0 1 1 1 0 0 0 1 0 0 1 0 1 1 1 0 1 1 0 0 0 0 0 0 1 1 0 0 0 0 0 0 0 1 0 0 1 0 0 0 1 1 0 1 
Atribuicoes:
19 1 23 30 1 49 47 7 46 9 9 20 9 1 49 0 9 16 16 19 18 1 22 23 1 20 8 23 8 31 30 20 30 13 9 9 30 39 8 16 47 4 4 47 42 20 46 49 13 49 
Custo Total: 741965
Total de iterações: 23709
Melhorias: 23
Tempo até a melhor solução: 18.1335 segundos
Iterações até a melhor solução: 14336
Soma dos custos: 12112685611
Média dos custos: 510890
Pior valor encontrado: 739003
Melhor solução encontrada:
Instalacoes:
1 1 0 0 1 0 0 0 1 1 0 0 0 1 0 0 0 0 0 1 1 0 1 0 0 0 0 0 0 0 1 0 0 0 0 0 0 0 0 1 0 0 1 0 0 0 1 1 0 0 
Atribuicoes:
0 1 0 30 1 30 47 47 20 9 9 4 9 1 13 42 9 8 1 0 0 8 13 4 1 4 19 22 4 47 20 13 30 8 9 9 20 39 20 20 8 47 42 19 46 4 8 13 39 20 
Custo Total: 506138
