Instância: Data/raw/50_P60_M1_HUB_8.txt
Tempo limite: 30 segundos
Seed: 8
Tamanho da pertubação: 5
Solução inicial:
Instalacoes:
1 0 0 0 0 1 0 0 0 0 0 0 0 1 0 0 1 0 1 1 1 0 1 0 0 1 0 1 0 0 0 1 0 0 0 0 0 0 0 1 0 0 1 0 0 0 0 0 0 0 
Atribuicoes:
0 0 13 25 18 5 18 22 18 16 16 20 39 13 19 0 27 18 27 19 20 16 22 13 42 25 42 27 5 18 5 31 5 13 0 27 25 39 20 39 16 20 18 19 42 20 18 19 39 0 
Custo Total: 2041321
Solução após busca local:
Instalacoes:
1 1 1 0 1 1 0 0 1 1 0 0 0 1 0 0 1 0 1 1 1 0 1 0 0 1 0 1 0 0 0 0 0 0 0 1 0 0 0 1 0 0 1 0 0 0 0 1 0 1 
Atribuicoes:
0 0 25 25 1 8 47 13 4 16 9 20 1 1 35 0 18 18 9 19 47 49 22 13 42 25 42 27 25 47 5 16 1 13 49 16 39 39 20 8 16 35 4 19 42 20 0 19 39 20 
Custo Total: 704296
Total de iterações: 23559
Melhorias: 27
Tempo até a melhor solução: 11.8786 segundos
Iterações até a melhor solução: 9647
Soma dos custos: 11343980494
Média dos custos: 481514
Pior valor encontrado: 758989
Melhor solução encontrada:
Instalacoes:
1 1 0 0 1 0 0 0 1 1 0 0 0 1 0 0 1 0 1 1 1 0 1 0 0 0 0 0 0 0 1 0 0 0 0 0 0 0 0 0 0 0 0 0 0 0 0 1 0 0 
Atribuicoes:
19 0 19 47 47 30 4 13 13 19 18 20 8 20 9 1 22 16 8 9 18 4 20 13 8 47 9 22 47 0 1 16 1 13 4 16 9 1 4 30 47 8 0 1 4 20 8 9 47 9 
Custo Total: 466638
