Instância: Data/raw/50_P80_M1_HUB_9.txt
Tempo limite: 30 segundos
Seed: 10
Tamanho da pertubação: 5
Solução inicial:
Instalacoes:
1 0 1 1 1 1 0 1 1 1 0 0 0 0 1 0 0 0 1 0 0 0 1 0 0 0 0 0 1 1 0 0 0 0 0 0 0 0 0 1 0 1 1 0 0 0 1 1 0 0 
Atribuicoes:
4 4 2 3 4 5 42 7 4 9 46 9 7 2 14 42 46 7 18 47 46 14 22 29 42 5 9 9 8 29 2 8 5 2 4 46 3 7 46 39 8 18 8 14 46 4 8 47 39 42 
Custo Total: 3320045
Solução após busca local:
Instalacoes:
0 1 1 1 1 1 0 1 1 1 0 0 0 1 1 1 1 0 1 1 1 0 1 1 0 1 0 0 0 1 1 1 1 0 1 0 0 0 0 1 0 0 1 0 0 0 1 1 0 1 
Atribuicoes:
20 47 2 3 4 5 16 7 8 15 4 9 49 39 42 42 39 1 18 4 18 13 22 30 34 19 9 22 47 29 25 31 32 34 8 46 22 7 1 39 23 14 8 30 19 4 20 13 8 34 
Custo Total: 973135
Total de iterações: 17697
Melhorias: 11
Tempo até a melhor solução: 14.0514 segundos
Iterações até a melhor solução: 8260
Soma dos custos: 12071673925
Média dos custos: 682131
Pior valor encontrado: 906012
Melhor solução encontrada:
Instalacoes:
1 1 0 0 1 0 0 0 1 1 0 0 0 1 0 0 1 0 1 1 1 0 0 0 0 0 0 1 0 0 1 1 0 0 1 0 0 0 0 1 0 0 0 0 0 0 0 1 0 1 
Atribuicoes:
20 49 9 39 4 16 16 47 8 4 16 9 19 16 0 0 49 1 18 4 47 34 13 13 49 1 9 27 22 30 30 31 13 39 8 16 20 47 1 31 27 34 8 49 19 4 20 34 8 39 
Custo Total: 678943
