Instância: Data/raw/50_P90_M1_Continuo_4.txt
Tempo limite: 30 segundos
Seed: 4
Tamanho da pertubação: 5
Solução inicial:
Instalacoes:
1 0 1 1 0 1 0 1 0 1 0 1 0 0 1 0 0 0 1 1 0 0 1 0 0 1 0 0 1 1 0 0 0 0 1 0 0 0 0 1 0 1 0 1 0 0 1 0 0 0 
Atribuicoes:
0 0 2 3 34 5 25 7 46 9 41 11 7 2 14 9 41 7 18 19 41 43 22 29 46 5 19 11 28 29 2 25 43 5 34 9 3 7 18 39 28 18 34 19 18 25 46 19 39 0 
Custo Total: 2487868
Solução após busca local:
Instalacoes:
1 1 1 1 1 1 0 1 1 1 0 1 0 1 0 0 1 0 1 1 1 0 1 0 0 1 0 1 1 1 1 1 0 0 1 0 0 0 0 1 0 1 1 1 0 0 1 1 0 0 
Atribuicoes:
0 20 0 3 47 5 25 13 46 20 5 11 39 2 34 9 31 7 18 4 4 43 22 8 46 34 19 27 28 29 1 25 30 31 43 9 13 7 9 39 16 18 47 19 1 47 42 8 13 30 
Custo Total: 1031919
Total de iterações: 17308
Melhorias: 19
Tempo até a melhor solução: 27.6949 segundos
Iterações até a melhor solução: 15939
Soma dos custos: 13919517718
Média dos custos: 804225
Pior valor encontrado: 1049209
Melhor solução encontrada:
Instalacoes:
1 1 0 0 1 0 0 0 1 1 0 0 0 1 0 0 1 0 1 1 1 0 1 1 0 1 0 0 1 0 1 1 0 0 1 1 0 0 0 1 0 0 1 0 0 0 0 1 0 1 
Atribuicoes:
0 16 13 25 4 20 20 13 9 35 9 16 1 23 47 0 8 31 18 39 4 34 28 47 25 22 19 22 28 49 1 35 23 30 34 4 13 31 9 39 30 18 42 19 8 20 1 47 8 49 
Custo Total: 796694
