Instância: Data/raw/50_P70_M1_Continuo_7.txt
Tempo limite: 30 segundos
Seed: 4
Tamanho da pertubação: 5
Solução inicial:
Instalacoes:
1 1 0 0 0 0 0 1 0 0 0 0 0 1 0 0 1 0 0 1 0 0 1 0 0 1 0 0 1 1 1 0 1 0 1 1 0 0 1 1 0 0 1 0 0 0 1 1 0 0 
Atribuicoes:
30 1 25 25 34 0 7 7 46 28 47 22 7 13 0 34 16 35 35 19 7 42 22 29 1 25 0 22 28 29 25 30 32 13 1 47 25 35 38 39 47 47 42 42 0 38 46 47 39 1 
Custo Total: 1965100
Solução após busca local:
Instalacoes:
1 1 0 0 1 0 0 1 1 1 0 0 0 1 0 0 0 0 1 0 1 0 1 0 0 1 0 0 0 1 1 1 0 0 1 1 0 0 1 1 0 0 1 0 0 0 1 1 0 1 
Atribuicoes:
4 49 20 8 49 0 13 7 46 35 8 13 47 13 0 34 42 22 35 1 18 0 34 31 4 25 8 22 34 29 25 30 8 20 1 47 25 30 38 39 47 31 9 9 9 1 46 4 39 9 
Custo Total: 792976
Total de iterações: 21704
Melhorias: 11
Tempo até a melhor solução: 5.87765 segundos
Iterações até a melhor solução: 4225
Soma dos custos: 11847428702
Média dos custos: 545864
Pior valor encontrado: 787556
Melhor solução encontrada:
Instalacoes:
1 1 0 0 1 0 0 0 1 1 0 0 0 1 0 0 1 0 1 0 1 0 1 0 0 0 0 0 0 0 1 1 0 0 0 0 0 0 0 1 0 0 0 0 0 0 0 1 0 1 
Atribuicoes:
4 0 9 8 0 31 13 13 47 16 20 0 8 13 20 49 22 16 16 0 1 30 31 47 4 30 8 22 31 1 1 30 47 20 4 49 39 39 47 20 9 18 9 49 9 1 18 4 18 9 
Custo Total: 543206
