Instância: Data/raw/50_P80_M0_Continuo_5.txt
Tempo limite: 30 segundos
Seed: 1
Tamanho da pertubação: 5
Solução inicial:
Instalacoes:
1 1 1 0 0 0 0 1 0 0 0 0 0 1 1 1 0 0 1 0 0 0 1 1 1 0 0 0 1 0 0 0 0 0 0 0 0 0 1 1 0 0 1 1 0 0 1 1 0 0 
Atribuicoes:
47 1 23 39 1 23 46 7 1 0 46 22 7 13 14 43 42 7 18 47 15 43 22 23 24 39 15 13 28 23 18 28 23 23 1 42 39 7 38 13 28 18 42 43 46 38 46 47 23 14 
Custo Total: 2522969
Solução após busca local:
Instalacoes:
0 1 0 0 1 1 0 1 1 1 0 0 0 1 1 1 1 0 1 1 1 0 1 1 0 0 0 0 1 0 1 0 0 0 1 1 0 0 0 1 0 0 1 1 0 0 1 1 0 1 
Atribuicoes:
19 34 13 39 1 30 16 8 1 15 16 22 7 13 14 49 42 49 18 47 18 49 22 8 14 39 20 13 30 4 5 28 9 23 34 4 20 9 16 5 28 35 42 43 46 9 46 47 23 35 
Custo Total: 953586
Total de iterações: 19340
Melhorias: 12
Tempo até a melhor solução: 7.30541 segundos
Iterações até a melhor solução: 4619
Soma dos custos: 13006698489
Média dos custos: 672528
Pior valor encontrado: 916919
Melhor solução encontrada:
Instalacoes:
1 1 0 0 1 0 0 0 1 1 0 0 0 1 0 0 1 0 1 1 1 0 1 1 0 1 0 0 0 0 1 0 0 0 0 0 0 0 0 1 0 0 1 0 0 0 1 1 0 1 
Atribuicoes:
19 18 13 20 8 25 16 8 46 0 16 18 39 13 47 1 19 20 18 0 8 0 1 23 4 25 20 13 25 30 30 22 9 16 49 4 47 9 46 39 22 1 19 49 42 9 42 47 23 4 
Custo Total: 668083
