Instância: Data/raw/50_P100_M1_Continuo_8.txt
Tempo limite: 30 segundos
Seed: 2
Tamanho da pertubação: 5
Solução inicial:
Instalacoes:
1 0 1 1 0 1 0 1 0 1 0 1 0 0 1 1 0 0 1 1 0 0 1 0 0 0 0 0 1 1 0 0 0 0 0 0 0 0 0 1 0 1 1 1 0 1 1 0 0 0 
Atribuicoes:
0 0 2 3 15 5 14 7 15 9 46 11 7 2 14 9 46 7 18 19 46 43 22 29 42 5 42 11 28 29 2 28 43 2 0 9 3 7 9 39 28 18 42 19 42 45 46 19 39 0 
Custo Total: 2809489
Solução após busca local:
Instalacoes:
1 1 1 1 1 1 0 1 1 1 0 1 0 1 1 1 1 0 1 1 1 0 1 1 0 0 0 1 1 1 1 1 0 0 1 0 0 0 0 1 0 0 1 1 0 0 1 1 0 1 
Atribuicoes:
4 0 2 3 15 5 30 7 16 9 46 11 7 23 14 9 18 22 18 4 46 43 22 23 20 49 8 27 13 29 5 2 31 47 49 1 34 13 8 39 28 19 42 34 42 0 4 19 28 20 
Custo Total: 1329335
Total de iterações: 14048
Melhorias: 19
Tempo até a melhor solução: 18.0959 segundos
Iterações até a melhor solução: 8418
Soma dos custos: 16810155604
Média dos custos: 1.19662e+06
Pior valor encontrado: 1404615
Melhor solução encontrada:
Instalacoes:
1 1 1 0 1 1 0 1 1 1 0 0 0 1 0 0 1 0 1 1 1 0 1 1 0 1 0 0 1 0 1 1 0 0 1 1 0 0 0 1 0 0 1 0 0 0 1 1 0 1 
Atribuicoes:
0 8 2 47 16 5 8 7 46 42 5 39 7 13 25 47 18 30 18 4 1 0 22 23 35 1 19 34 28 31 25 2 13 49 34 16 39 28 4 23 31 35 9 30 9 46 20 19 20 49 
Custo Total: 1189447
