Instância: Data/raw/50_P100_M0_Continuo_7.txt
Tempo limite: 30 segundos
Seed: 8
Tamanho da pertubação: 5
Solução inicial:
Instalacoes:
1 0 1 1 0 1 0 1 0 1 0 1 0 0 1 0 0 0 1 1 0 0 1 0 0 0 0 0 1 1 0 0 0 0 1 0 0 0 1 1 0 1 0 1 0 0 1 0 0 0 
Atribuicoes:
0 0 2 3 34 5 34 7 34 9 41 11 7 2 14 9 41 7 18 19 41 43 22 29 46 5 34 11 28 29 2 28 43 2 34 9 3 7 38 39 28 18 0 19 34 38 46 19 39 0 
Custo Total: 2851197
Solução após busca local:
Instalacoes:
1 1 1 1 1 1 0 1 1 1 0 1 0 1 1 0 1 0 1 1 1 0 1 1 0 1 0 0 1 1 1 1 0 0 1 0 0 0 1 1 0 1 1 1 0 0 1 1 0 1 
Atribuicoes:
4 0 2 3 34 5 31 7 8 9 41 11 30 18 14 9 13 16 18 19 42 49 22 30 49 23 4 11 39 29 34 28 43 13 1 16 47 25 38 23 28 1 20 19 47 38 46 0 39 5 
Custo Total: 1357031
Total de iterações: 13920
Melhorias: 18
Tempo até a melhor solução: 25.9689 segundos
Iterações até a melhor solução: 12004
Soma dos custos: 16500189093
Média dos custos: 1.18536e+06
Pior valor encontrado: 1381235
Melhor solução encontrada:
Instalacoes:
1 1 0 0 1 0 0 0 1 1 0 0 0 1 0 1 1 0 1 1 1 0 1 1 0 1 0 1 1 0 1 1 0 0 1 1 0 0 0 1 0 0 1 1 0 0 1 1 0 1 
Atribuicoes:
47 0 30 39 42 34 4 27 1 42 16 28 22 13 16 15 1 31 19 19 35 23 27 23 49 49 47 31 28 4 30 25 8 13 18 35 9 22 46 20 25 18 20 43 9 46 8 0 39 34 
Custo Total: 1171497
