Instância: Data/raw/50_P20_M0_Continuo_9.txt
Tempo limite: 30 segundos
Seed: 6
Tamanho da pertubação: 5
Solução inicial:
Instalacoes:
1 1 0 0 0 0 0 0 1 1 0 0 0 1 0 0 0 0 0 0 1 0 1 0 0 0 0 0 0 0 1 0 0 0 0 0 0 0 0 0 0 0 0 0 0 0 0 0 0 0 
Atribuicoes:
0 1 30 20 8 22 20 22 8 9 20 20 1 13 1 9 1 13 8 0 8 1 22 30 8 13 0 20 1 20 30 13 30 20 1 9 20 13 20 13 9 8 8 0 20 20 8 0 9 1 
Custo Total: 787458
Solução após busca local:
Instalacoes:
1 1 0 0 1 0 0 0 1 1 0 0 0 1 0 0 0 0 0 0 1 0 1 0 0 0 0 0 0 0 1 0 0 0 0 0 0 0 0 0 0 0 0 0 0 0 0 1 0 0 
Atribuicoes:
4 47 4 20 8 8 20 1 4 9 20 20 9 13 8 4 20 20 9 1 8 8 22 4 4 13 4 9 47 4 30 9 20 20 9 9 4 20 20 13 9 8 8 9 47 20 8 4 9 1 
Custo Total: 302042
Total de iterações: 67321
Melhorias: 12
Tempo até a melhor solução: 7.18619 segundos
Iterações até a melhor solução: 15647
Soma dos custos: 14084209415
Média dos custos: 209210
Pior valor encontrado: 428298
Melhor solução encontrada:
Instalacoes:
0 0 0 0 1 0 0 0 1 1 0 0 0 0 0 0 0 0 0 0 1 0 1 0 0 0 0 0 0 0 0 0 0 0 0 0 0 0 0 0 0 0 0 0 0 0 0 1 0 0 
Atribuicoes:
4 47 4 4 8 8 20 22 4 9 20 20 20 8 8 4 20 9 9 4 8 47 22 20 4 9 4 22 47 4 9 9 20 20 9 9 4 20 4 20 8 8 8 9 9 20 8 47 9 4 
Custo Total: 205212
