Instância: Data/raw/50_P40_M1_HUB_4.txt
Tempo limite: 30 segundos
Seed: 6
Tamanho da pertubação: 5
Solução inicial:
Instalacoes:
1 1 0 0 1 0 0 0 0 1 0 0 0 1 0 0 0 0 0 0 0 0 1 1 0 0 0 0 0 0 1 0 0 0 0 1 0 0 0 0 0 0 0 0 0 0 0 0 0 0 
Atribuicoes:
0 1 23 22 35 4 13 1 13 9 0 1 35 23 4 9 9 1 35 0 35 1 22 23 9 23 13 23 4 23 4 4 4 30 4 9 30 35 4 23 9 9 1 0 1 4 13 0 23 9 
Custo Total: 2511635
Solução após busca local:
Instalacoes:
1 1 0 0 1 0 0 0 1 1 0 0 0 1 0 0 1 0 0 0 1 0 1 1 0 0 0 0 0 0 0 1 0 0 0 1 0 0 0 0 0 0 0 0 0 0 0 1 0 1 
Atribuicoes:
20 47 31 13 8 4 13 20 20 9 13 47 13 20 49 9 16 4 16 0 49 4 22 23 20 47 8 31 4 1 4 4 47 22 49 9 13 35 4 23 9 0 1 8 1 4 9 20 8 9 
Custo Total: 503563
Total de iterações: 33998
Melhorias: 26
Tempo até a melhor solução: 23.436 segundos
Iterações até a melhor solução: 26309
Soma dos custos: 11812830126
Média dos custos: 347457
Pior valor encontrado: 596988
Melhor solução encontrada:
Instalacoes:
1 1 0 0 1 0 0 0 1 1 0 0 0 1 0 0 0 0 0 0 1 0 1 0 0 0 0 0 0 0 0 0 0 0 0 0 0 0 0 0 0 0 0 0 0 0 0 1 0 1 
Atribuicoes:
1 1 8 9 8 8 4 20 4 9 13 9 1 9 47 47 9 20 1 0 47 4 22 20 1 22 8 49 4 8 4 4 20 13 1 9 4 0 4 13 9 8 0 20 20 9 4 47 9 49 
Custo Total: 334994
