Instância: Data/raw/50_P50_M1_HUB_1.txt
Tempo limite: 30 segundos
Seed: 6
Tamanho da pertubação: 5
Solução inicial:
Instalacoes:
1 1 1 0 0 0 0 0 1 1 0 0 0 0 0 0 0 0 1 0 1 0 1 0 0 0 0 0 0 1 0 0 0 0 0 0 0 0 0 1 0 0 1 0 0 0 1 1 0 0 
Atribuicoes:
0 1 2 46 8 2 42 46 8 9 18 18 39 2 47 9 20 18 18 0 20 0 22 29 9 39 47 1 8 29 2 0 47 18 1 9 46 39 46 39 9 20 47 0 47 8 8 0 39 9 
Custo Total: 1871360
Solução após busca local:
Instalacoes:
1 1 1 0 1 0 0 0 1 1 0 0 0 1 0 0 1 0 1 1 1 0 1 0 0 0 0 0 0 1 0 0 0 0 0 1 0 0 0 1 0 0 0 0 0 0 1 1 0 1 
Atribuicoes:
0 49 13 47 4 2 20 4 8 8 9 20 13 0 47 9 0 16 16 0 20 47 22 29 9 39 9 1 1 29 47 4 47 18 1 13 9 13 46 39 9 49 1 1 47 8 8 19 8 35 
Custo Total: 616688
Total de iterações: 27679
Melhorias: 25
Tempo até a melhor solução: 22.248 segundos
Iterações até a melhor solução: 20584
Soma dos custos: 11417318370
Média dos custos: 412490
Pior valor encontrado: 667184
Melhor solução encontrada:
Instalacoes:
1 1 0 0 1 0 0 0 1 1 0 0 0 1 0 0 1 0 0 0 1 0 1 0 0 0 0 0 0 0 0 0 0 0 0 0 0 0 0 0 0 0 0 0 0 0 0 1 0 1 
Atribuicoes:
0 47 13 9 4 1 20 1 8 8 47 20 9 9 1 9 9 16 9 9 20 4 22 49 0 4 47 1 13 9 47 47 4 22 0 13 1 13 9 47 8 16 1 47 13 8 8 47 8 49 
Custo Total: 391428
