Instância: Data/raw/50_P100_M0_Continuo_8.txt
Tempo limite: 30 segundos
Seed: 7
Tamanho da pertubação: 5
Solução inicial:
Instalacoes:
1 0 1 1 0 1 0 1 0 1 0 0 0 0 1 1 0 0 1 1 0 0 1 0 0 0 0 0 1 1 0 0 0 0 0 0 0 0 1 1 0 1 1 1 0 0 1 0 0 0 
Atribuicoes:
0 0 2 3 15 5 41 7 15 9 46 22 7 2 14 9 46 7 18 19 46 43 22 29 42 5 15 22 28 29 2 28 43 2 0 9 3 7 38 39 28 18 42 19 42 38 46 19 39 0 
Custo Total: 2896617
Solução após busca local:
Instalacoes:
1 1 1 1 1 0 0 1 1 1 0 0 0 1 0 1 1 0 1 1 1 0 1 1 0 1 0 1 1 1 1 1 1 0 1 1 0 0 1 1 0 0 1 1 0 0 1 1 0 1 
Atribuicoes:
0 1 25 3 15 43 30 30 46 9 16 27 7 2 19 34 41 16 18 47 18 43 23 13 42 39 1 22 20 29 31 31 32 4 47 9 20 7 8 39 28 35 42 49 4 38 8 19 25 0 
Custo Total: 1384366
Total de iterações: 14028
Melhorias: 19
Tempo até a melhor solução: 25.936 segundos
Iterações até a melhor solução: 12035
Soma dos custos: 16997693426
Média dos custos: 1.2117e+06
Pior valor encontrado: 1384138
Melhor solução encontrada:
Instalacoes:
1 1 1 0 1 1 0 0 1 1 0 1 0 1 0 0 1 0 1 1 1 0 1 0 0 1 0 1 1 0 1 1 0 0 1 1 0 0 0 1 0 0 1 1 0 0 1 1 0 1 
Atribuicoes:
0 1 31 13 9 42 13 25 20 0 28 22 22 25 49 42 4 34 18 47 18 8 27 2 30 2 1 11 31 9 5 5 30 39 47 35 19 16 20 39 28 16 46 43 4 46 8 19 49 34 
Custo Total: 1193510
