Instância: Data/raw/50_P90_M1_Continuo_8.txt
Tempo limite: 30 segundos
Seed: 1
Tamanho da pertubação: 5
Solução inicial:
Instalacoes:
1 0 1 0 0 0 0 1 0 1 0 0 0 1 1 0 1 0 1 1 0 0 1 1 0 0 0 0 0 0 1 0 0 0 1 0 0 0 0 0 0 0 1 0 0 0 1 0 0 0 
Atribuicoes:
0 0 13 2 42 13 34 7 42 9 16 18 7 13 14 9 16 7 18 19 18 14 22 23 42 13 19 30 23 23 30 13 30 13 34 9 2 7 9 13 16 46 19 14 42 42 46 14 23 0 
Custo Total: 3035566
Solução após busca local:
Instalacoes:
1 1 1 0 1 0 0 1 1 1 0 0 0 1 1 0 1 0 1 1 1 0 1 1 0 1 0 0 1 0 1 1 0 0 1 1 0 0 0 1 0 0 1 0 0 0 1 1 0 1 
Atribuicoes:
0 31 2 2 46 13 34 7 1 8 16 18 22 4 14 9 16 22 31 19 18 28 22 23 42 13 19 30 28 23 20 4 30 39 34 9 39 49 13 25 1 35 47 47 49 20 46 0 4 14 
Custo Total: 1000810
Total de iterações: 16651
Melhorias: 19
Tempo até a melhor solução: 16.467 segundos
Iterações até a melhor solução: 9063
Soma dos custos: 13870959594
Média dos custos: 833041
Pior valor encontrado: 1081462
Melhor solução encontrada:
Instalacoes:
1 1 0 0 1 1 0 0 1 1 0 0 0 1 0 0 1 0 1 1 1 0 1 1 0 1 0 0 0 0 1 1 0 0 1 0 0 0 0 1 0 0 1 0 0 0 1 1 0 1 
Atribuicoes:
47 20 39 25 16 13 25 18 20 9 42 22 30 4 34 0 16 23 19 20 22 47 30 23 13 13 42 5 31 30 16 8 5 39 31 0 39 25 8 1 1 18 49 49 9 46 4 19 4 34 
Custo Total: 823619
