Instância: Data/raw/50_P100_M1_Continuo_7.txt
Tempo limite: 30 segundos
Seed: 4
Tamanho da pertubação: 5
Solução inicial:
Instalacoes:
1 0 1 1 0 1 0 1 0 1 0 1 0 0 1 0 0 0 1 1 0 0 1 0 0 0 0 0 1 1 0 0 0 0 1 0 0 0 1 1 0 1 1 1 0 0 1 0 0 0 
Atribuicoes:
0 0 2 3 34 5 34 7 42 9 41 11 7 2 14 9 41 7 18 19 41 43 22 29 42 5 42 11 28 29 2 28 43 2 34 9 3 7 38 39 28 18 0 19 42 38 46 19 39 0 
Custo Total: 2535585
Solução após busca local:
Instalacoes:
1 1 1 1 1 1 0 1 1 1 0 1 0 1 0 0 1 0 1 1 1 0 1 1 0 0 0 0 1 1 1 1 0 0 1 1 0 0 1 1 0 1 1 1 0 0 1 1 0 1 
Atribuicoes:
49 0 30 3 46 5 47 7 4 49 35 11 1 2 19 9 41 18 18 20 34 43 22 23 35 31 42 47 22 29 13 31 20 4 34 9 23 11 38 39 28 16 16 19 8 38 46 1 39 0 
Custo Total: 1304682
Total de iterações: 13977
Melhorias: 22
Tempo até a melhor solução: 14.3954 segundos
Iterações até a melhor solução: 6752
Soma dos custos: 16394532868
Média dos custos: 1.17297e+06
Pior valor encontrado: 1401750
Melhor solução encontrada:
Instalacoes:
1 1 0 0 1 0 0 1 1 1 0 1 0 1 0 0 1 0 1 1 1 0 1 1 0 1 0 0 1 0 1 1 0 0 1 1 0 0 0 1 0 0 0 1 0 0 1 1 0 1 
Atribuicoes:
0 19 31 8 8 28 47 7 9 0 22 11 1 25 43 8 49 18 18 19 34 28 22 23 39 49 46 25 20 47 13 31 30 13 34 35 23 11 4 39 35 16 9 43 4 20 46 1 30 16 
Custo Total: 1157170
