Instância: Data/raw/50_P40_M0_Continuo_9.txt
Tempo limite: 30 segundos
Seed: 5
Tamanho da pertubação: 5
Solução inicial:
Instalacoes:
1 1 0 0 1 0 0 0 1 1 0 0 0 0 0 0 0 0 1 1 0 0 1 1 0 1 0 0 0 0 0 0 0 0 0 0 0 0 0 0 0 0 0 0 0 0 0 1 0 0 
Atribuicoes:
4 1 25 1 4 25 0 1 8 9 47 25 22 23 47 9 9 4 18 47 4 19 22 23 9 25 19 25 47 23 23 25 23 1 1 9 1 4 8 25 9 9 8 47 47 4 8 47 25 9 
Custo Total: 1860242
Solução após busca local:
Instalacoes:
0 1 0 0 1 0 0 0 1 1 0 0 0 1 0 0 1 0 1 0 1 0 1 1 0 1 0 0 0 0 0 1 0 0 0 0 0 0 0 0 0 0 0 0 0 0 0 1 0 0 
Atribuicoes:
1 20 9 1 4 25 18 47 16 9 22 16 4 13 13 9 4 4 18 47 4 23 22 8 9 25 1 25 47 9 9 25 47 4 1 20 9 13 8 1 31 20 8 20 47 4 8 47 25 20 
Custo Total: 439261
Total de iterações: 33871
Melhorias: 10
Tempo até a melhor solução: 28.3958 segundos
Iterações até a melhor solução: 32061
Soma dos custos: 11263637427
Média dos custos: 332545
Pior valor encontrado: 575316
Melhor solução encontrada:
Instalacoes:
1 1 0 0 1 0 0 0 1 1 0 0 0 1 0 0 0 0 0 0 1 0 1 0 0 0 0 0 0 0 0 0 0 0 0 0 0 0 0 0 0 0 0 0 0 0 0 1 0 0 
Atribuicoes:
8 0 9 22 4 13 8 47 20 9 13 20 20 13 8 9 4 4 20 47 4 1 22 8 9 20 1 13 47 9 9 20 20 20 9 0 8 13 0 22 22 9 8 1 47 4 8 47 13 1 
Custo Total: 328001
