Instância: Data/raw/50_P40_M1_Continuo_6.txt
Tempo limite: 30 segundos
Seed: 1
Tamanho da pertubação: 5
Solução inicial:
Instalacoes:
1 1 1 0 0 0 0 0 0 0 0 0 0 1 0 0 1 0 0 1 1 0 1 1 0 0 0 0 0 0 1 0 0 0 0 0 0 0 0 1 0 0 0 0 0 0 0 0 0 1 
Atribuicoes:
0 1 23 13 0 23 20 22 0 19 16 20 39 23 0 49 16 49 49 19 49 49 22 30 1 30 19 20 1 23 23 30 30 49 1 16 13 39 13 39 16 16 19 0 0 20 20 0 39 1 
Custo Total: 1795624
Solução após busca local:
Instalacoes:
1 1 0 0 1 0 0 0 1 1 0 0 0 1 0 0 1 0 0 0 1 0 1 1 0 1 0 0 0 0 1 0 0 0 0 0 0 0 0 1 0 0 0 0 0 0 0 1 0 1 
Atribuicoes:
9 9 30 9 8 4 8 4 8 20 1 22 39 20 0 9 4 20 20 47 49 8 22 23 1 1 47 4 4 1 13 30 8 8 1 16 13 39 47 39 16 9 9 47 0 20 20 9 4 4 
Custo Total: 519922
Total de iterações: 34539
Melhorias: 14
Tempo até a melhor solução: 0.806054 segundos
Iterações até a melhor solução: 954
Soma dos custos: 10592323835
Média dos custos: 306677
Pior valor encontrado: 547677
Melhor solução encontrada:
Instalacoes:
0 1 0 0 1 0 0 0 1 1 0 0 0 1 0 0 1 0 0 0 1 0 1 0 0 0 0 0 0 0 0 0 0 0 0 0 0 0 0 0 0 0 0 0 0 0 0 1 0 0 
Atribuicoes:
9 9 13 9 8 4 1 4 8 20 1 22 47 20 8 9 4 9 20 1 8 20 22 8 16 1 20 16 4 13 13 47 20 47 1 47 9 1 47 13 22 4 4 8 4 20 4 9 13 47 
Custo Total: 305513
