Instância: Data/raw/50_P90_M1_Continuo_4.txt
Tempo limite: 30 segundos
Seed: 5
Tamanho da pertubação: 5
Solução inicial:
Instalacoes:
1 0 1 1 0 1 0 1 0 1 0 1 0 0 1 0 0 0 1 1 0 0 1 0 0 1 0 0 1 1 0 0 0 0 1 0 0 0 0 1 0 1 0 1 0 0 1 0 0 0 
Atribuicoes:
0 0 2 3 34 5 25 7 46 9 41 11 7 2 14 9 41 7 18 19 41 43 22 29 46 5 19 11 28 29 2 25 43 5 34 9 3 7 18 39 28 18 34 19 18 25 46 19 39 0 
Custo Total: 2487868
Solução após busca local:
Instalacoes:
1 1 1 1 1 1 0 1 1 1 0 1 0 1 0 0 1 0 1 1 1 0 1 0 0 1 0 1 1 1 1 1 0 0 1 0 0 0 0 1 0 1 1 1 0 0 1 1 0 0 
Atribuicoes:
0 20 0 3 47 5 25 13 46 20 5 11 39 2 34 9 31 7 18 4 4 43 22 8 46 34 19 27 28 29 1 25 30 31 43 9 13 7 9 39 16 18 47 19 1 47 42 8 13 30 
Custo Total: 1031919
Total de iterações: 17239
Melhorias: 13
Tempo até a melhor solução: 20.6841 segundos
Iterações até a melhor solução: 11920
Soma dos custos: 13937681434
Média dos custos: 808497
Pior valor encontrado: 1067984
Melhor solução encontrada:
Instalacoes:
1 1 0 0 1 0 0 0 1 1 0 0 0 1 0 0 1 0 1 1 1 0 1 1 0 1 0 0 0 0 1 1 0 0 1 1 0 0 0 1 0 0 1 0 0 0 1 1 0 1 
Atribuicoes:
0 31 13 8 8 25 25 13 46 16 35 31 1 30 9 0 47 39 18 49 49 34 42 9 46 22 4 22 4 23 1 20 30 47 34 23 13 20 20 39 18 16 42 19 19 8 1 9 4 35 
Custo Total: 806122
