Instância: Data/raw/50_P20_M0_Continuo_4.txt
Tempo limite: 30 segundos
Seed: 7
Tamanho da pertubação: 5
Solução inicial:
Instalacoes:
0 1 0 0 0 0 0 0 1 1 0 0 0 1 0 0 0 0 0 1 0 0 1 1 0 0 0 0 0 0 1 0 0 0 0 0 0 0 0 0 0 0 0 0 0 0 0 1 0 0 
Atribuicoes:
19 1 23 30 8 13 13 13 8 9 9 9 8 23 47 9 9 47 22 19 8 13 22 13 9 13 19 9 8 23 30 47 30 30 1 9 30 47 47 23 9 13 8 19 47 8 8 19 23 8 
Custo Total: 1064576
Solução após busca local:
Instalacoes:
1 1 0 0 1 0 0 0 1 1 0 0 0 1 0 0 0 0 0 1 1 0 1 1 0 0 0 0 0 0 1 0 0 0 0 0 0 0 0 0 0 0 0 0 0 0 0 1 0 0 
Atribuicoes:
47 9 13 20 8 8 47 1 8 8 20 9 8 13 9 9 20 8 47 9 4 20 22 13 9 4 8 9 8 9 30 47 4 4 1 47 20 4 20 20 9 20 8 9 4 8 4 20 4 4 
Custo Total: 354607
Total de iterações: 73327
Melhorias: 14
Tempo até a melhor solução: 25.3666 segundos
Iterações até a melhor solução: 61802
Soma dos custos: 16881847935
Média dos custos: 230227
Pior valor encontrado: 456083
Melhor solução encontrada:
Instalacoes:
0 0 0 0 1 0 0 0 1 1 0 0 0 1 0 0 0 0 0 0 1 0 1 0 0 0 0 0 0 0 0 0 0 0 0 0 0 0 0 0 0 0 0 0 0 0 0 1 0 0 
Atribuicoes:
4 9 13 20 8 4 4 13 8 9 9 9 8 13 9 8 20 8 4 9 4 9 22 13 9 4 8 9 8 9 20 4 8 8 47 4 20 47 20 20 9 20 8 9 47 8 4 20 13 8 
Custo Total: 227183
