Instância: Data/raw/50_P20_M1_Continuo_2.txt
Tempo limite: 30 segundos
Seed: 4
Tamanho da pertubação: 5
Solução inicial:
Instalacoes:
0 1 0 0 0 0 0 0 0 0 0 0 0 0 0 0 1 0 1 0 0 0 1 1 0 0 0 0 0 0 0 0 0 0 0 0 0 0 0 1 0 0 0 0 0 0 1 1 0 0 
Atribuicoes:
47 1 23 39 46 23 16 18 46 1 18 22 39 23 47 47 16 18 18 47 46 18 22 23 1 39 47 22 47 23 23 16 18 18 1 1 18 18 46 39 1 22 46 47 46 46 46 47 39 1 
Custo Total: 1084146
Solução após busca local:
Instalacoes:
0 1 0 0 1 0 0 0 1 1 0 0 0 0 0 0 1 0 1 0 1 0 1 1 0 0 0 0 0 0 0 0 0 0 0 0 0 0 0 1 0 0 0 0 0 0 1 1 0 0 
Atribuicoes:
9 1 20 47 9 20 4 8 8 4 8 8 20 20 47 8 9 9 4 47 20 20 22 23 1 47 47 20 9 9 20 1 9 20 1 9 8 16 8 39 4 4 8 4 9 8 46 47 47 9 
Custo Total: 360830
Total de iterações: 69566
Melhorias: 15
Tempo até a melhor solução: 8.042 segundos
Iterações até a melhor solução: 18917
Soma dos custos: 15940427717
Média dos custos: 229141
Pior valor encontrado: 438722
Melhor solução encontrada:
Instalacoes:
0 0 0 0 1 0 0 0 1 1 0 0 0 1 0 0 0 0 0 0 1 0 1 0 0 0 0 0 0 0 0 0 0 0 0 0 0 0 0 0 0 0 0 0 0 0 0 1 0 0 
Atribuicoes:
9 47 20 13 9 20 4 8 8 4 8 20 20 13 4 8 9 9 20 9 47 20 22 13 4 13 47 13 9 9 47 4 9 20 4 9 8 20 8 47 4 20 8 4 9 8 4 47 20 9 
Custo Total: 224672
