Instância: Data/raw/50_P60_M1_HUB_2.txt
Tempo limite: 30 segundos
Seed: 3
Tamanho da pertubação: 5
Solução inicial:
Instalacoes:
1 0 1 0 0 0 0 1 0 1 0 0 0 1 0 0 0 0 1 1 1 0 1 1 1 1 0 0 0 0 0 0 0 0 0 0 0 0 0 1 0 0 1 0 0 0 0 0 0 0 
Atribuicoes:
9 9 25 13 20 25 20 7 20 42 18 20 7 23 19 42 24 7 18 9 18 20 22 2 24 25 9 20 23 23 23 25 23 25 9 24 23 13 9 39 18 18 42 19 9 20 20 19 39 0 
Custo Total: 2577013
Solução após busca local:
Instalacoes:
0 1 0 0 1 0 0 1 1 1 0 0 0 1 0 0 1 0 1 1 1 0 1 1 1 1 0 0 0 0 1 0 0 0 0 0 0 0 0 1 0 0 0 0 0 0 1 1 0 1 
Atribuicoes:
9 9 8 9 20 25 30 16 47 13 1 47 39 1 20 19 24 16 49 46 18 20 22 47 24 25 8 20 16 23 23 1 30 13 9 16 4 13 49 9 49 18 9 19 8 20 8 47 39 22 
Custo Total: 688217
Total de iterações: 24315
Melhorias: 9
Tempo até a melhor solução: 3.81603 segundos
Iterações até a melhor solução: 3103
Soma dos custos: 11619692014
Média dos custos: 477882
Pior valor encontrado: 731691
Melhor solução encontrada:
Instalacoes:
1 1 0 0 1 0 0 0 1 1 0 0 0 1 0 0 1 0 0 0 1 0 1 0 0 0 0 0 0 0 1 1 0 0 0 0 0 0 0 0 0 0 0 0 0 0 0 1 0 1 
Atribuicoes:
9 9 8 20 20 30 1 4 47 4 31 22 13 4 4 1 49 16 1 0 13 30 22 47 49 31 8 20 16 8 0 1 20 22 9 1 49 20 13 9 1 4 9 30 8 4 8 47 13 31 
Custo Total: 473342
