Instância: Data/raw/50_P10_M1_Continuo_1.txt
Tempo limite: 30 segundos
Seed: 4
Tamanho da pertubação: 5
Solução inicial:
Instalacoes:
1 1 0 0 0 0 0 0 1 1 0 0 0 1 0 0 0 0 0 0 0 0 1 0 0 0 0 0 0 0 0 0 0 0 0 0 0 0 0 0 0 0 0 0 0 0 0 1 0 0 
Atribuicoes:
9 1 13 47 8 13 47 9 8 9 9 9 8 13 47 47 47 8 8 9 8 9 22 13 1 13 0 9 47 47 0 8 0 47 1 47 47 9 8 13 1 9 8 9 0 8 8 0 13 1 
Custo Total: 800631
Solução após busca local:
Instalacoes:
1 1 0 0 1 0 0 0 1 1 0 0 0 1 0 0 0 0 0 0 1 0 1 0 0 0 0 0 0 0 0 0 0 0 0 0 0 0 0 0 0 0 0 0 0 0 0 1 0 0 
Atribuicoes:
9 1 20 20 4 4 20 9 8 9 9 9 20 13 47 4 20 20 9 47 20 4 22 9 4 13 4 9 8 9 47 20 4 9 1 20 47 9 8 9 4 9 8 47 4 8 8 47 13 8 
Custo Total: 269821
Total de iterações: 105047
Melhorias: 18
Tempo até a melhor solução: 17.1147 segundos
Iterações até a melhor solução: 61157
Soma dos custos: 17786388434
Média dos custos: 169318
Pior valor encontrado: 394926
Melhor solução encontrada:
Instalacoes:
0 0 0 0 1 0 0 0 1 1 0 0 0 0 0 0 0 0 0 0 1 0 1 0 0 0 0 0 0 0 0 0 0 0 0 0 0 0 0 0 0 0 0 0 0 0 0 0 0 0 
Atribuicoes:
9 8 20 20 4 9 20 4 8 4 20 9 20 9 9 4 4 20 4 9 20 20 22 9 4 9 8 20 4 9 9 8 8 9 4 20 9 20 8 9 4 20 8 9 8 8 8 9 4 4 
Custo Total: 166031
