Instância: Data/raw/50_P100_M1_Continuo_2.txt
Tempo limite: 30 segundos
Seed: 7
Tamanho da pertubação: 5
Solução inicial:
Instalacoes:
1 0 1 1 0 1 0 1 0 1 0 1 0 0 1 1 0 0 1 1 0 0 1 0 0 0 0 0 1 1 0 0 0 0 0 0 0 0 0 1 0 1 1 1 0 0 1 0 0 0 
Atribuicoes:
0 0 2 3 15 5 41 7 15 9 46 11 7 2 14 9 46 7 18 19 46 43 22 29 42 5 42 11 28 29 2 28 43 2 0 9 3 7 9 39 28 18 42 19 42 46 46 19 39 0 
Custo Total: 3066515
Solução após busca local:
Instalacoes:
1 1 1 1 1 1 0 1 1 1 0 1 0 1 0 1 1 0 0 1 1 0 1 1 0 1 0 1 1 1 1 1 0 0 1 1 0 0 0 1 0 0 1 1 0 0 1 1 0 1 
Atribuicoes:
20 0 13 3 15 5 1 22 47 9 8 11 7 2 19 35 4 8 39 13 20 43 22 30 35 25 42 27 34 29 28 28 5 4 16 49 31 31 9 39 1 41 42 34 16 46 46 19 23 0 
Custo Total: 1315972
Total de iterações: 13735
Melhorias: 14
Tempo até a melhor solução: 14.2897 segundos
Iterações até a melhor solução: 6441
Soma dos custos: 16227733555
Média dos custos: 1.18149e+06
Pior valor encontrado: 1361202
Melhor solução encontrada:
Instalacoes:
1 1 0 0 1 0 0 0 1 1 0 1 0 1 0 0 1 0 1 1 1 0 1 1 0 1 0 1 1 1 1 1 0 0 1 1 0 0 0 1 0 0 1 0 0 0 1 1 0 1 
Atribuicoes:
20 34 19 39 42 25 1 22 0 9 27 16 39 30 23 35 16 27 18 19 20 0 22 23 35 49 4 11 28 29 30 31 8 28 25 49 13 31 9 29 1 18 46 13 47 4 46 47 8 34 
Custo Total: 1177846
