Instância: Data/raw/50_P20_M1_HUB_6.txt
Tempo limite: 30 segundos
Seed: 5
Tamanho da pertubação: 5
Solução inicial:
Instalacoes:
0 1 0 0 0 0 0 0 1 0 0 0 0 1 0 0 1 0 0 1 1 0 1 1 0 0 0 0 0 0 1 0 0 0 0 0 0 0 0 0 0 0 0 0 0 0 1 0 0 0 
Atribuicoes:
19 1 23 13 8 23 20 20 8 46 20 20 22 23 1 19 16 13 16 19 46 19 22 23 1 23 19 20 1 23 30 13 30 13 1 16 13 22 46 30 20 16 8 19 20 46 46 19 30 1 
Custo Total: 1028365
Solução após busca local:
Instalacoes:
0 1 0 0 1 0 0 0 1 1 0 0 0 1 0 0 1 0 0 1 1 0 1 1 0 0 0 0 0 0 1 0 0 0 0 0 0 0 0 0 0 0 0 0 0 0 1 1 0 0 
Atribuicoes:
47 1 13 4 8 20 20 20 8 4 20 9 9 9 47 19 16 4 1 19 4 9 22 8 9 47 8 20 9 13 30 4 4 13 1 20 20 47 4 9 9 9 8 9 4 20 47 4 20 9 
Custo Total: 389865
Total de iterações: 66240
Melhorias: 13
Tempo até a melhor solução: 28.1712 segundos
Iterações até a melhor solução: 62149
Soma dos custos: 15159396006
Média dos custos: 228856
Pior valor encontrado: 439739
Melhor solução encontrada:
Instalacoes:
0 0 0 0 1 0 0 0 1 1 0 0 0 1 0 0 0 0 0 0 1 0 1 0 0 0 0 0 0 0 0 0 0 0 0 0 0 0 0 0 0 0 0 0 0 0 0 1 0 0 
Atribuicoes:
8 9 13 9 8 20 20 20 47 4 20 9 9 13 4 8 9 4 9 20 4 9 22 8 4 13 8 20 9 47 9 13 4 47 9 20 20 47 4 8 9 9 8 9 47 20 4 47 4 9 
Custo Total: 227576
