Instância: Data/raw/50_P70_M1_HUB_3.txt
Tempo limite: 30 segundos
Seed: 10
Tamanho da pertubação: 5
Solução inicial:
Instalacoes:
1 1 1 0 0 1 0 1 0 0 0 0 0 1 1 1 0 0 1 1 0 0 1 0 0 1 0 0 1 0 0 0 0 0 1 0 0 0 1 1 0 0 0 1 0 0 1 1 0 0 
Atribuicoes:
47 1 2 25 34 5 2 7 1 15 0 22 7 25 14 47 15 34 18 47 43 43 22 25 46 39 47 13 28 13 5 25 43 5 1 15 25 34 38 39 28 18 0 19 47 38 46 19 39 14 
Custo Total: 1694756
Solução após busca local:
Instalacoes:
1 1 0 0 1 1 0 0 1 1 0 0 0 1 1 1 1 0 1 1 1 0 1 0 0 1 0 0 0 0 1 1 1 0 0 0 0 0 0 1 0 0 0 0 0 0 1 1 0 1 
Atribuicoes:
9 1 2 30 39 5 20 13 1 16 16 22 0 25 14 19 15 47 18 47 31 20 22 25 16 31 1 13 19 8 49 25 9 20 1 31 30 47 8 39 13 4 0 49 47 46 46 1 9 14 
Custo Total: 857238
Total de iterações: 21055
Melhorias: 22
Tempo até a melhor solução: 14.9259 segundos
Iterações até a melhor solução: 10366
Soma dos custos: 12064180295
Média dos custos: 572984
Pior valor encontrado: 830075
Melhor solução encontrada:
Instalacoes:
1 1 0 0 1 0 0 0 1 1 0 0 0 1 0 0 1 0 1 1 1 0 1 0 0 0 0 0 0 0 0 1 0 0 0 0 0 0 0 1 0 0 1 0 0 0 0 1 0 1 
Atribuicoes:
0 1 49 39 18 19 20 9 1 4 4 22 4 39 16 8 16 9 19 0 9 20 22 13 9 49 47 31 16 47 22 8 9 20 1 49 13 0 8 18 31 13 42 49 1 8 4 1 13 49 
Custo Total: 565288
