Instância: Data/raw/50_P90_M0_Continuo_10.txt
Tempo limite: 30 segundos
Seed: 10
Tamanho da pertubação: 5
Solução inicial:
Instalacoes:
1 1 1 1 0 1 0 1 0 1 0 0 0 1 0 0 0 0 1 1 0 0 1 0 0 1 0 0 1 0 0 1 0 0 0 0 0 0 1 1 0 1 1 0 0 0 1 1 0 0 
Atribuicoes:
47 1 2 3 1 5 25 7 1 0 46 9 7 2 19 25 42 7 18 47 46 31 22 13 41 5 9 9 28 13 2 25 5 13 1 42 3 7 38 39 28 18 42 19 46 38 46 47 39 19 
Custo Total: 2474687
Solução após busca local:
Instalacoes:
1 1 1 0 1 1 0 1 1 1 0 1 0 1 0 0 1 0 1 1 1 0 1 0 0 1 0 1 1 0 1 1 1 0 1 1 0 0 1 1 0 0 1 1 0 0 1 1 0 1 
Atribuicoes:
4 42 2 39 1 20 34 7 1 0 9 22 11 30 19 9 34 0 18 19 20 31 22 13 47 5 9 8 32 8 34 25 32 13 43 35 31 25 38 2 28 27 42 43 46 4 46 47 39 16 
Custo Total: 1020843
Total de iterações: 18515
Melhorias: 23
Tempo até a melhor solução: 27.6804 segundos
Iterações até a melhor solução: 17071
Soma dos custos: 14081236192
Média dos custos: 760531
Pior valor encontrado: 1000898
Melhor solução encontrada:
Instalacoes:
1 1 0 0 1 0 0 0 1 1 0 1 0 1 0 0 1 0 1 1 1 0 1 1 0 0 0 0 1 0 1 1 0 0 0 1 0 0 0 1 0 0 1 0 0 0 1 1 0 1 
Atribuicoes:
4 1 20 23 20 18 16 4 0 0 9 11 22 13 19 9 16 30 42 19 18 46 22 23 47 13 9 11 28 39 30 31 28 39 0 19 49 31 46 20 1 35 42 1 8 4 8 47 16 49 
Custo Total: 751379
