Instância: Data/raw/50_P50_M1_HUB_1.txt
Tempo limite: 30 segundos
Seed: 3
Tamanho da pertubação: 5
Solução inicial:
Instalacoes:
1 1 1 0 0 0 0 0 1 1 0 0 0 0 0 0 0 0 1 0 1 0 1 0 0 0 0 0 0 1 0 0 0 0 0 0 0 0 0 1 0 0 1 0 0 0 1 1 0 0 
Atribuicoes:
0 1 2 46 8 2 42 46 8 9 18 18 39 2 47 9 20 18 18 0 20 0 22 29 9 39 47 1 8 29 2 0 47 18 1 9 46 39 46 39 9 20 47 0 47 8 8 0 39 9 
Custo Total: 1871360
Solução após busca local:
Instalacoes:
1 1 1 0 1 0 0 0 1 1 0 0 0 1 0 0 1 0 1 1 1 0 1 0 0 0 0 0 0 1 0 0 0 0 0 1 0 0 0 1 0 0 0 0 0 0 1 1 0 1 
Atribuicoes:
0 49 13 47 4 2 20 4 8 8 9 20 13 0 47 9 0 16 16 0 20 47 22 29 9 39 9 1 1 29 47 4 47 18 1 13 9 13 46 39 9 49 1 1 47 8 8 19 8 35 
Custo Total: 616688
Total de iterações: 28555
Melhorias: 14
Tempo até a melhor solução: 9.19797 segundos
Iterações até a melhor solução: 8481
Soma dos custos: 11592198652
Média dos custos: 405960
Pior valor encontrado: 657727
Melhor solução encontrada:
Instalacoes:
1 1 0 0 1 0 0 0 1 1 0 0 0 1 0 0 0 0 1 0 1 0 1 0 0 1 0 0 0 0 0 0 0 0 0 0 0 0 0 0 0 0 0 0 0 0 0 1 0 0 
Atribuicoes:
9 0 13 47 4 25 20 9 8 1 4 20 47 9 1 9 1 18 18 47 20 4 22 0 9 25 47 25 13 9 13 4 4 49 1 0 9 13 47 1 8 18 0 1 8 8 8 47 8 49 
Custo Total: 399658
