Instância: Data/raw/50_P70_M0_Continuo_4.txt
Tempo limite: 30 segundos
Seed: 10
Tamanho da pertubação: 5
Solução inicial:
Instalacoes:
1 1 0 0 0 1 0 1 0 0 0 0 0 0 0 1 0 0 1 1 1 0 1 1 0 0 0 0 1 1 1 0 0 0 0 0 0 0 1 1 0 0 0 0 0 0 0 1 0 0 
Atribuicoes:
47 1 23 39 1 30 5 7 1 15 18 20 7 23 0 15 20 7 18 47 18 19 22 29 15 23 19 20 28 29 30 28 30 23 1 20 29 7 38 39 28 18 19 0 1 38 1 47 39 15 
Custo Total: 2294178
Solução após busca local:
Instalacoes:
1 1 0 0 1 0 0 1 1 1 0 0 0 1 0 1 1 0 1 1 1 0 1 1 0 0 0 0 1 1 1 1 0 0 0 0 0 0 1 1 0 0 0 0 0 0 1 1 0 0 
Atribuicoes:
47 20 20 39 46 1 13 7 1 1 31 20 9 47 13 15 16 30 4 8 18 19 22 23 28 31 19 20 16 23 30 31 8 0 30 9 13 4 0 39 22 18 9 0 8 46 1 47 39 19 
Custo Total: 779491
Total de iterações: 21399
Melhorias: 13
Tempo até a melhor solução: 9.43587 segundos
Iterações até a melhor solução: 6759
Soma dos custos: 11392455716
Média dos custos: 532383
Pior valor encontrado: 788006
Melhor solução encontrada:
Instalacoes:
1 1 0 0 1 0 0 0 1 1 0 0 0 1 0 0 1 0 1 1 1 0 1 0 0 1 0 0 0 0 0 0 0 0 0 0 0 0 0 1 0 0 0 0 0 0 0 1 0 1 
Atribuicoes:
19 20 20 39 1 16 13 49 1 47 25 22 16 39 47 20 16 0 47 8 18 13 22 9 49 25 4 20 39 9 13 9 8 9 0 47 4 4 4 39 22 18 47 9 8 1 9 19 1 0 
Custo Total: 528063
