Instância: Data/raw/50_P70_M1_Continuo_9.txt
Tempo limite: 30 segundos
Seed: 1
Tamanho da pertubação: 5
Solução inicial:
Instalacoes:
1 1 1 0 0 1 0 1 1 1 0 0 0 1 0 0 1 0 1 1 0 0 1 0 0 1 0 1 0 0 0 0 0 0 0 0 0 0 0 1 0 0 0 0 0 0 1 1 0 0 
Atribuicoes:
47 1 2 25 1 5 1 7 8 9 16 13 13 2 19 9 16 7 18 47 22 47 22 13 46 5 47 27 2 13 2 13 5 27 1 9 25 7 1 39 16 18 47 19 47 1 46 19 39 8 
Custo Total: 2163313
Solução após busca local:
Instalacoes:
0 1 1 0 1 1 0 1 1 1 0 0 0 1 0 0 1 0 1 1 1 0 1 1 0 1 0 1 0 0 1 1 0 0 1 1 0 0 0 1 0 0 1 0 0 0 1 1 0 1 
Atribuicoes:
20 20 2 25 1 31 49 1 8 9 16 47 13 30 9 4 16 16 35 19 0 47 22 13 30 5 4 27 0 20 2 25 23 39 13 9 8 23 8 39 35 18 0 19 47 1 46 19 30 8 
Custo Total: 836945
Total de iterações: 21001
Melhorias: 20
Tempo até a melhor solução: 13.9565 segundos
Iterações até a melhor solução: 9944
Soma dos custos: 12055156479
Média dos custos: 574028
Pior valor encontrado: 820517
Melhor solução encontrada:
Instalacoes:
1 1 0 0 1 0 0 0 1 1 0 0 0 1 0 0 1 0 0 1 1 0 1 1 0 1 0 0 0 0 1 0 0 0 0 0 0 0 0 0 0 0 0 0 0 0 0 1 0 1 
Atribuicoes:
20 47 13 13 1 23 20 16 8 9 22 0 25 20 19 4 47 1 4 19 9 13 22 23 49 25 4 25 9 47 30 4 30 47 49 9 8 16 8 0 1 20 0 49 23 30 16 19 1 8 
Custo Total: 566352
