Instância: Data/raw/50_P80_M0_Continuo_6.txt
Tempo limite: 30 segundos
Seed: 2
Tamanho da pertubação: 5
Solução inicial:
Instalacoes:
1 0 1 1 0 1 0 1 0 1 0 0 0 1 1 1 0 0 0 1 1 0 1 0 0 1 0 0 0 0 1 1 0 0 0 0 0 0 0 1 0 0 0 0 0 0 1 0 0 0 
Atribuicoes:
20 0 30 3 15 13 25 7 15 9 31 30 7 30 14 9 20 7 22 19 20 25 22 2 46 25 19 31 30 25 30 31 31 2 0 9 3 7 46 13 30 20 19 0 46 20 46 30 39 0 
Custo Total: 2934398
Solução após busca local:
Instalacoes:
1 1 1 1 1 0 0 1 1 1 0 0 0 1 0 0 1 0 1 1 1 0 1 1 0 1 0 1 1 1 1 1 0 0 0 0 0 0 0 1 0 0 1 0 0 0 1 1 0 1 
Atribuicoes:
20 19 22 39 16 13 25 7 42 1 31 29 9 30 39 9 20 49 18 19 47 49 22 2 13 25 47 31 30 8 4 31 23 13 28 9 23 0 46 16 27 1 19 4 42 0 46 8 39 0 
Custo Total: 932608
Total de iterações: 19551
Melhorias: 21
Tempo até a melhor solução: 29.0088 segundos
Iterações até a melhor solução: 18892
Soma dos custos: 13002070398
Média dos custos: 665034
Pior valor encontrado: 909233
Melhor solução encontrada:
Instalacoes:
1 1 0 0 1 0 0 0 1 1 0 0 0 1 0 0 1 0 1 1 1 0 1 0 0 1 0 0 0 0 1 1 0 0 1 0 0 0 0 1 0 0 0 0 0 0 1 1 0 1 
Atribuicoes:
20 0 49 31 1 13 1 39 4 49 18 31 34 25 34 9 16 16 22 0 8 19 22 9 34 25 20 13 1 47 30 31 30 13 47 16 20 8 46 39 4 18 0 9 19 8 46 47 4 30 
Custo Total: 648658
