Instância: Data/raw/50_P80_M0_Continuo_9.txt
Tempo limite: 30 segundos
Seed: 4
Tamanho da pertubação: 5
Solução inicial:
Instalacoes:
0 1 1 1 0 0 0 1 0 0 0 0 0 1 1 1 0 0 1 0 1 1 1 0 1 0 0 0 0 1 0 0 0 0 1 1 0 0 1 0 0 0 0 0 0 0 1 1 0 0 
Atribuicoes:
1 24 2 3 15 2 24 7 35 24 47 20 7 13 14 15 18 35 18 15 47 21 22 29 20 2 35 20 14 29 29 34 21 46 34 18 3 35 38 13 1 47 15 21 35 38 46 47 18 34 
Custo Total: 2442020
Solução após busca local:
Instalacoes:
1 1 1 1 1 0 0 0 1 1 0 0 0 1 1 1 1 0 1 1 1 1 1 0 0 0 0 0 1 1 1 1 0 0 1 1 0 0 1 1 0 0 0 0 0 0 1 1 0 1 
Atribuicoes:
1 19 28 3 0 2 39 34 35 0 4 49 47 13 14 15 18 16 4 39 47 21 22 30 20 2 19 20 13 29 29 28 13 46 34 31 9 16 38 39 1 47 20 49 9 8 46 16 18 8 
Custo Total: 997865
Total de iterações: 18570
Melhorias: 21
Tempo até a melhor solução: 22.8809 segundos
Iterações até a melhor solução: 14185
Soma dos custos: 11846779533
Média dos custos: 637953
Pior valor encontrado: 902622
Melhor solução encontrada:
Instalacoes:
1 1 0 0 1 0 0 0 1 1 0 0 0 1 0 0 1 0 1 1 1 0 1 1 0 1 0 0 0 0 1 0 0 0 0 0 0 0 0 0 0 0 0 0 0 0 1 1 0 1 
Atribuicoes:
19 49 8 30 46 30 47 1 9 0 18 22 16 13 9 4 13 20 18 47 16 25 22 0 16 23 0 1 19 23 47 13 23 4 1 49 25 20 4 25 9 18 20 8 4 8 46 20 13 30 
Custo Total: 620481
