Instância: Data/raw/50_P50_M1_Continuo_4.txt
Tempo limite: 30 segundos
Seed: 5
Tamanho da pertubação: 5
Solução inicial:
Instalacoes:
1 0 0 0 1 0 0 0 1 1 0 1 0 1 0 0 1 0 0 1 0 0 1 1 0 1 0 0 0 0 0 1 0 0 0 0 0 0 0 1 0 0 0 0 0 0 0 1 0 0 
Atribuicoes:
47 47 13 25 4 31 19 31 8 9 16 11 39 13 9 47 16 39 4 47 4 9 22 23 4 25 47 31 31 23 31 23 19 25 47 16 25 39 8 39 16 4 4 9 47 8 8 9 39 47 
Custo Total: 1883390
Solução após busca local:
Instalacoes:
0 1 0 0 1 0 0 0 1 1 0 0 0 1 0 0 1 0 0 0 1 0 1 1 0 1 0 0 0 0 1 1 0 0 1 0 0 0 0 1 0 0 0 0 0 0 0 1 0 1 
Atribuicoes:
47 34 13 9 4 30 8 31 30 9 16 9 39 13 47 47 16 25 4 49 4 9 22 13 30 25 20 31 31 4 9 8 23 47 47 16 30 47 8 39 16 4 1 20 20 8 8 47 20 9 
Custo Total: 528403
Total de iterações: 28553
Melhorias: 17
Tempo até a melhor solução: 15.8466 segundos
Iterações até a melhor solução: 15398
Soma dos custos: 11049101898
Média dos custos: 386968
Pior valor encontrado: 629303
Melhor solução encontrada:
Instalacoes:
1 1 0 0 1 0 0 0 1 1 0 0 0 1 0 0 1 0 0 0 1 0 1 0 0 0 0 0 0 0 0 0 0 0 0 0 0 0 0 0 0 0 0 0 0 0 0 1 0 1 
Atribuicoes:
1 0 13 9 4 13 8 13 20 9 4 9 9 47 49 47 47 20 4 0 4 9 22 22 49 13 20 22 16 4 9 8 47 47 1 4 13 1 8 47 47 16 1 20 20 8 8 1 20 49 
Custo Total: 378127
