Instância: Data/raw/50_P90_M0_Continuo_7.txt
Tempo limite: 30 segundos
Seed: 5
Tamanho da pertubação: 5
Solução inicial:
Instalacoes:
1 1 1 1 0 0 0 1 0 0 0 0 0 0 0 1 0 0 0 1 0 1 1 1 1 1 0 0 0 0 1 0 0 0 0 0 0 0 1 0 0 0 1 0 0 0 1 1 0 0 
Atribuicoes:
47 1 30 3 1 30 1 7 1 42 46 22 7 23 19 15 42 7 15 47 24 21 22 2 24 25 19 22 30 23 30 25 2 23 1 42 3 7 38 25 30 46 42 47 1 38 46 47 25 19 
Custo Total: 2733891
Solução após busca local:
Instalacoes:
0 1 1 0 1 0 0 1 1 1 0 0 0 1 0 1 1 0 1 1 1 0 1 1 1 1 0 1 1 0 1 1 0 0 1 1 0 0 1 1 0 0 1 1 0 0 1 1 0 1 
Atribuicoes:
47 20 49 31 1 9 1 7 16 42 35 22 4 23 43 15 27 18 35 43 20 30 22 2 24 2 19 27 28 34 30 31 8 23 28 8 39 39 47 9 16 39 42 13 19 18 46 47 25 24 
Custo Total: 1084837
Total de iterações: 17089
Melhorias: 11
Tempo até a melhor solução: 15.19 segundos
Iterações até a melhor solução: 8610
Soma dos custos: 13755724242
Média dos custos: 804946
Pior valor encontrado: 1048957
Melhor solução encontrada:
Instalacoes:
1 1 0 0 1 0 0 0 1 1 0 0 0 1 0 0 1 0 1 1 1 0 1 0 0 1 0 1 0 0 1 1 0 0 1 1 0 0 0 1 0 0 0 0 0 0 1 1 0 1 
Atribuicoes:
20 18 25 31 1 25 30 22 9 16 31 0 8 4 49 19 47 27 35 49 18 1 22 1 8 27 19 47 8 20 34 31 13 16 30 35 39 39 9 4 46 39 4 13 47 0 46 9 30 34 
Custo Total: 802133
