Instância: Data/raw/50_P40_M1_Continuo_7.txt
Tempo limite: 30 segundos
Seed: 10
Tamanho da pertubação: 5
Solução inicial:
Instalacoes:
0 0 0 0 1 0 0 0 0 1 0 0 0 1 0 0 0 0 1 1 0 0 1 1 0 1 0 0 0 0 0 0 0 0 0 0 0 0 0 0 0 0 1 0 0 0 1 1 0 0 
Atribuicoes:
4 4 13 25 46 13 46 4 46 9 18 9 22 13 4 9 9 18 18 47 19 19 22 23 42 25 19 9 25 23 23 13 19 19 4 9 23 18 42 25 22 18 42 4 47 4 46 47 25 4 
Custo Total: 1328861
Solução após busca local:
Instalacoes:
0 1 0 0 1 0 0 0 1 1 0 0 0 1 0 0 0 0 1 1 1 0 1 1 0 1 0 0 0 0 1 0 0 0 0 0 0 0 0 0 0 0 1 0 0 0 0 1 0 0 
Atribuicoes:
4 19 30 8 4 13 19 8 42 9 30 9 22 13 8 4 9 1 18 47 18 19 22 23 20 1 20 9 25 47 30 13 20 30 4 9 47 20 42 8 9 18 1 4 47 4 9 47 25 1 
Custo Total: 485356
Total de iterações: 35682
Melhorias: 19
Tempo até a melhor solução: 20.7923 segundos
Iterações até a melhor solução: 24594
Soma dos custos: 12388493836
Média dos custos: 347192
Pior valor encontrado: 600993
Melhor solução encontrada:
Instalacoes:
1 1 0 0 1 0 0 0 1 1 0 0 0 1 0 0 0 0 1 0 1 0 1 0 0 0 0 0 0 0 0 0 0 0 0 0 0 0 0 0 0 0 0 0 0 0 0 1 0 0 
Atribuicoes:
8 0 13 4 4 8 0 4 20 9 13 9 22 9 47 4 9 1 18 47 18 0 22 20 1 8 1 9 4 20 13 20 20 13 47 9 20 20 4 8 9 18 1 4 8 47 9 8 47 1 
Custo Total: 341276
