Instância: Data/raw/50_P80_M1_Continuo_2.txt
Tempo limite: 30 segundos
Seed: 7
Tamanho da pertubação: 5
Solução inicial:
Instalacoes:
1 0 1 1 1 0 0 1 1 0 0 1 0 1 1 0 0 0 1 0 0 0 1 0 1 1 0 0 1 1 0 0 0 0 0 0 0 0 0 1 0 0 0 0 0 0 1 1 0 0 
Atribuicoes:
4 47 2 3 8 2 25 7 8 4 39 11 39 13 14 4 24 39 18 47 8 14 22 29 24 13 4 4 28 29 2 25 29 39 47 46 3 39 46 39 28 18 8 14 4 46 8 47 39 24 
Custo Total: 2786530
Solução após busca local:
Instalacoes:
0 1 0 1 1 0 0 0 1 1 0 0 0 1 1 0 1 0 1 1 1 0 1 1 1 0 0 0 1 1 1 1 0 0 0 0 0 0 0 1 0 0 1 0 0 0 1 1 0 1 
Atribuicoes:
19 19 1 1 8 30 13 22 8 16 39 8 9 13 14 4 24 20 49 47 9 30 22 29 24 30 20 4 31 29 19 2 47 23 42 18 3 39 46 31 28 18 9 20 42 16 1 47 23 49 
Custo Total: 880091
Total de iterações: 18706
Melhorias: 20
Tempo até a melhor solução: 25.2585 segundos
Iterações até a melhor solução: 15808
Soma dos custos: 12307303346
Média dos custos: 657933
Pior valor encontrado: 937586
Melhor solução encontrada:
Instalacoes:
1 1 0 0 1 0 0 0 1 1 0 0 0 1 0 0 1 0 1 1 1 0 1 1 0 0 0 0 0 0 1 1 0 0 0 0 0 0 0 1 0 0 0 0 0 0 0 1 0 1 
Atribuicoes:
19 19 4 0 4 31 13 49 9 13 18 9 22 13 30 4 8 31 47 0 30 16 9 23 8 31 20 31 47 23 19 16 23 39 9 0 20 18 13 22 8 16 1 1 16 1 8 47 39 49 
Custo Total: 652526
