Instância: Data/raw/50_P100_M0_Continuo_6.txt
Tempo limite: 30 segundos
Seed: 10
Tamanho da pertubação: 5
Solução inicial:
Instalacoes:
1 0 1 1 0 1 0 1 0 1 0 1 0 0 1 1 0 0 1 1 0 0 1 0 0 0 0 0 1 1 0 0 0 0 0 0 0 0 0 1 0 1 1 1 0 0 1 0 0 0 
Atribuicoes:
0 0 2 3 15 5 41 7 15 9 46 11 7 2 14 9 46 7 18 19 46 43 22 29 42 5 42 11 28 29 2 28 43 2 0 9 3 7 9 39 28 18 42 19 42 46 46 19 39 0 
Custo Total: 3106636
Solução após busca local:
Instalacoes:
1 1 1 1 1 1 0 1 1 1 0 1 0 1 0 1 1 0 1 1 1 0 1 1 0 1 0 1 1 1 1 1 0 0 0 1 0 0 0 1 0 0 1 1 0 0 1 1 0 1 
Atribuicoes:
0 1 8 3 16 5 39 4 15 9 20 11 7 2 18 20 41 27 47 0 35 43 22 30 4 25 8 27 28 29 23 49 13 16 31 47 13 23 9 30 31 18 42 19 42 46 46 19 39 35 
Custo Total: 1336583
Total de iterações: 14803
Melhorias: 14
Tempo até a melhor solução: 26.5027 segundos
Iterações até a melhor solução: 13058
Soma dos custos: 17643666839
Média dos custos: 1.1919e+06
Pior valor encontrado: 1379660
Melhor solução encontrada:
Instalacoes:
1 1 0 0 1 1 0 0 1 1 0 1 1 1 0 0 1 0 1 1 1 0 1 1 0 1 0 1 1 1 1 1 0 0 1 1 0 0 0 1 0 0 1 0 0 0 1 1 0 1 
Atribuicoes:
0 19 4 25 20 5 18 1 47 9 34 11 12 23 19 42 25 27 4 0 16 49 22 39 35 31 8 27 28 29 30 5 13 20 34 18 13 30 9 39 31 35 42 23 47 46 8 1 16 49 
Custo Total: 1190004
