Instância: Data/raw/50_P80_M1_HUB_8.txt
Tempo limite: 30 segundos
Seed: 6
Tamanho da pertubação: 5
Solução inicial:
Instalacoes:
1 1 0 0 1 1 0 1 1 0 0 0 0 1 1 1 0 0 1 0 0 0 1 0 0 1 0 0 1 0 0 0 0 0 1 0 0 0 0 1 0 0 1 0 0 0 1 1 0 0 
Atribuicoes:
47 1 4 25 15 5 1 7 8 42 46 39 7 13 14 0 34 34 18 47 15 14 22 15 0 4 4 4 28 13 5 28 5 7 1 34 25 34 8 39 28 18 42 14 4 8 46 47 39 0 
Custo Total: 2169749
Solução após busca local:
Instalacoes:
1 1 0 0 1 1 0 1 1 1 0 0 1 1 1 1 1 0 1 1 1 0 1 0 0 1 0 0 1 1 1 1 0 0 1 1 0 0 0 1 0 0 1 0 0 0 1 1 0 1 
Atribuicoes:
9 19 13 25 1 30 4 7 8 34 47 39 31 13 14 0 16 25 18 47 15 1 22 29 0 31 4 4 49 13 5 28 34 20 1 18 25 16 18 9 35 18 42 0 19 8 46 20 39 35 
Custo Total: 999846
Total de iterações: 18850
Melhorias: 23
Tempo até a melhor solução: 22.0951 segundos
Iterações até a melhor solução: 13866
Soma dos custos: 13389962811
Média dos custos: 710343
Pior valor encontrado: 958611
Melhor solução encontrada:
Instalacoes:
1 1 0 0 1 1 0 0 1 1 0 0 0 1 0 0 1 0 1 1 1 0 1 0 0 0 0 1 0 0 1 1 0 0 0 0 0 0 0 0 0 0 0 0 0 0 1 1 0 1 
Atribuicoes:
19 0 13 47 31 5 1 47 4 20 27 8 31 13 18 19 16 16 18 9 46 13 22 4 47 31 19 22 49 13 30 30 31 20 1 18 16 27 8 39 9 47 0 49 9 8 46 20 9 1 
Custo Total: 702950
