Instância: Data/raw/50_P80_M1_Continuo_2.txt
Tempo limite: 30 segundos
Seed: 4
Tamanho da pertubação: 5
Solução inicial:
Instalacoes:
1 0 1 1 1 0 0 1 1 0 0 1 0 1 1 0 0 0 1 0 0 0 1 0 1 1 0 0 1 1 0 0 0 0 0 0 0 0 0 1 0 0 0 0 0 0 1 1 0 0 
Atribuicoes:
4 47 2 3 8 2 25 7 8 4 39 11 39 13 14 4 24 39 18 47 8 14 22 29 24 13 4 4 28 29 2 25 29 39 47 46 3 39 46 39 28 18 8 14 4 46 8 47 39 24 
Custo Total: 2786530
Solução após busca local:
Instalacoes:
0 1 0 1 1 0 0 0 1 1 0 0 0 1 1 0 1 0 1 1 1 0 1 1 1 0 0 0 1 1 1 1 0 0 0 0 0 0 0 1 0 0 1 0 0 0 1 1 0 1 
Atribuicoes:
19 19 1 1 8 30 13 22 8 16 39 8 9 13 14 4 24 20 49 47 9 30 22 29 24 30 20 4 31 29 19 2 47 23 42 18 3 39 46 31 28 18 9 20 42 16 1 47 23 49 
Custo Total: 880091
Total de iterações: 17555
Melhorias: 26
Tempo até a melhor solução: 18.135 segundos
Iterações até a melhor solução: 10525
Soma dos custos: 10948087374
Média dos custos: 623645
Pior valor encontrado: 909988
Melhor solução encontrada:
Instalacoes:
1 1 0 0 1 0 0 0 1 1 0 0 0 1 0 0 1 0 1 1 1 0 1 0 0 1 0 0 0 0 1 1 0 0 0 0 0 0 0 1 0 0 0 0 0 0 0 1 0 1 
Atribuicoes:
0 19 20 47 16 9 8 49 0 8 22 22 16 8 18 49 4 9 16 47 18 30 49 30 4 9 4 4 13 31 25 31 30 39 0 47 13 22 8 39 1 25 47 20 9 20 1 19 31 1 
Custo Total: 616186
