Instância: Data/raw/50_P10_M0_Continuo_5.txt
Tempo limite: 30 segundos
Seed: 1
Tamanho da pertubação: 5
Solução inicial:
Instalacoes:
1 1 0 0 0 0 0 0 0 1 0 0 0 0 0 0 0 0 0 0 0 0 1 0 0 1 0 0 0 0 1 0 0 0 0 0 0 0 0 0 0 0 0 0 0 0 1 1 0 0 
Atribuicoes:
0 9 47 30 46 47 25 30 46 0 0 9 25 25 9 9 9 25 0 0 9 0 22 47 9 25 47 9 9 30 9 47 47 25 9 0 30 25 9 25 9 0 0 0 47 9 46 0 25 9 
Custo Total: 1134223
Solução após busca local:
Instalacoes:
1 0 0 0 1 0 0 0 0 1 0 0 0 1 0 0 0 0 0 0 1 0 1 0 0 1 0 0 0 0 0 0 0 0 0 0 0 0 0 0 0 0 0 0 0 0 0 1 0 0 
Atribuicoes:
20 4 47 4 0 47 4 20 0 9 4 22 13 4 9 9 9 47 20 47 20 47 22 20 9 4 47 20 9 4 9 20 9 9 9 20 20 13 9 9 9 4 9 20 47 4 47 9 4 9 
Custo Total: 292413
Total de iterações: 116366
Melhorias: 15
Tempo até a melhor solução: 28.0676 segundos
Iterações até a melhor solução: 109979
Soma dos custos: 21194931584
Média dos custos: 182140
Pior valor encontrado: 396555
Melhor solução encontrada:
Instalacoes:
0 0 0 0 1 0 0 0 1 1 0 0 0 0 0 0 0 0 0 0 1 0 1 0 0 0 0 0 0 0 0 0 0 0 0 0 0 0 0 0 0 0 0 0 0 0 0 0 0 0 
Atribuicoes:
4 4 20 20 8 4 20 4 8 9 20 20 8 4 9 9 20 9 20 4 8 20 22 9 9 20 4 9 9 4 9 20 9 9 4 20 9 20 8 20 9 9 8 9 8 4 8 9 9 9 
Custo Total: 165417
