Instância: Data/raw/50_P20_M0_Continuo_6.txt
Tempo limite: 30 segundos
Seed: 2
Tamanho da pertubação: 5
Solução inicial:
Instalacoes:
1 1 0 0 1 0 0 0 0 0 0 0 0 1 0 0 0 0 0 0 1 0 1 0 0 0 0 0 0 0 1 0 0 0 0 0 0 0 0 0 0 0 0 0 0 0 0 0 0 0 
Atribuicoes:
1 1 13 13 4 13 20 0 4 4 20 20 0 13 1 4 20 1 20 1 20 1 22 30 20 13 0 20 1 20 30 13 30 13 1 20 13 13 4 13 20 20 4 1 20 4 4 0 13 4 
Custo Total: 1140903
Solução após busca local:
Instalacoes:
1 1 0 0 1 0 0 0 1 1 0 0 0 1 0 0 0 0 0 0 1 0 1 0 0 0 0 0 0 0 1 0 0 0 0 0 0 0 0 0 0 0 0 0 0 0 0 1 0 0 
Atribuicoes:
9 1 13 13 8 13 20 0 4 4 9 20 0 13 1 4 20 47 20 9 20 47 22 9 20 4 47 20 1 8 8 47 30 9 1 8 13 13 47 47 20 20 4 9 8 4 4 47 47 4 
Custo Total: 319574
Total de iterações: 78531
Melhorias: 15
Tempo até a melhor solução: 7.52087 segundos
Iterações até a melhor solução: 19146
Soma dos custos: 17614301864
Média dos custos: 224297
Pior valor encontrado: 461361
Melhor solução encontrada:
Instalacoes:
0 0 0 0 1 0 0 0 1 1 0 0 0 1 0 0 0 0 0 0 1 0 1 0 0 0 0 0 0 0 0 0 0 0 0 0 0 0 0 0 0 0 0 0 0 0 0 1 0 0 
Atribuicoes:
9 47 13 4 8 9 20 9 9 4 9 20 20 13 47 4 8 9 8 9 20 4 22 20 20 4 4 20 8 8 8 4 4 20 47 20 13 4 4 4 20 20 20 9 8 4 4 47 8 9 
Custo Total: 222277
