Instância: Data/raw/50_P90_M1_HUB_6.txt
Tempo limite: 30 segundos
Seed: 2
Tamanho da pertubação: 5
Solução inicial:
Instalacoes:
1 0 1 1 1 1 0 1 0 1 0 1 0 0 1 1 0 0 0 0 1 0 1 0 0 1 0 0 1 1 0 0 0 0 0 0 0 0 0 1 0 0 1 0 0 0 1 0 0 0 
Atribuicoes:
4 4 2 3 15 5 29 7 42 9 25 11 7 2 14 9 20 7 15 4 20 14 22 25 42 5 42 11 28 29 2 25 25 25 4 9 3 7 42 39 28 20 15 14 42 4 46 14 39 4 
Custo Total: 3067543
Solução após busca local:
Instalacoes:
0 1 1 1 1 1 0 1 1 1 0 0 0 1 1 1 1 0 1 1 1 0 1 1 0 1 0 0 1 1 1 1 0 0 1 0 0 0 0 1 0 0 1 0 0 0 0 1 0 1 
Atribuicoes:
8 20 23 3 15 1 4 30 8 9 18 20 1 2 14 19 20 18 15 47 16 14 22 23 16 5 42 28 31 29 49 14 34 25 49 31 13 7 42 39 22 20 1 28 47 4 9 0 0 34 
Custo Total: 1052004
Total de iterações: 16413
Melhorias: 26
Tempo até a melhor solução: 25.1124 segundos
Iterações até a melhor solução: 13673
Soma dos custos: 13355559761
Média dos custos: 813718
Pior valor encontrado: 1090531
Melhor solução encontrada:
Instalacoes:
1 1 0 0 1 0 0 0 1 1 0 0 0 1 0 0 1 0 0 1 1 0 1 1 0 1 0 0 0 1 1 0 0 0 0 1 0 0 0 1 0 0 1 0 0 0 1 1 0 1 
Atribuicoes:
1 16 20 20 20 13 47 4 0 46 1 35 13 9 42 8 35 22 16 0 16 47 19 23 1 39 47 23 30 29 49 25 13 25 49 30 22 8 47 39 49 35 42 19 9 4 46 0 30 9 
Custo Total: 803494
