Instância: Data/raw/50_P70_M1_Continuo_6.txt
Tempo limite: 30 segundos
Seed: 5
Tamanho da pertubação: 5
Solução inicial:
Instalacoes:
1 0 1 0 0 1 0 1 0 1 0 0 0 0 0 1 1 0 0 1 1 0 1 0 0 1 0 0 0 1 0 1 0 0 0 1 0 0 0 1 0 0 0 0 0 0 1 0 0 0 
Atribuicoes:
20 0 2 25 46 5 2 7 15 9 16 35 7 2 19 9 20 35 35 19 20 46 22 29 9 25 15 31 35 29 2 31 31 39 0 9 25 7 9 39 16 16 46 19 19 46 46 0 39 0 
Custo Total: 2163382
Solução após busca local:
Instalacoes:
1 1 1 0 1 0 0 1 1 1 0 0 0 1 0 0 1 0 1 1 1 0 1 0 0 1 0 0 0 1 1 1 0 0 1 1 0 0 0 1 0 0 0 0 0 0 1 1 0 1 
Atribuicoes:
47 0 31 25 35 2 47 7 20 0 16 1 22 0 35 9 20 4 20 19 4 46 22 13 1 25 1 31 0 29 30 31 8 39 4 49 8 13 9 39 30 49 8 49 19 46 18 9 39 34 
Custo Total: 800808
Total de iterações: 21060
Melhorias: 19
Tempo até a melhor solução: 9.19981 segundos
Iterações até a melhor solução: 6316
Soma dos custos: 11433308542
Média dos custos: 542892
Pior valor encontrado: 808878
Melhor solução encontrada:
Instalacoes:
1 1 0 0 1 0 0 0 1 1 0 0 0 1 0 0 1 0 0 1 1 0 1 0 0 1 0 0 0 0 1 1 0 0 0 0 0 0 0 0 0 0 0 0 0 0 0 1 0 1 
Atribuicoes:
19 0 31 16 20 47 25 47 20 0 30 1 1 13 20 8 16 4 16 19 4 47 22 20 49 25 1 31 0 30 13 31 30 9 4 49 16 22 1 9 22 49 8 49 8 47 13 8 9 9 
Custo Total: 534333
