Instância: Data/raw/50_P10_M0_Continuo_3.txt
Tempo limite: 30 segundos
Seed: 6
Tamanho da pertubação: 5
Solução inicial:
Instalacoes:
1 1 0 0 1 0 0 0 0 1 0 0 0 1 0 0 1 0 0 0 0 0 1 0 0 0 0 0 0 0 0 0 0 0 0 0 0 0 0 0 0 0 0 0 0 0 0 0 0 0 
Atribuicoes:
4 1 13 13 4 0 4 22 1 9 4 16 16 13 4 9 9 16 16 0 16 4 22 13 9 16 9 4 4 13 0 4 0 16 4 9 16 16 9 13 9 4 0 0 0 4 9 0 13 9 
Custo Total: 858373
Solução após busca local:
Instalacoes:
1 1 0 0 1 0 0 0 1 1 0 0 0 1 0 0 1 0 0 0 1 0 1 0 0 0 0 0 0 0 0 0 0 0 0 0 0 0 0 0 0 0 0 0 0 0 0 0 0 0 
Atribuicoes:
4 1 9 13 4 9 9 20 8 9 4 1 8 13 4 8 20 8 1 9 20 9 22 20 20 13 9 20 4 9 1 4 9 4 4 9 8 20 4 20 9 20 4 8 20 20 4 8 9 9 
Custo Total: 275808
Total de iterações: 108874
Melhorias: 20
Tempo até a melhor solução: 28.2526 segundos
Iterações até a melhor solução: 102527
Soma dos custos: 20856090783
Média dos custos: 191562
Pior valor encontrado: 424168
Melhor solução encontrada:
Instalacoes:
0 0 0 0 1 0 0 0 1 1 0 0 0 0 0 0 0 0 0 0 1 0 1 0 0 0 0 0 0 0 0 0 0 0 0 0 0 0 0 0 0 0 0 0 0 0 0 1 0 0 
Atribuicoes:
47 47 20 8 4 9 9 9 8 9 20 4 4 20 9 9 20 9 20 47 8 9 22 4 20 20 8 9 4 9 8 9 9 20 9 4 4 20 4 9 20 20 8 9 8 8 8 47 20 4 
Custo Total: 189799
