Instância: Data/raw/50_P5_M0_Continuo_8.txt
Tempo limite: 30 segundos
Seed: 4
Tamanho da pertubação: 5
Solução inicial:
Instalacoes:
0 0 0 0 1 0 0 0 1 1 0 0 0 1 0 0 0 0 0 0 0 0 1 0 0 0 0 0 0 0 0 0 0 0 0 0 0 0 0 0 0 0 0 0 0 0 0 1 0 0 
Atribuicoes:
47 47 13 8 4 8 47 8 8 9 9 8 8 13 47 9 9 8 4 47 4 9 22 8 9 9 9 8 8 47 8 8 47 8 47 9 8 8 9 8 8 4 8 9 9 8 8 47 8 9 
Custo Total: 452903
Solução após busca local:
Instalacoes:
0 0 0 0 1 0 0 0 1 1 0 0 0 0 0 0 0 0 0 0 1 0 1 0 0 0 0 0 0 0 0 0 0 0 0 0 0 0 0 0 0 0 0 0 0 0 0 1 0 0 
Atribuicoes:
47 4 4 4 4 9 20 20 8 9 20 20 9 9 9 9 9 20 20 47 20 9 22 9 9 9 8 20 9 9 20 9 4 20 9 9 20 20 8 9 20 4 8 9 8 8 8 47 20 9 
Custo Total: 186637
Total de iterações: 187095
Melhorias: 7
Tempo até a melhor solução: 9.3032 segundos
Iterações até a melhor solução: 58045
Soma dos custos: 30539839416
Média dos custos: 163232
Pior valor encontrado: 362006
Melhor solução encontrada:
Instalacoes:
0 0 0 0 1 0 0 0 1 1 0 0 0 0 0 0 0 0 0 0 1 0 1 0 0 0 0 0 0 0 0 0 0 0 0 0 0 0 0 0 0 0 0 0 0 0 0 0 0 0 
Atribuicoes:
9 9 20 20 4 20 4 20 8 9 20 20 20 9 9 9 9 20 20 9 20 9 22 9 20 9 8 20 9 9 9 9 4 9 9 4 20 20 8 9 20 4 8 4 8 8 8 4 20 9 
Custo Total: 162038
