Instância: Data/raw/50_P5_M1_Continuo_7.txt
Tempo limite: 30 segundos
Seed: 6
Tamanho da pertubação: 5
Solução inicial:
Instalacoes:
0 1 0 0 0 0 0 0 1 1 0 0 0 1 0 0 0 0 0 0 0 0 1 0 0 0 0 0 0 0 0 0 0 0 0 0 0 0 0 0 0 0 0 0 0 0 0 0 0 0 
Atribuicoes:
8 9 9 8 1 9 13 13 8 9 9 9 8 13 9 9 9 8 8 8 1 8 22 9 9 9 1 9 9 13 8 9 8 8 9 9 8 8 1 9 9 8 1 8 1 8 8 8 9 9 
Custo Total: 584441
Solução após busca local:
Instalacoes:
0 0 0 0 1 0 0 0 1 1 0 0 0 1 0 0 0 0 0 0 1 0 1 0 0 0 0 0 0 0 0 0 0 0 0 0 0 0 0 0 0 0 0 0 0 0 0 0 0 0 
Atribuicoes:
9 9 9 20 8 9 4 20 8 9 9 20 20 13 4 9 20 20 4 8 20 4 22 9 9 9 20 20 20 4 20 9 4 9 4 20 20 4 4 9 9 20 8 20 8 8 8 9 20 9 
Custo Total: 215111
Total de iterações: 157070
Melhorias: 8
Tempo até a melhor solução: 15.738 segundos
Iterações até a melhor solução: 80757
Soma dos custos: 25695783670
Média dos custos: 163594
Pior valor encontrado: 348678
Melhor solução encontrada:
Instalacoes:
0 0 0 0 1 0 0 0 1 1 0 0 0 0 0 0 0 0 0 0 1 0 1 0 0 0 0 0 0 0 0 0 0 0 0 0 0 0 0 0 0 0 0 0 0 0 0 0 0 0 
Atribuicoes:
9 9 9 20 4 9 20 20 8 9 20 20 20 9 20 9 9 9 20 9 20 4 22 9 4 20 4 9 4 4 20 9 20 9 4 9 20 9 8 4 9 20 8 9 8 9 8 9 20 9 
Custo Total: 163270
