Instância: Data/raw/50_P100_M1_Continuo_1.txt
Tempo limite: 30 segundos
Seed: 5
Tamanho da pertubação: 5
Solução inicial:
Instalacoes:
1 0 1 1 0 1 1 1 0 1 0 1 0 0 1 0 0 0 1 1 0 0 1 0 0 0 0 0 1 1 0 0 0 0 0 0 0 0 1 1 0 1 1 1 0 0 1 0 0 0 
Atribuicoes:
0 0 2 3 42 5 6 7 42 9 41 11 7 2 14 9 41 7 18 19 41 43 22 29 42 5 42 11 28 29 2 28 43 2 0 9 3 7 38 39 28 18 0 19 42 38 46 19 39 0 
Custo Total: 2780319
Solução após busca local:
Instalacoes:
1 1 1 1 1 1 0 1 1 1 0 1 0 1 0 0 1 0 1 1 1 0 1 0 0 1 0 1 1 1 1 1 0 0 1 1 0 0 1 1 0 1 1 1 0 0 1 1 0 1 
Atribuicoes:
8 4 13 3 13 5 39 16 42 34 41 11 8 2 9 9 35 27 18 1 41 43 22 20 34 4 42 5 28 29 2 28 30 1 49 18 3 7 47 39 31 20 0 19 46 38 46 19 25 0 
Custo Total: 1345491
Total de iterações: 14721
Melhorias: 13
Tempo até a melhor solução: 20.5147 segundos
Iterações até a melhor solução: 10052
Soma dos custos: 17416056569
Média dos custos: 1.18308e+06
Pior valor encontrado: 1376220
Melhor solução encontrada:
Instalacoes:
1 1 0 0 1 1 0 1 1 1 0 0 0 1 0 1 1 0 1 1 1 0 1 1 0 1 0 1 0 0 1 1 0 0 1 1 0 0 0 1 0 0 1 0 0 0 1 1 0 1 
Atribuicoes:
8 4 35 13 18 5 39 7 46 15 31 39 8 23 1 42 16 0 16 47 31 34 22 30 15 19 20 5 34 9 30 27 23 25 49 35 13 27 47 1 49 18 42 9 4 46 20 19 25 0 
Custo Total: 1181951
