Instância: Data/raw/50_P60_M1_Continuo_5.txt
Tempo limite: 30 segundos
Seed: 5
Tamanho da pertubação: 5
Solução inicial:
Instalacoes:
1 0 0 0 0 0 0 0 1 0 0 0 0 1 1 0 0 0 0 0 0 0 1 1 0 1 0 0 1 0 0 1 0 0 0 1 0 0 0 1 0 0 1 0 0 0 0 1 0 0 
Atribuicoes:
47 47 13 25 8 25 28 47 8 42 35 13 39 13 14 42 35 31 42 47 8 14 22 23 35 25 42 31 28 23 23 13 23 13 47 42 25 39 42 39 35 35 8 14 42 47 8 47 39 0 
Custo Total: 2399754
Solução após busca local:
Instalacoes:
0 1 0 0 1 0 0 0 1 1 0 0 0 1 1 0 1 0 0 1 1 0 1 1 0 1 0 0 1 0 0 1 0 0 0 1 0 0 0 1 0 0 1 0 0 0 1 1 0 0 
Atribuicoes:
47 4 4 25 46 25 28 16 19 9 16 13 39 13 1 20 20 31 9 9 8 19 22 23 35 25 13 31 28 8 23 13 23 4 47 42 20 8 1 9 35 35 8 14 1 47 20 47 39 42 
Custo Total: 681360
Total de iterações: 23977
Melhorias: 18
Tempo até a melhor solução: 4.94701 segundos
Iterações até a melhor solução: 3965
Soma dos custos: 11281032174
Média dos custos: 470494
Pior valor encontrado: 733981
Melhor solução encontrada:
Instalacoes:
1 1 0 0 1 0 0 0 1 1 0 0 0 1 0 0 1 0 1 0 1 0 1 0 0 0 0 0 0 0 1 0 0 0 0 0 0 0 0 0 0 0 0 0 0 0 0 1 0 1 
Atribuicoes:
1 49 4 4 8 8 4 0 47 9 0 13 8 47 1 47 20 22 18 9 18 49 49 9 49 13 47 22 8 8 30 30 30 4 20 16 20 13 1 9 16 18 8 16 47 0 20 1 13 16 
Custo Total: 465790
