Instância: Data/raw/50_P100_M1_Continuo_10.txt
Tempo limite: 30 segundos
Seed: 5
Tamanho da pertubação: 5
Solução inicial:
Instalacoes:
1 0 1 1 0 1 0 1 0 1 0 1 0 0 1 1 0 0 1 1 0 0 1 0 0 0 0 0 1 1 0 0 0 0 0 0 0 0 1 1 0 1 1 1 0 0 1 0 0 0 
Atribuicoes:
0 0 2 3 15 5 41 7 15 9 46 11 7 2 14 9 46 7 18 19 46 43 22 29 42 5 15 11 28 29 2 28 43 2 0 9 3 7 38 39 28 18 42 19 9 38 46 19 39 0 
Custo Total: 2845534
Solução após busca local:
Instalacoes:
1 1 1 1 1 1 0 1 1 1 0 1 0 1 0 1 1 0 1 1 1 0 1 0 0 1 0 1 1 1 1 1 0 0 0 1 0 0 0 1 0 0 1 1 0 1 1 1 0 1 
Atribuicoes:
0 0 2 3 16 31 25 7 15 9 27 11 39 30 43 1 41 1 18 19 20 43 22 47 30 5 4 27 28 29 2 31 49 13 20 35 25 47 9 39 35 18 42 13 8 45 46 19 16 8 
Custo Total: 1306280
Total de iterações: 14172
Melhorias: 12
Tempo até a melhor solução: 27.2849 segundos
Iterações até a melhor solução: 12897
Soma dos custos: 16915329342
Média dos custos: 1.19357e+06
Pior valor encontrado: 1399669
Melhor solução encontrada:
Instalacoes:
1 1 0 0 1 1 0 0 1 1 0 0 0 1 0 0 1 0 1 1 1 0 1 1 0 1 0 1 1 0 1 1 0 0 1 1 0 0 0 1 0 0 1 0 0 0 1 1 0 1 
Atribuicoes:
0 0 5 25 42 31 16 22 1 20 27 30 28 20 49 8 23 9 18 19 34 49 22 8 30 25 46 27 28 23 19 31 5 13 34 35 39 16 47 39 35 18 9 13 4 4 46 47 42 1 
Custo Total: 1184638
