Instância: Data/raw/50_P20_M0_Continuo_3.txt
Tempo limite: 30 segundos
Seed: 10
Tamanho da pertubação: 5
Solução inicial:
Instalacoes:
0 1 0 0 0 0 0 0 1 1 0 0 0 1 0 0 0 0 0 0 1 0 1 0 0 0 0 0 0 0 1 0 0 0 0 0 0 0 0 0 0 0 0 0 0 0 0 1 0 0 
Atribuicoes:
9 9 13 9 8 30 30 1 8 9 1 20 1 13 9 47 20 20 20 9 8 30 22 30 20 13 47 20 47 30 30 13 30 9 9 20 9 1 9 13 20 9 8 47 9 8 8 47 13 1 
Custo Total: 1336027
Solução após busca local:
Instalacoes:
1 1 0 0 1 0 0 0 1 1 0 0 0 1 0 0 0 0 0 1 1 0 1 0 0 0 0 0 0 0 1 0 0 0 0 0 0 0 0 0 0 0 0 0 0 0 0 1 0 0 
Atribuicoes:
47 9 20 9 8 1 1 9 4 4 1 20 9 1 9 9 4 20 20 9 8 8 22 8 20 13 47 20 9 47 30 13 4 9 9 20 0 4 4 13 9 20 8 47 9 8 8 47 13 8 
Custo Total: 337060
Total de iterações: 65188
Melhorias: 8
Tempo até a melhor solução: 0.0425023 segundos
Iterações até a melhor solução: 83
Soma dos custos: 14619099088
Média dos custos: 224261
Pior valor encontrado: 432955
Melhor solução encontrada:
Instalacoes:
0 0 0 0 1 0 0 0 1 1 0 0 0 1 0 0 0 0 0 0 1 0 1 0 0 0 0 0 0 0 0 0 0 0 0 0 0 0 0 0 0 0 0 0 0 0 0 1 0 0 
Atribuicoes:
47 9 20 9 4 8 4 9 4 4 8 20 9 13 4 20 4 22 20 9 20 47 22 20 9 13 4 20 9 8 4 13 4 9 9 20 9 4 4 4 9 20 8 47 9 8 8 47 8 20 
Custo Total: 224200
