Instância: Data/raw/50_P50_M0_Continuo_1.txt
Tempo limite: 30 segundos
Seed: 8
Tamanho da pertubação: 5
Solução inicial:
Instalacoes:
1 0 1 0 0 0 0 0 0 1 0 0 0 1 0 1 1 0 1 1 0 0 1 1 0 0 0 0 0 0 1 1 0 0 0 0 0 0 0 0 0 0 0 0 0 0 1 1 0 0 
Atribuicoes:
9 47 30 13 15 30 18 31 9 15 16 9 46 23 19 47 16 46 18 47 18 23 22 23 31 30 47 9 23 23 30 30 30 31 47 18 13 22 9 23 16 18 15 19 47 9 46 19 23 47 
Custo Total: 2385885
Solução após busca local:
Instalacoes:
0 1 0 0 1 0 0 0 1 1 0 0 0 1 0 0 1 0 1 1 1 0 1 1 0 0 0 0 0 0 1 1 0 0 0 0 0 0 0 0 0 0 1 0 0 0 1 1 0 1 
Atribuicoes:
8 47 20 9 8 31 18 20 9 19 16 9 16 20 19 16 9 1 18 8 49 13 22 23 13 30 47 8 13 1 30 31 30 20 4 18 8 47 1 13 4 9 1 20 20 9 46 4 4 47 
Custo Total: 655562
Total de iterações: 29089
Melhorias: 17
Tempo até a melhor solução: 27.7382 segundos
Iterações até a melhor solução: 26866
Soma dos custos: 12140037530
Média dos custos: 417341
Pior valor encontrado: 664783
Melhor solução encontrada:
Instalacoes:
1 1 0 0 1 0 0 0 1 1 0 0 0 1 0 0 1 0 0 0 1 0 1 0 0 0 0 0 0 0 1 0 0 0 0 0 0 0 0 0 0 0 0 0 0 0 0 1 0 1 
Atribuicoes:
0 1 47 30 8 9 47 20 4 9 49 22 13 20 49 1 9 1 16 8 9 0 22 1 49 49 20 22 13 4 4 30 30 20 47 16 8 47 8 13 4 9 47 20 20 9 4 47 0 1 
Custo Total: 406390
