Instância: Data/raw/50_P100_M0_Continuo_4.txt
Tempo limite: 30 segundos
Seed: 4
Tamanho da pertubação: 5
Solução inicial:
Instalacoes:
1 0 1 1 0 1 0 1 0 1 0 1 0 0 1 1 0 0 1 1 0 0 1 0 0 1 0 0 1 1 0 0 0 0 0 0 0 0 0 1 0 1 1 1 0 0 1 0 0 0 
Atribuicoes:
0 0 2 3 15 5 25 7 15 9 46 11 7 2 14 9 46 7 18 19 46 43 22 29 42 5 42 11 28 29 2 25 43 2 0 9 3 7 9 39 28 18 42 19 42 25 46 19 39 0 
Custo Total: 2809113
Solução após busca local:
Instalacoes:
1 1 1 1 1 1 0 1 1 1 0 1 0 1 0 1 1 0 1 1 1 0 1 1 0 1 0 1 1 1 1 1 0 0 1 1 0 0 0 1 0 0 1 1 0 0 1 1 0 1 
Atribuicoes:
0 16 2 3 18 5 25 7 15 9 16 11 1 2 39 4 42 31 18 1 46 43 22 23 34 31 49 27 28 29 34 5 49 20 8 35 30 22 9 39 27 25 42 19 4 13 8 0 47 47 
Custo Total: 1334366
Total de iterações: 13837
Melhorias: 19
Tempo até a melhor solução: 29.2839 segundos
Iterações até a melhor solução: 13498
Soma dos custos: 16543713309
Média dos custos: 1.19561e+06
Pior valor encontrado: 1397418
Melhor solução encontrada:
Instalacoes:
1 1 0 0 1 1 0 0 1 1 0 0 0 1 0 1 1 0 1 1 1 0 1 1 1 1 0 0 0 0 1 1 1 0 1 1 0 0 0 1 1 0 1 0 0 0 1 1 0 1 
Atribuicoes:
0 16 20 25 42 5 4 25 13 15 16 18 39 13 49 19 35 22 18 1 46 1 22 23 24 31 8 23 30 20 5 31 32 4 34 35 0 34 9 39 40 49 42 30 19 46 8 9 47 47 
Custo Total: 1183507
