Instância: Data/raw/50_P10_M1_Continuo_7.txt
Tempo limite: 30 segundos
Seed: 1
Tamanho da pertubação: 5
Solução inicial:
Instalacoes:
0 1 0 0 1 0 0 0 0 0 0 0 0 1 0 0 0 0 0 0 0 0 1 0 0 0 0 0 0 0 1 0 0 0 0 0 0 0 0 0 0 0 0 0 0 0 0 1 0 0 
Atribuicoes:
4 1 13 30 4 13 13 30 4 1 4 4 1 13 4 1 1 22 30 47 4 47 22 13 1 13 47 4 1 30 30 13 47 30 4 1 30 30 1 13 1 30 47 4 47 4 4 47 13 4 
Custo Total: 893614
Solução após busca local:
Instalacoes:
1 1 0 0 1 0 0 0 0 1 0 0 0 1 0 0 0 0 0 0 1 0 1 0 0 0 0 0 0 0 1 0 0 0 0 0 0 0 0 0 0 0 0 0 0 0 0 1 0 0 
Atribuicoes:
47 9 9 20 4 20 4 20 4 9 4 9 9 13 4 9 20 1 20 47 20 4 22 20 1 13 9 9 20 47 4 47 20 20 4 20 9 9 1 4 9 20 20 4 4 4 9 47 4 9 
Custo Total: 276419
Total de iterações: 121457
Melhorias: 7
Tempo até a melhor solução: 3.15503 segundos
Iterações até a melhor solução: 12750
Soma dos custos: 23023409812
Média dos custos: 189560
Pior valor encontrado: 402583
Melhor solução encontrada:
Instalacoes:
0 0 0 0 1 0 0 0 1 1 0 0 0 0 0 0 0 0 0 0 1 0 1 0 0 0 0 0 0 0 0 0 0 0 0 0 0 0 0 0 0 0 0 0 0 0 0 1 0 0 
Atribuicoes:
47 4 9 20 4 4 4 20 8 9 4 9 20 20 4 9 20 9 20 47 20 4 22 20 9 20 9 9 9 4 20 9 20 20 4 20 9 9 8 4 9 20 8 47 9 4 8 47 9 9 
Custo Total: 189415
