Instância: Data/raw/50_P100_M0_Continuo_3.txt
Tempo limite: 30 segundos
Seed: 9
Tamanho da pertubação: 5
Solução inicial:
Instalacoes:
1 0 1 1 0 1 0 1 0 1 0 0 0 0 0 1 0 0 1 1 0 0 1 0 0 0 0 0 1 1 0 0 0 0 0 0 0 0 1 1 0 1 1 1 0 0 1 0 0 0 
Atribuicoes:
0 0 2 3 15 5 41 7 15 9 46 22 7 2 19 9 42 7 18 19 46 43 22 29 42 5 43 22 28 29 2 28 5 2 0 9 3 7 38 39 28 18 42 19 42 38 46 19 39 0 
Custo Total: 2806243
Solução após busca local:
Instalacoes:
1 1 1 1 1 1 0 1 1 1 0 0 0 1 0 1 1 0 1 1 1 0 1 1 0 1 0 1 1 1 1 1 0 0 1 0 0 0 1 1 0 0 1 1 0 0 1 1 0 1 
Atribuicoes:
0 8 2 3 15 5 13 7 8 9 13 30 31 2 19 9 42 27 18 19 41 34 22 23 47 5 43 27 25 29 23 49 16 20 0 34 1 16 47 39 28 1 42 4 46 38 46 30 18 49 
Custo Total: 1352698
Total de iterações: 14125
Melhorias: 11
Tempo até a melhor solução: 27.2021 segundos
Iterações até a melhor solução: 12814
Soma dos custos: 17107287392
Média dos custos: 1.21114e+06
Pior valor encontrado: 1405709
Melhor solução encontrada:
Instalacoes:
1 1 1 0 1 1 0 0 1 1 0 0 0 1 0 1 1 0 1 1 1 0 1 1 0 1 0 0 1 0 1 1 0 0 1 1 0 0 0 0 0 0 1 1 0 0 1 1 0 1 
Atribuicoes:
19 1 2 13 9 5 13 31 42 15 22 22 16 2 4 15 35 8 18 4 47 19 25 23 49 5 0 31 34 25 23 28 16 9 49 34 1 0 47 30 20 35 20 43 46 8 46 30 18 28 
Custo Total: 1206036
