Instância: Data/raw/50_P60_M1_Continuo_1.txt
Tempo limite: 30 segundos
Seed: 2
Tamanho da pertubação: 5
Solução inicial:
Instalacoes:
1 0 1 0 0 0 0 0 0 1 0 1 0 0 0 0 0 0 1 0 0 0 1 1 0 1 0 0 1 0 1 0 0 0 1 0 0 0 0 1 0 0 1 0 0 0 1 1 0 0 
Atribuicoes:
9 9 23 34 0 47 0 2 46 42 18 11 39 23 47 9 34 18 18 9 11 34 22 23 9 25 42 25 28 23 30 25 47 23 9 9 23 39 9 39 28 18 42 34 42 46 46 47 39 9 
Custo Total: 2533086
Solução após busca local:
Instalacoes:
1 1 0 0 1 0 0 0 1 1 0 1 0 1 0 0 0 0 1 1 1 0 1 1 0 1 0 0 1 0 0 1 0 0 1 0 0 0 0 1 0 0 1 0 0 0 1 1 0 0 
Atribuicoes:
9 4 31 20 0 47 0 13 4 42 19 11 8 13 19 9 18 18 20 9 1 19 22 20 9 25 0 31 28 23 23 31 47 23 9 4 13 22 8 39 28 0 42 34 1 46 46 47 39 1 
Custo Total: 694502
Total de iterações: 24986
Melhorias: 24
Tempo até a melhor solução: 27.0465 segundos
Iterações até a melhor solução: 22490
Soma dos custos: 12058806458
Média dos custos: 482623
Pior valor encontrado: 756320
Melhor solução encontrada:
Instalacoes:
1 1 0 0 1 0 0 0 1 1 0 0 0 1 0 0 1 0 1 0 1 0 1 0 0 1 0 0 0 0 1 0 0 0 0 0 0 0 0 0 0 0 0 0 0 0 0 1 0 1 
Atribuicoes:
9 1 25 20 4 30 4 13 8 49 49 0 47 13 0 9 18 4 18 9 1 4 22 20 9 1 4 25 22 13 30 25 20 47 49 16 20 47 8 8 22 16 47 30 9 4 20 0 1 16 
Custo Total: 472159
