Instância: Data/raw/50_P20_M0_Continuo_7.txt
Tempo limite: 30 segundos
Seed: 7
Tamanho da pertubação: 5
Solução inicial:
Instalacoes:
1 1 0 0 1 0 0 0 1 1 0 0 0 1 0 0 0 0 0 0 0 0 1 1 0 0 0 0 0 0 1 0 0 0 0 0 0 0 0 0 0 0 0 0 0 0 0 0 0 0 
Atribuicoes:
1 9 23 13 8 8 30 4 8 9 9 9 4 23 1 9 9 4 4 0 8 30 22 23 9 30 4 9 1 23 30 13 30 13 1 9 13 4 8 23 9 4 8 0 4 8 8 0 23 9 
Custo Total: 1336066
Solução após busca local:
Instalacoes:
1 1 0 0 1 0 0 0 1 1 0 0 0 1 0 0 1 0 0 0 1 0 1 1 0 0 0 0 0 0 1 0 0 0 0 0 0 0 0 0 0 0 0 0 0 0 0 1 0 0 
Atribuicoes:
1 9 47 13 9 8 4 4 20 9 4 22 20 13 1 9 9 4 20 9 8 47 22 13 8 4 4 9 1 20 30 13 8 4 1 4 9 1 4 13 20 4 8 8 20 8 8 1 20 9 
Custo Total: 358215
Total de iterações: 64532
Melhorias: 12
Tempo até a melhor solução: 28.9561 segundos
Iterações até a melhor solução: 62235
Soma dos custos: 14677073735
Média dos custos: 227439
Pior valor encontrado: 440864
Melhor solução encontrada:
Instalacoes:
0 0 0 0 1 0 0 0 1 1 0 0 0 1 0 0 0 0 0 0 1 0 1 0 0 0 0 0 0 0 0 0 0 0 0 0 0 0 0 0 0 0 0 0 0 0 0 1 0 0 
Atribuicoes:
8 9 47 13 8 4 9 9 4 9 20 20 20 13 8 9 47 9 20 47 4 4 22 20 4 13 47 4 9 4 13 20 8 4 4 4 20 20 8 13 20 20 9 9 47 4 9 8 4 9 
Custo Total: 224026
