Instância: Data/raw/50_P20_M1_Continuo_9.txt
Tempo limite: 30 segundos
Seed: 7
Tamanho da pertubação: 5
Solução inicial:
Instalacoes:
1 0 0 0 0 0 0 0 0 1 0 0 0 1 0 0 0 0 0 1 0 0 1 0 0 0 0 0 0 0 1 0 0 0 0 0 0 0 0 0 0 0 0 0 0 0 1 1 0 1 
Atribuicoes:
19 0 30 13 46 0 19 13 46 19 9 9 9 30 19 19 49 9 22 9 30 19 22 30 49 30 9 9 30 13 0 9 0 13 49 49 13 0 46 30 9 49 0 19 9 46 46 47 13 9 
Custo Total: 1211884
Solução após busca local:
Instalacoes:
1 0 0 0 1 0 0 0 1 1 0 0 0 1 0 0 0 0 0 1 1 0 1 0 0 0 0 0 0 0 1 0 0 0 0 0 0 0 0 0 0 0 0 0 0 0 1 0 0 1 
Atribuicoes:
8 0 20 13 20 8 8 13 46 8 20 9 9 13 4 9 49 4 8 9 8 30 22 20 49 20 20 9 30 20 4 9 4 20 8 4 8 9 46 30 9 9 0 8 9 46 46 9 13 9 
Custo Total: 375184
Total de iterações: 66365
Melhorias: 17
Tempo até a melhor solução: 9.13068 segundos
Iterações até a melhor solução: 19717
Soma dos custos: 15133137690
Média dos custos: 228029
Pior valor encontrado: 468737
Melhor solução encontrada:
Instalacoes:
0 1 0 0 1 0 0 0 1 1 0 0 0 0 0 0 0 0 0 0 1 0 1 0 0 0 0 0 0 0 0 0 0 0 0 0 0 0 0 0 0 0 0 0 0 0 0 1 0 0 
Atribuicoes:
9 9 20 20 20 4 9 4 8 9 4 9 9 9 8 9 8 20 4 8 20 8 22 20 1 20 8 20 20 8 8 9 1 20 4 47 4 9 4 47 4 9 47 9 9 47 4 47 20 9 
Custo Total: 226377
