Instância: Data/raw/50_P30_M0_Continuo_2.txt
Tempo limite: 30 segundos
Seed: 5
Tamanho da pertubação: 5
Solução inicial:
Instalacoes:
1 0 0 0 0 0 0 0 0 1 0 0 0 1 0 0 1 0 0 0 1 0 1 0 0 0 0 0 0 0 1 0 0 0 0 0 0 0 0 0 0 0 0 0 0 0 1 0 0 0 
Atribuicoes:
0 0 13 20 9 13 22 22 46 0 16 20 22 13 20 0 16 22 9 0 46 30 22 13 16 9 46 20 16 30 30 13 30 20 0 16 20 30 46 13 16 16 9 20 46 46 46 0 13 0 
Custo Total: 1322815
Solução após busca local:
Instalacoes:
1 1 0 0 1 0 0 0 1 1 0 0 0 1 0 0 1 0 0 0 1 0 1 0 0 0 0 0 0 0 1 0 0 0 0 0 0 0 0 0 0 0 0 0 0 0 1 1 0 0 
Atribuicoes:
9 0 9 4 9 13 47 16 1 47 16 4 9 8 20 47 16 9 9 4 9 47 22 20 20 9 1 20 47 8 30 13 20 20 0 47 20 0 20 8 4 47 9 20 1 8 46 0 4 0 
Custo Total: 396916
Total de iterações: 48628
Melhorias: 20
Tempo até a melhor solução: 26.1309 segundos
Iterações até a melhor solução: 42224
Soma dos custos: 12455968210
Média dos custos: 256148
Pior valor encontrado: 485890
Melhor solução encontrada:
Instalacoes:
0 1 0 0 1 0 0 0 1 1 0 0 0 0 0 0 0 0 0 0 1 0 1 0 0 0 0 0 0 0 0 0 0 0 0 0 0 0 0 0 0 0 0 0 0 0 0 1 0 0 
Atribuicoes:
9 1 9 8 20 20 4 1 1 47 1 22 9 8 20 4 1 9 9 4 9 47 22 8 20 8 8 20 4 8 9 4 20 20 4 47 20 8 9 8 4 4 9 47 8 20 9 1 4 47 
Custo Total: 240249
