Instância: Data/raw/50_P90_M1_Continuo_6.txt
Tempo limite: 30 segundos
Seed: 6
Tamanho da pertubação: 5
Solução inicial:
Instalacoes:
1 1 1 1 0 1 0 1 0 0 0 0 0 1 1 1 0 0 1 0 0 0 1 0 1 0 0 0 1 0 0 0 1 0 0 0 0 0 1 1 0 0 1 0 0 0 1 1 0 0 
Atribuicoes:
47 1 2 3 15 5 13 7 1 15 46 22 7 2 14 0 42 7 18 47 15 14 22 2 24 5 15 13 28 2 32 28 32 5 1 42 3 7 38 39 28 18 42 14 47 38 46 47 39 0 
Custo Total: 2445276
Solução após busca local:
Instalacoes:
0 1 1 0 1 1 0 1 1 1 0 0 0 0 1 1 1 0 1 1 1 0 1 1 0 1 0 0 1 0 1 1 0 0 0 1 0 0 1 1 0 0 1 0 0 0 1 1 0 1 
Atribuicoes:
9 49 2 18 30 23 39 8 1 15 31 22 7 8 14 42 28 7 18 20 9 23 25 20 46 5 19 14 4 30 31 28 32 39 1 49 32 4 16 39 35 19 42 8 47 38 46 47 25 22 
Custo Total: 1060410
Total de iterações: 16942
Melhorias: 23
Tempo até a melhor solução: 28.9531 segundos
Iterações até a melhor solução: 16330
Soma dos custos: 13601912051
Média dos custos: 802852
Pior valor encontrado: 1053089
Melhor solução encontrada:
Instalacoes:
1 1 0 0 1 0 0 0 1 1 0 0 0 1 0 0 1 0 1 1 1 0 1 0 0 1 0 0 1 0 1 1 0 0 1 1 0 0 0 1 0 0 1 0 0 0 1 1 0 1 
Atribuicoes:
47 49 35 18 4 31 39 22 0 9 30 31 4 9 1 1 47 34 18 20 34 8 22 20 35 39 4 1 9 13 30 47 28 8 13 49 25 42 8 39 28 16 46 16 42 19 46 19 25 0 
Custo Total: 785866
