Instância: Data/raw/50_P50_M0_Continuo_10.txt
Tempo limite: 30 segundos
Seed: 3
Tamanho da pertubação: 5
Solução inicial:
Instalacoes:
1 0 0 0 0 0 0 0 1 1 0 0 0 1 0 0 1 0 0 0 0 0 1 0 0 0 0 0 0 0 1 1 0 0 1 1 0 0 0 1 0 0 1 1 0 0 0 0 0 1 
Atribuicoes:
0 0 13 39 8 34 42 31 8 42 16 9 39 13 34 42 9 35 35 0 35 43 22 13 49 35 9 9 34 31 30 31 30 39 49 16 39 35 8 13 16 16 8 43 9 8 8 0 13 49 
Custo Total: 1829130
Solução após busca local:
Instalacoes:
1 1 0 0 1 0 0 0 1 1 0 0 0 1 0 0 1 0 1 1 1 0 1 0 0 0 0 0 0 0 1 0 0 0 1 1 0 0 0 1 0 0 1 0 0 0 0 1 0 1 
Atribuicoes:
0 19 20 9 8 47 1 39 47 16 47 9 9 20 13 8 47 47 16 9 4 0 22 13 20 30 9 9 13 0 13 39 30 20 49 16 20 1 8 13 16 49 9 0 4 4 8 30 1 49 
Custo Total: 585101
Total de iterações: 28234
Melhorias: 15
Tempo até a melhor solução: 12.544 segundos
Iterações até a melhor solução: 12390
Soma dos custos: 10906770701
Média dos custos: 386299
Pior valor encontrado: 628500
Melhor solução encontrada:
Instalacoes:
1 1 0 0 1 0 0 0 1 1 0 0 0 1 0 0 1 0 0 0 1 0 1 0 0 0 0 0 0 0 0 0 0 0 0 0 0 0 0 0 0 0 0 0 0 0 0 1 0 0 
Atribuicoes:
1 1 20 20 47 0 22 4 47 16 4 9 9 20 13 8 1 8 16 4 0 1 9 13 20 4 9 9 13 8 13 20 47 20 13 16 20 16 47 13 16 8 9 0 4 8 8 4 22 1 
Custo Total: 381428
