Instância: Data/raw/50_P80_M1_Continuo_9.txt
Tempo limite: 30 segundos
Seed: 2
Tamanho da pertubação: 5
Solução inicial:
Instalacoes:
0 1 1 0 1 0 0 1 0 0 0 1 0 1 0 0 0 0 1 0 0 1 1 0 0 1 0 1 0 1 0 1 0 0 1 0 0 0 1 1 0 1 1 1 0 0 1 1 0 0 
Atribuicoes:
1 31 2 13 4 2 11 7 38 1 4 11 27 39 11 31 42 27 18 21 46 21 22 29 41 25 4 27 34 29 34 31 43 29 34 42 13 27 38 39 4 18 42 43 4 38 46 47 39 34 
Custo Total: 2279637
Solução após busca local:
Instalacoes:
1 1 1 0 1 0 0 0 1 1 0 1 0 1 0 0 1 0 1 1 1 0 1 1 0 0 0 1 0 1 1 1 0 0 1 0 0 0 1 1 0 0 1 1 0 0 1 1 0 1 
Atribuicoes:
1 13 2 4 4 23 47 1 19 0 22 11 31 39 0 19 49 18 18 47 18 29 22 23 34 2 19 27 16 1 20 31 8 22 34 20 13 9 46 8 9 30 42 43 4 38 46 47 39 49 
Custo Total: 889115
Total de iterações: 19289
Melhorias: 18
Tempo até a melhor solução: 27.977 segundos
Iterações até a melhor solução: 17971
Soma dos custos: 12963354794
Média dos custos: 672059
Pior valor encontrado: 934105
Melhor solução encontrada:
Instalacoes:
1 1 0 0 1 0 0 0 1 1 0 0 0 1 0 0 1 0 1 0 1 0 1 1 0 1 0 0 0 0 1 1 0 0 1 0 0 0 0 1 0 0 0 0 0 0 1 1 0 1 
Atribuicoes:
9 34 39 9 4 23 20 9 47 0 22 13 18 9 0 47 49 16 16 1 16 8 22 23 1 31 47 31 31 18 30 13 30 8 34 0 1 25 46 8 25 18 13 34 4 47 46 20 39 49 
Custo Total: 659898
