Instância: Data/raw/50_P70_M0_Continuo_2.txt
Tempo limite: 30 segundos
Seed: 8
Tamanho da pertubação: 5
Solução inicial:
Instalacoes:
1 1 0 0 1 0 0 0 1 1 0 0 0 1 0 0 1 0 1 0 0 0 1 1 0 0 0 1 0 1 0 0 0 0 1 0 0 0 0 1 0 0 0 0 0 0 0 1 0 0 
Atribuicoes:
47 1 1 13 4 34 23 1 8 9 16 27 39 1 0 9 16 18 4 47 4 34 22 29 9 23 4 27 13 29 0 27 34 13 1 9 13 39 8 39 16 4 4 47 4 8 8 47 39 9 
Custo Total: 2248033
Solução após busca local:
Instalacoes:
1 1 0 0 1 0 0 0 1 1 0 0 0 1 0 0 1 0 0 1 1 0 1 1 0 0 0 1 0 1 1 0 0 0 1 1 0 0 0 1 0 0 0 0 0 0 1 1 0 1 
Atribuicoes:
0 47 1 30 13 9 23 13 8 4 16 27 35 20 49 35 16 47 4 47 4 0 22 29 9 23 4 27 13 29 0 16 39 13 1 9 8 1 46 39 34 49 19 47 20 8 46 30 39 9 
Custo Total: 693160
Total de iterações: 22905
Melhorias: 14
Tempo até a melhor solução: 24.6606 segundos
Iterações até a melhor solução: 18819
Soma dos custos: 12032276936
Média dos custos: 525312
Pior valor encontrado: 776642
Melhor solução encontrada:
Instalacoes:
1 1 0 0 1 0 0 0 1 1 0 0 0 1 0 0 1 0 0 0 1 0 1 1 0 0 0 0 0 0 1 0 0 0 0 0 0 0 0 0 0 0 1 0 0 0 1 1 0 1 
Atribuicoes:
8 0 49 9 47 9 13 9 4 4 16 22 1 30 47 1 16 20 46 0 4 20 8 23 42 13 4 30 1 47 0 16 30 13 49 9 8 1 46 23 22 47 42 20 20 8 46 9 20 49 
Custo Total: 516167
