Instância: Data/raw/50_P70_M0_Continuo_4.txt
Tempo limite: 30 segundos
Seed: 8
Tamanho da pertubação: 5
Solução inicial:
Instalacoes:
1 1 0 0 0 1 0 1 0 0 0 0 0 0 0 1 0 0 1 1 1 0 1 1 0 0 0 0 1 1 1 0 0 0 0 0 0 0 1 1 0 0 0 0 0 0 0 1 0 0 
Atribuicoes:
47 1 23 39 1 30 5 7 1 15 18 20 7 23 0 15 20 7 18 47 18 19 22 29 15 23 19 20 28 29 30 28 30 23 1 20 29 7 38 39 28 18 19 0 1 38 1 47 39 15 
Custo Total: 2294178
Solução após busca local:
Instalacoes:
1 1 0 0 1 0 0 1 1 1 0 0 0 1 0 1 1 0 1 1 1 0 1 1 0 0 0 0 1 1 1 1 0 0 0 0 0 0 1 1 0 0 0 0 0 0 1 1 0 0 
Atribuicoes:
47 20 20 39 46 1 13 7 1 1 31 20 9 47 13 15 16 30 4 8 18 19 22 23 28 31 19 20 16 23 30 31 8 0 30 9 13 4 0 39 22 18 9 0 8 46 1 47 39 19 
Custo Total: 779491
Total de iterações: 21522
Melhorias: 15
Tempo até a melhor solução: 15.6575 segundos
Iterações até a melhor solução: 11255
Soma dos custos: 11099728829
Média dos custos: 515739
Pior valor encontrado: 810536
Melhor solução encontrada:
Instalacoes:
1 1 0 0 1 0 0 0 1 1 0 0 0 1 0 0 1 0 1 0 1 0 1 0 0 0 0 0 0 0 1 0 0 0 0 0 0 0 0 1 0 0 0 0 0 0 0 1 0 1 
Atribuicoes:
20 9 13 39 0 16 13 47 18 4 49 22 9 0 4 47 16 8 4 47 47 20 22 30 13 18 1 22 39 4 8 16 30 1 49 20 20 20 1 39 16 0 9 16 8 47 4 0 39 49 
Custo Total: 503066
