Instância: Data/raw/50_P10_M1_Continuo_8.txt
Tempo limite: 30 segundos
Seed: 7
Tamanho da pertubação: 5
Solução inicial:
Instalacoes:
0 0 0 0 1 0 0 0 1 0 0 0 0 1 0 0 0 0 0 0 1 0 1 0 0 0 0 0 0 0 0 0 0 0 0 0 0 0 0 0 0 0 0 0 0 0 0 1 0 0 
Atribuicoes:
4 4 13 13 8 4 22 4 8 8 20 20 4 13 4 8 8 8 20 47 20 47 22 13 20 4 47 20 47 13 47 4 47 13 4 8 13 4 8 13 20 20 8 4 8 8 8 47 4 20 
Custo Total: 733969
Solução após busca local:
Instalacoes:
0 0 0 0 1 0 0 0 1 1 0 0 0 1 0 0 0 0 0 0 1 0 1 0 0 0 0 0 0 0 0 0 0 0 0 0 0 0 0 0 0 0 0 0 0 0 1 1 0 0 
Atribuicoes:
4 4 13 9 8 9 9 8 9 9 20 9 4 9 4 4 9 4 20 47 20 20 22 13 20 4 47 20 4 4 9 20 9 20 9 9 20 4 8 4 20 20 8 4 8 8 8 47 4 9 
Custo Total: 241753
Total de iterações: 104315
Melhorias: 14
Tempo até a melhor solução: 15.4043 segundos
Iterações até a melhor solução: 54858
Soma dos custos: 17823122224
Média dos custos: 170859
Pior valor encontrado: 391924
Melhor solução encontrada:
Instalacoes:
0 0 0 0 1 0 0 0 1 1 0 0 0 0 0 0 0 0 0 0 1 0 1 0 0 0 0 0 0 0 0 0 0 0 0 0 0 0 0 0 0 0 0 0 0 0 0 0 0 0 
Atribuicoes:
4 4 4 9 4 9 9 20 9 9 20 9 20 20 9 9 9 9 4 9 20 9 22 4 20 4 4 8 9 4 9 9 20 20 4 9 20 9 8 20 20 4 8 9 8 8 8 4 20 9 
Custo Total: 165214
