Instância: Data/raw/50_P80_M1_HUB_2.txt
Tempo limite: 30 segundos
Seed: 6
Tamanho da pertubação: 5
Solução inicial:
Instalacoes:
1 0 1 0 1 1 0 1 1 0 0 0 0 0 0 0 1 0 1 0 0 0 1 0 1 1 0 0 1 0 0 1 0 0 0 0 0 0 0 1 0 0 1 1 0 0 1 1 0 0 
Atribuicoes:
47 8 2 25 16 5 16 7 4 42 31 4 7 2 43 42 24 7 18 47 16 43 22 43 24 5 8 4 28 2 2 25 31 2 8 46 25 7 46 39 16 18 42 43 46 4 4 47 39 0 
Custo Total: 2065238
Solução após busca local:
Instalacoes:
1 1 1 0 1 1 0 1 1 1 0 0 0 1 0 0 1 0 1 1 1 0 1 0 1 1 0 1 0 0 1 1 0 0 1 0 0 0 0 1 0 0 1 1 0 0 1 1 0 1 
Atribuicoes:
8 8 4 9 20 5 16 7 1 19 22 9 9 13 43 42 24 30 18 34 16 43 22 31 24 1 49 13 31 2 2 27 20 20 8 18 25 7 46 8 27 19 42 43 0 4 4 47 39 0 
Custo Total: 903021
Total de iterações: 18687
Melhorias: 26
Tempo até a melhor solução: 15.4793 segundos
Iterações até a melhor solução: 9546
Soma dos custos: 12583831036
Média dos custos: 673400
Pior valor encontrado: 913316
Melhor solução encontrada:
Instalacoes:
1 1 0 0 1 0 0 0 1 1 0 0 0 1 0 0 1 0 1 1 1 0 1 0 0 1 0 0 0 0 1 1 0 0 0 1 0 0 0 1 0 0 0 0 0 0 1 1 0 1 
Atribuicoes:
8 9 4 31 47 0 16 8 1 8 22 31 31 20 49 47 35 13 16 0 18 4 22 30 35 25 46 22 30 9 9 16 30 47 8 49 39 1 20 25 16 4 47 13 1 4 46 19 18 20 
Custo Total: 663738
