Instância: Data/raw/50_P100_M0_Continuo_6.txt
Tempo limite: 30 segundos
Seed: 5
Tamanho da pertubação: 5
Solução inicial:
Instalacoes:
1 0 1 1 0 1 0 1 0 1 0 1 0 0 1 1 0 0 1 1 0 0 1 0 0 0 0 0 1 1 0 0 0 0 0 0 0 0 0 1 0 1 1 1 0 0 1 0 0 0 
Atribuicoes:
0 0 2 3 15 5 41 7 15 9 46 11 7 2 14 9 46 7 18 19 46 43 22 29 42 5 42 11 28 29 2 28 43 2 0 9 3 7 9 39 28 18 42 19 42 46 46 19 39 0 
Custo Total: 3106636
Solução após busca local:
Instalacoes:
1 1 1 1 1 1 0 1 1 1 0 1 0 1 0 1 1 0 1 1 1 0 1 1 0 1 0 1 1 1 1 1 0 0 0 1 0 0 0 1 0 0 1 1 0 0 1 1 0 1 
Atribuicoes:
0 1 8 3 16 5 39 4 15 9 20 11 7 2 18 20 41 27 47 0 35 43 22 30 4 25 8 27 28 29 23 49 13 16 31 47 13 23 9 30 31 18 42 19 42 46 46 19 39 35 
Custo Total: 1336583
Total de iterações: 13991
Melhorias: 17
Tempo até a melhor solução: 15.6776 segundos
Iterações até a melhor solução: 7268
Soma dos custos: 16843543405
Média dos custos: 1.20388e+06
Pior valor encontrado: 1398854
Melhor solução encontrada:
Instalacoes:
1 1 1 0 1 1 0 0 1 1 0 1 0 1 0 0 1 0 1 1 1 0 1 1 0 1 0 0 1 0 1 1 0 0 1 1 0 0 0 1 0 0 1 0 0 0 1 1 0 1 
Atribuicoes:
0 20 2 2 18 5 39 4 46 9 34 11 22 13 20 1 28 25 8 0 49 19 5 23 49 25 47 35 28 47 30 31 16 18 34 31 16 22 9 23 30 35 1 13 8 42 46 4 39 19 
Custo Total: 1196244
