Instância: Data/raw/50_P20_M1_HUB_1.txt
Tempo limite: 30 segundos
Seed: 6
Tamanho da pertubação: 5
Solução inicial:
Instalacoes:
0 1 0 0 0 0 0 0 0 1 0 0 0 1 0 0 0 0 0 1 1 0 1 0 0 0 0 0 0 0 0 1 0 0 0 0 0 0 0 0 0 0 0 0 0 0 0 1 0 0 
Atribuicoes:
19 1 31 13 9 31 9 31 9 47 20 20 13 31 47 1 20 13 20 19 20 19 22 13 1 13 47 31 47 13 31 13 19 13 1 9 13 13 9 31 9 20 47 19 47 9 9 19 31 1 
Custo Total: 1165343
Solução após busca local:
Instalacoes:
0 1 0 0 1 0 0 0 1 1 0 0 0 1 0 0 0 0 0 1 1 0 1 0 0 0 0 0 0 0 0 1 0 0 0 0 0 0 0 0 0 0 0 0 0 0 1 1 0 0 
Atribuicoes:
9 4 9 4 46 9 9 31 8 47 20 9 13 4 47 9 20 4 20 4 20 47 22 13 1 20 8 20 47 13 8 31 47 8 1 9 4 13 9 9 9 20 9 47 8 46 4 8 4 1 
Custo Total: 348924
Total de iterações: 63260
Melhorias: 21
Tempo até a melhor solução: 27.6637 segundos
Iterações até a melhor solução: 58084
Soma dos custos: 15118408801
Média dos custos: 238988
Pior valor encontrado: 470904
Melhor solução encontrada:
Instalacoes:
0 1 0 0 1 0 0 0 1 1 0 0 0 0 0 0 0 0 0 0 1 0 1 0 0 0 0 0 0 0 0 0 0 0 0 0 0 0 0 0 0 0 0 0 0 0 0 1 0 0 
Atribuicoes:
4 9 20 4 47 9 9 8 8 4 20 9 9 8 4 8 20 22 9 8 9 20 22 4 1 4 9 20 20 4 20 20 4 1 20 47 4 20 8 9 20 9 8 9 4 4 8 47 4 1 
Custo Total: 231955
