Instância: Data/raw/50_P60_M0_Continuo_2.txt
Tempo limite: 30 segundos
Seed: 6
Tamanho da pertubação: 5
Solução inicial:
Instalacoes:
1 0 1 0 1 0 0 0 1 1 0 1 0 0 0 0 0 0 1 1 1 0 1 1 0 0 0 1 0 0 0 0 0 0 0 0 0 0 0 1 0 0 0 0 0 0 1 0 0 0 
Atribuicoes:
0 0 23 18 4 23 18 18 8 9 18 11 39 23 0 9 20 18 46 19 20 19 22 8 9 39 4 27 0 23 23 27 19 4 0 9 18 39 46 39 9 20 8 0 46 46 8 19 39 9 
Custo Total: 2333741
Solução após busca local:
Instalacoes:
1 1 0 0 1 0 0 0 1 1 0 0 0 1 0 0 0 0 1 1 1 0 1 1 0 0 0 1 0 0 1 1 0 0 0 0 0 0 0 1 0 0 0 1 0 0 1 1 0 1 
Atribuicoes:
1 8 23 39 4 30 39 20 8 9 18 4 4 8 9 8 30 4 47 9 20 19 22 30 9 39 4 27 30 23 47 1 49 20 0 18 13 47 1 1 1 20 8 43 0 46 46 19 23 47 
Custo Total: 648877
Total de iterações: 25639
Melhorias: 18
Tempo até a melhor solução: 6.28387 segundos
Iterações até a melhor solução: 5655
Soma dos custos: 11601754256
Média dos custos: 452504
Pior valor encontrado: 714436
Melhor solução encontrada:
Instalacoes:
1 1 0 0 1 0 0 0 1 1 0 0 0 1 0 0 1 0 0 0 1 0 1 0 0 1 0 0 0 0 1 0 0 0 0 0 0 0 0 0 0 0 0 0 0 0 0 1 0 0 
Atribuicoes:
1 8 13 9 4 22 8 20 8 0 30 30 4 8 0 20 16 4 1 16 20 47 22 25 9 25 4 13 9 30 30 1 8 20 9 16 13 16 1 25 1 20 0 47 0 8 4 4 47 47 
Custo Total: 443891
