Instância: Data/raw/50_P90_M0_Continuo_1.txt
Tempo limite: 30 segundos
Seed: 9
Tamanho da pertubação: 5
Solução inicial:
Instalacoes:
1 0 1 1 0 1 0 1 0 1 0 0 0 0 1 1 0 0 1 1 0 0 1 0 0 0 0 0 1 1 0 0 0 0 0 0 0 0 1 1 0 0 1 1 0 0 1 0 0 0 
Atribuicoes:
0 0 2 3 18 5 18 7 18 9 15 2 7 2 14 9 46 7 14 19 14 43 22 29 42 39 18 18 28 29 2 28 43 2 0 9 3 7 38 39 28 15 42 19 18 38 46 19 39 0 
Custo Total: 3015757
Solução após busca local:
Instalacoes:
1 1 1 0 1 0 0 1 1 1 0 1 0 1 1 1 1 0 1 1 1 0 1 1 0 1 0 0 1 1 1 1 0 0 1 0 0 0 1 1 0 0 1 1 0 0 1 1 0 0 
Atribuicoes:
8 0 4 19 20 28 39 31 4 9 15 11 20 2 14 13 34 7 16 47 23 34 22 29 1 2 46 18 13 25 9 11 43 31 8 9 22 25 1 13 28 30 42 23 47 38 46 19 39 0 
Custo Total: 1037343
Total de iterações: 17541
Melhorias: 26
Tempo até a melhor solução: 22.1196 segundos
Iterações até a melhor solução: 12819
Soma dos custos: 13776979516
Média dos custos: 785416
Pior valor encontrado: 1034882
Melhor solução encontrada:
Instalacoes:
1 1 0 0 1 0 0 0 1 1 0 0 0 1 0 0 1 0 1 1 1 0 0 1 0 1 0 0 0 0 1 1 0 0 1 1 0 0 0 1 0 0 1 0 0 0 0 1 0 1 
Atribuicoes:
8 42 34 1 18 19 39 9 42 35 31 22 18 13 34 47 8 1 20 30 16 4 47 30 16 25 0 25 13 39 9 22 31 9 8 35 1 39 0 13 16 49 49 4 4 47 20 19 23 23 
Custo Total: 757469
