Instância: Data/raw/50_P90_M1_Continuo_4.txt
Tempo limite: 30 segundos
Seed: 8
Tamanho da pertubação: 5
Solução inicial:
Instalacoes:
1 0 1 1 0 1 0 1 0 1 0 1 0 0 1 0 0 0 1 1 0 0 1 0 0 1 0 0 1 1 0 0 0 0 1 0 0 0 0 1 0 1 0 1 0 0 1 0 0 0 
Atribuicoes:
0 0 2 3 34 5 25 7 46 9 41 11 7 2 14 9 41 7 18 19 41 43 22 29 46 5 19 11 28 29 2 25 43 5 34 9 3 7 18 39 28 18 34 19 18 25 46 19 39 0 
Custo Total: 2487868
Solução após busca local:
Instalacoes:
1 1 1 1 1 1 0 1 1 1 0 1 0 1 0 0 1 0 1 1 1 0 1 0 0 1 0 1 1 1 1 1 0 0 1 0 0 0 0 1 0 1 1 1 0 0 1 1 0 0 
Atribuicoes:
0 20 0 3 47 5 25 13 46 20 5 11 39 2 34 9 31 7 18 4 4 43 22 8 46 34 19 27 28 29 1 25 30 31 43 9 13 7 9 39 16 18 47 19 1 47 42 8 13 30 
Custo Total: 1031919
Total de iterações: 17130
Melhorias: 14
Tempo até a melhor solução: 21.1156 segundos
Iterações até a melhor solução: 11925
Soma dos custos: 14081719908
Média dos custos: 822050
Pior valor encontrado: 1084737
Melhor solução encontrada:
Instalacoes:
1 1 0 0 1 0 0 0 1 1 0 0 0 1 0 0 1 0 1 1 1 0 1 1 0 1 0 0 0 0 1 1 0 0 1 1 0 0 0 1 0 0 1 0 0 0 1 1 0 1 
Atribuicoes:
0 30 13 8 8 25 20 13 46 35 25 30 1 23 49 0 9 39 18 47 4 23 22 49 46 31 19 31 22 34 1 35 20 16 8 4 13 39 4 47 16 18 42 19 9 20 1 49 9 34 
Custo Total: 814617
