Instância: Data/raw/50_P20_M0_Continuo_2.txt
Tempo limite: 30 segundos
Seed: 2
Tamanho da pertubação: 5
Solução inicial:
Instalacoes:
1 1 0 0 0 0 0 0 1 1 0 0 0 0 0 0 0 0 0 0 0 0 1 0 0 0 0 0 0 0 1 0 0 0 0 0 0 0 0 1 0 0 0 0 0 0 0 1 0 0 
Atribuicoes:
47 1 30 39 47 30 39 47 8 9 8 9 39 47 47 9 9 0 47 0 47 1 22 47 9 39 47 9 8 39 8 30 30 39 1 9 39 47 8 30 9 9 0 0 47 8 8 0 1 9 
Custo Total: 1272293
Solução após busca local:
Instalacoes:
1 1 0 0 1 0 0 0 1 1 0 0 0 1 0 0 0 0 0 0 1 0 1 0 0 0 0 0 0 0 1 0 0 0 0 0 0 0 0 1 0 0 0 0 0 0 0 1 0 0 
Atribuicoes:
4 1 8 47 47 13 8 47 8 8 8 20 20 47 9 20 9 20 8 20 20 9 22 4 9 13 8 9 4 4 8 8 9 9 1 9 13 20 4 4 20 9 9 9 47 4 8 47 4 9 
Custo Total: 329137
Total de iterações: 72077
Melhorias: 23
Tempo até a melhor solução: 20.1974 segundos
Iterações até a melhor solução: 48217
Soma dos custos: 15206006916
Média dos custos: 210969
Pior valor encontrado: 435833
Melhor solução encontrada:
Instalacoes:
0 0 0 0 1 0 0 0 1 1 0 0 0 0 0 0 0 0 0 0 1 0 1 0 0 0 0 0 0 0 0 0 0 0 0 0 0 0 0 0 0 0 0 0 0 0 0 1 0 0 
Atribuicoes:
47 4 20 4 20 47 8 20 8 8 20 4 20 8 9 47 9 20 8 47 4 9 22 4 9 8 8 9 4 4 8 20 9 9 4 9 8 20 4 4 20 9 9 9 4 8 8 47 47 9 
Custo Total: 196883
