Instância: Data/raw/50_P30_M1_Continuo_3.txt
Tempo limite: 30 segundos
Seed: 9
Tamanho da pertubação: 5
Solução inicial:
Instalacoes:
0 1 0 0 0 0 0 0 0 1 0 0 0 0 0 0 0 0 0 1 0 0 1 1 0 0 0 0 0 0 1 0 0 0 0 0 0 0 0 1 0 0 1 0 0 0 1 1 0 0 
Atribuicoes:
19 19 23 39 46 30 1 22 46 42 9 9 39 23 19 1 1 30 9 47 22 47 22 23 19 23 47 9 1 23 30 30 30 22 19 30 23 39 46 39 9 42 42 19 47 46 46 19 39 19 
Custo Total: 1412995
Solução após busca local:
Instalacoes:
1 1 0 0 1 0 0 0 1 1 0 0 0 0 0 0 0 0 0 1 1 0 1 1 0 0 0 0 0 0 1 0 0 0 0 0 0 0 0 1 0 0 0 0 0 0 1 1 0 0 
Atribuicoes:
9 0 20 39 47 30 1 8 46 4 20 9 39 1 1 1 9 8 9 47 8 8 22 9 47 20 0 9 1 4 30 20 47 1 8 20 9 4 20 8 9 20 20 47 8 4 20 19 4 1 
Custo Total: 438647
Total de iterações: 42576
Melhorias: 11
Tempo até a melhor solução: 28.0148 segundos
Iterações até a melhor solução: 39643
Soma dos custos: 12060668954
Média dos custos: 283274
Pior valor encontrado: 507070
Melhor solução encontrada:
Instalacoes:
0 1 0 0 1 0 0 0 1 1 0 0 0 1 0 0 0 0 0 0 1 0 1 0 0 0 0 0 0 0 0 0 0 0 0 0 0 0 0 0 0 0 0 0 0 0 0 1 0 0 
Atribuicoes:
9 47 1 13 9 13 47 22 1 4 20 9 8 13 8 9 9 8 9 4 47 47 22 9 1 20 20 20 47 4 4 13 47 8 4 20 9 4 8 8 9 20 20 1 8 4 20 8 4 8 
Custo Total: 272455
