Instância: Data/raw/50_P50_M1_HUB_6.txt
Tempo limite: 30 segundos
Seed: 8
Tamanho da pertubação: 5
Solução inicial:
Instalacoes:
0 1 0 0 1 0 0 0 0 0 0 0 0 1 0 1 1 0 0 1 0 0 1 1 0 1 0 0 0 0 1 0 0 0 1 0 0 0 0 0 0 0 1 0 0 0 0 1 0 1 
Atribuicoes:
19 1 23 25 15 47 23 25 4 42 16 4 22 13 49 15 16 49 34 19 15 34 22 23 1 13 19 4 49 23 30 47 47 23 1 49 25 22 42 23 16 49 42 19 47 42 4 19 13 1 
Custo Total: 1757385
Solução após busca local:
Instalacoes:
1 1 0 0 1 0 0 0 1 1 0 0 0 1 0 1 1 0 1 1 1 0 1 1 0 1 0 0 0 0 0 1 0 0 1 0 0 0 0 1 0 0 1 0 0 0 0 1 0 1 
Atribuicoes:
19 1 25 9 0 47 4 16 0 42 16 4 22 13 20 15 16 4 18 19 9 4 31 13 9 20 9 20 49 23 47 31 47 8 1 49 13 25 9 23 47 4 4 47 9 0 20 8 39 1 
Custo Total: 661839
Total de iterações: 27557
Melhorias: 15
Tempo até a melhor solução: 28.7225 segundos
Iterações até a melhor solução: 26345
Soma dos custos: 11961243616
Média dos custos: 434055
Pior valor encontrado: 666527
Melhor solução encontrada:
Instalacoes:
1 1 0 0 1 0 0 0 1 1 0 0 0 1 0 0 1 0 1 0 1 0 1 1 0 0 0 0 0 0 0 0 0 0 0 0 0 0 0 0 0 0 0 0 0 0 0 1 0 1 
Atribuicoes:
9 1 4 9 20 20 4 16 20 0 4 1 49 13 20 8 16 1 18 47 47 1 22 13 9 22 9 13 47 23 0 4 1 8 0 16 4 18 9 8 1 4 9 13 9 20 47 47 4 49 
Custo Total: 432734
