Instância: Data/raw/50_P50_M1_Continuo_3.txt
Tempo limite: 30 segundos
Seed: 6
Tamanho da pertubação: 5
Solução inicial:
Instalacoes:
1 1 0 0 0 1 0 0 1 1 0 0 0 1 0 0 0 0 1 0 0 0 1 0 0 0 0 0 0 0 0 0 0 0 0 1 0 0 0 1 0 0 0 0 0 0 1 1 0 1 
Atribuicoes:
0 0 13 39 8 5 49 35 46 9 8 8 47 13 1 9 9 8 18 0 18 1 22 35 9 13 47 8 1 13 5 8 5 47 49 9 35 39 8 39 9 18 8 1 47 8 46 0 39 9 
Custo Total: 1714158
Solução após busca local:
Instalacoes:
1 1 0 0 1 1 0 0 1 1 0 0 0 1 0 0 1 0 1 1 1 0 1 0 0 0 0 0 0 0 1 0 0 0 0 1 0 0 0 1 0 0 0 0 0 0 1 1 0 0 
Atribuicoes:
19 0 20 39 20 5 1 18 46 9 8 20 47 13 1 4 4 16 20 0 18 1 22 19 9 13 47 8 9 47 20 4 0 13 35 16 30 1 8 39 19 8 8 30 47 9 46 47 39 9 
Custo Total: 559091
Total de iterações: 30008
Melhorias: 8
Tempo até a melhor solução: 9.35545 segundos
Iterações até a melhor solução: 9380
Soma dos custos: 12248119356
Média dos custos: 408162
Pior valor encontrado: 667293
Melhor solução encontrada:
Instalacoes:
1 1 0 0 1 0 0 0 1 1 0 0 0 1 0 0 1 0 0 0 1 0 1 0 0 0 0 0 0 0 0 0 0 0 0 0 0 0 0 0 0 0 0 0 0 0 1 1 0 1 
Atribuicoes:
4 0 20 13 20 0 1 16 46 9 8 20 22 13 1 4 4 9 20 0 16 9 22 4 49 8 47 8 1 47 20 13 0 13 47 49 4 9 8 1 1 8 8 4 47 9 46 47 1 49 
Custo Total: 404681
