Instância: Data/raw/50_P10_M0_Continuo_10.txt
Tempo limite: 30 segundos
Seed: 3
Tamanho da pertubação: 5
Solução inicial:
Instalacoes:
0 1 0 0 0 0 0 0 0 0 0 0 0 1 0 0 0 0 0 0 0 0 1 0 0 0 0 0 0 0 0 0 0 0 0 0 0 0 0 0 0 0 0 0 0 0 1 1 0 0 
Atribuicoes:
47 1 13 13 46 47 13 13 46 1 1 22 13 13 1 47 1 47 1 47 46 47 22 13 1 13 47 13 13 13 1 47 47 13 1 1 13 13 46 13 47 1 47 47 47 46 46 47 13 1 
Custo Total: 732585
Solução após busca local:
Instalacoes:
0 1 0 0 1 0 0 0 0 1 0 0 0 1 0 0 0 0 0 0 0 0 1 0 0 0 0 0 0 0 0 0 0 0 0 0 0 0 0 0 0 0 0 0 0 0 1 1 0 0 
Atribuicoes:
47 1 13 9 4 4 9 9 46 4 9 4 4 13 4 9 47 9 1 9 9 47 22 13 1 13 4 13 47 13 4 9 9 9 4 9 9 9 47 9 4 9 4 47 4 4 9 47 9 4 
Custo Total: 235613
Total de iterações: 93565
Melhorias: 7
Tempo até a melhor solução: 20.9007 segundos
Iterações até a melhor solução: 64802
Soma dos custos: 15928921416
Média dos custos: 170244
Pior valor encontrado: 395582
Melhor solução encontrada:
Instalacoes:
0 0 0 0 1 0 0 0 1 1 0 0 0 0 0 0 0 0 0 0 1 0 1 0 0 0 0 0 0 0 0 0 0 0 0 0 0 0 0 0 0 0 0 0 0 0 0 0 0 0 
Atribuicoes:
8 4 4 9 8 20 20 9 8 4 20 9 4 9 9 9 20 20 4 9 8 20 22 4 20 9 8 20 20 4 4 9 9 9 4 9 20 20 8 20 9 9 8 20 4 8 8 9 20 20 
Custo Total: 166731
