Instância: Data/raw/50_P20_M0_Continuo_4.txt
Tempo limite: 30 segundos
Seed: 6
Tamanho da pertubação: 5
Solução inicial:
Instalacoes:
0 1 0 0 0 0 0 0 1 1 0 0 0 1 0 0 0 0 0 1 0 0 1 1 0 0 0 0 0 0 1 0 0 0 0 0 0 0 0 0 0 0 0 0 0 0 0 1 0 0 
Atribuicoes:
19 1 23 30 8 13 13 13 8 9 9 9 8 23 47 9 9 47 22 19 8 13 22 13 9 13 19 9 8 23 30 47 30 30 1 9 30 47 47 23 9 13 8 19 47 8 8 19 23 8 
Custo Total: 1064576
Solução após busca local:
Instalacoes:
1 1 0 0 1 0 0 0 1 1 0 0 0 1 0 0 0 0 0 1 1 0 1 1 0 0 0 0 0 0 1 0 0 0 0 0 0 0 0 0 0 0 0 0 0 0 0 1 0 0 
Atribuicoes:
47 9 13 20 8 8 47 1 8 8 20 9 8 13 9 9 20 8 47 9 4 20 22 13 9 4 8 9 8 9 30 47 4 4 1 47 20 4 20 20 9 20 8 9 4 8 4 20 4 4 
Custo Total: 354607
Total de iterações: 63171
Melhorias: 15
Tempo até a melhor solução: 18.6237 segundos
Iterações até a melhor solução: 38818
Soma dos custos: 14580759348
Média dos custos: 230814
Pior valor encontrado: 456305
Melhor solução encontrada:
Instalacoes:
0 1 0 0 1 0 0 0 1 1 0 0 0 1 0 0 0 0 0 0 1 0 1 0 0 0 0 0 0 0 0 0 0 0 0 0 0 0 0 0 0 0 0 0 0 0 0 0 0 0 
Atribuicoes:
9 9 13 13 8 8 20 1 8 9 20 9 4 13 9 4 8 4 20 9 20 9 22 4 9 20 8 22 8 8 1 20 4 20 1 20 13 8 4 9 9 4 8 9 9 8 20 4 4 8 
Custo Total: 226356
