Instância: Data/raw/50_P50_M0_Continuo_4.txt
Tempo limite: 30 segundos
Seed: 6
Tamanho da pertubação: 5
Solução inicial:
Instalacoes:
0 1 0 0 1 0 0 1 0 1 0 0 0 1 0 0 1 0 0 1 0 0 1 1 0 1 0 0 1 0 0 1 0 0 0 0 0 0 0 1 0 0 1 0 0 0 0 0 0 0 
Atribuicoes:
19 1 25 23 16 13 13 7 42 42 31 9 39 23 4 42 9 39 13 19 22 19 22 23 4 31 19 9 28 23 23 13 23 23 4 42 25 39 4 39 16 9 42 19 19 4 16 19 25 4 
Custo Total: 1689181
Solução após busca local:
Instalacoes:
1 0 0 0 1 0 0 0 1 1 0 0 0 1 0 0 1 0 0 1 1 0 1 1 0 1 0 0 0 0 0 0 0 0 0 0 0 0 0 1 0 0 1 0 0 0 0 1 0 1 
Atribuicoes:
8 13 25 23 47 20 13 16 0 42 16 22 4 4 4 0 9 4 13 9 19 47 22 20 47 19 20 9 9 20 23 13 0 4 4 16 39 47 4 39 16 8 42 20 47 8 42 19 25 49 
Custo Total: 534372
Total de iterações: 30432
Melhorias: 20
Tempo até a melhor solução: 25.4428 segundos
Iterações até a melhor solução: 25829
Soma dos custos: 11929981857
Média dos custos: 392021
Pior valor encontrado: 628536
Melhor solução encontrada:
Instalacoes:
1 1 0 0 1 0 0 0 1 1 0 0 0 1 0 0 1 0 0 0 1 0 1 0 0 0 0 0 0 0 0 0 0 0 0 0 0 0 0 0 0 0 0 0 0 0 0 1 0 1 
Atribuicoes:
8 1 13 0 0 20 9 20 1 49 8 20 4 4 4 47 9 4 16 47 13 0 22 20 49 49 47 16 47 20 1 16 47 4 4 20 4 1 9 13 16 49 8 20 9 8 8 9 9 8 
Custo Total: 382343
