Instância: Data/raw/50_P5_M1_Continuo_2.txt
Tempo limite: 30 segundos
Seed: 7
Tamanho da pertubação: 5
Solução inicial:
Instalacoes:
0 1 0 0 0 0 0 0 0 1 0 0 0 0 0 0 0 0 0 0 1 0 1 0 0 0 0 0 0 0 0 0 0 0 0 0 0 0 0 1 0 0 0 0 0 0 0 1 0 0 
Atribuicoes:
47 9 1 39 47 47 39 39 1 9 47 20 20 39 47 9 20 20 20 47 20 47 22 1 9 47 47 20 47 1 47 47 47 39 1 9 39 20 47 39 9 47 1 47 47 47 20 1 39 9 
Custo Total: 477236
Solução após busca local:
Instalacoes:
0 1 0 0 1 0 0 0 0 1 0 0 0 0 0 0 0 0 0 0 1 0 1 0 0 0 0 0 0 0 0 0 0 0 0 0 0 0 0 1 0 0 0 0 0 0 0 1 0 0 
Atribuicoes:
9 9 9 20 4 47 20 4 4 9 9 20 20 9 9 9 20 20 20 9 20 9 22 20 9 4 4 20 20 9 47 47 9 9 4 9 9 20 4 20 9 20 4 9 9 4 4 47 20 9 
Custo Total: 214169
Total de iterações: 152520
Melhorias: 10
Tempo até a melhor solução: 9.75914 segundos
Iterações até a melhor solução: 48304
Soma dos custos: 21012230433
Média dos custos: 137767
Pior valor encontrado: 324061
Melhor solução encontrada:
Instalacoes:
0 0 0 0 1 0 0 0 0 1 0 0 0 0 0 0 0 0 0 0 1 0 1 0 0 0 0 0 0 0 0 0 0 0 0 0 0 0 0 0 0 0 0 0 0 0 0 0 0 0 
Atribuicoes:
9 9 9 20 4 4 9 4 4 9 20 20 20 20 9 9 20 20 20 9 20 9 22 9 9 4 4 9 4 9 4 9 9 20 9 20 9 20 4 20 9 20 4 9 9 4 4 9 20 9 
Custo Total: 136887
