Instância: Data/raw/50_P60_M0_Continuo_8.txt
Tempo limite: 30 segundos
Seed: 8
Tamanho da pertubação: 5
Solução inicial:
Instalacoes:
1 0 0 0 1 1 0 1 1 1 0 0 0 1 0 0 0 0 1 1 1 0 1 0 0 0 0 0 0 1 0 0 0 0 1 0 0 0 0 0 0 0 0 0 0 0 0 0 0 0 
Atribuicoes:
0 0 13 20 4 5 34 7 8 9 18 18 7 13 19 9 20 7 18 19 20 8 22 29 18 13 8 8 5 29 5 13 5 22 34 9 20 7 8 13 18 4 9 19 8 4 4 19 18 0 
Custo Total: 2388147
Solução após busca local:
Instalacoes:
1 1 1 0 1 1 0 1 1 1 0 0 0 1 0 0 1 0 1 1 1 0 0 0 0 0 0 0 1 1 1 0 0 0 0 0 0 0 0 0 0 0 0 0 0 0 1 1 0 0 
Atribuicoes:
0 19 13 16 4 5 0 13 1 9 18 13 20 28 19 9 16 7 18 47 20 8 22 29 47 20 8 8 47 29 5 0 30 30 0 16 20 47 46 13 22 4 1 9 8 4 46 19 1 8 
Custo Total: 643894
Total de iterações: 23849
Melhorias: 17
Tempo até a melhor solução: 11.5501 segundos
Iterações até a melhor solução: 8920
Soma dos custos: 11391817732
Média dos custos: 477664
Pior valor encontrado: 726588
Melhor solução encontrada:
Instalacoes:
1 1 0 0 1 0 0 0 1 1 0 0 0 1 0 0 1 0 1 0 1 0 1 0 0 0 0 0 0 0 1 0 0 0 0 0 0 0 0 1 0 0 0 0 0 0 0 1 0 1 
Atribuicoes:
0 47 30 13 4 4 49 9 1 1 16 13 30 30 0 13 16 1 18 0 20 8 22 1 20 39 8 8 20 1 13 47 30 1 49 16 20 4 9 39 22 18 9 47 8 4 9 47 39 8 
Custo Total: 472205
