Instância: Data/raw/50_P80_M1_HUB_1.txt
Tempo limite: 30 segundos
Seed: 8
Tamanho da pertubação: 5
Solução inicial:
Instalacoes:
1 0 1 1 0 0 0 1 0 0 0 0 0 0 0 1 1 0 1 1 0 0 1 0 0 0 0 0 0 0 0 0 1 0 0 0 0 0 0 1 0 0 0 1 0 0 1 1 0 0 
Atribuicoes:
0 0 2 3 15 2 18 7 18 46 47 19 7 2 43 15 16 7 19 19 15 43 22 2 46 39 19 2 32 2 32 18 32 22 0 47 3 7 0 39 47 16 47 43 47 18 46 0 39 46 
Custo Total: 2684813
Solução após busca local:
Instalacoes:
1 1 1 1 1 0 0 1 1 1 0 0 0 1 0 1 1 0 1 1 1 0 1 0 1 0 0 0 0 0 1 1 1 0 1 0 0 0 0 1 0 0 0 1 0 0 1 1 0 1 
Atribuicoes:
20 9 31 3 15 2 9 20 18 49 47 19 0 31 43 34 34 7 19 47 1 20 22 4 24 13 0 2 31 20 32 18 32 30 49 47 3 18 0 39 34 16 20 47 8 8 46 0 39 46 
Custo Total: 954747
Total de iterações: 18483
Melhorias: 23
Tempo até a melhor solução: 18.0428 segundos
Iterações até a melhor solução: 11046
Soma dos custos: 12622816221
Média dos custos: 682942
Pior valor encontrado: 929401
Melhor solução encontrada:
Instalacoes:
1 1 0 0 1 0 0 0 1 1 0 0 0 1 0 0 1 0 1 1 1 0 1 1 0 1 0 0 0 0 1 1 0 0 1 1 0 0 0 0 0 0 0 0 0 0 0 1 0 1 
Atribuicoes:
20 1 13 30 0 25 49 20 9 9 47 30 4 13 8 9 19 18 18 47 16 19 22 23 0 25 13 34 13 20 19 31 31 23 34 47 1 9 4 25 1 35 20 47 8 8 4 4 1 49 
Custo Total: 676285
