Instância: Data/raw/50_P40_M1_HUB_6.txt
Tempo limite: 30 segundos
Seed: 3
Tamanho da pertubação: 5
Solução inicial:
Instalacoes:
0 1 0 0 0 0 0 0 1 0 0 0 0 1 0 0 0 0 1 1 1 0 1 0 0 0 0 0 0 0 1 0 0 0 1 0 0 0 0 1 0 0 1 0 0 0 1 0 0 0 
Atribuicoes:
19 1 34 13 8 30 46 34 46 42 13 20 39 34 8 42 18 20 18 19 18 1 22 34 8 22 19 20 1 18 30 30 30 22 1 20 13 39 8 39 13 18 42 19 19 8 46 19 39 8 
Custo Total: 1406242
Solução após busca local:
Instalacoes:
0 1 0 0 1 0 0 0 1 1 0 0 0 1 0 0 1 0 1 1 1 0 1 1 0 0 0 0 0 0 1 0 0 0 1 0 0 0 0 1 0 0 1 0 0 0 1 1 0 0 
Atribuicoes:
19 1 1 13 8 8 9 16 46 42 9 22 39 13 9 9 16 20 47 19 18 1 22 19 4 18 47 20 20 23 30 20 30 4 1 20 20 30 8 39 16 18 8 9 20 8 46 4 20 20 
Custo Total: 543703
Total de iterações: 32157
Melhorias: 25
Tempo até a melhor solução: 3.08379 segundos
Iterações até a melhor solução: 3342
Soma dos custos: 11008908621
Média dos custos: 342349
Pior valor encontrado: 590199
Melhor solução encontrada:
Instalacoes:
1 1 0 0 1 0 0 0 1 1 0 0 0 1 0 0 0 0 0 0 1 0 1 0 0 0 0 0 0 0 0 0 0 0 0 0 0 0 0 1 0 0 0 0 0 0 0 1 0 0 
Atribuicoes:
4 1 4 4 4 8 9 39 4 13 9 13 8 13 9 9 1 20 9 0 0 4 22 0 4 22 9 20 20 47 1 9 47 8 1 20 20 47 8 39 1 4 4 9 20 8 47 47 20 20 
Custo Total: 339715
