Instância: Data/raw/50_P100_M1_HUB_4.txt
Tempo limite: 30 segundos
Seed: 10
Tamanho da pertubação: 5
Solução inicial:
Instalacoes:
1 0 1 1 0 1 0 1 0 1 0 1 0 0 1 1 0 0 1 1 0 0 1 0 0 1 0 0 1 1 0 0 0 0 0 0 0 0 0 1 0 1 1 1 0 0 1 0 0 0 
Atribuicoes:
0 0 2 3 15 5 25 7 15 9 46 11 7 2 14 9 46 7 18 19 46 43 22 29 42 5 42 11 28 29 2 25 43 2 0 9 3 7 25 39 28 18 42 19 42 46 46 19 39 0 
Custo Total: 3238046
Solução após busca local:
Instalacoes:
1 1 1 1 1 1 0 1 1 1 0 1 0 1 0 1 1 0 1 1 1 0 1 1 1 1 0 0 1 1 1 1 0 0 1 1 0 0 0 1 0 0 1 1 0 0 1 1 0 1 
Atribuicoes:
0 15 13 25 18 5 8 20 1 9 1 11 7 19 43 9 4 35 18 31 25 0 22 23 24 30 47 16 28 29 5 2 43 20 13 47 3 39 49 39 28 16 42 19 8 46 46 4 30 34 
Custo Total: 1341614
Total de iterações: 14124
Melhorias: 24
Tempo até a melhor solução: 17.7849 segundos
Iterações até a melhor solução: 8262
Soma dos custos: 16733097883
Média dos custos: 1.18473e+06
Pior valor encontrado: 1386542
Melhor solução encontrada:
Instalacoes:
1 1 0 0 1 1 0 0 1 1 0 0 1 1 0 0 1 0 1 1 1 0 1 1 0 1 0 0 1 0 1 1 0 0 1 1 0 0 0 1 0 0 1 1 0 0 1 1 0 1 
Atribuicoes:
0 34 31 19 9 49 8 16 46 35 22 31 12 25 34 47 30 18 18 19 20 0 5 23 23 47 20 22 28 4 5 30 1 39 49 16 39 13 9 13 28 20 42 43 4 46 8 1 25 35 
Custo Total: 1174131
