Instância: Data/raw/50_P80_M0_Continuo_9.txt
Tempo limite: 30 segundos
Seed: 9
Tamanho da pertubação: 5
Solução inicial:
Instalacoes:
0 1 1 1 0 0 0 1 0 0 0 0 0 1 1 1 0 0 1 0 1 1 1 0 1 0 0 0 0 1 0 0 0 0 1 1 0 0 1 0 0 0 0 0 0 0 1 1 0 0 
Atribuicoes:
1 24 2 3 15 2 24 7 35 24 47 20 7 13 14 15 18 35 18 15 47 21 22 29 20 2 35 20 14 29 29 34 21 46 34 18 3 35 38 13 1 47 15 21 35 38 46 47 18 34 
Custo Total: 2442020
Solução após busca local:
Instalacoes:
1 1 1 1 1 0 0 0 1 1 0 0 0 1 1 1 1 0 1 1 1 1 1 0 0 0 0 0 1 1 1 1 0 0 1 1 0 0 1 1 0 0 0 0 0 0 1 1 0 1 
Atribuicoes:
1 19 28 3 0 2 39 34 35 0 4 49 47 13 14 15 18 16 4 39 47 21 22 30 20 2 19 20 13 29 29 28 13 46 34 31 9 16 38 39 1 47 20 49 9 8 46 16 18 8 
Custo Total: 997865
Total de iterações: 19987
Melhorias: 21
Tempo até a melhor solução: 21.7607 segundos
Iterações até a melhor solução: 14442
Soma dos custos: 13226368420
Média dos custos: 661749
Pior valor encontrado: 901814
Melhor solução encontrada:
Instalacoes:
1 1 0 0 1 0 0 0 1 1 0 0 0 1 0 0 1 0 0 1 1 0 1 1 0 1 0 0 0 0 1 1 0 0 1 0 0 0 0 1 0 0 0 0 0 0 1 1 0 1 
Atribuicoes:
16 8 31 25 46 25 20 30 1 47 4 22 16 13 34 20 9 1 4 0 20 1 16 47 49 23 47 30 13 23 0 31 13 9 30 34 39 19 9 39 1 4 19 8 20 20 46 19 8 49 
Custo Total: 646489
