Instância: Data/raw/50_P80_M1_HUB_9.txt
Tempo limite: 30 segundos
Seed: 2
Tamanho da pertubação: 5
Solução inicial:
Instalacoes:
1 0 1 1 1 1 0 1 1 1 0 0 0 0 1 0 0 0 1 0 0 0 1 0 0 0 0 0 1 1 0 0 0 0 0 0 0 0 0 1 0 1 1 0 0 0 1 1 0 0 
Atribuicoes:
4 4 2 3 4 5 42 7 4 9 46 9 7 2 14 42 46 7 18 47 46 14 22 29 42 5 9 9 8 29 2 8 5 2 4 46 3 7 46 39 8 18 8 14 46 4 8 47 39 42 
Custo Total: 3320045
Solução após busca local:
Instalacoes:
0 1 1 1 1 1 0 1 1 1 0 0 0 1 1 1 1 0 1 1 1 0 1 1 0 1 0 0 0 1 1 1 1 0 1 0 0 0 0 1 0 0 1 0 0 0 1 1 0 1 
Atribuicoes:
20 47 2 3 4 5 16 7 8 15 4 9 49 39 42 42 39 1 18 4 18 13 22 30 34 19 9 22 47 29 25 31 32 34 8 46 22 7 1 39 23 14 8 30 19 4 20 13 8 34 
Custo Total: 973135
Total de iterações: 18038
Melhorias: 22
Tempo até a melhor solução: 26.8485 segundos
Iterações até a melhor solução: 16120
Soma dos custos: 11634670861
Média dos custos: 645009
Pior valor encontrado: 900598
Melhor solução encontrada:
Instalacoes:
1 1 0 0 1 0 0 0 1 1 0 0 0 1 0 0 1 0 1 1 1 0 1 1 0 1 0 0 0 0 1 1 0 0 1 0 0 0 0 1 0 0 0 0 0 0 0 1 0 0 
Atribuicoes:
20 34 31 39 4 13 13 31 8 4 13 1 19 13 47 47 9 16 18 4 18 0 47 30 9 9 1 22 34 23 23 25 30 39 8 13 20 16 47 25 22 0 8 9 19 4 20 0 8 39 
Custo Total: 635267
