Instância: Data/raw/50_P20_M0_Continuo_5.txt
Tempo limite: 30 segundos
Seed: 6
Tamanho da pertubação: 5
Solução inicial:
Instalacoes:
1 1 0 0 1 0 0 0 1 0 0 0 0 1 0 0 0 0 0 0 0 0 1 0 0 0 0 0 0 0 0 0 0 0 0 0 0 0 0 0 0 0 0 0 0 0 0 1 0 0 
Atribuicoes:
47 1 13 1 4 13 1 4 8 4 47 4 13 13 47 4 47 22 4 47 4 47 22 13 8 13 47 4 47 47 47 47 47 47 1 4 13 0 8 13 1 4 8 47 0 8 8 47 4 1 
Custo Total: 1284079
Solução após busca local:
Instalacoes:
0 1 0 0 1 0 0 0 1 1 0 0 0 1 0 0 0 0 0 1 1 0 1 0 0 0 0 0 0 0 0 0 0 0 0 0 0 0 0 0 0 0 0 0 0 0 0 1 0 0 
Atribuicoes:
19 1 13 1 4 13 20 20 20 4 47 22 4 13 47 9 47 47 20 47 4 9 22 8 20 13 9 20 4 9 47 47 4 9 1 4 9 8 8 13 1 4 8 9 1 8 8 47 9 4 
Custo Total: 287398
Total de iterações: 67479
Melhorias: 11
Tempo até a melhor solução: 4.78745 segundos
Iterações até a melhor solução: 10210
Soma dos custos: 15223633602
Média dos custos: 225606
Pior valor encontrado: 437109
Melhor solução encontrada:
Instalacoes:
0 1 0 0 1 0 0 0 1 1 0 0 0 0 0 0 0 0 0 0 1 0 1 0 0 0 0 0 0 0 0 0 0 0 0 0 0 0 0 0 0 0 0 0 0 0 0 1 0 0 
Atribuicoes:
1 1 9 20 8 20 20 4 47 4 47 22 9 8 4 9 4 47 20 47 8 9 22 4 20 20 8 4 20 9 4 4 4 20 9 4 9 20 8 9 1 20 8 9 9 8 8 9 9 9 
Custo Total: 224498
