Instância: Data/raw/50_P100_M1_Continuo_8.txt
Tempo limite: 30 segundos
Seed: 1
Tamanho da pertubação: 5
Solução inicial:
Instalacoes:
1 0 1 1 0 1 0 1 0 1 0 1 0 0 1 1 0 0 1 1 0 0 1 0 0 0 0 0 1 1 0 0 0 0 0 0 0 0 0 1 0 1 1 1 0 1 1 0 0 0 
Atribuicoes:
0 0 2 3 15 5 14 7 15 9 46 11 7 2 14 9 46 7 18 19 46 43 22 29 42 5 42 11 28 29 2 28 43 2 0 9 3 7 9 39 28 18 42 19 42 45 46 19 39 0 
Custo Total: 2809489
Solução após busca local:
Instalacoes:
1 1 1 1 1 1 0 1 1 1 0 1 0 1 1 1 1 0 1 1 1 0 1 1 0 0 0 1 1 1 1 1 0 0 1 0 0 0 0 1 0 0 1 1 0 0 1 1 0 1 
Atribuicoes:
4 0 2 3 15 5 30 7 16 9 46 11 7 23 14 9 18 22 18 4 46 43 22 23 20 49 8 27 13 29 5 2 31 47 49 1 34 13 8 39 28 19 42 34 42 0 4 19 28 20 
Custo Total: 1329335
Total de iterações: 14097
Melhorias: 25
Tempo até a melhor solução: 21.4601 segundos
Iterações até a melhor solução: 10107
Soma dos custos: 16524762899
Média dos custos: 1.17222e+06
Pior valor encontrado: 1391492
Melhor solução encontrada:
Instalacoes:
1 1 0 0 1 1 0 1 1 1 0 0 0 1 0 0 1 0 1 1 1 0 1 1 0 1 0 0 1 0 1 1 0 0 1 1 0 0 0 1 0 0 1 0 0 0 1 1 0 1 
Atribuicoes:
9 1 5 9 0 31 4 7 46 8 31 13 7 23 30 16 18 22 18 19 47 4 22 23 35 34 8 49 28 1 30 5 28 39 34 0 20 16 19 39 25 35 42 20 42 46 13 47 25 49 
Custo Total: 1161987
