Instância: Data/raw/50_P70_M1_Continuo_5.txt
Tempo limite: 30 segundos
Seed: 1
Tamanho da pertubação: 5
Solução inicial:
Instalacoes:
1 0 1 1 1 1 0 1 1 1 0 0 0 0 0 0 0 0 1 1 0 0 1 1 0 0 0 0 0 1 0 0 0 0 0 0 0 0 0 1 0 0 1 0 0 0 0 0 0 0 
Atribuicoes:
0 0 23 3 4 5 2 7 8 9 18 9 7 23 19 9 18 18 4 19 4 23 22 29 4 39 42 9 23 29 23 5 5 18 0 9 3 7 42 39 18 4 8 19 42 4 8 19 39 0 
Custo Total: 2428690
Solução após busca local:
Instalacoes:
1 1 0 1 1 1 0 1 1 1 0 0 0 1 0 0 1 0 1 1 1 0 1 1 0 1 0 0 0 1 1 1 0 0 0 0 0 0 0 1 0 0 1 0 0 0 1 1 0 1 
Atribuicoes:
19 0 30 1 8 30 49 7 8 47 18 31 4 23 19 9 20 18 4 47 31 23 22 47 4 1 1 25 25 29 49 9 0 16 8 9 22 31 46 39 18 4 20 16 42 13 46 19 39 0 
Custo Total: 845879
Total de iterações: 21461
Melhorias: 17
Tempo até a melhor solução: 21.4825 segundos
Iterações até a melhor solução: 15182
Soma dos custos: 11812294977
Média dos custos: 550407
Pior valor encontrado: 819387
Melhor solução encontrada:
Instalacoes:
1 1 0 0 1 0 0 0 1 1 0 0 0 1 0 0 1 0 1 1 1 0 1 0 0 0 0 0 0 0 1 1 0 0 0 0 0 0 0 1 0 0 0 0 0 0 0 1 0 1 
Atribuicoes:
19 0 9 39 4 13 9 20 4 47 16 31 31 13 4 1 20 1 16 47 18 19 22 47 8 31 0 30 9 13 30 1 30 39 49 49 18 20 9 13 47 8 8 1 8 20 18 4 30 0 
Custo Total: 537102
