Instância: Data/raw/50_P50_M1_Continuo_3.txt
Tempo limite: 30 segundos
Seed: 5
Tamanho da pertubação: 5
Solução inicial:
Instalacoes:
1 1 0 0 0 1 0 0 1 1 0 0 0 1 0 0 0 0 1 0 0 0 1 0 0 0 0 0 0 0 0 0 0 0 0 1 0 0 0 1 0 0 0 0 0 0 1 1 0 1 
Atribuicoes:
0 0 13 39 8 5 49 35 46 9 8 8 47 13 1 9 9 8 18 0 18 1 22 35 9 13 47 8 1 13 5 8 5 47 49 9 35 39 8 39 9 18 8 1 47 8 46 0 39 9 
Custo Total: 1714158
Solução após busca local:
Instalacoes:
1 1 0 0 1 1 0 0 1 1 0 0 0 1 0 0 1 0 1 1 1 0 1 0 0 0 0 0 0 0 1 0 0 0 0 1 0 0 0 1 0 0 0 0 0 0 1 1 0 0 
Atribuicoes:
19 0 20 39 20 5 1 18 46 9 8 20 47 13 1 4 4 16 20 0 18 1 22 19 9 13 47 8 9 47 20 4 0 13 35 16 30 1 8 39 19 8 8 30 47 9 46 47 39 9 
Custo Total: 559091
Total de iterações: 28515
Melhorias: 22
Tempo até a melhor solução: 10.1889 segundos
Iterações até a melhor solução: 9860
Soma dos custos: 11643091542
Média dos custos: 408315
Pior valor encontrado: 671075
Melhor solução encontrada:
Instalacoes:
1 1 0 0 1 0 0 0 1 1 0 0 0 1 0 0 1 0 0 0 1 0 1 0 0 0 0 0 0 0 0 0 0 0 0 0 0 0 0 0 0 0 0 0 0 0 0 1 0 1 
Atribuicoes:
47 0 47 1 47 8 9 4 8 20 16 20 1 47 9 4 16 8 20 0 22 1 22 47 9 13 4 8 9 13 20 47 0 1 9 47 16 13 4 13 16 22 8 49 4 20 1 9 13 49 
Custo Total: 400224
