Instância: Data/raw/50_P90_M0_Continuo_9.txt
Tempo limite: 30 segundos
Seed: 7
Tamanho da pertubação: 5
Solução inicial:
Instalacoes:
1 1 1 1 0 1 0 1 0 0 0 0 0 1 1 0 0 0 1 0 0 0 1 0 0 0 0 0 1 1 0 1 0 0 0 0 0 0 1 1 0 1 0 0 0 0 1 1 0 0 
Atribuicoes:
47 1 2 3 1 5 1 7 38 0 41 22 7 2 14 14 41 7 18 47 41 31 22 13 46 5 1 31 28 29 2 28 5 13 1 41 3 7 38 39 28 18 0 31 1 38 46 47 39 14 
Custo Total: 2662044
Solução após busca local:
Instalacoes:
1 1 1 1 1 1 0 1 1 1 0 0 0 1 1 0 1 0 1 1 1 0 1 1 1 1 0 0 1 0 1 1 0 0 1 1 0 0 1 1 0 1 0 0 0 0 1 1 0 1 
Atribuicoes:
47 20 2 3 9 5 1 7 38 19 41 34 25 39 49 34 4 8 18 47 9 31 22 23 24 23 1 31 28 0 20 28 5 13 35 41 30 30 38 39 35 16 0 19 8 4 46 13 25 14 
Custo Total: 1088208
Total de iterações: 17735
Melhorias: 12
Tempo até a melhor solução: 27.824 segundos
Iterações até a melhor solução: 16472
Soma dos custos: 14720627705
Média dos custos: 830033
Pior valor encontrado: 1058794
Melhor solução encontrada:
Instalacoes:
1 1 0 0 1 0 0 0 1 1 0 0 0 1 0 0 1 0 1 1 1 0 1 1 0 1 0 1 1 0 0 1 0 0 1 0 0 0 0 0 0 0 0 0 0 0 1 1 0 1 
Atribuicoes:
49 1 16 13 46 34 34 30 46 18 16 20 27 25 28 49 47 28 25 4 19 30 22 23 34 23 9 22 28 20 1 27 47 13 31 16 4 49 46 0 31 8 4 18 8 20 0 19 25 9 
Custo Total: 813730
