Instância: Data/raw/50_P70_M0_Continuo_10.txt
Tempo limite: 30 segundos
Seed: 5
Tamanho da pertubação: 5
Solução inicial:
Instalacoes:
1 0 1 0 1 0 0 0 1 1 0 0 0 1 0 0 0 0 0 1 0 0 1 1 0 0 0 1 0 0 0 0 0 0 0 0 0 0 0 1 0 0 0 0 0 0 0 1 0 1 
Atribuicoes:
47 47 23 13 4 2 49 19 8 9 8 13 22 2 0 9 9 49 4 47 4 0 22 23 9 13 0 27 19 23 2 13 23 13 47 9 13 49 49 39 9 4 8 0 19 4 8 47 39 9 
Custo Total: 2363036
Solução após busca local:
Instalacoes:
1 1 1 0 1 0 0 0 1 1 0 0 0 1 0 0 1 0 1 1 1 0 1 1 1 1 0 0 0 0 1 1 0 0 0 0 0 0 0 1 0 0 0 0 0 0 0 1 0 1 
Atribuicoes:
9 47 1 13 4 25 1 49 8 9 13 49 8 39 31 1 24 49 4 19 4 0 22 30 49 18 31 47 19 23 8 30 23 13 20 9 13 25 49 9 2 18 8 0 19 20 1 47 39 20 
Custo Total: 714130
Total de iterações: 21026
Melhorias: 15
Tempo até a melhor solução: 23.1436 segundos
Iterações até a melhor solução: 16297
Soma dos custos: 11774021233
Média dos custos: 559974
Pior valor encontrado: 801961
Melhor solução encontrada:
Instalacoes:
1 1 0 0 1 0 0 0 1 1 0 0 0 1 0 0 1 0 1 1 1 0 1 1 0 0 0 0 0 0 1 0 0 0 0 0 0 0 0 0 0 0 0 0 0 0 0 1 0 0 
Atribuicoes:
9 8 1 13 4 23 1 16 8 9 13 16 22 47 0 1 47 16 4 19 4 8 22 30 16 18 1 18 30 23 22 30 8 13 20 9 13 23 0 9 30 18 13 18 47 20 47 19 23 20 
Custo Total: 548788
