Instância: Data/raw/50_P80_M0_Continuo_8.txt
Tempo limite: 30 segundos
Seed: 3
Tamanho da pertubação: 5
Solução inicial:
Instalacoes:
1 0 1 0 1 0 0 1 1 1 0 0 0 1 0 0 1 0 0 1 1 0 1 0 0 1 0 0 0 0 1 0 0 0 0 0 0 0 0 1 0 0 1 0 0 0 0 1 0 0 
Atribuicoes:
47 47 30 39 4 30 47 7 8 9 16 13 7 13 19 9 16 7 20 47 20 20 22 25 25 25 42 39 2 2 30 30 30 25 47 9 39 7 9 13 16 25 8 19 42 4 8 19 39 47 
Custo Total: 2770617
Solução após busca local:
Instalacoes:
0 1 1 0 1 0 0 1 1 1 0 0 0 1 0 0 1 0 1 1 1 0 1 1 0 1 0 1 1 0 1 1 0 0 1 1 0 0 0 1 0 0 1 1 0 0 1 1 0 1 
Atribuicoes:
1 42 2 31 23 30 47 9 13 9 16 27 7 13 19 35 16 28 30 47 20 8 22 25 20 25 42 4 28 39 43 30 1 23 47 9 39 18 46 13 8 49 42 19 20 4 8 4 39 34 
Custo Total: 894659
Total de iterações: 18463
Melhorias: 22
Tempo até a melhor solução: 26.734 segundos
Iterações até a melhor solução: 16442
Soma dos custos: 12220804009
Média dos custos: 661908
Pior valor encontrado: 918736
Melhor solução encontrada:
Instalacoes:
1 1 0 0 1 0 0 0 1 1 0 0 0 1 0 0 1 0 1 1 1 0 1 0 0 0 0 0 0 0 1 1 0 0 1 0 0 0 0 0 0 0 1 0 0 0 1 1 0 1 
Atribuicoes:
19 0 13 22 46 30 4 47 46 9 16 31 18 47 34 1 16 49 9 34 20 8 22 1 46 1 4 22 49 13 31 31 19 9 34 0 13 4 42 20 8 18 20 30 20 47 8 42 9 0 
Custo Total: 647919
