Instância: Data/raw/50_P5_M0_Continuo_5.txt
Tempo limite: 30 segundos
Seed: 8
Tamanho da pertubação: 5
Solução inicial:
Instalacoes:
1 1 0 0 0 0 0 0 1 0 0 0 0 1 0 0 0 0 0 0 0 0 1 0 0 0 0 0 0 0 0 0 0 0 0 0 0 0 0 0 0 0 0 0 0 0 0 1 0 0 
Atribuicoes:
0 1 13 13 8 47 47 47 8 8 47 8 47 13 0 8 0 47 8 0 8 47 22 13 0 13 47 8 13 47 47 47 47 47 1 8 1 13 8 13 1 8 8 0 47 8 8 0 13 1 
Custo Total: 599638
Solução após busca local:
Instalacoes:
1 1 0 0 0 0 0 0 1 1 0 0 0 1 0 0 0 0 0 0 0 0 1 0 0 0 0 0 0 0 0 0 0 0 0 0 0 0 0 0 0 0 0 0 0 0 0 1 0 0 
Atribuicoes:
8 1 9 13 8 9 9 8 8 8 9 9 9 13 9 8 9 9 8 47 9 47 22 8 1 9 8 9 9 9 47 47 9 9 9 9 9 9 8 9 9 8 8 9 47 8 8 47 9 8 
Custo Total: 221548
Total de iterações: 144929
Melhorias: 8
Tempo até a melhor solução: 14.2438 segundos
Iterações até a melhor solução: 68897
Soma dos custos: 23698978927
Média dos custos: 163521
Pior valor encontrado: 364593
Melhor solução encontrada:
Instalacoes:
0 0 0 0 1 0 0 0 1 1 0 0 0 0 0 0 0 0 0 0 1 0 1 0 0 0 0 0 0 0 0 0 0 0 0 0 0 0 0 0 0 0 0 0 0 0 0 0 0 0 
Atribuicoes:
4 4 9 9 4 9 9 20 8 9 20 9 20 20 4 9 9 20 20 9 4 4 22 9 20 9 8 20 20 9 4 20 9 9 9 9 9 20 8 9 9 20 8 9 8 8 8 9 20 20 
Custo Total: 162884
