Instância: Data/raw/50_P50_M1_HUB_8.txt
Tempo limite: 30 segundos
Seed: 4
Tamanho da pertubação: 5
Solução inicial:
Instalacoes:
1 0 0 0 1 1 0 0 0 0 0 0 0 1 0 0 1 0 1 1 1 0 1 0 0 1 0 1 0 0 0 1 0 0 0 0 0 0 0 1 0 0 0 0 0 0 1 1 0 0 
Atribuicoes:
4 4 13 25 4 5 18 27 46 16 16 20 16 13 19 4 27 18 27 47 20 16 22 13 47 25 47 27 5 18 5 31 5 13 4 27 25 31 4 39 16 20 0 19 0 4 46 19 39 4 
Custo Total: 1542835
Solução após busca local:
Instalacoes:
1 1 1 0 1 1 0 0 1 1 0 0 0 1 0 0 1 0 1 1 1 0 1 0 0 1 0 1 0 0 1 1 0 0 0 0 0 0 0 1 0 0 0 0 0 0 0 1 0 1 
Atribuicoes:
1 1 13 25 4 5 9 39 1 0 18 8 16 13 47 4 49 9 18 47 20 0 22 13 20 31 47 27 31 13 25 31 49 9 4 8 47 31 4 39 8 20 20 19 47 4 8 9 39 4 
Custo Total: 637517
Total de iterações: 27242
Melhorias: 13
Tempo até a melhor solução: 29.9318 segundos
Iterações até a melhor solução: 27179
Soma dos custos: 11328238772
Média dos custos: 415837
Pior valor encontrado: 654947
Melhor solução encontrada:
Instalacoes:
1 1 0 0 1 0 0 0 1 1 0 0 0 1 0 0 1 0 0 0 1 0 1 0 0 0 0 0 0 0 1 0 0 0 0 0 0 0 0 1 0 0 0 0 0 0 0 1 0 0 
Atribuicoes:
1 1 13 30 47 39 9 39 4 8 22 8 47 13 1 1 16 9 4 9 20 0 22 13 20 8 47 20 30 13 30 0 9 0 4 9 47 16 4 39 8 20 20 30 47 4 8 9 39 4 
Custo Total: 408531
