Instância: Data/raw/50_P40_M0_Continuo_8.txt
Tempo limite: 30 segundos
Seed: 4
Tamanho da pertubação: 5
Solução inicial:
Instalacoes:
1 0 0 0 1 0 0 0 0 1 0 0 0 0 0 0 1 0 0 0 1 0 1 0 0 1 0 0 1 0 0 0 0 0 0 0 0 0 0 1 0 0 0 1 0 0 0 1 0 0 
Atribuicoes:
0 0 28 16 4 28 25 22 4 9 20 47 16 9 43 9 20 16 20 0 20 43 22 16 4 25 0 47 28 47 28 47 28 16 0 9 16 20 9 39 4 20 4 43 0 47 4 9 39 4 
Custo Total: 2206870
Solução após busca local:
Instalacoes:
1 1 0 0 1 0 0 0 1 1 0 0 0 1 0 0 1 0 1 0 1 0 1 0 0 1 0 0 1 0 0 1 0 0 0 0 0 0 0 1 0 0 0 0 0 0 0 1 0 0 
Atribuicoes:
16 0 25 4 4 25 25 25 0 9 20 47 16 47 28 9 20 16 20 8 20 0 22 0 8 25 47 20 28 47 13 47 9 9 4 1 13 39 8 39 1 20 4 0 8 47 1 9 13 4 
Custo Total: 512484
Total de iterações: 33144
Melhorias: 14
Tempo até a melhor solução: 27.6012 segundos
Iterações até a melhor solução: 30481
Soma dos custos: 12522866883
Média dos custos: 377832
Pior valor encontrado: 617332
Melhor solução encontrada:
Instalacoes:
1 1 0 0 1 0 0 0 1 1 0 0 0 1 0 0 1 0 0 0 1 0 1 0 0 0 0 0 0 0 1 0 0 0 0 0 0 0 0 0 0 0 0 0 0 0 0 1 0 0 
Atribuicoes:
47 0 1 4 20 13 13 47 0 16 20 47 4 47 1 9 20 16 20 4 20 0 22 13 8 20 47 8 1 4 30 47 30 9 9 9 13 9 8 30 20 16 4 47 8 4 8 4 13 4 
Custo Total: 365963
