Instância: Data/raw/50_P100_M1_HUB_4.txt
Tempo limite: 30 segundos
Seed: 9
Tamanho da pertubação: 5
Solução inicial:
Instalacoes:
1 0 1 1 0 1 0 1 0 1 0 1 0 0 1 1 0 0 1 1 0 0 1 0 0 1 0 0 1 1 0 0 0 0 0 0 0 0 0 1 0 1 1 1 0 0 1 0 0 0 
Atribuicoes:
0 0 2 3 15 5 25 7 15 9 46 11 7 2 14 9 46 7 18 19 46 43 22 29 42 5 42 11 28 29 2 25 43 2 0 9 3 7 25 39 28 18 42 19 42 46 46 19 39 0 
Custo Total: 3238046
Solução após busca local:
Instalacoes:
1 1 1 1 1 1 0 1 1 1 0 1 0 1 0 1 1 0 1 1 1 0 1 1 1 1 0 0 1 1 1 1 0 0 1 1 0 0 0 1 0 0 1 1 0 0 1 1 0 1 
Atribuicoes:
0 15 13 25 18 5 8 20 1 9 1 11 7 19 43 9 4 35 18 31 25 0 22 23 24 30 47 16 28 29 5 2 43 20 13 47 3 39 49 39 28 16 42 19 8 46 46 4 30 34 
Custo Total: 1341614
Total de iterações: 14208
Melhorias: 18
Tempo até a melhor solução: 16.7952 segundos
Iterações até a melhor solução: 7926
Soma dos custos: 17069628378
Média dos custos: 1.20141e+06
Pior valor encontrado: 1412726
Melhor solução encontrada:
Instalacoes:
1 1 0 0 1 0 0 0 1 1 0 1 1 1 0 0 1 0 1 1 1 0 1 1 0 1 0 0 1 0 1 1 0 0 1 1 0 0 0 1 0 0 1 1 0 0 1 1 0 1 
Atribuicoes:
0 49 25 31 18 9 47 20 46 9 11 25 12 13 49 42 22 35 18 19 4 0 22 28 28 23 4 11 30 8 30 39 31 23 34 16 39 16 42 13 34 35 1 43 8 46 47 20 1 19 
Custo Total: 1191487
