Instância: Data/raw/50_P30_M0_Continuo_5.txt
Tempo limite: 30 segundos
Seed: 7
Tamanho da pertubação: 5
Solução inicial:
Instalacoes:
0 1 0 0 0 0 0 0 0 0 0 0 0 1 0 0 0 0 1 0 0 0 1 0 0 0 0 0 0 0 0 0 0 0 0 1 0 0 0 1 0 0 1 0 0 0 1 1 0 0 
Atribuicoes:
47 1 13 39 46 47 46 18 46 42 18 22 39 13 1 42 35 22 18 47 18 1 22 1 1 13 1 13 35 22 22 47 1 13 1 35 39 39 46 13 35 18 42 47 42 46 46 47 39 1 
Custo Total: 1375145
Solução após busca local:
Instalacoes:
0 1 0 0 1 0 0 0 1 1 0 0 0 1 0 0 0 0 1 0 1 0 1 0 0 0 0 0 0 0 0 0 0 0 0 1 0 0 0 1 0 0 1 0 0 0 1 1 0 0 
Atribuicoes:
47 1 9 39 4 47 8 20 8 9 20 22 20 13 4 42 9 4 4 47 18 20 22 20 1 13 9 20 4 20 9 4 1 20 1 35 39 13 8 13 4 47 8 4 8 8 47 47 13 1 
Custo Total: 397764
Total de iterações: 44641
Melhorias: 17
Tempo até a melhor solução: 13.4793 segundos
Iterações até a melhor solução: 19713
Soma dos custos: 12141709966
Média dos custos: 271986
Pior valor encontrado: 515393
Melhor solução encontrada:
Instalacoes:
0 1 0 0 1 0 0 0 1 1 0 0 0 1 0 0 0 0 0 0 1 0 1 0 0 0 0 0 0 0 0 0 0 0 0 0 0 0 0 0 0 0 0 0 0 0 0 1 0 0 
Atribuicoes:
47 13 9 13 4 4 8 20 8 9 20 4 20 13 9 20 8 4 9 47 47 47 22 20 1 1 9 20 4 47 9 4 1 1 20 8 13 20 8 4 20 4 9 4 8 8 47 47 13 1 
Custo Total: 266381
