Instância: Data/raw/50_P20_M1_HUB_2.txt
Tempo limite: 30 segundos
Seed: 5
Tamanho da pertubação: 5
Solução inicial:
Instalacoes:
1 1 0 0 1 0 0 0 0 1 0 0 0 0 0 0 0 0 0 0 1 0 1 0 0 0 0 0 0 0 1 0 0 0 0 0 0 0 0 0 0 0 0 0 0 0 0 0 0 0 
Atribuicoes:
1 1 9 20 4 30 0 20 4 9 20 20 22 30 1 9 20 22 20 1 20 1 22 30 4 30 0 20 1 0 30 1 30 0 1 9 20 4 0 20 9 20 4 1 0 4 4 9 9 4 
Custo Total: 1210933
Solução após busca local:
Instalacoes:
1 1 0 0 1 0 0 0 1 1 0 0 0 1 0 0 0 0 0 0 1 0 1 0 0 0 0 0 0 0 1 0 0 0 0 0 0 0 0 0 0 0 0 0 0 0 0 1 0 0 
Atribuicoes:
47 1 9 20 4 1 0 20 8 9 20 4 9 8 1 9 20 22 8 1 20 4 22 9 4 1 20 20 47 20 30 4 4 9 1 9 13 4 9 20 9 20 4 8 9 4 0 9 13 4 
Custo Total: 324293
Total de iterações: 57961
Melhorias: 15
Tempo até a melhor solução: 16.1213 segundos
Iterações até a melhor solução: 33651
Soma dos custos: 12895247120
Média dos custos: 222481
Pior valor encontrado: 450833
Melhor solução encontrada:
Instalacoes:
0 0 0 0 1 0 0 0 1 1 0 0 0 0 0 0 0 0 0 0 1 0 0 0 0 0 0 0 0 0 0 0 0 0 0 0 0 0 0 0 0 0 0 0 0 0 0 1 0 0 
Atribuicoes:
9 47 20 20 8 8 9 20 8 9 20 9 20 4 47 4 20 20 4 47 20 9 22 9 4 8 47 8 20 9 47 4 4 9 47 9 22 4 9 8 9 20 9 4 9 8 4 8 47 4 
Custo Total: 209300
