Instância: Data/raw/50_P60_M1_HUB_3.txt
Tempo limite: 30 segundos
Seed: 4
Tamanho da pertubação: 5
Solução inicial:
Instalacoes:
1 1 0 0 0 1 0 0 0 0 0 0 0 1 0 0 0 0 1 1 0 0 1 0 0 0 0 0 1 0 1 0 0 0 1 0 0 0 0 1 0 0 0 0 0 0 1 1 0 1 
Atribuicoes:
47 1 5 5 1 30 5 46 1 34 18 22 19 39 1 1 49 19 18 47 18 34 22 19 34 39 47 13 28 13 30 28 30 13 1 49 46 19 1 39 28 18 34 19 47 1 46 47 39 49 
Custo Total: 2013560
Solução após busca local:
Instalacoes:
0 1 0 0 1 1 0 0 1 1 0 0 0 1 0 0 1 0 1 0 1 0 1 0 0 1 0 0 1 0 1 1 0 0 1 0 0 0 0 1 0 0 0 0 0 0 1 1 0 1 
Atribuicoes:
47 4 4 13 20 30 19 1 8 46 31 22 16 25 1 1 49 16 18 47 9 19 22 20 31 9 47 16 28 13 30 31 4 13 1 49 8 47 4 39 28 20 34 9 8 4 46 4 20 49 
Custo Total: 653194
Total de iterações: 23408
Melhorias: 23
Tempo até a melhor solução: 29.2507 segundos
Iterações até a melhor solução: 22809
Soma dos custos: 11130813204
Média dos custos: 475513
Pior valor encontrado: 708496
Melhor solução encontrada:
Instalacoes:
1 1 0 0 1 0 0 0 1 1 0 0 0 1 0 0 1 0 1 0 1 0 1 0 0 0 0 0 0 0 0 1 0 0 0 0 0 0 0 1 0 0 0 0 0 0 0 1 0 1 
Atribuicoes:
8 1 9 13 20 9 13 9 20 4 1 22 18 4 47 0 49 49 18 8 4 13 22 20 16 9 1 31 1 16 49 1 4 13 49 9 8 8 4 39 31 20 0 9 47 47 47 4 20 8 
Custo Total: 467653
