Instância: Data/raw/50_P30_M0_Continuo_7.txt
Tempo limite: 30 segundos
Seed: 4
Tamanho da pertubação: 5
Solução inicial:
Instalacoes:
1 1 0 0 1 0 0 0 1 1 0 0 0 0 0 0 0 0 1 1 0 0 1 0 0 0 0 0 0 0 0 1 0 0 0 0 0 0 0 0 0 0 0 0 0 0 0 0 0 0 
Atribuicoes:
1 1 1 31 4 31 8 22 8 9 8 9 4 1 19 9 18 18 18 1 4 19 22 1 18 9 0 9 4 8 0 9 19 0 1 9 1 4 8 1 9 4 9 19 0 8 4 19 9 9 
Custo Total: 1380883
Solução após busca local:
Instalacoes:
1 1 0 0 1 0 0 0 1 1 0 0 0 0 0 0 0 0 1 1 1 0 1 0 0 0 0 0 0 0 0 1 0 0 0 0 0 0 0 1 0 0 0 0 0 0 0 1 0 0 
Atribuicoes:
47 1 1 4 4 31 8 9 8 4 20 20 4 39 20 9 1 20 18 47 20 0 22 1 9 9 0 9 4 47 1 31 20 8 9 20 1 39 8 1 9 4 9 4 0 8 4 19 8 4 
Custo Total: 386930
Total de iterações: 43348
Melhorias: 12
Tempo até a melhor solução: 25.0339 segundos
Iterações até a melhor solução: 35499
Soma dos custos: 11752473097
Média dos custos: 271119
Pior valor encontrado: 504874
Melhor solução encontrada:
Instalacoes:
0 1 0 0 1 0 0 0 1 1 0 0 0 1 0 0 0 0 0 0 1 0 1 0 0 0 0 0 0 0 0 0 0 0 0 0 0 0 0 0 0 0 0 0 0 0 0 1 0 0 
Atribuicoes:
20 1 13 4 4 1 47 9 8 4 20 20 4 13 20 9 1 20 47 1 20 47 22 1 22 9 47 9 4 13 47 4 20 8 4 20 47 8 8 13 9 4 9 4 8 8 4 9 8 4 
Custo Total: 269100
