Instância: Data/raw/50_P50_M1_HUB_7.txt
Tempo limite: 30 segundos
Seed: 10
Tamanho da pertubação: 5
Solução inicial:
Instalacoes:
1 1 0 0 1 0 0 1 1 1 0 1 0 0 0 0 0 0 0 1 1 0 1 0 0 0 0 0 1 1 1 0 0 0 0 0 0 0 0 1 0 0 0 0 0 0 1 0 0 0 
Atribuicoes:
8 1 9 39 4 30 1 7 8 4 20 11 39 9 19 4 20 7 20 1 20 19 22 29 4 19 8 11 28 29 30 28 30 8 1 9 39 39 4 39 28 20 9 19 8 46 46 19 39 1 
Custo Total: 1235705
Solução após busca local:
Instalacoes:
0 1 0 0 1 0 0 1 1 1 0 1 0 1 0 0 1 0 0 1 1 0 1 0 0 0 0 0 1 1 1 0 0 0 0 0 0 0 0 1 0 0 0 0 0 0 0 1 0 1 
Atribuicoes:
1 4 9 39 4 47 9 13 49 4 20 13 1 9 13 47 20 8 20 1 20 1 22 29 16 20 47 11 28 29 30 28 30 8 49 9 13 9 4 39 9 20 9 4 8 19 20 1 8 16 
Custo Total: 547349
Total de iterações: 28285
Melhorias: 11
Tempo até a melhor solução: 1.12776 segundos
Iterações até a melhor solução: 1019
Soma dos custos: 11694613590
Média dos custos: 413456
Pior valor encontrado: 652950
Melhor solução encontrada:
Instalacoes:
1 1 0 0 1 0 0 0 1 1 0 0 0 1 0 0 1 0 0 0 1 0 1 0 0 0 0 0 0 0 1 0 0 0 0 0 0 0 0 0 0 0 0 0 0 0 0 1 0 1 
Atribuicoes:
1 4 9 13 4 47 9 9 0 16 20 13 8 13 16 49 20 47 20 8 20 13 22 0 1 20 47 49 1 47 30 1 30 8 0 9 13 9 4 8 16 20 9 4 4 8 20 1 22 9 
Custo Total: 412759
