Instância: Data/raw/50_P60_M0_Continuo_6.txt
Tempo limite: 30 segundos
Seed: 1
Tamanho da pertubação: 5
Solução inicial:
Instalacoes:
1 1 1 0 0 0 0 1 0 0 0 0 0 0 0 1 1 0 0 1 1 0 1 0 0 1 0 0 0 0 0 1 0 0 0 0 0 0 0 1 0 0 0 0 0 0 1 1 0 1 
Atribuicoes:
1 0 25 39 49 31 49 7 46 15 47 20 7 2 19 15 16 7 22 19 20 16 22 25 1 25 0 20 31 22 2 31 31 25 49 47 46 39 20 39 1 20 1 19 0 46 46 47 39 19 
Custo Total: 1873947
Solução após busca local:
Instalacoes:
1 1 1 0 1 0 0 1 1 1 0 0 0 1 0 1 1 0 1 0 1 0 0 0 0 1 0 0 0 0 1 1 0 0 0 0 0 0 0 1 0 0 0 0 0 0 1 1 0 1 
Atribuicoes:
1 0 13 47 8 30 49 16 9 15 47 20 18 20 49 18 16 22 18 25 4 16 22 8 1 25 9 13 31 4 18 31 13 47 8 20 4 9 20 39 1 0 9 1 0 46 46 47 39 49 
Custo Total: 672899
Total de iterações: 26219
Melhorias: 12
Tempo até a melhor solução: 0.165896 segundos
Iterações até a melhor solução: 131
Soma dos custos: 12702742158
Média dos custos: 484486
Pior valor encontrado: 726551
Melhor solução encontrada:
Instalacoes:
1 1 0 0 1 0 0 0 1 1 0 0 0 1 0 0 1 0 0 1 1 0 1 0 0 0 0 0 0 0 1 0 0 0 0 0 0 0 0 1 0 0 0 0 0 0 0 1 0 1 
Atribuicoes:
4 0 13 39 47 30 8 16 9 49 16 22 16 20 8 1 4 1 9 19 4 47 22 30 49 30 9 13 49 47 20 47 13 1 1 20 4 8 20 39 16 0 9 8 13 4 1 0 39 19 
Custo Total: 484171
