Instância: Data/raw/50_P5_M0_Continuo_10.txt
Tempo limite: 30 segundos
Seed: 7
Tamanho da pertubação: 5
Solução inicial:
Instalacoes:
1 1 0 0 0 0 0 0 1 1 0 0 0 1 0 0 0 0 0 0 0 0 1 0 0 0 0 0 0 0 0 0 0 0 0 0 0 0 0 0 0 0 0 0 0 0 0 0 0 0 
Atribuicoes:
0 0 9 13 8 9 8 1 8 9 9 9 22 13 0 9 9 13 9 0 8 1 22 13 9 9 9 9 1 1 13 9 1 9 0 9 13 13 9 9 1 9 8 0 9 8 8 1 13 0 
Custo Total: 527955
Solução após busca local:
Instalacoes:
0 0 0 0 1 0 0 0 1 1 0 0 0 1 0 0 0 0 0 0 1 0 1 0 0 0 0 0 0 0 0 0 0 0 0 0 0 0 0 0 0 0 0 0 0 0 0 0 0 0 
Atribuicoes:
9 1 9 9 8 20 8 20 8 4 9 20 4 13 9 9 20 20 20 4 4 20 22 20 9 9 8 9 9 4 20 9 20 9 4 9 20 20 4 9 20 9 8 4 8 8 8 20 20 4 
Custo Total: 241391
Total de iterações: 149313
Melhorias: 13
Tempo até a melhor solução: 7.17033 segundos
Iterações até a melhor solução: 35703
Soma dos custos: 24383459583
Média dos custos: 163304
Pior valor encontrado: 351172
Melhor solução encontrada:
Instalacoes:
0 0 0 0 1 0 0 0 1 1 0 0 0 0 0 0 0 0 0 0 1 0 1 0 0 0 0 0 0 0 0 0 0 0 0 0 0 0 0 0 0 0 0 0 0 0 0 0 0 0 
Atribuicoes:
9 4 20 20 4 9 20 20 8 4 4 9 4 9 9 9 20 20 20 9 20 4 22 4 20 9 8 20 9 9 9 9 9 20 9 9 20 9 4 20 9 20 8 4 8 8 8 4 20 9 
Custo Total: 163092
