Instância: Data/raw/50_P70_M1_Continuo_9.txt
Tempo limite: 30 segundos
Seed: 10
Tamanho da pertubação: 5
Solução inicial:
Instalacoes:
1 1 1 0 0 1 0 1 1 1 0 0 0 1 0 0 1 0 1 1 0 0 1 0 0 1 0 1 0 0 0 0 0 0 0 0 0 0 0 1 0 0 0 0 0 0 1 1 0 0 
Atribuicoes:
47 1 2 25 1 5 1 7 8 9 16 13 13 2 19 9 16 7 18 47 22 47 22 13 46 5 47 27 2 13 2 13 5 27 1 9 25 7 1 39 16 18 47 19 47 1 46 19 39 8 
Custo Total: 2163313
Solução após busca local:
Instalacoes:
0 1 1 0 1 1 0 1 1 1 0 0 0 1 0 0 1 0 1 1 1 0 1 1 0 1 0 1 0 0 1 1 0 0 1 1 0 0 0 1 0 0 1 0 0 0 1 1 0 1 
Atribuicoes:
20 20 2 25 1 31 49 1 8 9 16 47 13 30 9 4 16 16 35 19 0 47 22 13 30 5 4 27 0 20 2 25 23 39 13 9 8 23 8 39 35 18 0 19 47 1 46 19 30 8 
Custo Total: 836945
Total de iterações: 21498
Melhorias: 14
Tempo até a melhor solução: 28.8686 segundos
Iterações até a melhor solução: 20686
Soma dos custos: 11323051381
Média dos custos: 526703
Pior valor encontrado: 792945
Melhor solução encontrada:
Instalacoes:
1 1 0 0 1 0 0 0 1 1 0 0 0 1 0 0 1 0 0 1 1 0 1 1 0 0 0 0 0 0 1 1 0 0 0 0 0 0 0 0 0 0 0 0 0 0 0 1 0 1 
Atribuicoes:
20 20 23 47 47 31 49 20 1 9 16 49 13 30 9 1 16 16 4 19 0 49 22 23 22 13 4 13 0 20 30 31 1 4 4 9 8 8 8 1 31 20 0 19 47 1 8 19 30 47 
Custo Total: 522663
