Instância: Data/raw/50_P70_M0_Continuo_10.txt
Tempo limite: 30 segundos
Seed: 6
Tamanho da pertubação: 5
Solução inicial:
Instalacoes:
1 0 1 0 1 0 0 0 1 1 0 0 0 1 0 0 0 0 0 1 0 0 1 1 0 0 0 1 0 0 0 0 0 0 0 0 0 0 0 1 0 0 0 0 0 0 0 1 0 1 
Atribuicoes:
47 47 23 13 4 2 49 19 8 9 8 13 22 2 0 9 9 49 4 47 4 0 22 23 9 13 0 27 19 23 2 13 23 13 47 9 13 49 49 39 9 4 8 0 19 4 8 47 39 9 
Custo Total: 2363036
Solução após busca local:
Instalacoes:
1 1 1 0 1 0 0 0 1 1 0 0 0 1 0 0 1 0 1 1 1 0 1 1 1 1 0 0 0 0 1 1 0 0 0 0 0 0 0 1 0 0 0 0 0 0 0 1 0 1 
Atribuicoes:
9 47 1 13 4 25 1 49 8 9 13 49 8 39 31 1 24 49 4 19 4 0 22 30 49 18 31 47 19 23 8 30 23 13 20 9 13 25 49 9 2 18 8 0 19 20 1 47 39 20 
Custo Total: 714130
Total de iterações: 22210
Melhorias: 21
Tempo até a melhor solução: 28.3785 segundos
Iterações até a melhor solução: 21026
Soma dos custos: 11974010076
Média dos custos: 539127
Pior valor encontrado: 825265
Melhor solução encontrada:
Instalacoes:
1 1 0 0 1 0 0 0 1 1 0 0 0 1 0 0 0 0 1 1 1 0 1 0 0 0 0 0 0 0 0 1 0 0 1 0 0 0 0 0 0 0 0 0 0 0 1 1 0 0 
Atribuicoes:
0 20 13 9 1 22 20 4 8 9 13 4 8 4 0 16 46 4 18 19 18 34 22 13 4 1 47 34 13 47 8 31 47 9 9 16 31 47 4 9 31 18 8 34 46 20 46 19 20 1 
Custo Total: 523976
