Instância: Data/raw/50_P70_M0_Continuo_4.txt
Tempo limite: 30 segundos
Seed: 1
Tamanho da pertubação: 5
Solução inicial:
Instalacoes:
1 1 0 0 0 1 0 1 0 0 0 0 0 0 0 1 0 0 1 1 1 0 1 1 0 0 0 0 1 1 1 0 0 0 0 0 0 0 1 1 0 0 0 0 0 0 0 1 0 0 
Atribuicoes:
47 1 23 39 1 30 5 7 1 15 18 20 7 23 0 15 20 7 18 47 18 19 22 29 15 23 19 20 28 29 30 28 30 23 1 20 29 7 38 39 28 18 19 0 1 38 1 47 39 15 
Custo Total: 2294178
Solução após busca local:
Instalacoes:
1 1 0 0 1 0 0 1 1 1 0 0 0 1 0 1 1 0 1 1 1 0 1 1 0 0 0 0 1 1 1 1 0 0 0 0 0 0 1 1 0 0 0 0 0 0 1 1 0 0 
Atribuicoes:
47 20 20 39 46 1 13 7 1 1 31 20 9 47 13 15 16 30 4 8 18 19 22 23 28 31 19 20 16 23 30 31 8 0 30 9 13 4 0 39 22 18 9 0 8 46 1 47 39 19 
Custo Total: 779491
Total de iterações: 22142
Melhorias: 19
Tempo até a melhor solução: 21.397 segundos
Iterações até a melhor solução: 15763
Soma dos custos: 12154929050
Média dos custos: 548954
Pior valor encontrado: 798268
Melhor solução encontrada:
Instalacoes:
1 1 0 0 1 0 0 0 1 1 0 0 0 1 0 0 1 0 0 1 1 0 1 0 0 0 0 0 0 0 1 1 0 0 0 0 0 0 0 1 0 0 0 0 0 0 0 1 0 1 
Atribuicoes:
19 19 4 13 9 1 4 20 0 4 49 22 47 9 49 20 16 30 13 8 31 0 22 39 4 31 19 20 16 20 30 31 8 39 49 47 13 0 1 16 22 9 47 1 8 20 1 9 39 49 
Custo Total: 534642
