Instância: Data/raw/50_P100_M0_Continuo_5.txt
Tempo limite: 30 segundos
Seed: 8
Tamanho da pertubação: 5
Solução inicial:
Instalacoes:
1 0 1 1 0 1 0 1 0 1 0 1 0 0 0 1 0 0 1 1 0 0 1 0 0 0 0 0 1 0 0 0 0 0 0 0 0 0 0 1 0 1 1 1 0 0 1 0 0 0 
Atribuicoes:
0 0 2 3 15 5 41 7 15 9 46 11 7 2 19 9 42 7 18 19 46 43 22 43 42 5 15 11 28 43 2 28 5 2 0 9 3 7 9 39 28 18 42 19 42 46 46 19 39 0 
Custo Total: 3108572
Solução após busca local:
Instalacoes:
1 1 1 1 1 1 0 1 1 1 0 1 0 1 0 1 1 0 1 1 1 0 1 1 1 1 0 1 1 0 1 1 0 0 1 1 0 0 0 1 0 0 1 1 0 0 1 1 0 1 
Atribuicoes:
0 0 2 3 9 25 30 20 1 4 18 11 5 25 34 15 41 27 18 47 35 43 22 23 24 2 13 11 28 13 31 27 19 16 16 49 3 7 9 39 31 49 8 47 42 8 46 19 39 34 
Custo Total: 1332370
Total de iterações: 13882
Melhorias: 16
Tempo até a melhor solução: 15.2854 segundos
Iterações até a melhor solução: 7018
Soma dos custos: 16703165947
Média dos custos: 1.20322e+06
Pior valor encontrado: 1397799
Melhor solução encontrada:
Instalacoes:
1 1 0 0 1 0 0 0 1 1 0 1 0 1 0 0 1 0 1 1 1 0 1 1 0 1 0 1 0 1 1 1 1 0 1 1 0 0 0 1 0 0 1 0 0 0 1 1 0 1 
Atribuicoes:
1 47 25 13 9 23 1 13 49 46 9 11 4 16 34 35 35 22 18 19 18 30 39 23 16 49 4 11 0 29 32 22 4 31 31 19 25 27 42 39 27 20 8 47 0 46 42 8 20 34 
Custo Total: 1201527
