Instância: Data/raw/50_P70_M1_Continuo_6.txt
Tempo limite: 30 segundos
Seed: 2
Tamanho da pertubação: 5
Solução inicial:
Instalacoes:
1 0 1 0 0 1 0 1 0 1 0 0 0 0 0 1 1 0 0 1 1 0 1 0 0 1 0 0 0 1 0 1 0 0 0 1 0 0 0 1 0 0 0 0 0 0 1 0 0 0 
Atribuicoes:
20 0 2 25 46 5 2 7 15 9 16 35 7 2 19 9 20 35 35 19 20 46 22 29 9 25 15 31 35 29 2 31 31 39 0 9 25 7 9 39 16 16 46 19 19 46 46 0 39 0 
Custo Total: 2163382
Solução após busca local:
Instalacoes:
1 1 1 0 1 0 0 1 1 1 0 0 0 1 0 0 1 0 1 1 1 0 1 0 0 1 0 0 0 1 1 1 0 0 1 1 0 0 0 1 0 0 0 0 0 0 1 1 0 1 
Atribuicoes:
47 0 31 25 35 2 47 7 20 0 16 1 22 0 35 9 20 4 20 19 4 46 22 13 1 25 1 31 0 29 30 31 8 39 4 49 8 13 9 39 30 49 8 49 19 46 18 9 39 34 
Custo Total: 800808
Total de iterações: 21559
Melhorias: 24
Tempo até a melhor solução: 22.6236 segundos
Iterações até a melhor solução: 16310
Soma dos custos: 11316761990
Média dos custos: 524921
Pior valor encontrado: 819633
Melhor solução encontrada:
Instalacoes:
1 1 0 0 1 0 0 0 1 1 0 0 0 1 0 0 1 0 1 1 1 0 1 0 0 0 0 0 0 0 0 1 0 0 0 0 0 0 0 0 0 0 0 0 0 0 0 1 0 1 
Atribuicoes:
19 9 31 9 4 4 13 0 4 0 47 1 1 0 49 8 18 20 18 19 49 4 22 4 16 22 13 31 20 47 13 31 8 1 49 16 9 22 47 13 22 16 8 16 8 20 0 47 9 1 
Custo Total: 502129
