Instância: Data/raw/50_P50_M1_HUB_5.txt
Tempo limite: 30 segundos
Seed: 9
Tamanho da pertubação: 5
Solução inicial:
Instalacoes:
1 0 0 0 1 0 0 0 1 0 0 0 0 1 0 0 0 0 0 0 1 0 1 0 0 0 0 0 1 0 1 0 0 0 0 0 0 0 0 1 0 0 1 0 0 0 0 1 0 0 
Atribuicoes:
47 47 13 39 4 30 20 39 8 4 22 30 39 13 0 0 42 39 8 47 20 30 22 30 4 13 42 13 47 20 28 47 28 39 47 4 39 39 42 13 47 4 8 47 42 42 8 47 13 0 
Custo Total: 2230820
Solução após busca local:
Instalacoes:
1 1 0 0 1 0 0 0 1 1 0 0 0 1 0 0 1 0 1 0 1 0 1 1 0 0 0 0 0 0 1 0 0 0 0 0 0 0 0 1 0 0 1 0 0 0 0 1 0 1 
Atribuicoes:
8 1 13 23 4 30 20 4 20 4 22 9 49 13 18 0 49 18 8 47 18 13 22 30 4 13 42 20 1 23 16 9 23 39 1 4 39 4 47 20 28 4 8 20 8 8 8 47 30 0 
Custo Total: 592568
Total de iterações: 28201
Melhorias: 14
Tempo até a melhor solução: 16.6745 segundos
Iterações até a melhor solução: 15389
Soma dos custos: 10971998384
Média dos custos: 389064
Pior valor encontrado: 631078
Melhor solução encontrada:
Instalacoes:
1 1 0 0 1 0 0 0 1 1 0 0 0 1 0 0 0 0 0 0 1 0 1 0 0 0 0 0 0 0 1 1 0 0 0 0 0 0 0 0 0 0 0 0 0 0 0 1 0 0 
Atribuicoes:
0 13 20 30 4 20 1 4 47 4 22 13 9 47 9 0 0 20 8 8 20 0 22 47 4 13 9 20 1 30 9 31 30 9 1 4 1 4 8 4 31 4 4 20 8 8 8 47 20 13 
Custo Total: 372560
