Instância: Data/raw/50_P70_M1_HUB_9.txt
Tempo limite: 30 segundos
Seed: 10
Tamanho da pertubação: 5
Solução inicial:
Instalacoes:
1 1 1 0 1 0 0 1 0 1 0 0 0 1 1 1 1 0 0 0 0 0 1 0 1 0 0 0 0 0 1 1 0 0 0 0 0 0 0 0 0 0 0 0 0 0 0 1 0 0 
Atribuicoes:
4 1 2 13 1 30 4 7 1 15 16 9 7 13 14 15 16 7 15 47 22 14 22 31 24 2 1 9 31 4 30 2 30 13 4 24 13 7 9 13 16 16 0 14 47 47 0 47 31 24 
Custo Total: 2042077
Solução após busca local:
Instalacoes:
1 1 1 0 1 0 0 1 1 1 0 0 0 1 1 1 1 0 1 1 1 0 1 0 1 1 0 0 1 0 1 1 0 0 1 0 0 0 0 0 0 0 1 0 0 0 0 1 0 1 
Atribuicoes:
34 9 19 22 1 30 16 47 49 16 1 9 7 8 14 4 16 25 20 9 18 49 22 1 34 25 42 9 31 4 30 2 28 13 1 24 13 19 9 13 49 47 0 9 8 47 0 47 4 18 
Custo Total: 818061
Total de iterações: 21553
Melhorias: 17
Tempo até a melhor solução: 17.9612 segundos
Iterações até a melhor solução: 12841
Soma dos custos: 12795763589
Média dos custos: 593688
Pior valor encontrado: 828221
Melhor solução encontrada:
Instalacoes:
1 1 0 0 1 0 0 0 1 1 0 0 0 1 0 0 1 0 1 0 1 0 0 0 0 1 0 0 1 0 1 1 0 0 0 0 0 0 0 1 0 0 0 0 0 0 0 1 0 1 
Atribuicoes:
8 9 25 39 4 4 1 1 47 16 4 9 20 13 0 0 16 31 18 9 18 1 39 4 8 31 20 9 28 30 30 22 47 39 1 1 8 25 9 13 28 16 47 9 13 4 8 0 49 49 
Custo Total: 583512
