Instância: Data/raw/50_P50_M1_Continuo_5.txt
Tempo limite: 30 segundos
Seed: 1
Tamanho da pertubação: 5
Solução inicial:
Instalacoes:
1 0 0 0 1 0 0 0 1 1 0 1 0 1 0 0 1 0 0 0 1 0 1 0 0 1 0 0 0 0 1 0 0 0 0 0 0 0 0 1 0 0 0 0 0 0 0 0 0 0 
Atribuicoes:
0 0 13 25 4 25 20 25 8 9 16 11 39 13 4 9 9 30 4 0 20 9 22 25 16 25 9 13 4 20 30 30 30 13 0 9 25 39 8 39 16 16 8 0 9 4 8 0 39 0 
Custo Total: 1925493
Solução após busca local:
Instalacoes:
1 1 0 0 1 0 0 0 1 1 0 0 0 1 0 0 1 0 0 1 1 0 1 1 0 1 0 0 0 0 1 1 0 0 0 0 0 0 0 1 0 0 0 0 0 0 1 1 0 1 
Atribuicoes:
19 0 20 8 47 8 20 4 46 1 16 9 4 23 4 9 49 16 4 47 20 1 22 13 16 25 9 13 4 25 30 9 30 13 20 9 20 4 8 13 16 19 8 0 8 46 1 19 39 9 
Custo Total: 569154
Total de iterações: 29440
Melhorias: 16
Tempo até a melhor solução: 26.8265 segundos
Iterações até a melhor solução: 26336
Soma dos custos: 12171263153
Média dos custos: 413426
Pior valor encontrado: 663504
Melhor solução encontrada:
Instalacoes:
1 1 0 0 1 0 0 0 1 1 0 0 0 1 0 0 1 0 0 0 1 0 1 0 0 0 0 0 0 0 1 0 0 0 0 0 0 0 0 0 0 0 0 0 0 0 0 1 0 1 
Atribuicoes:
0 49 20 8 16 8 8 4 1 1 16 9 4 20 0 9 49 47 4 8 20 1 22 13 4 47 9 13 30 47 30 9 30 13 20 9 20 16 8 13 49 1 8 47 20 47 4 0 30 9 
Custo Total: 406529
