Instância: Data/raw/50_P20_M0_Continuo_10.txt
Tempo limite: 30 segundos
Seed: 6
Tamanho da pertubação: 5
Solução inicial:
Instalacoes:
1 1 0 0 0 0 0 0 1 1 0 0 0 1 0 0 0 0 0 0 0 0 1 1 0 0 0 0 0 0 1 0 0 0 0 0 0 0 0 0 0 0 0 0 0 0 0 1 0 0 
Atribuicoes:
9 9 13 30 8 23 30 30 8 0 1 13 1 13 9 0 0 22 9 9 9 0 22 23 0 13 1 13 0 23 23 13 23 30 9 0 30 22 8 23 1 0 8 9 1 8 8 47 23 9 
Custo Total: 1320728
Solução após busca local:
Instalacoes:
1 1 0 0 1 0 0 0 1 1 0 0 0 1 0 0 0 0 0 0 1 0 1 1 0 0 0 0 0 0 1 0 0 0 0 0 0 0 0 0 0 0 0 0 0 0 0 0 0 0 
Atribuicoes:
9 9 13 4 4 30 20 1 8 20 8 8 1 13 4 9 0 22 4 9 20 8 22 13 20 13 4 20 4 9 20 13 8 4 9 9 4 4 8 9 1 4 8 9 1 8 8 9 20 20 
Custo Total: 314986
Total de iterações: 70235
Melhorias: 11
Tempo até a melhor solução: 5.39994 segundos
Iterações até a melhor solução: 12307
Soma dos custos: 15742090495
Média dos custos: 224135
Pior valor encontrado: 432492
Melhor solução encontrada:
Instalacoes:
0 0 0 0 1 0 0 0 1 1 0 0 0 1 0 0 0 0 0 0 1 0 1 0 0 0 0 0 0 0 0 0 0 0 0 0 0 0 0 0 0 0 0 0 0 0 0 1 0 0 
Atribuicoes:
9 47 13 4 4 4 20 47 8 9 8 20 20 13 4 9 47 9 4 9 20 20 22 4 13 13 47 9 20 9 4 20 9 20 4 9 4 4 8 9 20 4 8 9 47 8 8 9 20 20 
Custo Total: 223788
