Instância: Data/raw/50_P90_M1_Continuo_8.txt
Tempo limite: 30 segundos
Seed: 4
Tamanho da pertubação: 5
Solução inicial:
Instalacoes:
1 0 1 0 0 0 0 1 0 1 0 0 0 1 1 0 1 0 1 1 0 0 1 1 0 0 0 0 0 0 1 0 0 0 1 0 0 0 0 0 0 0 1 0 0 0 1 0 0 0 
Atribuicoes:
0 0 13 2 42 13 34 7 42 9 16 18 7 13 14 9 16 7 18 19 18 14 22 23 42 13 19 30 23 23 30 13 30 13 34 9 2 7 9 13 16 46 19 14 42 42 46 14 23 0 
Custo Total: 3035566
Solução após busca local:
Instalacoes:
1 1 1 0 1 0 0 1 1 1 0 0 0 1 1 0 1 0 1 1 1 0 1 1 0 1 0 0 1 0 1 1 0 0 1 1 0 0 0 1 0 0 1 0 0 0 1 1 0 1 
Atribuicoes:
0 31 2 2 46 13 34 7 1 8 16 18 22 4 14 9 16 22 31 19 18 28 22 23 42 13 19 30 28 23 20 4 30 39 34 9 39 49 13 25 1 35 47 47 49 20 46 0 4 14 
Custo Total: 1000810
Total de iterações: 18079
Melhorias: 21
Tempo até a melhor solução: 25.8109 segundos
Iterações até a melhor solução: 15536
Soma dos custos: 14863961935
Média dos custos: 822167
Pior valor encontrado: 1065859
Melhor solução encontrada:
Instalacoes:
1 1 0 0 1 0 0 0 1 1 0 0 0 1 0 0 1 0 1 1 1 0 1 1 0 1 0 0 0 0 1 0 0 0 1 1 0 0 0 1 0 0 1 0 0 0 1 1 0 1 
Atribuicoes:
20 19 39 1 46 13 49 16 9 8 4 18 22 25 35 9 0 22 1 19 18 20 22 23 13 13 4 31 34 23 0 47 31 39 34 9 39 49 47 30 30 16 42 0 8 42 46 1 25 35 
Custo Total: 809074
