Instância: Data/raw/50_P5_M0_Continuo_1.txt
Tempo limite: 30 segundos
Seed: 6
Tamanho da pertubação: 5
Solução inicial:
Instalacoes:
0 0 0 0 0 0 0 0 1 1 0 0 0 1 0 0 0 0 0 0 1 0 1 0 0 0 0 0 0 0 0 0 0 0 0 0 0 0 0 0 0 0 0 0 0 0 0 1 0 0 
Atribuicoes:
9 9 13 13 8 47 20 9 8 8 20 20 9 13 9 8 20 9 20 9 20 9 22 13 9 13 8 20 47 20 20 47 8 20 9 9 13 47 8 13 9 20 8 9 8 8 8 47 13 8 
Custo Total: 526802
Solução após busca local:
Instalacoes:
0 0 0 0 1 0 0 0 1 1 0 0 0 1 0 0 0 0 0 0 1 0 1 0 0 0 0 0 0 0 0 0 0 0 0 0 0 0 0 0 0 0 0 0 0 0 0 1 0 0 
Atribuicoes:
9 9 9 9 8 20 9 20 8 8 20 20 9 13 9 9 20 9 20 9 20 4 22 9 9 9 8 20 20 20 9 20 4 9 9 9 4 20 8 4 9 20 8 9 8 4 8 47 20 9 
Custo Total: 211577
Total de iterações: 171031
Melhorias: 4
Tempo até a melhor solução: 1.29096 segundos
Iterações até a melhor solução: 7341
Soma dos custos: 27775905409
Média dos custos: 162403
Pior valor encontrado: 360839
Melhor solução encontrada:
Instalacoes:
0 0 0 0 1 0 0 0 1 1 0 0 0 0 0 0 0 0 0 0 1 0 1 0 0 0 0 0 0 0 0 0 0 0 0 0 0 0 0 0 0 0 0 0 0 0 0 0 0 0 
Atribuicoes:
9 9 9 9 4 20 9 20 8 4 20 20 9 9 9 9 20 9 20 9 20 4 22 9 9 20 8 20 20 20 9 20 4 9 9 9 4 20 8 9 9 20 8 9 8 8 8 4 20 9 
Custo Total: 162212
