Instância: Data/raw/50_P60_M1_HUB_1.txt
Tempo limite: 30 segundos
Seed: 9
Tamanho da pertubação: 5
Solução inicial:
Instalacoes:
1 1 1 0 0 0 0 0 1 1 0 1 0 1 0 0 1 0 0 0 1 0 1 0 0 0 0 0 0 0 0 0 0 0 0 0 0 0 0 1 0 0 1 0 0 0 0 1 0 0 
Atribuicoes:
0 1 2 39 42 16 8 16 42 9 16 11 11 13 47 9 20 11 1 0 20 0 22 2 9 39 47 13 8 2 47 16 47 13 1 9 39 11 42 13 9 20 47 0 47 47 42 0 16 9 
Custo Total: 1939949
Solução após busca local:
Instalacoes:
1 1 1 0 1 0 0 0 1 1 0 1 0 1 0 0 1 0 1 1 1 0 1 0 0 0 0 0 0 1 1 1 0 0 0 0 0 0 0 1 0 0 1 0 0 0 1 1 0 1 
Atribuicoes:
0 1 4 39 42 16 8 13 47 1 16 11 39 13 1 9 0 4 20 0 18 47 22 1 9 39 47 13 4 29 47 31 31 30 19 49 9 11 0 31 9 20 4 47 47 8 46 19 20 30 
Custo Total: 684411
Total de iterações: 24239
Melhorias: 25
Tempo até a melhor solução: 17.3411 segundos
Iterações até a melhor solução: 13912
Soma dos custos: 12103365205
Média dos custos: 499334
Pior valor encontrado: 738812
Melhor solução encontrada:
Instalacoes:
1 1 0 0 1 0 0 0 1 1 0 0 0 1 0 0 0 0 0 0 1 0 1 1 0 1 0 0 0 0 0 1 0 0 0 0 0 0 0 1 0 0 0 0 0 0 0 1 0 1 
Atribuicoes:
9 4 8 1 47 25 39 25 8 9 47 31 4 39 1 9 1 30 20 9 13 1 22 23 49 25 4 25 30 13 4 31 47 0 49 8 9 31 47 4 49 20 20 4 8 8 9 4 20 0 
Custo Total: 493155
