Instância: Data/raw/50_P100_M1_Continuo_10.txt
Tempo limite: 30 segundos
Seed: 9
Tamanho da pertubação: 5
Solução inicial:
Instalacoes:
1 0 1 1 0 1 0 1 0 1 0 1 0 0 1 1 0 0 1 1 0 0 1 0 0 0 0 0 1 1 0 0 0 0 0 0 0 0 1 1 0 1 1 1 0 0 1 0 0 0 
Atribuicoes:
0 0 2 3 15 5 41 7 15 9 46 11 7 2 14 9 46 7 18 19 46 43 22 29 42 5 15 11 28 29 2 28 43 2 0 9 3 7 38 39 28 18 42 19 9 38 46 19 39 0 
Custo Total: 2845534
Solução após busca local:
Instalacoes:
1 1 1 1 1 1 0 1 1 1 0 1 0 1 0 1 1 0 1 1 1 0 1 0 0 1 0 1 1 1 1 1 0 0 0 1 0 0 0 1 0 0 1 1 0 1 1 1 0 1 
Atribuicoes:
0 0 2 3 16 31 25 7 15 9 27 11 39 30 43 1 41 1 18 19 20 43 22 47 30 5 4 27 28 29 2 31 49 13 20 35 25 47 9 39 35 18 42 13 8 45 46 19 16 8 
Custo Total: 1306280
Total de iterações: 13813
Melhorias: 21
Tempo até a melhor solução: 24.6183 segundos
Iterações até a melhor solução: 11260
Soma dos custos: 16600566532
Média dos custos: 1.20181e+06
Pior valor encontrado: 1397971
Melhor solução encontrada:
Instalacoes:
1 1 1 0 1 0 0 0 1 1 0 0 1 1 0 0 1 0 1 1 1 0 1 1 0 1 0 1 1 0 1 1 0 0 1 1 0 0 0 1 0 0 0 1 0 0 1 1 0 1 
Atribuicoes:
0 28 25 47 16 2 13 22 1 8 27 31 12 8 49 20 23 4 18 30 34 49 22 20 31 0 19 27 28 23 30 2 25 9 34 35 39 13 8 39 35 18 4 43 47 9 46 19 16 1 
Custo Total: 1194029
