Instância: Data/raw/50_P80_M0_Continuo_9.txt
Tempo limite: 30 segundos
Seed: 5
Tamanho da pertubação: 5
Solução inicial:
Instalacoes:
0 1 1 1 0 0 0 1 0 0 0 0 0 1 1 1 0 0 1 0 1 1 1 0 1 0 0 0 0 1 0 0 0 0 1 1 0 0 1 0 0 0 0 0 0 0 1 1 0 0 
Atribuicoes:
1 24 2 3 15 2 24 7 35 24 47 20 7 13 14 15 18 35 18 15 47 21 22 29 20 2 35 20 14 29 29 34 21 46 34 18 3 35 38 13 1 47 15 21 35 38 46 47 18 34 
Custo Total: 2442020
Solução após busca local:
Instalacoes:
1 1 1 1 1 0 0 0 1 1 0 0 0 1 1 1 1 0 1 1 1 1 1 0 0 0 0 0 1 1 1 1 0 0 1 1 0 0 1 1 0 0 0 0 0 0 1 1 0 1 
Atribuicoes:
1 19 28 3 0 2 39 34 35 0 4 49 47 13 14 15 18 16 4 39 47 21 22 30 20 2 19 20 13 29 29 28 13 46 34 31 9 16 38 39 1 47 20 49 9 8 46 16 18 8 
Custo Total: 997865
Total de iterações: 18829
Melhorias: 30
Tempo até a melhor solução: 21.2841 segundos
Iterações até a melhor solução: 13311
Soma dos custos: 11821926518
Média dos custos: 627857
Pior valor encontrado: 940068
Melhor solução encontrada:
Instalacoes:
1 1 0 0 1 0 0 0 1 1 0 0 0 1 0 0 1 0 1 1 1 0 1 1 0 0 0 0 0 0 1 1 0 0 1 0 0 0 0 1 0 0 0 0 0 0 0 1 0 1 
Atribuicoes:
9 34 1 9 0 31 8 20 47 0 18 16 22 13 49 8 4 47 18 19 8 47 22 22 19 31 1 20 30 23 23 13 30 4 16 34 39 49 4 39 47 18 20 1 8 8 9 30 13 49 
Custo Total: 615373
